#0 building with "desktop-linux" instance using docker driver

#1 [internal] load build definition from Dockerfile
#1 transferring dockerfile: 557B done
#1 DONE 0.0s

#2 [internal] load metadata for docker.io/library/python:3.12-slim-bookworm
#2 DONE 0.4s

#3 [internal] load .dockerignore
#3 transferring context: 88B done
#3 DONE 0.0s

#4 [1/6] FROM docker.io/library/python:3.12-slim-bookworm@sha256:54c85f3c47607a77f32adec749d3c81d1348bf25833671f512b26a9b6d778cb3
#4 resolve docker.io/library/python:3.12-slim-bookworm@sha256:54c85f3c47607a77f32adec749d3c81d1348bf25833671f512b26a9b6d778cb3 done
#4 DONE 0.0s

#5 [internal] load build context
#5 transferring context: 13.57kB done
#5 DONE 0.0s

#6 [3/6] WORKDIR /app
#6 CACHED

#7 [2/6] RUN apt-get update     && DEBIAN_FRONTEND=noninteractive apt-get install -y --no-install-recommends tzdata     && rm -rf /var/lib/apt/lists/*
#7 CACHED

#8 [4/6] COPY server.py core.py ./
#8 CACHED

#9 [5/6] COPY web ./web
#9 DONE 0.0s

#10 [6/6] RUN python -c "import ast,pathlib; [ast.parse(p.read_text()) for p in pathlib.Path('.').glob('*.py')]"
#10 DONE 0.1s

#11 exporting to image
#11 exporting layers 0.0s done
#11 exporting manifest sha256:75cba72773751604d4ecfc7bf3e3d538fccfd170786d980582169c23560d02e2 done
#11 exporting config sha256:4fb248628c7f9d70862565be23d7ee3784de0b3926fc23dec39162e680b56913 done
#11 exporting attestation manifest sha256:29f95aa2dc84d29b9967025be3d32a337d2d34c51a57395910bae128bce4429c done
#11 exporting manifest list sha256:3cf7d4c7af83d74edf8ed90595d604b813df17995c48d0621208ec2844613f12 done
#11 naming to docker.io/library/interface-engineer-tablekeeper-s2:20261004t021620623514z done
#11 unpacking to docker.io/library/interface-engineer-tablekeeper-s2:20261004t021620623514z done
#11 DONE 0.0s
