[
    {
        "Id": "c0349c97b74a3726561e4d0ab9314aecc5c61191098137b4e9ebeecd59ddfd1b",
        "Created": "2026-10-04T02:16:22.357604881Z",
        "Path": "python",
        "Args": [
            "server.py"
        ],
        "State": {
            "Status": "running",
            "Running": true,
            "Paused": false,
            "Restarting": false,
            "OOMKilled": false,
            "Dead": false,
            "Pid": 23931,
            "ExitCode": 0,
            "Error": "",
            "StartedAt": "2026-10-04T02:16:22.375734923Z",
            "FinishedAt": "0001-01-01T00:00:00Z"
        },
        "Image": "sha256:da3d12f1e550dd2374d1dcfb8ffc7a4b791d0e20783646f9f2d01dc9e7401cbd",
        "ResolvConfPath": "/var/lib/docker/containers/c0349c97b74a3726561e4d0ab9314aecc5c61191098137b4e9ebeecd59ddfd1b/resolv.conf",
        "HostnamePath": "/var/lib/docker/containers/c0349c97b74a3726561e4d0ab9314aecc5c61191098137b4e9ebeecd59ddfd1b/hostname",
        "HostsPath": "/var/lib/docker/containers/c0349c97b74a3726561e4d0ab9314aecc5c61191098137b4e9ebeecd59ddfd1b/hosts",
        "LogPath": "/var/lib/docker/containers/c0349c97b74a3726561e4d0ab9314aecc5c61191098137b4e9ebeecd59ddfd1b/c0349c97b74a3726561e4d0ab9314aecc5c61191098137b4e9ebeecd59ddfd1b-json.log",
        "Name": "/interface-engineer-s2-20261004t021620623514z-legacy",
        "RestartCount": 0,
        "Driver": "overlayfs",
        "Platform": "linux",
        "MountLabel": "",
        "ProcessLabel": "",
        "AppArmorProfile": "",
        "ExecIDs": null,
        "HostConfig": {
            "Binds": null,
            "ContainerIDFile": "",
            "LogConfig": {
                "Type": "json-file",
                "Config": {}
            },
            "NetworkMode": "interface-engineer-s2-20261004t021620623514z",
            "PortBindings": {
                "8080/tcp": [
                    {
                        "HostIp": "",
                        "HostPort": "18211"
                    }
                ]
            },
            "RestartPolicy": {
                "Name": "no",
                "MaximumRetryCount": 0
            },
            "AutoRemove": false,
            "VolumeDriver": "",
            "VolumesFrom": null,
            "ConsoleSize": [
                0,
                0
            ],
            "CapAdd": null,
            "CapDrop": null,
            "CgroupnsMode": "private",
            "Dns": null,
            "DnsOptions": [],
            "DnsSearch": [],
            "ExtraHosts": null,
            "GroupAdd": null,
            "IpcMode": "private",
            "Cgroup": "",
            "Links": null,
            "OomScoreAdj": 0,
            "PidMode": "",
            "Privileged": false,
            "PublishAllPorts": false,
            "ReadonlyRootfs": false,
            "SecurityOpt": null,
            "UTSMode": "",
            "UsernsMode": "",
            "ShmSize": 67108864,
            "Runtime": "runc",
            "Isolation": "",
            "CpuShares": 0,
            "Memory": 2147483648,
            "NanoCpus": 2000000000,
            "CgroupParent": "",
            "BlkioWeight": 0,
            "BlkioWeightDevice": [],
            "BlkioDeviceReadBps": [],
            "BlkioDeviceWriteBps": [],
            "BlkioDeviceReadIOps": [],
            "BlkioDeviceWriteIOps": [],
            "CpuPeriod": 0,
            "CpuQuota": 0,
            "CpuRealtimePeriod": 0,
            "CpuRealtimeRuntime": 0,
            "CpusetCpus": "",
            "CpusetMems": "",
            "Devices": [],
            "DeviceCgroupRules": null,
            "DeviceRequests": null,
            "MemoryReservation": 0,
            "MemorySwap": 4294967296,
            "MemorySwappiness": null,
            "OomKillDisable": null,
            "PidsLimit": null,
            "Ulimits": null,
            "CpuCount": 0,
            "CpuPercent": 0,
            "IOMaximumIOps": 0,
            "IOMaximumBandwidth": 0,
            "MaskedPaths": [
                "/proc/acpi",
                "/proc/asound",
                "/proc/interrupts",
                "/proc/kcore",
                "/proc/keys",
                "/proc/latency_stats",
                "/proc/sched_debug",
                "/proc/scsi",
                "/proc/timer_list",
                "/proc/timer_stats",
                "/sys/devices/virtual/powercap",
                "/sys/firmware"
            ],
            "ReadonlyPaths": [
                "/proc/bus",
                "/proc/fs",
                "/proc/irq",
                "/proc/sys",
                "/proc/sysrq-trigger"
            ]
        },
        "Storage": {
            "RootFS": {
                "Snapshot": {
                    "Name": "overlayfs"
                }
            }
        },
        "Mounts": [],
        "Config": {
            "Hostname": "c0349c97b74a",
            "Domainname": "",
            "User": "65532:65532",
            "AttachStdin": false,
            "AttachStdout": false,
            "AttachStderr": false,
            "ExposedPorts": {
                "8080/tcp": {}
            },
            "Tty": false,
            "OpenStdin": false,
            "StdinOnce": false,
            "Env": [
                "PORT=8080",
                "PATH=/usr/local/bin:/usr/local/sbin:/usr/local/bin:/usr/sbin:/usr/bin:/sbin:/bin",
                "LANG=C.UTF-8",
                "GPG_KEY=7169605F62C751356D054A26A821E680E5FA6305",
                "PYTHON_VERSION=3.12.15",
                "PYTHON_SHA256=c2c4321961fab0fb999d66e0cecf521c2ab3994c7992873ea99e306c1094fd5a",
                "PYTHONUNBUFFERED=1",
                "PYTHONDONTWRITEBYTECODE=1"
            ],
            "Cmd": [
                "python",
                "server.py"
            ],
            "Image": "interface-engineer-tablekeeper-s1:upgrade-20261004t021620623514z",
            "Volumes": null,
            "WorkingDir": "/app",
            "Entrypoint": null,
            "Labels": {}
        },
        "NetworkSettings": {
            "SandboxID": "8d490a54b75f72f17b9814dfffb5f1102206b9d489b19efb04c502ab6bc4ac14",
            "SandboxKey": "/var/run/docker/netns/8d490a54b75f",
            "Ports": {
                "8080/tcp": []
            },
            "Networks": {
                "interface-engineer-s2-20261004t021620623514z": {
                    "IPAMConfig": null,
                    "Links": null,
                    "Aliases": null,
                    "DriverOpts": null,
                    "GwPriority": 0,
                    "NetworkID": "3a95b0c535146135647dd3593fefb276296b5c377cae4d4e89e72e49e131abde",
                    "EndpointID": "a3fe6bc994b7d608f6e46ebd1e2630c5a5926da3c99ec70b798299fbf5321b6b",
                    "Gateway": "",
                    "IPAddress": "172.19.0.3",
                    "MacAddress": "e2:fb:b7:be:9e:27",
                    "IPPrefixLen": 16,
                    "IPv6Gateway": "",
                    "GlobalIPv6Address": "",
                    "GlobalIPv6PrefixLen": 0,
                    "DNSNames": [
                        "interface-engineer-s2-20261004t021620623514z-legacy",
                        "c0349c97b74a"
                    ]
                }
            }
        },
        "ImageManifestDescriptor": {
            "mediaType": "application/vnd.oci.image.manifest.v1+json",
            "digest": "sha256:916afbb3ebc8eacbfa550429a7be8fc81c1765771422990b3759ddeb84095c65",
            "size": 1806,
            "platform": {
                "architecture": "arm64",
                "os": "linux"
            }
        }
    }
]
