#0 building with "desktop-linux" instance using docker driver

#1 [internal] load build definition from Dockerfile
#1 transferring dockerfile: 210B done
#1 DONE 0.0s

#2 [internal] load metadata for docker.io/library/independent-verifier-s4-1004095136:client
#2 DONE 0.0s

#3 [internal] load .dockerignore
#3 transferring context: 2B done
#3 DONE 0.0s

#4 [1/5] FROM docker.io/library/independent-verifier-s4-1004095136:client@sha256:2a56848199b867aca32b02eb632232cdcf52f542f5a1fbfe871580e120ca36d9
#4 resolve docker.io/library/independent-verifier-s4-1004095136:client@sha256:2a56848199b867aca32b02eb632232cdcf52f542f5a1fbfe871580e120ca36d9 0.0s done
#4 DONE 0.0s

#5 [internal] load build context
#5 transferring context: 11.74MB 0.1s done
#5 DONE 0.1s

#6 [2/5] COPY stage-1 /verifier/stage-1
#6 CACHED

#7 [3/5] COPY stage-2 /verifier/stage-2
#7 CACHED

#8 [4/5] COPY stage-3 /verifier/stage-3
#8 CACHED

#9 [5/5] COPY stage-4 /verifier/stage-4
#9 DONE 0.0s

#10 exporting to image
#10 exporting layers 0.0s done
#10 exporting manifest sha256:56a7af2b4a1e25bc1975611e7a65b8f9c1e9cabc733b78c0468fb5b88d3f9f0f done
#10 exporting config sha256:2d1fcf80172b560771f6062d0426e9239ee9444c47eb7c23feeb9c568fca3354 done
#10 exporting attestation manifest sha256:704a923d3d23a8fc0566ab675e471a9a1a8c9d012a904c3720e8508251f275c2 done
#10 exporting manifest list sha256:a06596bfe3e9aeeb9512a37f76afa43bebe10dbe32eaa24e68f445c90656e82d done
#10 naming to docker.io/library/independent-verifier-s4-1004095136:client-c09b9264 done
#10 unpacking to docker.io/library/independent-verifier-s4-1004095136:client-c09b9264 done
#10 DONE 0.1s
