[
    {
        "Id": "961d1d8a680c9f8eff1efd593f37a6bd8813b97d47c5eea1f2c7f9a6b44c05df",
        "Created": "2026-10-04T05:10:12.407790135Z",
        "Path": "python",
        "Args": [
            "server.py"
        ],
        "State": {
            "Status": "running",
            "Running": true,
            "Paused": false,
            "Restarting": false,
            "OOMKilled": false,
            "Dead": false,
            "Pid": 7089,
            "ExitCode": 0,
            "Error": "",
            "StartedAt": "2026-10-04T05:10:12.438031301Z",
            "FinishedAt": "0001-01-01T00:00:00Z"
        },
        "Image": "sha256:dfb844e3f608476f29a568e160a4599f6a661eb8719209dfdf05e9ed1d3c59b2",
        "ResolvConfPath": "/var/lib/docker/containers/961d1d8a680c9f8eff1efd593f37a6bd8813b97d47c5eea1f2c7f9a6b44c05df/resolv.conf",
        "HostnamePath": "/var/lib/docker/containers/961d1d8a680c9f8eff1efd593f37a6bd8813b97d47c5eea1f2c7f9a6b44c05df/hostname",
        "HostsPath": "/var/lib/docker/containers/961d1d8a680c9f8eff1efd593f37a6bd8813b97d47c5eea1f2c7f9a6b44c05df/hosts",
        "LogPath": "/var/lib/docker/containers/961d1d8a680c9f8eff1efd593f37a6bd8813b97d47c5eea1f2c7f9a6b44c05df/961d1d8a680c9f8eff1efd593f37a6bd8813b97d47c5eea1f2c7f9a6b44c05df-json.log",
        "Name": "/independent-verifier-num-1004051010139451-base",
        "RestartCount": 0,
        "Driver": "overlayfs",
        "Platform": "linux",
        "MountLabel": "",
        "ProcessLabel": "",
        "AppArmorProfile": "",
        "ExecIDs": null,
        "HostConfig": {
            "Binds": null,
            "ContainerIDFile": "",
            "LogConfig": {
                "Type": "json-file",
                "Config": {}
            },
            "NetworkMode": "independent-verifier-num-1004051010139451-net",
            "PortBindings": {
                "18335/tcp": [
                    {
                        "HostIp": "127.0.0.1",
                        "HostPort": "18335"
                    }
                ]
            },
            "RestartPolicy": {
                "Name": "no",
                "MaximumRetryCount": 0
            },
            "AutoRemove": false,
            "VolumeDriver": "",
            "VolumesFrom": null,
            "ConsoleSize": [
                0,
                0
            ],
            "CapAdd": null,
            "CapDrop": null,
            "CgroupnsMode": "private",
            "Dns": null,
            "DnsOptions": [],
            "DnsSearch": [],
            "ExtraHosts": null,
            "GroupAdd": null,
            "IpcMode": "private",
            "Cgroup": "",
            "Links": null,
            "OomScoreAdj": 0,
            "PidMode": "",
            "Privileged": false,
            "PublishAllPorts": false,
            "ReadonlyRootfs": false,
            "SecurityOpt": null,
            "UTSMode": "",
            "UsernsMode": "",
            "ShmSize": 67108864,
            "Runtime": "runc",
            "Isolation": "",
            "CpuShares": 0,
            "Memory": 2147483648,
            "NanoCpus": 2000000000,
            "CgroupParent": "",
            "BlkioWeight": 0,
            "BlkioWeightDevice": [],
            "BlkioDeviceReadBps": [],
            "BlkioDeviceWriteBps": [],
            "BlkioDeviceReadIOps": [],
            "BlkioDeviceWriteIOps": [],
            "CpuPeriod": 0,
            "CpuQuota": 0,
            "CpuRealtimePeriod": 0,
            "CpuRealtimeRuntime": 0,
            "CpusetCpus": "",
            "CpusetMems": "",
            "Devices": [],
            "DeviceCgroupRules": null,
            "DeviceRequests": null,
            "MemoryReservation": 0,
            "MemorySwap": 4294967296,
            "MemorySwappiness": null,
            "OomKillDisable": null,
            "PidsLimit": null,
            "Ulimits": null,
            "CpuCount": 0,
            "CpuPercent": 0,
            "IOMaximumIOps": 0,
            "IOMaximumBandwidth": 0,
            "MaskedPaths": [
                "/proc/acpi",
                "/proc/asound",
                "/proc/interrupts",
                "/proc/kcore",
                "/proc/keys",
                "/proc/latency_stats",
                "/proc/sched_debug",
                "/proc/scsi",
                "/proc/timer_list",
                "/proc/timer_stats",
                "/sys/devices/virtual/powercap",
                "/sys/firmware"
            ],
            "ReadonlyPaths": [
                "/proc/bus",
                "/proc/fs",
                "/proc/irq",
                "/proc/sys",
                "/proc/sysrq-trigger"
            ]
        },
        "Storage": {
            "RootFS": {
                "Snapshot": {
                    "Name": "overlayfs"
                }
            }
        },
        "Mounts": [],
        "Config": {
            "Hostname": "961d1d8a680c",
            "Domainname": "",
            "User": "65532:65532",
            "AttachStdin": false,
            "AttachStdout": false,
            "AttachStderr": false,
            "ExposedPorts": {
                "18335/tcp": {},
                "8080/tcp": {}
            },
            "Tty": false,
            "OpenStdin": false,
            "StdinOnce": false,
            "Env": [
                "PORT=18335",
                "PATH=/usr/local/bin:/usr/local/sbin:/usr/local/bin:/usr/sbin:/usr/bin:/sbin:/bin",
                "LANG=C.UTF-8",
                "GPG_KEY=7169605F62C751356D054A26A821E680E5FA6305",
                "PYTHON_VERSION=3.12.15",
                "PYTHON_SHA256=c2c4321961fab0fb999d66e0cecf521c2ab3994c7992873ea99e306c1094fd5a",
                "PYTHONUNBUFFERED=1",
                "PYTHONDONTWRITEBYTECODE=1"
            ],
            "Cmd": [
                "python",
                "server.py"
            ],
            "Image": "independent-verifier-num-1004051010139451:current",
            "Volumes": null,
            "WorkingDir": "/app",
            "Entrypoint": null,
            "Labels": {}
        },
        "NetworkSettings": {
            "SandboxID": "2ae3df9e7cc63cfbf15cc51e242e312e291131353ef5a2093dcead8a490e9825",
            "SandboxKey": "/var/run/docker/netns/2ae3df9e7cc6",
            "Ports": {
                "18335/tcp": []
            },
            "Networks": {
                "independent-verifier-num-1004051010139451-net": {
                    "IPAMConfig": null,
                    "Links": null,
                    "Aliases": null,
                    "DriverOpts": null,
                    "GwPriority": 0,
                    "NetworkID": "26986f82a4f6fe4a1fd625dcfc40ec0a0577e6e800e7253e81636008d5c5b7eb",
                    "EndpointID": "58e3bb6b36e9f6467b8eb3938a4ad68280ff248caaa7426d34e9072f6e62be40",
                    "Gateway": "",
                    "IPAddress": "172.18.0.2",
                    "MacAddress": "26:58:df:55:aa:ac",
                    "IPPrefixLen": 16,
                    "IPv6Gateway": "",
                    "GlobalIPv6Address": "",
                    "GlobalIPv6PrefixLen": 0,
                    "DNSNames": [
                        "independent-verifier-num-1004051010139451-base",
                        "961d1d8a680c"
                    ]
                }
            }
        },
        "ImageManifestDescriptor": {
            "mediaType": "application/vnd.oci.image.manifest.v1+json",
            "digest": "sha256:5f1dd233fe2c8f91707e84d2ef9ebee7e4fc685f60e6dfd6ead63e16af1b44ee",
            "size": 1806,
            "platform": {
                "architecture": "arm64",
                "os": "linux"
            }
        }
    }
]
