[
    {
        "Id": "82bc08a1db5a636a10c5887941298b81676a7ac69430ccf2ced018809dd63d8c",
        "Created": "2026-10-04T00:51:23.474574463Z",
        "Path": "python",
        "Args": [
            "server.py"
        ],
        "State": {
            "Status": "running",
            "Running": true,
            "Paused": false,
            "Restarting": false,
            "OOMKilled": false,
            "Dead": false,
            "Pid": 3737,
            "ExitCode": 0,
            "Error": "",
            "StartedAt": "2026-10-04T00:51:23.498053171Z",
            "FinishedAt": "0001-01-01T00:00:00Z"
        },
        "Image": "sha256:31f68a0e40c87082033b1e0367b5c48bb2002a5f99111ee01397c59266d64c11",
        "ResolvConfPath": "/var/lib/docker/containers/82bc08a1db5a636a10c5887941298b81676a7ac69430ccf2ced018809dd63d8c/resolv.conf",
        "HostnamePath": "/var/lib/docker/containers/82bc08a1db5a636a10c5887941298b81676a7ac69430ccf2ced018809dd63d8c/hostname",
        "HostsPath": "/var/lib/docker/containers/82bc08a1db5a636a10c5887941298b81676a7ac69430ccf2ced018809dd63d8c/hosts",
        "LogPath": "/var/lib/docker/containers/82bc08a1db5a636a10c5887941298b81676a7ac69430ccf2ced018809dd63d8c/82bc08a1db5a636a10c5887941298b81676a7ac69430ccf2ced018809dd63d8c-json.log",
        "Name": "/independent-verifier-s1-dd644198b6c0-20261004t005121-source",
        "RestartCount": 0,
        "Driver": "overlayfs",
        "Platform": "linux",
        "MountLabel": "",
        "ProcessLabel": "",
        "AppArmorProfile": "",
        "ExecIDs": null,
        "HostConfig": {
            "Binds": null,
            "ContainerIDFile": "",
            "LogConfig": {
                "Type": "json-file",
                "Config": {}
            },
            "NetworkMode": "independent-verifier-s1-dd644198b6c0-20261004t005121-net",
            "PortBindings": {
                "18309/tcp": [
                    {
                        "HostIp": "127.0.0.1",
                        "HostPort": "18300"
                    }
                ]
            },
            "RestartPolicy": {
                "Name": "no",
                "MaximumRetryCount": 0
            },
            "AutoRemove": false,
            "VolumeDriver": "",
            "VolumesFrom": null,
            "ConsoleSize": [
                0,
                0
            ],
            "CapAdd": null,
            "CapDrop": null,
            "CgroupnsMode": "private",
            "Dns": null,
            "DnsOptions": [],
            "DnsSearch": [],
            "ExtraHosts": null,
            "GroupAdd": null,
            "IpcMode": "private",
            "Cgroup": "",
            "Links": null,
            "OomScoreAdj": 0,
            "PidMode": "",
            "Privileged": false,
            "PublishAllPorts": false,
            "ReadonlyRootfs": false,
            "SecurityOpt": null,
            "UTSMode": "",
            "UsernsMode": "",
            "ShmSize": 67108864,
            "Runtime": "runc",
            "Isolation": "",
            "CpuShares": 0,
            "Memory": 2147483648,
            "NanoCpus": 2000000000,
            "CgroupParent": "",
            "BlkioWeight": 0,
            "BlkioWeightDevice": [],
            "BlkioDeviceReadBps": [],
            "BlkioDeviceWriteBps": [],
            "BlkioDeviceReadIOps": [],
            "BlkioDeviceWriteIOps": [],
            "CpuPeriod": 0,
            "CpuQuota": 0,
            "CpuRealtimePeriod": 0,
            "CpuRealtimeRuntime": 0,
            "CpusetCpus": "",
            "CpusetMems": "",
            "Devices": [],
            "DeviceCgroupRules": null,
            "DeviceRequests": null,
            "MemoryReservation": 0,
            "MemorySwap": 4294967296,
            "MemorySwappiness": null,
            "OomKillDisable": null,
            "PidsLimit": null,
            "Ulimits": null,
            "CpuCount": 0,
            "CpuPercent": 0,
            "IOMaximumIOps": 0,
            "IOMaximumBandwidth": 0,
            "MaskedPaths": [
                "/proc/acpi",
                "/proc/asound",
                "/proc/interrupts",
                "/proc/kcore",
                "/proc/keys",
                "/proc/latency_stats",
                "/proc/sched_debug",
                "/proc/scsi",
                "/proc/timer_list",
                "/proc/timer_stats",
                "/sys/devices/virtual/powercap",
                "/sys/firmware"
            ],
            "ReadonlyPaths": [
                "/proc/bus",
                "/proc/fs",
                "/proc/irq",
                "/proc/sys",
                "/proc/sysrq-trigger"
            ]
        },
        "Storage": {
            "RootFS": {
                "Snapshot": {
                    "Name": "overlayfs"
                }
            }
        },
        "Mounts": [],
        "Config": {
            "Hostname": "82bc08a1db5a",
            "Domainname": "",
            "User": "65532:65532",
            "AttachStdin": false,
            "AttachStdout": false,
            "AttachStderr": false,
            "ExposedPorts": {
                "18309/tcp": {},
                "8080/tcp": {}
            },
            "Tty": false,
            "OpenStdin": false,
            "StdinOnce": false,
            "Env": [
                "PORT=18309",
                "PATH=/usr/local/bin:/usr/local/sbin:/usr/local/bin:/usr/sbin:/usr/bin:/sbin:/bin",
                "LANG=C.UTF-8",
                "GPG_KEY=7169605F62C751356D054A26A821E680E5FA6305",
                "PYTHON_VERSION=3.12.15",
                "PYTHON_SHA256=c2c4321961fab0fb999d66e0cecf521c2ab3994c7992873ea99e306c1094fd5a",
                "PYTHONUNBUFFERED=1",
                "PYTHONDONTWRITEBYTECODE=1"
            ],
            "Cmd": [
                "python",
                "server.py"
            ],
            "Image": "independent-verifier-s1-dd644198b6c0-20261004t005121:candidate",
            "Volumes": null,
            "WorkingDir": "/app",
            "Entrypoint": null,
            "Labels": {}
        },
        "NetworkSettings": {
            "SandboxID": "4755a43607baf7a29c10848ea252c8cf1503c7b93d5b54f1aa62dff8d1590596",
            "SandboxKey": "/var/run/docker/netns/4755a43607ba",
            "Ports": {
                "18309/tcp": []
            },
            "Networks": {
                "independent-verifier-s1-dd644198b6c0-20261004t005121-net": {
                    "IPAMConfig": null,
                    "Links": null,
                    "Aliases": null,
                    "DriverOpts": null,
                    "GwPriority": 0,
                    "NetworkID": "f368099591c3e764cd61fceb855cb6132a6cf4788827e55ec3801121c60502dc",
                    "EndpointID": "a5c78ec1e9f5d0a0947523bc2049da812039d305ab7f34dcd66f040046668f7f",
                    "Gateway": "",
                    "IPAddress": "172.18.0.2",
                    "MacAddress": "a2:c8:e9:57:7b:43",
                    "IPPrefixLen": 16,
                    "IPv6Gateway": "",
                    "GlobalIPv6Address": "",
                    "GlobalIPv6PrefixLen": 0,
                    "DNSNames": [
                        "independent-verifier-s1-dd644198b6c0-20261004t005121-source",
                        "82bc08a1db5a"
                    ]
                }
            }
        },
        "ImageManifestDescriptor": {
            "mediaType": "application/vnd.oci.image.manifest.v1+json",
            "digest": "sha256:14f5b03ce223b16d387ff20270fe1f9622bd4eeb4fef49a3e25d63a21643f594",
            "size": 1805,
            "platform": {
                "architecture": "arm64",
                "os": "linux"
            }
        }
    }
]
