[
    {
        "Id": "6d570cf22f952162ce281f55e677ed2d100af3075d129846f5bbc96e96580353",
        "Created": "2026-10-04T04:44:07.359306836Z",
        "Path": "python",
        "Args": [
            "-X",
            "faulthandler",
            "-B",
            "-",
            "20000",
            "object",
            "roundtrip"
        ],
        "State": {
            "Status": "exited",
            "Running": false,
            "Paused": false,
            "Restarting": false,
            "OOMKilled": false,
            "Dead": false,
            "Pid": 0,
            "ExitCode": 0,
            "Error": "",
            "StartedAt": "2026-10-04T04:44:07.404407795Z",
            "FinishedAt": "2026-10-04T04:44:07.53211367Z"
        },
        "Image": "sha256:bb38e67289a3af6a8a09b1f99016003284b8cf3bcdb6d27655d8bc6379cd4666",
        "ResolvConfPath": "/var/lib/docker/containers/6d570cf22f952162ce281f55e677ed2d100af3075d129846f5bbc96e96580353/resolv.conf",
        "HostnamePath": "/var/lib/docker/containers/6d570cf22f952162ce281f55e677ed2d100af3075d129846f5bbc96e96580353/hostname",
        "HostsPath": "/var/lib/docker/containers/6d570cf22f952162ce281f55e677ed2d100af3075d129846f5bbc96e96580353/hosts",
        "LogPath": "/var/lib/docker/containers/6d570cf22f952162ce281f55e677ed2d100af3075d129846f5bbc96e96580353/6d570cf22f952162ce281f55e677ed2d100af3075d129846f5bbc96e96580353-json.log",
        "Name": "/systems-engineer-depth-20261004t044401599086-23",
        "RestartCount": 0,
        "Driver": "overlayfs",
        "Platform": "linux",
        "MountLabel": "",
        "ProcessLabel": "",
        "AppArmorProfile": "",
        "ExecIDs": null,
        "HostConfig": {
            "Binds": null,
            "ContainerIDFile": "",
            "LogConfig": {
                "Type": "json-file",
                "Config": {}
            },
            "NetworkMode": "none",
            "PortBindings": {},
            "RestartPolicy": {
                "Name": "no",
                "MaximumRetryCount": 0
            },
            "AutoRemove": false,
            "VolumeDriver": "",
            "VolumesFrom": null,
            "ConsoleSize": [
                0,
                0
            ],
            "CapAdd": null,
            "CapDrop": null,
            "CgroupnsMode": "private",
            "Dns": null,
            "DnsOptions": [],
            "DnsSearch": [],
            "ExtraHosts": null,
            "GroupAdd": null,
            "IpcMode": "private",
            "Cgroup": "",
            "Links": null,
            "OomScoreAdj": 0,
            "PidMode": "",
            "Privileged": false,
            "PublishAllPorts": false,
            "ReadonlyRootfs": false,
            "SecurityOpt": null,
            "UTSMode": "",
            "UsernsMode": "",
            "ShmSize": 67108864,
            "Runtime": "runc",
            "Isolation": "",
            "CpuShares": 0,
            "Memory": 2147483648,
            "NanoCpus": 2000000000,
            "CgroupParent": "",
            "BlkioWeight": 0,
            "BlkioWeightDevice": [],
            "BlkioDeviceReadBps": [],
            "BlkioDeviceWriteBps": [],
            "BlkioDeviceReadIOps": [],
            "BlkioDeviceWriteIOps": [],
            "CpuPeriod": 0,
            "CpuQuota": 0,
            "CpuRealtimePeriod": 0,
            "CpuRealtimeRuntime": 0,
            "CpusetCpus": "",
            "CpusetMems": "",
            "Devices": [],
            "DeviceCgroupRules": null,
            "DeviceRequests": null,
            "MemoryReservation": 0,
            "MemorySwap": 4294967296,
            "MemorySwappiness": null,
            "OomKillDisable": null,
            "PidsLimit": null,
            "Ulimits": null,
            "CpuCount": 0,
            "CpuPercent": 0,
            "IOMaximumIOps": 0,
            "IOMaximumBandwidth": 0,
            "MaskedPaths": [
                "/proc/acpi",
                "/proc/asound",
                "/proc/interrupts",
                "/proc/kcore",
                "/proc/keys",
                "/proc/latency_stats",
                "/proc/sched_debug",
                "/proc/scsi",
                "/proc/timer_list",
                "/proc/timer_stats",
                "/sys/devices/virtual/powercap",
                "/sys/firmware"
            ],
            "ReadonlyPaths": [
                "/proc/bus",
                "/proc/fs",
                "/proc/irq",
                "/proc/sys",
                "/proc/sysrq-trigger"
            ]
        },
        "Storage": {
            "RootFS": {
                "Snapshot": {
                    "Name": "overlayfs"
                }
            }
        },
        "Mounts": [],
        "Config": {
            "Hostname": "6d570cf22f95",
            "Domainname": "",
            "User": "65532:65532",
            "AttachStdin": true,
            "AttachStdout": true,
            "AttachStderr": true,
            "ExposedPorts": {
                "8080/tcp": {}
            },
            "Tty": false,
            "OpenStdin": true,
            "StdinOnce": true,
            "Env": [
                "PATH=/usr/local/bin:/usr/local/sbin:/usr/local/bin:/usr/sbin:/usr/bin:/sbin:/bin",
                "LANG=C.UTF-8",
                "GPG_KEY=7169605F62C751356D054A26A821E680E5FA6305",
                "PYTHON_VERSION=3.12.15",
                "PYTHON_SHA256=c2c4321961fab0fb999d66e0cecf521c2ab3994c7992873ea99e306c1094fd5a",
                "PYTHONUNBUFFERED=1",
                "PYTHONDONTWRITEBYTECODE=1"
            ],
            "Cmd": [
                "-X",
                "faulthandler",
                "-B",
                "-",
                "20000",
                "object",
                "roundtrip"
            ],
            "Image": "sha256:bb38e67289a3af6a8a09b1f99016003284b8cf3bcdb6d27655d8bc6379cd4666",
            "Volumes": null,
            "WorkingDir": "/app",
            "Entrypoint": [
                "python"
            ],
            "Labels": {}
        },
        "NetworkSettings": {
            "SandboxID": "",
            "SandboxKey": "",
            "Ports": {},
            "Networks": {
                "none": {
                    "IPAMConfig": null,
                    "Links": null,
                    "Aliases": null,
                    "DriverOpts": null,
                    "GwPriority": 0,
                    "NetworkID": "cf147ead9cff19039d9c8b12c493b4bbc4db3c728f8da50671729555874e7034",
                    "EndpointID": "",
                    "Gateway": "",
                    "IPAddress": "",
                    "MacAddress": "",
                    "IPPrefixLen": 0,
                    "IPv6Gateway": "",
                    "GlobalIPv6Address": "",
                    "GlobalIPv6PrefixLen": 0,
                    "DNSNames": null
                }
            }
        },
        "ImageManifestDescriptor": {
            "mediaType": "application/vnd.oci.image.manifest.v1+json",
            "digest": "sha256:5f1dd233fe2c8f91707e84d2ef9ebee7e4fc685f60e6dfd6ead63e16af1b44ee",
            "size": 1806,
            "platform": {
                "architecture": "arm64",
                "os": "linux"
            }
        }
    }
]
