#0 building with "desktop-linux" instance using docker driver

#1 [internal] load build definition from Dockerfile
#1 transferring dockerfile: 132B done
#1 DONE 0.0s

#2 [internal] load metadata for docker.io/library/systems-engineer-s2-reconstruct-20261004t054759469645:current
#2 DONE 0.0s

#3 [internal] load .dockerignore
#3 transferring context: 2B done
#3 DONE 0.0s

#4 [1/3] FROM docker.io/library/systems-engineer-s2-reconstruct-20261004t054759469645:current@sha256:1df6918c6feef58bb0b414ab9cdcbb01c1e161550f92c0d80ef59efb0481c8c4
#4 resolve docker.io/library/systems-engineer-s2-reconstruct-20261004t054759469645:current@sha256:1df6918c6feef58bb0b414ab9cdcbb01c1e161550f92c0d80ef59efb0481c8c4 done
#4 DONE 0.0s

#5 [internal] load build context
#5 transferring context: 120.25kB done
#5 DONE 0.0s

#6 [2/3] WORKDIR /probe
#6 CACHED

#7 [3/3] COPY *.py ./
#7 DONE 0.0s

#8 exporting to image
#8 exporting layers 0.0s done
#8 exporting manifest sha256:59b1acd82256cb1fdca5d801bfc5277cec3f70b8ba84d8747c8b59dc230fe2f8 done
#8 exporting config sha256:7ec93d242db3f623aa61f09361b05b7c71beaeba80e7af0491082295878e8d44 done
#8 exporting attestation manifest sha256:37809064aece01bfb5049f05c24dc09e126b4449aa8f431be7720d3592e19634 done
#8 exporting manifest list sha256:b01045d04467a148b3d281ed2f2aa44cc1ed6c12f1510e4c05227a43879016f8 done
#8 naming to docker.io/library/systems-engineer-s2-reconstruct-20261004t054759469645:client done
#8 unpacking to docker.io/library/systems-engineer-s2-reconstruct-20261004t054759469645:client done
#8 DONE 0.1s
