[
    {
        "Id": "407d76f41147b059fdfee8e3108bad61f9f151d78022e49595a6128d3c1443ea",
        "Created": "2026-10-04T05:48:49.670920179Z",
        "Path": "python",
        "Args": [
            "server.py"
        ],
        "State": {
            "Status": "running",
            "Running": true,
            "Paused": false,
            "Restarting": false,
            "OOMKilled": false,
            "Dead": false,
            "Pid": 8275,
            "ExitCode": 0,
            "Error": "",
            "StartedAt": "2026-10-04T05:48:49.694999263Z",
            "FinishedAt": "0001-01-01T00:00:00Z"
        },
        "Image": "sha256:e8db29c01e1e9bb55b9252b97290ca3eeac9842f80b5b6385b886e911200b7ff",
        "ResolvConfPath": "/var/lib/docker/containers/407d76f41147b059fdfee8e3108bad61f9f151d78022e49595a6128d3c1443ea/resolv.conf",
        "HostnamePath": "/var/lib/docker/containers/407d76f41147b059fdfee8e3108bad61f9f151d78022e49595a6128d3c1443ea/hostname",
        "HostsPath": "/var/lib/docker/containers/407d76f41147b059fdfee8e3108bad61f9f151d78022e49595a6128d3c1443ea/hosts",
        "LogPath": "/var/lib/docker/containers/407d76f41147b059fdfee8e3108bad61f9f151d78022e49595a6128d3c1443ea/407d76f41147b059fdfee8e3108bad61f9f151d78022e49595a6128d3c1443ea-json.log",
        "Name": "/systems-engineer-s2-reconstruct-20261004t054759469645-legacy",
        "RestartCount": 0,
        "Driver": "overlayfs",
        "Platform": "linux",
        "MountLabel": "",
        "ProcessLabel": "",
        "AppArmorProfile": "",
        "ExecIDs": null,
        "HostConfig": {
            "Binds": null,
            "ContainerIDFile": "",
            "LogConfig": {
                "Type": "json-file",
                "Config": {}
            },
            "NetworkMode": "systems-engineer-s2-reconstruct-20261004t054759469645-net",
            "PortBindings": {
                "18173/tcp": [
                    {
                        "HostIp": "",
                        "HostPort": "18173"
                    }
                ]
            },
            "RestartPolicy": {
                "Name": "no",
                "MaximumRetryCount": 0
            },
            "AutoRemove": false,
            "VolumeDriver": "",
            "VolumesFrom": null,
            "ConsoleSize": [
                0,
                0
            ],
            "CapAdd": null,
            "CapDrop": null,
            "CgroupnsMode": "private",
            "Dns": null,
            "DnsOptions": [],
            "DnsSearch": [],
            "ExtraHosts": null,
            "GroupAdd": null,
            "IpcMode": "private",
            "Cgroup": "",
            "Links": null,
            "OomScoreAdj": 0,
            "PidMode": "",
            "Privileged": false,
            "PublishAllPorts": false,
            "ReadonlyRootfs": false,
            "SecurityOpt": null,
            "UTSMode": "",
            "UsernsMode": "",
            "ShmSize": 67108864,
            "Runtime": "runc",
            "Isolation": "",
            "CpuShares": 0,
            "Memory": 2147483648,
            "NanoCpus": 2000000000,
            "CgroupParent": "",
            "BlkioWeight": 0,
            "BlkioWeightDevice": [],
            "BlkioDeviceReadBps": [],
            "BlkioDeviceWriteBps": [],
            "BlkioDeviceReadIOps": [],
            "BlkioDeviceWriteIOps": [],
            "CpuPeriod": 0,
            "CpuQuota": 0,
            "CpuRealtimePeriod": 0,
            "CpuRealtimeRuntime": 0,
            "CpusetCpus": "",
            "CpusetMems": "",
            "Devices": [],
            "DeviceCgroupRules": null,
            "DeviceRequests": null,
            "MemoryReservation": 0,
            "MemorySwap": 4294967296,
            "MemorySwappiness": null,
            "OomKillDisable": null,
            "PidsLimit": null,
            "Ulimits": null,
            "CpuCount": 0,
            "CpuPercent": 0,
            "IOMaximumIOps": 0,
            "IOMaximumBandwidth": 0,
            "MaskedPaths": [
                "/proc/acpi",
                "/proc/asound",
                "/proc/interrupts",
                "/proc/kcore",
                "/proc/keys",
                "/proc/latency_stats",
                "/proc/sched_debug",
                "/proc/scsi",
                "/proc/timer_list",
                "/proc/timer_stats",
                "/sys/devices/virtual/powercap",
                "/sys/firmware"
            ],
            "ReadonlyPaths": [
                "/proc/bus",
                "/proc/fs",
                "/proc/irq",
                "/proc/sys",
                "/proc/sysrq-trigger"
            ]
        },
        "Storage": {
            "RootFS": {
                "Snapshot": {
                    "Name": "overlayfs"
                }
            }
        },
        "Mounts": [],
        "Config": {
            "Hostname": "407d76f41147",
            "Domainname": "",
            "User": "65532:65532",
            "AttachStdin": false,
            "AttachStdout": false,
            "AttachStderr": false,
            "ExposedPorts": {
                "18173/tcp": {},
                "8080/tcp": {}
            },
            "Tty": false,
            "OpenStdin": false,
            "StdinOnce": false,
            "Env": [
                "PORT=18173",
                "PATH=/usr/local/bin:/usr/local/sbin:/usr/local/bin:/usr/sbin:/usr/bin:/sbin:/bin",
                "LANG=C.UTF-8",
                "GPG_KEY=7169605F62C751356D054A26A821E680E5FA6305",
                "PYTHON_VERSION=3.12.15",
                "PYTHON_SHA256=c2c4321961fab0fb999d66e0cecf521c2ab3994c7992873ea99e306c1094fd5a",
                "PYTHONUNBUFFERED=1",
                "PYTHONDONTWRITEBYTECODE=1"
            ],
            "Cmd": [
                "python",
                "server.py"
            ],
            "Image": "systems-engineer-s2-reconstruct-20261004t054759469645:legacy",
            "Volumes": null,
            "WorkingDir": "/app",
            "Entrypoint": null,
            "Labels": {}
        },
        "NetworkSettings": {
            "SandboxID": "a59289e20f98e4bede52c914a7c5992389375017b66a94e035179d772e9dfeef",
            "SandboxKey": "/var/run/docker/netns/a59289e20f98",
            "Ports": {
                "18173/tcp": []
            },
            "Networks": {
                "systems-engineer-s2-reconstruct-20261004t054759469645-net": {
                    "IPAMConfig": null,
                    "Links": null,
                    "Aliases": null,
                    "DriverOpts": null,
                    "GwPriority": 0,
                    "NetworkID": "711843a487615f9ce15e125501879ea69abf739176d2684a2ae4e288c8f24f73",
                    "EndpointID": "9f1628a6c12c28f0c39aabcab5850d19f662d3665088ad40afb45cde49c79f98",
                    "Gateway": "",
                    "IPAddress": "172.19.0.5",
                    "MacAddress": "4a:bf:2e:81:91:bb",
                    "IPPrefixLen": 16,
                    "IPv6Gateway": "",
                    "GlobalIPv6Address": "",
                    "GlobalIPv6PrefixLen": 0,
                    "DNSNames": [
                        "systems-engineer-s2-reconstruct-20261004t054759469645-legacy",
                        "407d76f41147"
                    ]
                }
            }
        },
        "ImageManifestDescriptor": {
            "mediaType": "application/vnd.oci.image.manifest.v1+json",
            "digest": "sha256:77fb20b7d0c02ff8eab0351f49d775666c9f9b2341530fe60ff084be88341f8e",
            "size": 1806,
            "platform": {
                "architecture": "arm64",
                "os": "linux"
            }
        }
    }
]
