[
    {
        "Id": "20335ff8819805f9a54912cf01874580a6b71208a448addbd74f47f62ae4b2cc",
        "Created": "2026-10-04T05:48:34.065605172Z",
        "Path": "python",
        "Args": [
            "server.py"
        ],
        "State": {
            "Status": "running",
            "Running": true,
            "Paused": false,
            "Restarting": false,
            "OOMKilled": false,
            "Dead": false,
            "Pid": 8043,
            "ExitCode": 0,
            "Error": "",
            "StartedAt": "2026-10-04T05:48:34.094982339Z",
            "FinishedAt": "0001-01-01T00:00:00Z"
        },
        "Image": "sha256:f991cf9ff6d3d1f6d2968778fbb26cd7561558acfa14c5898266f4536c240ebc",
        "ResolvConfPath": "/var/lib/docker/containers/20335ff8819805f9a54912cf01874580a6b71208a448addbd74f47f62ae4b2cc/resolv.conf",
        "HostnamePath": "/var/lib/docker/containers/20335ff8819805f9a54912cf01874580a6b71208a448addbd74f47f62ae4b2cc/hostname",
        "HostsPath": "/var/lib/docker/containers/20335ff8819805f9a54912cf01874580a6b71208a448addbd74f47f62ae4b2cc/hosts",
        "LogPath": "/var/lib/docker/containers/20335ff8819805f9a54912cf01874580a6b71208a448addbd74f47f62ae4b2cc/20335ff8819805f9a54912cf01874580a6b71208a448addbd74f47f62ae4b2cc-json.log",
        "Name": "/systems-engineer-s2-reconstruct-20261004t054759469645-accepted",
        "RestartCount": 0,
        "Driver": "overlayfs",
        "Platform": "linux",
        "MountLabel": "",
        "ProcessLabel": "",
        "AppArmorProfile": "",
        "ExecIDs": null,
        "HostConfig": {
            "Binds": null,
            "ContainerIDFile": "",
            "LogConfig": {
                "Type": "json-file",
                "Config": {}
            },
            "NetworkMode": "systems-engineer-s2-reconstruct-20261004t054759469645-net",
            "PortBindings": {
                "18172/tcp": [
                    {
                        "HostIp": "",
                        "HostPort": "18172"
                    }
                ]
            },
            "RestartPolicy": {
                "Name": "no",
                "MaximumRetryCount": 0
            },
            "AutoRemove": false,
            "VolumeDriver": "",
            "VolumesFrom": null,
            "ConsoleSize": [
                0,
                0
            ],
            "CapAdd": null,
            "CapDrop": null,
            "CgroupnsMode": "private",
            "Dns": null,
            "DnsOptions": [],
            "DnsSearch": [],
            "ExtraHosts": null,
            "GroupAdd": null,
            "IpcMode": "private",
            "Cgroup": "",
            "Links": null,
            "OomScoreAdj": 0,
            "PidMode": "",
            "Privileged": false,
            "PublishAllPorts": false,
            "ReadonlyRootfs": false,
            "SecurityOpt": null,
            "UTSMode": "",
            "UsernsMode": "",
            "ShmSize": 67108864,
            "Runtime": "runc",
            "Isolation": "",
            "CpuShares": 0,
            "Memory": 2147483648,
            "NanoCpus": 2000000000,
            "CgroupParent": "",
            "BlkioWeight": 0,
            "BlkioWeightDevice": [],
            "BlkioDeviceReadBps": [],
            "BlkioDeviceWriteBps": [],
            "BlkioDeviceReadIOps": [],
            "BlkioDeviceWriteIOps": [],
            "CpuPeriod": 0,
            "CpuQuota": 0,
            "CpuRealtimePeriod": 0,
            "CpuRealtimeRuntime": 0,
            "CpusetCpus": "",
            "CpusetMems": "",
            "Devices": [],
            "DeviceCgroupRules": null,
            "DeviceRequests": null,
            "MemoryReservation": 0,
            "MemorySwap": 4294967296,
            "MemorySwappiness": null,
            "OomKillDisable": null,
            "PidsLimit": null,
            "Ulimits": null,
            "CpuCount": 0,
            "CpuPercent": 0,
            "IOMaximumIOps": 0,
            "IOMaximumBandwidth": 0,
            "MaskedPaths": [
                "/proc/acpi",
                "/proc/asound",
                "/proc/interrupts",
                "/proc/kcore",
                "/proc/keys",
                "/proc/latency_stats",
                "/proc/sched_debug",
                "/proc/scsi",
                "/proc/timer_list",
                "/proc/timer_stats",
                "/sys/devices/virtual/powercap",
                "/sys/firmware"
            ],
            "ReadonlyPaths": [
                "/proc/bus",
                "/proc/fs",
                "/proc/irq",
                "/proc/sys",
                "/proc/sysrq-trigger"
            ]
        },
        "Storage": {
            "RootFS": {
                "Snapshot": {
                    "Name": "overlayfs"
                }
            }
        },
        "Mounts": [],
        "Config": {
            "Hostname": "20335ff88198",
            "Domainname": "",
            "User": "65532:65532",
            "AttachStdin": false,
            "AttachStdout": false,
            "AttachStderr": false,
            "ExposedPorts": {
                "18172/tcp": {},
                "8080/tcp": {}
            },
            "Tty": false,
            "OpenStdin": false,
            "StdinOnce": false,
            "Env": [
                "PORT=18172",
                "PATH=/usr/local/bin:/usr/local/sbin:/usr/local/bin:/usr/sbin:/usr/bin:/sbin:/bin",
                "LANG=C.UTF-8",
                "GPG_KEY=7169605F62C751356D054A26A821E680E5FA6305",
                "PYTHON_VERSION=3.12.15",
                "PYTHON_SHA256=c2c4321961fab0fb999d66e0cecf521c2ab3994c7992873ea99e306c1094fd5a",
                "PYTHONUNBUFFERED=1",
                "PYTHONDONTWRITEBYTECODE=1"
            ],
            "Cmd": [
                "python",
                "server.py"
            ],
            "Image": "systems-engineer-s2-reconstruct-20261004t054759469645:accepted",
            "Volumes": null,
            "WorkingDir": "/app",
            "Entrypoint": null,
            "Labels": {}
        },
        "NetworkSettings": {
            "SandboxID": "ffd9922c9453968e40d9897a3dac707ca166de4745b4b17f6a771c9777b2cf93",
            "SandboxKey": "/var/run/docker/netns/ffd9922c9453",
            "Ports": {
                "18172/tcp": []
            },
            "Networks": {
                "systems-engineer-s2-reconstruct-20261004t054759469645-net": {
                    "IPAMConfig": null,
                    "Links": null,
                    "Aliases": null,
                    "DriverOpts": null,
                    "GwPriority": 0,
                    "NetworkID": "711843a487615f9ce15e125501879ea69abf739176d2684a2ae4e288c8f24f73",
                    "EndpointID": "b0f1fb5b3ceb8c9759230ed910164cef03b81ac2682816b744562d82633ee223",
                    "Gateway": "",
                    "IPAddress": "172.19.0.4",
                    "MacAddress": "16:d3:dc:8c:26:e6",
                    "IPPrefixLen": 16,
                    "IPv6Gateway": "",
                    "GlobalIPv6Address": "",
                    "GlobalIPv6PrefixLen": 0,
                    "DNSNames": [
                        "systems-engineer-s2-reconstruct-20261004t054759469645-accepted",
                        "20335ff88198"
                    ]
                }
            }
        },
        "ImageManifestDescriptor": {
            "mediaType": "application/vnd.oci.image.manifest.v1+json",
            "digest": "sha256:5f1dd233fe2c8f91707e84d2ef9ebee7e4fc685f60e6dfd6ead63e16af1b44ee",
            "size": 1806,
            "platform": {
                "architecture": "arm64",
                "os": "linux"
            }
        }
    }
]
