[
    {
        "Id": "606f605a4611e06ddcbb44f4932fbd8121b228247aaf960a4d58d40631a47c58",
        "Created": "2026-10-04T05:48:02.86365038Z",
        "Path": "python",
        "Args": [
            "server.py"
        ],
        "State": {
            "Status": "running",
            "Running": true,
            "Paused": false,
            "Restarting": false,
            "OOMKilled": false,
            "Dead": false,
            "Pid": 7453,
            "ExitCode": 0,
            "Error": "",
            "StartedAt": "2026-10-04T05:48:02.892919963Z",
            "FinishedAt": "0001-01-01T00:00:00Z"
        },
        "Image": "sha256:1df6918c6feef58bb0b414ab9cdcbb01c1e161550f92c0d80ef59efb0481c8c4",
        "ResolvConfPath": "/var/lib/docker/containers/606f605a4611e06ddcbb44f4932fbd8121b228247aaf960a4d58d40631a47c58/resolv.conf",
        "HostnamePath": "/var/lib/docker/containers/606f605a4611e06ddcbb44f4932fbd8121b228247aaf960a4d58d40631a47c58/hostname",
        "HostsPath": "/var/lib/docker/containers/606f605a4611e06ddcbb44f4932fbd8121b228247aaf960a4d58d40631a47c58/hosts",
        "LogPath": "/var/lib/docker/containers/606f605a4611e06ddcbb44f4932fbd8121b228247aaf960a4d58d40631a47c58/606f605a4611e06ddcbb44f4932fbd8121b228247aaf960a4d58d40631a47c58-json.log",
        "Name": "/systems-engineer-s2-reconstruct-20261004t054759469645-current-a",
        "RestartCount": 0,
        "Driver": "overlayfs",
        "Platform": "linux",
        "MountLabel": "",
        "ProcessLabel": "",
        "AppArmorProfile": "",
        "ExecIDs": null,
        "HostConfig": {
            "Binds": null,
            "ContainerIDFile": "",
            "LogConfig": {
                "Type": "json-file",
                "Config": {}
            },
            "NetworkMode": "systems-engineer-s2-reconstruct-20261004t054759469645-net",
            "PortBindings": {
                "8080/tcp": [
                    {
                        "HostIp": "",
                        "HostPort": "18170"
                    }
                ]
            },
            "RestartPolicy": {
                "Name": "no",
                "MaximumRetryCount": 0
            },
            "AutoRemove": false,
            "VolumeDriver": "",
            "VolumesFrom": null,
            "ConsoleSize": [
                0,
                0
            ],
            "CapAdd": null,
            "CapDrop": null,
            "CgroupnsMode": "private",
            "Dns": null,
            "DnsOptions": [],
            "DnsSearch": [],
            "ExtraHosts": null,
            "GroupAdd": null,
            "IpcMode": "private",
            "Cgroup": "",
            "Links": null,
            "OomScoreAdj": 0,
            "PidMode": "",
            "Privileged": false,
            "PublishAllPorts": false,
            "ReadonlyRootfs": false,
            "SecurityOpt": null,
            "UTSMode": "",
            "UsernsMode": "",
            "ShmSize": 67108864,
            "Runtime": "runc",
            "Isolation": "",
            "CpuShares": 0,
            "Memory": 2147483648,
            "NanoCpus": 2000000000,
            "CgroupParent": "",
            "BlkioWeight": 0,
            "BlkioWeightDevice": [],
            "BlkioDeviceReadBps": [],
            "BlkioDeviceWriteBps": [],
            "BlkioDeviceReadIOps": [],
            "BlkioDeviceWriteIOps": [],
            "CpuPeriod": 0,
            "CpuQuota": 0,
            "CpuRealtimePeriod": 0,
            "CpuRealtimeRuntime": 0,
            "CpusetCpus": "",
            "CpusetMems": "",
            "Devices": [],
            "DeviceCgroupRules": null,
            "DeviceRequests": null,
            "MemoryReservation": 0,
            "MemorySwap": 4294967296,
            "MemorySwappiness": null,
            "OomKillDisable": null,
            "PidsLimit": null,
            "Ulimits": null,
            "CpuCount": 0,
            "CpuPercent": 0,
            "IOMaximumIOps": 0,
            "IOMaximumBandwidth": 0,
            "MaskedPaths": [
                "/proc/acpi",
                "/proc/asound",
                "/proc/interrupts",
                "/proc/kcore",
                "/proc/keys",
                "/proc/latency_stats",
                "/proc/sched_debug",
                "/proc/scsi",
                "/proc/timer_list",
                "/proc/timer_stats",
                "/sys/devices/virtual/powercap",
                "/sys/firmware"
            ],
            "ReadonlyPaths": [
                "/proc/bus",
                "/proc/fs",
                "/proc/irq",
                "/proc/sys",
                "/proc/sysrq-trigger"
            ]
        },
        "Storage": {
            "RootFS": {
                "Snapshot": {
                    "Name": "overlayfs"
                }
            }
        },
        "Mounts": [],
        "Config": {
            "Hostname": "606f605a4611",
            "Domainname": "",
            "User": "65532:65532",
            "AttachStdin": false,
            "AttachStdout": false,
            "AttachStderr": false,
            "ExposedPorts": {
                "8080/tcp": {}
            },
            "Tty": false,
            "OpenStdin": false,
            "StdinOnce": false,
            "Env": [
                "PATH=/usr/local/bin:/usr/local/sbin:/usr/local/bin:/usr/sbin:/usr/bin:/sbin:/bin",
                "LANG=C.UTF-8",
                "GPG_KEY=7169605F62C751356D054A26A821E680E5FA6305",
                "PYTHON_VERSION=3.12.15",
                "PYTHON_SHA256=c2c4321961fab0fb999d66e0cecf521c2ab3994c7992873ea99e306c1094fd5a",
                "PYTHONUNBUFFERED=1",
                "PYTHONDONTWRITEBYTECODE=1"
            ],
            "Cmd": [
                "python",
                "server.py"
            ],
            "Image": "systems-engineer-s2-reconstruct-20261004t054759469645:current",
            "Volumes": null,
            "WorkingDir": "/app",
            "Entrypoint": null,
            "Labels": {}
        },
        "NetworkSettings": {
            "SandboxID": "bbaff96618a7236341c0ef3d9524b19e2b9064050deb1817488ca3d3610f062a",
            "SandboxKey": "/var/run/docker/netns/bbaff96618a7",
            "Ports": {
                "8080/tcp": []
            },
            "Networks": {
                "systems-engineer-s2-reconstruct-20261004t054759469645-net": {
                    "IPAMConfig": null,
                    "Links": null,
                    "Aliases": null,
                    "DriverOpts": null,
                    "GwPriority": 0,
                    "NetworkID": "711843a487615f9ce15e125501879ea69abf739176d2684a2ae4e288c8f24f73",
                    "EndpointID": "ebdfebb05e6cb1793cc481864deb0faddcc49077e66be67155271d38b97a985c",
                    "Gateway": "",
                    "IPAddress": "172.19.0.2",
                    "MacAddress": "7a:d1:da:07:7b:eb",
                    "IPPrefixLen": 16,
                    "IPv6Gateway": "",
                    "GlobalIPv6Address": "",
                    "GlobalIPv6PrefixLen": 0,
                    "DNSNames": [
                        "systems-engineer-s2-reconstruct-20261004t054759469645-current-a",
                        "606f605a4611"
                    ]
                }
            }
        },
        "ImageManifestDescriptor": {
            "mediaType": "application/vnd.oci.image.manifest.v1+json",
            "digest": "sha256:40fe32694d54e9e343522ee67994b9b57a3baeb02251cc051dfeb0ef1f9106a7",
            "size": 1996,
            "platform": {
                "architecture": "arm64",
                "os": "linux"
            }
        }
    }
]
