#0 building with "desktop-linux" instance using docker driver

#1 [internal] load build definition from Probe.Dockerfile
#1 transferring dockerfile: 342B done
#1 DONE 0.0s

#2 [internal] load metadata for docker.io/library/python:3.12-slim
#2 DONE 0.2s

#3 [internal] load .dockerignore
#3 transferring context: 2B done
#3 DONE 0.0s

#4 [internal] load build context
#4 transferring context: 105.67kB done
#4 DONE 0.0s

#5 [1/4] FROM docker.io/library/python:3.12-slim@sha256:dddfd7e07f9d15aeeca61529320492139d21cac7f0070c00609243e51e4e0016
#5 resolve docker.io/library/python:3.12-slim@sha256:dddfd7e07f9d15aeeca61529320492139d21cac7f0070c00609243e51e4e0016 done
#5 DONE 0.0s

#6 [2/4] RUN apt-get update && apt-get install -y --no-install-recommends tzdata && rm -rf /var/lib/apt/lists/*
#6 CACHED

#7 [3/4] WORKDIR /verifier
#7 CACHED

#8 [4/4] COPY requirements.py probe.py health.py supplemental.py reproduce.py /verifier/
#8 DONE 0.0s

#9 exporting to image
#9 exporting layers 0.0s done
#9 exporting manifest sha256:ebc3011e591d1419bd87904bebb21e3151c66970fff4b8bce7ab7d308b1239fb done
#9 exporting config sha256:0349d5437921e295f36a8a8a6fb599698ab5bebff5ef80e6dd5372d12b8a0329 done
#9 exporting attestation manifest sha256:969d0cb60ca9a84ac97f00600ba4432d22c11c1f7d565f6ec021c3da2dae0dcf done
#9 exporting manifest list sha256:f54601eb57668ac476ff8e1a093a43dc6e2363c4035344fe01248fc50d70ee17 done
#9 naming to docker.io/library/independent-verifier-s1-439b04e62325-20261004t003748:probe-runner done
#9 unpacking to docker.io/library/independent-verifier-s1-439b04e62325-20261004t003748:probe-runner done
#9 DONE 0.0s
