[
    {
        "Id": "c19a92ec4c8f114d4d3272069a20c9acb4721007c6649d23ee5829c30d486816",
        "Created": "2026-10-04T00:37:50.230186378Z",
        "Path": "python",
        "Args": [
            "server.py"
        ],
        "State": {
            "Status": "running",
            "Running": true,
            "Paused": false,
            "Restarting": false,
            "OOMKilled": false,
            "Dead": false,
            "Pid": 7750,
            "ExitCode": 0,
            "Error": "",
            "StartedAt": "2026-10-04T00:37:50.25539117Z",
            "FinishedAt": "0001-01-01T00:00:00Z"
        },
        "Image": "sha256:226b9773f9ccec4a697eee8986b3755e90f5acb529e71959bb0bf2bd051561f9",
        "ResolvConfPath": "/var/lib/docker/containers/c19a92ec4c8f114d4d3272069a20c9acb4721007c6649d23ee5829c30d486816/resolv.conf",
        "HostnamePath": "/var/lib/docker/containers/c19a92ec4c8f114d4d3272069a20c9acb4721007c6649d23ee5829c30d486816/hostname",
        "HostsPath": "/var/lib/docker/containers/c19a92ec4c8f114d4d3272069a20c9acb4721007c6649d23ee5829c30d486816/hosts",
        "LogPath": "/var/lib/docker/containers/c19a92ec4c8f114d4d3272069a20c9acb4721007c6649d23ee5829c30d486816/c19a92ec4c8f114d4d3272069a20c9acb4721007c6649d23ee5829c30d486816-json.log",
        "Name": "/independent-verifier-s1-439b04e62325-20261004t003748-source",
        "RestartCount": 0,
        "Driver": "overlayfs",
        "Platform": "linux",
        "MountLabel": "",
        "ProcessLabel": "",
        "AppArmorProfile": "",
        "ExecIDs": null,
        "HostConfig": {
            "Binds": null,
            "ContainerIDFile": "",
            "LogConfig": {
                "Type": "json-file",
                "Config": {}
            },
            "NetworkMode": "independent-verifier-s1-439b04e62325-20261004t003748-net",
            "PortBindings": {
                "18309/tcp": [
                    {
                        "HostIp": "127.0.0.1",
                        "HostPort": "18300"
                    }
                ]
            },
            "RestartPolicy": {
                "Name": "no",
                "MaximumRetryCount": 0
            },
            "AutoRemove": false,
            "VolumeDriver": "",
            "VolumesFrom": null,
            "ConsoleSize": [
                0,
                0
            ],
            "CapAdd": null,
            "CapDrop": null,
            "CgroupnsMode": "private",
            "Dns": null,
            "DnsOptions": [],
            "DnsSearch": [],
            "ExtraHosts": null,
            "GroupAdd": null,
            "IpcMode": "private",
            "Cgroup": "",
            "Links": null,
            "OomScoreAdj": 0,
            "PidMode": "",
            "Privileged": false,
            "PublishAllPorts": false,
            "ReadonlyRootfs": false,
            "SecurityOpt": null,
            "UTSMode": "",
            "UsernsMode": "",
            "ShmSize": 67108864,
            "Runtime": "runc",
            "Isolation": "",
            "CpuShares": 0,
            "Memory": 2147483648,
            "NanoCpus": 2000000000,
            "CgroupParent": "",
            "BlkioWeight": 0,
            "BlkioWeightDevice": [],
            "BlkioDeviceReadBps": [],
            "BlkioDeviceWriteBps": [],
            "BlkioDeviceReadIOps": [],
            "BlkioDeviceWriteIOps": [],
            "CpuPeriod": 0,
            "CpuQuota": 0,
            "CpuRealtimePeriod": 0,
            "CpuRealtimeRuntime": 0,
            "CpusetCpus": "",
            "CpusetMems": "",
            "Devices": [],
            "DeviceCgroupRules": null,
            "DeviceRequests": null,
            "MemoryReservation": 0,
            "MemorySwap": 4294967296,
            "MemorySwappiness": null,
            "OomKillDisable": null,
            "PidsLimit": null,
            "Ulimits": null,
            "CpuCount": 0,
            "CpuPercent": 0,
            "IOMaximumIOps": 0,
            "IOMaximumBandwidth": 0,
            "MaskedPaths": [
                "/proc/acpi",
                "/proc/asound",
                "/proc/interrupts",
                "/proc/kcore",
                "/proc/keys",
                "/proc/latency_stats",
                "/proc/sched_debug",
                "/proc/scsi",
                "/proc/timer_list",
                "/proc/timer_stats",
                "/sys/devices/virtual/powercap",
                "/sys/firmware"
            ],
            "ReadonlyPaths": [
                "/proc/bus",
                "/proc/fs",
                "/proc/irq",
                "/proc/sys",
                "/proc/sysrq-trigger"
            ]
        },
        "Storage": {
            "RootFS": {
                "Snapshot": {
                    "Name": "overlayfs"
                }
            }
        },
        "Mounts": [],
        "Config": {
            "Hostname": "c19a92ec4c8f",
            "Domainname": "",
            "User": "65532:65532",
            "AttachStdin": false,
            "AttachStdout": false,
            "AttachStderr": false,
            "ExposedPorts": {
                "18309/tcp": {},
                "8080/tcp": {}
            },
            "Tty": false,
            "OpenStdin": false,
            "StdinOnce": false,
            "Env": [
                "PORT=18309",
                "PATH=/usr/local/bin:/usr/local/sbin:/usr/local/bin:/usr/sbin:/usr/bin:/sbin:/bin",
                "LANG=C.UTF-8",
                "GPG_KEY=7169605F62C751356D054A26A821E680E5FA6305",
                "PYTHON_VERSION=3.12.15",
                "PYTHON_SHA256=c2c4321961fab0fb999d66e0cecf521c2ab3994c7992873ea99e306c1094fd5a",
                "PYTHONUNBUFFERED=1",
                "PYTHONDONTWRITEBYTECODE=1"
            ],
            "Cmd": [
                "python",
                "server.py"
            ],
            "Image": "independent-verifier-s1-439b04e62325-20261004t003748:candidate",
            "Volumes": null,
            "WorkingDir": "/app",
            "Entrypoint": null,
            "Labels": {}
        },
        "NetworkSettings": {
            "SandboxID": "879c826c6c92e1fc6022a8b1978475f14db35c4e6c71e14e2c97b0e76567c84e",
            "SandboxKey": "/var/run/docker/netns/879c826c6c92",
            "Ports": {
                "18309/tcp": []
            },
            "Networks": {
                "independent-verifier-s1-439b04e62325-20261004t003748-net": {
                    "IPAMConfig": null,
                    "Links": null,
                    "Aliases": null,
                    "DriverOpts": null,
                    "GwPriority": 0,
                    "NetworkID": "bdb71958423601586e1ef29156111313ddde58b0c483ad39a25d9d1afefaa772",
                    "EndpointID": "1d12b0cc81eed636b1beca9f9c5e608c1e0a453746d910fe766881007641ecc5",
                    "Gateway": "",
                    "IPAddress": "172.18.0.2",
                    "MacAddress": "a2:ba:d5:0c:04:1e",
                    "IPPrefixLen": 16,
                    "IPv6Gateway": "",
                    "GlobalIPv6Address": "",
                    "GlobalIPv6PrefixLen": 0,
                    "DNSNames": [
                        "independent-verifier-s1-439b04e62325-20261004t003748-source",
                        "c19a92ec4c8f"
                    ]
                }
            }
        },
        "ImageManifestDescriptor": {
            "mediaType": "application/vnd.oci.image.manifest.v1+json",
            "digest": "sha256:26f834bbd0dc37fafe1f3fa9619158dace896f3ef9e2acc6200f5da38fb25f76",
            "size": 1805,
            "platform": {
                "architecture": "arm64",
                "os": "linux"
            }
        }
    }
]
