100644 blob c6ed67b99ea171b7392f06ea39d9754d7adcbbe3	architecture.json
100644 blob a641566611008ad0b8e6d4eadc609dd4c59315a3	evidence/coordinator/append_event.py
100644 blob 52024d6706698a67d1b8c31cf6c0228479881399	evidence/coordinator/handoffs/TK-20261004-S1-independent-verifier-A.txt
100644 blob f8f6b7e40611409f75447164a68db115df4a33e5	evidence/coordinator/handoffs/TK-20261004-S1-interface-engineer-A.txt
100644 blob 152502174c9392e471d8466a688e6d66f91fad4c	evidence/coordinator/handoffs/TK-20261004-S1-systems-engineer-A.txt
100644 blob bc72b1953f4fa645c45a2788b2b063f8925ab54f	evidence/coordinator/initialize_ledger.py
100644 blob f7379b3e869f2f2bd3e19f4a4a619f40df97bdd1	evidence/coordinator/operator-facts.md
100644 blob f5af7ab18d41a6d1947732dc681bd793063186c3	evidence/coordinator/requirements-ledger.csv
100644 blob fb14109a7199a286d3e1f8419771863bc6507cb6	evidence/coordinator/requirements-ledger.md
100644 blob a3b6cf81ac3e26b356e0967c2164cc0152597dd5	evidence/coordinator/run-budget.json
100644 blob a20e1230e0347c8ff2c82fd69181fbab2b182d52	evidence/coordinator/run-ledger.jsonl
100644 blob 5cdf1da17620aef587d5904ad90af8cc1d6c902c	evidence/coordinator/source-provenance.json
100644 blob 71b867db6fe77b218ffb523692f23a372b17f9c3	evidence/independent-verifier/ledger.jsonl
100644 blob f3b94205bfff70dc02b16643ca03c880882e7c19	evidence/independent-verifier/stage-1/PREPARATION.md
100644 blob 6820644c8afdefa721c351a8f09bdd482b7d8269	evidence/independent-verifier/stage-1/coverage-prepared.csv
100644 blob f808e586f6360889d6f82d4184cbb031fd003ce5	evidence/independent-verifier/stage-1/probe-review.py
100644 blob 377686aa2cfd1087f732fa591c6837adaa57c345	evidence/independent-verifier/stage-1/probe.py
100644 blob a0d1dfbc7d5bfb942999fd283988c8be3b014952	evidence/independent-verifier/stage-1/requirements.py
100644 blob b30db53030cd5ab624cbce4a5936a7fd477852a4	evidence/independent-verifier/stage-1/runtime.py
100644 blob 712f1a61da7370c8483a7eaeedfed0df6cf5f778	evidence/independent-verifier/stage-1/source-manifest.json
100644 blob 4db396515820030a15839d4001d042f01355330e	evidence/interface-engineer/interface-engineer-s1-20261004T002131890279Z/build.log
100644 blob ebf30e9285f57545a0d43630e9e3cf1266fd2ad2	evidence/interface-engineer/interface-engineer-s1-20261004T002131890279Z/cleanup.log
100644 blob 4d670a10dc16aa4a9ebb99eb74079b7ff74ba14f	evidence/interface-engineer/interface-engineer-s1-20261004T002131890279Z/container-limits.json
100644 blob 726fbef4d309edc6244f39aa42c86a50ffde9b24	evidence/interface-engineer/interface-engineer-s1-20261004T002131890279Z/probe.json
100644 blob 89e0fb3a86e3db83b75c034044d5f57dc95ae7e6	evidence/interface-engineer/interface-engineer-s1-20261004T002131890279Z/run.json
100644 blob b2868b8ca316fc9a7d5b702ddfa1b467858cb3fe	evidence/interface-engineer/interface-engineer-s1-20261004T002131890279Z/service.log
100644 blob 3e1f56b3a3e128cd451064b11cdcecd3b484a8e4	evidence/interface-engineer/interface-engineer-s1-20261004T002131890279Z/start.log
100644 blob c25b31377d65855f088eddc1eecde7c6f7c81aef	evidence/interface-engineer/interface-engineer-s1-20261004T002535279440Z/build.log
100644 blob 0769d04af83438d9303661216f2274705afe7092	evidence/interface-engineer/interface-engineer-s1-20261004T002535279440Z/cleanup.log
100644 blob 4d670a10dc16aa4a9ebb99eb74079b7ff74ba14f	evidence/interface-engineer/interface-engineer-s1-20261004T002535279440Z/container-limits.json
100644 blob 0b953d80562bd76e0f60853fcaa9432c5cf38c58	evidence/interface-engineer/interface-engineer-s1-20261004T002535279440Z/image-source-sha256.json
100644 blob 3c0479891d8fba662a214530e5a7cbf931aae481	evidence/interface-engineer/interface-engineer-s1-20261004T002535279440Z/probe.json
100644 blob 6afb4152c2dd0b1bda0734123d512378eed51b86	evidence/interface-engineer/interface-engineer-s1-20261004T002535279440Z/run.json
100644 blob b2868b8ca316fc9a7d5b702ddfa1b467858cb3fe	evidence/interface-engineer/interface-engineer-s1-20261004T002535279440Z/service.log
100644 blob 3a54672790a84276bddb2d4ed6f5e48d33333d62	evidence/interface-engineer/interface-engineer-s1-20261004T002535279440Z/start.log
100644 blob f13adfd9b50f37a419d47e13ddf69c6809f2ba6a	evidence/interface-engineer/ledger.jsonl
100644 blob e6db9ad3a3b057852cba35b83e2ec9a429e1555d	evidence/interface-engineer/stage-1-container-check.py
100644 blob cf2a17fd664cfc215fbeafa88b92cc9ea29fa3e9	evidence/interface-engineer/stage-1-integration-handoff.md
100644 blob 0403c2a628e21be5ae5fa215ba04cddb6dab098b	evidence/interface-engineer/stage-1-state-map.md
100644 blob 809a563760a6c2d1f0a9ec74da49a86ba4bd6d38	evidence/interface-engineer/stage-1-transport-probe.py
100644 blob 28f5d0cc38b407b8808d8289cad2699cf61b46ea	evidence/systems-engineer/stage-1-build-01.log
100644 blob 00acb7fb276631ddee80f338c3a218ff4dde2263	evidence/systems-engineer/stage-1-builder-probes-01.log
100644 blob 477d3bdb4751f38bb40f84563554ed9204fd1164	evidence/systems-engineer/stage-1-builder-probes-02.log
100644 blob c705e67f2c5bfe58796db21169d6b7a40ce7c09b	evidence/systems-engineer/stage-1-builder-probes.py
100644 blob 38e7880edd6c3f7243d0caf01e137129708b42ad	evidence/systems-engineer/stage-1-builder-report.md
100644 blob 8ac47e3b301ba6851687bbf639f2db35664996d5	evidence/systems-engineer/stage-1-container-settings-01.log
100644 blob 4df2d461c65403f7170735847e01fbe6bbe47351	evidence/systems-engineer/stage-1-http-probes-01.log
100644 blob e4ba093ad055b96373bd9fd56161c251634c5147	evidence/systems-engineer/stage-1-http-probes-02.log
100644 blob 24654444b50c3d126882c0d6ea0f774808636466	evidence/systems-engineer/stage-1-invariants.md
100644 blob b681349d68c385f9bbdacc068dfa8c323b0b905e	mandates/foundry-coordinator.md
100644 blob 78c7e15cb5de495253430b26fbf78cb68f97ebe0	mandates/independent-verifier.md
100644 blob 00cbc2ad50f29c1c7d4f8e1068ce237741f1ea1c	mandates/interface-engineer.md
100644 blob 7147a59c8404db493fab0ea1d2babc82a7a46109	mandates/systems-engineer.md
100644 blob 7dbaaf6cfbfef25a6aa4d89783650e0988094b45	plan.md
100644 blob 30246a5f06db4da78802fce176ab7157a73ff6d2	stage-1/.dockerignore
100644 blob 37558f372cac89bc2747ec31596fbd20c9a8dfba	stage-1/Dockerfile
100644 blob 57972f66c0de4fbb356b7eb7766d54f510ed48bb	stage-1/RUN.md
100644 blob 34d2b24a7a63d0704b1b17540979ae58c1a36414	stage-1/core.py
100644 blob 8e497599c85a2b68f103d3f0947b6e540e85dfa6	stage-1/server.py
