#0 building with "desktop-linux" instance using docker driver

#1 [internal] load build definition from Dockerfile
#1 transferring dockerfile: 146B done
#1 DONE 0.0s

#2 [internal] load metadata for docker.io/library/independent-verifier-c2-1004060100:client
#2 DONE 0.0s

#3 [internal] load .dockerignore
#3 transferring context: 2B done
#3 DONE 0.0s

#4 [1/3] FROM docker.io/library/independent-verifier-c2-1004060100:client@sha256:9aab4a8130139ea7cf81dd405e66adc88ca1222c442427149622dcb733bf2db3
#4 resolve docker.io/library/independent-verifier-c2-1004060100:client@sha256:9aab4a8130139ea7cf81dd405e66adc88ca1222c442427149622dcb733bf2db3 done
#4 DONE 0.0s

#5 [internal] load build context
#5 transferring context: 10.94MB 0.1s done
#5 DONE 0.1s

#6 [2/3] COPY stage-1 /verifier/stage-1
#6 CACHED

#7 [3/3] COPY stage-2 /verifier/stage-2
#7 DONE 0.0s

#8 exporting to image
#8 exporting layers 0.0s done
#8 exporting manifest sha256:0547f8d9464c479f05810302c2247673cb11c81971703b1cfa58b649b00a446c done
#8 exporting config sha256:5a9b63e1283548896909ecd404f8bd9bf918f170f304b18bde0c7b686757aa50 done
#8 exporting attestation manifest sha256:534f9f434ed57046786e81d34fc9a433271c32e401cff243b64e97aa492632be done
#8 exporting manifest list sha256:eb7b79e6b914c5f7a3d807707a1700c5badcc21414423584011d22fa07747c43 done
#8 naming to docker.io/library/independent-verifier-c2-1004060100:complete-client-9c0004af done
#8 unpacking to docker.io/library/independent-verifier-c2-1004060100:complete-client-9c0004af done
#8 DONE 0.1s
