#0 building with "desktop-linux" instance using docker driver

#1 [internal] load build definition from Dockerfile
#1 transferring dockerfile: 210B done
#1 DONE 0.0s

#2 [internal] load metadata for docker.io/library/independent-verifier-s4-1004095136:client
#2 DONE 0.0s

#3 [internal] load .dockerignore
#3 transferring context: 2B done
#3 DONE 0.0s

#4 [1/5] FROM docker.io/library/independent-verifier-s4-1004095136:client@sha256:2a56848199b867aca32b02eb632232cdcf52f542f5a1fbfe871580e120ca36d9
#4 resolve docker.io/library/independent-verifier-s4-1004095136:client@sha256:2a56848199b867aca32b02eb632232cdcf52f542f5a1fbfe871580e120ca36d9 0.0s done
#4 DONE 0.0s

#5 [internal] load build context
#5 transferring context: 11.75MB 0.1s done
#5 DONE 0.1s

#6 [2/5] COPY stage-1 /verifier/stage-1
#6 CACHED

#7 [3/5] COPY stage-2 /verifier/stage-2
#7 CACHED

#8 [4/5] COPY stage-3 /verifier/stage-3
#8 CACHED

#9 [5/5] COPY stage-4 /verifier/stage-4
#9 DONE 0.0s

#10 exporting to image
#10 exporting layers 0.0s done
#10 exporting manifest sha256:4bf8843301b8cf9e36d230dcf822286ba3baf881c000443fdd96a3fbaecfcd1e done
#10 exporting config sha256:ef8edbb4d858faa40d41a27ac646e06dffeb16bfc4dbdb0cef960a042e38c58c done
#10 exporting attestation manifest sha256:f27137ef49828ad7d7a494cd4f335f5d426a7c8bd3dc5f66178bf1efd7a1c03c done
#10 exporting manifest list sha256:3d7043113a57e40b9d8c9ebd71f71449a92d8cbd4b8a2ec606b24e4aa3d1c521 done
#10 naming to docker.io/library/independent-verifier-s4-1004095136:client-a2c55f19 done
#10 unpacking to docker.io/library/independent-verifier-s4-1004095136:client-a2c55f19 done
#10 DONE 0.1s
