#0 building with "desktop-linux" instance using docker driver

#1 [internal] load build definition from Dockerfile
#1 transferring dockerfile: 542B done
#1 DONE 0.0s

#2 [internal] load metadata for docker.io/library/python:3.12-slim-bookworm
#2 DONE 0.4s

#3 [internal] load .dockerignore
#3 transferring context: 74B done
#3 DONE 0.0s

#4 [1/5] FROM docker.io/library/python:3.12-slim-bookworm@sha256:54c85f3c47607a77f32adec749d3c81d1348bf25833671f512b26a9b6d778cb3
#4 resolve docker.io/library/python:3.12-slim-bookworm@sha256:54c85f3c47607a77f32adec749d3c81d1348bf25833671f512b26a9b6d778cb3 done
#4 DONE 0.0s

#5 [internal] load build context
#5 transferring context: 38.17kB done
#5 DONE 0.0s

#6 [2/5] RUN apt-get update     && DEBIAN_FRONTEND=noninteractive apt-get install -y --no-install-recommends tzdata     && rm -rf /var/lib/apt/lists/*
#6 CACHED

#7 [3/5] WORKDIR /app
#7 CACHED

#8 [4/5] COPY server.py core.py ./
#8 CACHED

#9 [5/5] RUN python -c "import ast,pathlib; [ast.parse(p.read_text()) for p in pathlib.Path('.').glob('*.py')]"
#9 CACHED

#10 exporting to image
#10 exporting layers done
#10 exporting manifest sha256:14f5b03ce223b16d387ff20270fe1f9622bd4eeb4fef49a3e25d63a21643f594 done
#10 exporting config sha256:d024cec1cd81f73e1b1091408737c792690cfbad139c028380f19e1dd64d080e done
#10 exporting attestation manifest sha256:7837839afdb43264a63c070a81dd5b9f3bb0c4879505216386db13b63d33877d done
#10 exporting manifest list sha256:5037d4c16293a059783dcda9e2fb28a95010997a2cf28cc9e02dc27f6d884eee done
#10 naming to docker.io/library/independent-verifier-s1-dd644198b6c0-20261004t005004:candidate done
#10 unpacking to docker.io/library/independent-verifier-s1-dd644198b6c0-20261004t005004:candidate done
#10 DONE 0.0s
