[
    {
        "Id": "5f5d3e92f5431591e8c62ae8ff1124458d48e11968e060e6bd693e6abe604f86",
        "Created": "2026-10-04T00:50:08.776124679Z",
        "Path": "python",
        "Args": [
            "server.py"
        ],
        "State": {
            "Status": "running",
            "Running": true,
            "Paused": false,
            "Restarting": false,
            "OOMKilled": false,
            "Dead": false,
            "Pid": 1644,
            "ExitCode": 0,
            "Error": "",
            "StartedAt": "2026-10-04T00:50:08.805027429Z",
            "FinishedAt": "0001-01-01T00:00:00Z"
        },
        "Image": "sha256:5037d4c16293a059783dcda9e2fb28a95010997a2cf28cc9e02dc27f6d884eee",
        "ResolvConfPath": "/var/lib/docker/containers/5f5d3e92f5431591e8c62ae8ff1124458d48e11968e060e6bd693e6abe604f86/resolv.conf",
        "HostnamePath": "/var/lib/docker/containers/5f5d3e92f5431591e8c62ae8ff1124458d48e11968e060e6bd693e6abe604f86/hostname",
        "HostsPath": "/var/lib/docker/containers/5f5d3e92f5431591e8c62ae8ff1124458d48e11968e060e6bd693e6abe604f86/hosts",
        "LogPath": "/var/lib/docker/containers/5f5d3e92f5431591e8c62ae8ff1124458d48e11968e060e6bd693e6abe604f86/5f5d3e92f5431591e8c62ae8ff1124458d48e11968e060e6bd693e6abe604f86-json.log",
        "Name": "/independent-verifier-s1-dd644198b6c0-20261004t005004-peer",
        "RestartCount": 0,
        "Driver": "overlayfs",
        "Platform": "linux",
        "MountLabel": "",
        "ProcessLabel": "",
        "AppArmorProfile": "",
        "ExecIDs": null,
        "HostConfig": {
            "Binds": null,
            "ContainerIDFile": "",
            "LogConfig": {
                "Type": "json-file",
                "Config": {}
            },
            "NetworkMode": "independent-verifier-s1-dd644198b6c0-20261004t005004-net",
            "PortBindings": {
                "8080/tcp": [
                    {
                        "HostIp": "127.0.0.1",
                        "HostPort": "18301"
                    }
                ]
            },
            "RestartPolicy": {
                "Name": "no",
                "MaximumRetryCount": 0
            },
            "AutoRemove": false,
            "VolumeDriver": "",
            "VolumesFrom": null,
            "ConsoleSize": [
                0,
                0
            ],
            "CapAdd": null,
            "CapDrop": null,
            "CgroupnsMode": "private",
            "Dns": null,
            "DnsOptions": [],
            "DnsSearch": [],
            "ExtraHosts": null,
            "GroupAdd": null,
            "IpcMode": "private",
            "Cgroup": "",
            "Links": null,
            "OomScoreAdj": 0,
            "PidMode": "",
            "Privileged": false,
            "PublishAllPorts": false,
            "ReadonlyRootfs": false,
            "SecurityOpt": null,
            "UTSMode": "",
            "UsernsMode": "",
            "ShmSize": 67108864,
            "Runtime": "runc",
            "Isolation": "",
            "CpuShares": 0,
            "Memory": 2147483648,
            "NanoCpus": 2000000000,
            "CgroupParent": "",
            "BlkioWeight": 0,
            "BlkioWeightDevice": [],
            "BlkioDeviceReadBps": [],
            "BlkioDeviceWriteBps": [],
            "BlkioDeviceReadIOps": [],
            "BlkioDeviceWriteIOps": [],
            "CpuPeriod": 0,
            "CpuQuota": 0,
            "CpuRealtimePeriod": 0,
            "CpuRealtimeRuntime": 0,
            "CpusetCpus": "",
            "CpusetMems": "",
            "Devices": [],
            "DeviceCgroupRules": null,
            "DeviceRequests": null,
            "MemoryReservation": 0,
            "MemorySwap": 4294967296,
            "MemorySwappiness": null,
            "OomKillDisable": null,
            "PidsLimit": null,
            "Ulimits": null,
            "CpuCount": 0,
            "CpuPercent": 0,
            "IOMaximumIOps": 0,
            "IOMaximumBandwidth": 0,
            "MaskedPaths": [
                "/proc/acpi",
                "/proc/asound",
                "/proc/interrupts",
                "/proc/kcore",
                "/proc/keys",
                "/proc/latency_stats",
                "/proc/sched_debug",
                "/proc/scsi",
                "/proc/timer_list",
                "/proc/timer_stats",
                "/sys/devices/virtual/powercap",
                "/sys/firmware"
            ],
            "ReadonlyPaths": [
                "/proc/bus",
                "/proc/fs",
                "/proc/irq",
                "/proc/sys",
                "/proc/sysrq-trigger"
            ]
        },
        "Storage": {
            "RootFS": {
                "Snapshot": {
                    "Name": "overlayfs"
                }
            }
        },
        "Mounts": [],
        "Config": {
            "Hostname": "5f5d3e92f543",
            "Domainname": "",
            "User": "65532:65532",
            "AttachStdin": false,
            "AttachStdout": false,
            "AttachStderr": false,
            "ExposedPorts": {
                "8080/tcp": {}
            },
            "Tty": false,
            "OpenStdin": false,
            "StdinOnce": false,
            "Env": [
                "PATH=/usr/local/bin:/usr/local/sbin:/usr/local/bin:/usr/sbin:/usr/bin:/sbin:/bin",
                "LANG=C.UTF-8",
                "GPG_KEY=7169605F62C751356D054A26A821E680E5FA6305",
                "PYTHON_VERSION=3.12.15",
                "PYTHON_SHA256=c2c4321961fab0fb999d66e0cecf521c2ab3994c7992873ea99e306c1094fd5a",
                "PYTHONUNBUFFERED=1",
                "PYTHONDONTWRITEBYTECODE=1"
            ],
            "Cmd": [
                "python",
                "server.py"
            ],
            "Image": "independent-verifier-s1-dd644198b6c0-20261004t005004:candidate",
            "Volumes": null,
            "WorkingDir": "/app",
            "Entrypoint": null,
            "Labels": {}
        },
        "NetworkSettings": {
            "SandboxID": "8363ffbbba1f4f89ab41daeb37d1fd799de5f40f595ef8a92896bef6c7ced868",
            "SandboxKey": "/var/run/docker/netns/8363ffbbba1f",
            "Ports": {
                "8080/tcp": []
            },
            "Networks": {
                "independent-verifier-s1-dd644198b6c0-20261004t005004-net": {
                    "IPAMConfig": null,
                    "Links": null,
                    "Aliases": null,
                    "DriverOpts": null,
                    "GwPriority": 0,
                    "NetworkID": "0cbd8910f89ccd61f042e165336f590207db35a6fa1ff2b1713c74ab39a494dd",
                    "EndpointID": "d76f19498cd579af860f8ae53c9d8bf5615f5da9cc6e339e3037e2e61375c5ff",
                    "Gateway": "",
                    "IPAddress": "172.18.0.3",
                    "MacAddress": "a2:e8:7e:97:a8:0b",
                    "IPPrefixLen": 16,
                    "IPv6Gateway": "",
                    "GlobalIPv6Address": "",
                    "GlobalIPv6PrefixLen": 0,
                    "DNSNames": [
                        "independent-verifier-s1-dd644198b6c0-20261004t005004-peer",
                        "5f5d3e92f543"
                    ]
                }
            }
        },
        "ImageManifestDescriptor": {
            "mediaType": "application/vnd.oci.image.manifest.v1+json",
            "digest": "sha256:14f5b03ce223b16d387ff20270fe1f9622bd4eeb4fef49a3e25d63a21643f594",
            "size": 1805,
            "platform": {
                "architecture": "arm64",
                "os": "linux"
            }
        }
    }
]
