#0 building with "desktop-linux" instance using docker driver

#1 [internal] load build definition from Probe.Dockerfile
#1 transferring dockerfile: 360B done
#1 DONE 0.0s

#2 [internal] load metadata for docker.io/library/python:3.12-slim
#2 DONE 0.2s

#3 [internal] load .dockerignore
#3 transferring context: 2B done
#3 DONE 0.0s

#4 [internal] load build context
#4 transferring context: 110.62kB done
#4 DONE 0.0s

#5 [1/4] FROM docker.io/library/python:3.12-slim@sha256:dddfd7e07f9d15aeeca61529320492139d21cac7f0070c00609243e51e4e0016
#5 resolve docker.io/library/python:3.12-slim@sha256:dddfd7e07f9d15aeeca61529320492139d21cac7f0070c00609243e51e4e0016 done
#5 DONE 0.0s

#6 [2/4] RUN apt-get update && apt-get install -y --no-install-recommends tzdata && rm -rf /var/lib/apt/lists/*
#6 CACHED

#7 [3/4] WORKDIR /verifier
#7 CACHED

#8 [4/4] COPY requirements.py probe.py health.py supplemental.py reproduce.py calendar_edges.py /verifier/
#8 DONE 0.0s

#9 exporting to image
#9 exporting layers 0.0s done
#9 exporting manifest sha256:0686756353e1225ed19f44d93db8e57ae62f59c635791ddffbe5566b027599d9 done
#9 exporting config sha256:3bcb10a0453fab9364b6435c7ed0f2254119f1a209ebb8b992bbfa22381a38c3 done
#9 exporting attestation manifest sha256:8fbf5bd1533f9b7bd67034a3c0d720bc3026722a434e29fdb2cae6c966b281d2 done
#9 exporting manifest list sha256:4a83b8309b171227e1a1f074a36de9f463118fefeadd7a4294fff2398e9f7d73 done
#9 naming to docker.io/library/independent-verifier-s1-dd644198b6c0-20261004t005004:probe-runner done
#9 unpacking to docker.io/library/independent-verifier-s1-dd644198b6c0-20261004t005004:probe-runner done
#9 DONE 0.0s
