#0 building with "desktop-linux" instance using docker driver

#1 [internal] load build definition from Dockerfile
#1 transferring dockerfile: 179B done
#1 DONE 0.0s

#2 [internal] load metadata for docker.io/library/independent-verifier-s3-1004072505:client
#2 DONE 0.0s

#3 [internal] load .dockerignore
#3 transferring context: 2B done
#3 DONE 0.0s

#4 [internal] load build context
#4 transferring context: 11.22MB 0.1s done
#4 DONE 0.1s

#5 [1/4] FROM docker.io/library/independent-verifier-s3-1004072505:client@sha256:be9903a12d0215f32a3ed9704fed5d84c7a0e534c40ce7e9c0389e31c6ab398c
#5 resolve docker.io/library/independent-verifier-s3-1004072505:client@sha256:be9903a12d0215f32a3ed9704fed5d84c7a0e534c40ce7e9c0389e31c6ab398c done
#5 CACHED

#6 [2/4] COPY stage-1 /verifier/stage-1
#6 DONE 0.0s

#7 [3/4] COPY stage-2 /verifier/stage-2
#7 DONE 0.0s

#8 [4/4] COPY stage-3 /verifier/stage-3
#8 DONE 0.0s

#9 exporting to image
#9 exporting layers 0.0s done
#9 exporting manifest sha256:409b3c8f7cadc49384d99d7213ad44c8ad6a7d433be5b38175d1b1ce05f1bde4 done
#9 exporting config sha256:fe5cb79f410ea65128c490a3e72e090ec04ee9c74502fbeddf543462251bec06 done
#9 exporting attestation manifest sha256:e2eee42f7f7b71eae282d0c373edd2be97905a0e787887441c80fd37cd91d083 done
#9 exporting manifest list sha256:6ec66a59c4b8fcb7263de27e4b7f54839180e4a34dd2c86fd255c00969c54707 done
#9 naming to docker.io/library/independent-verifier-s3-1004072505:client-1a509e97 done
#9 unpacking to docker.io/library/independent-verifier-s3-1004072505:client-1a509e97 0.0s done
#9 DONE 0.1s
