#0 building with "desktop-linux" instance using docker driver

#1 [internal] load build definition from Dockerfile
#1 transferring dockerfile: 179B done
#1 DONE 0.0s

#2 [internal] load metadata for docker.io/library/independent-verifier-s3-1004072505:client
#2 DONE 0.0s

#3 [internal] load .dockerignore
#3 transferring context: 2B done
#3 DONE 0.0s

#4 [1/4] FROM docker.io/library/independent-verifier-s3-1004072505:client@sha256:be9903a12d0215f32a3ed9704fed5d84c7a0e534c40ce7e9c0389e31c6ab398c
#4 resolve docker.io/library/independent-verifier-s3-1004072505:client@sha256:be9903a12d0215f32a3ed9704fed5d84c7a0e534c40ce7e9c0389e31c6ab398c done
#4 DONE 0.0s

#5 [internal] load build context
#5 transferring context: 11.28MB 0.1s done
#5 DONE 0.1s

#6 [2/4] COPY stage-1 /verifier/stage-1
#6 CACHED

#7 [3/4] COPY stage-2 /verifier/stage-2
#7 CACHED

#8 [4/4] COPY stage-3 /verifier/stage-3
#8 DONE 0.0s

#9 exporting to image
#9 exporting layers 0.0s done
#9 exporting manifest sha256:cbd922170ed74e16fea107fb3458585ebc9116ef5decfec9720c8984a33ab097 done
#9 exporting config sha256:a7cc18c96db6052e872e27e8bc9776934cf94890b4e2c5b5808a7cf274d8f294 done
#9 exporting attestation manifest sha256:add985e833dfdffdfb5fff257aea9a38d7f1e7788da128b6ae7660e20962757a done
#9 exporting manifest list sha256:9f2f60a5c890f45c8991259f1d81dd0d771433d478d92a2ce9c48e4491f2b0c6 done
#9 naming to docker.io/library/independent-verifier-s3-1004072505:client-aa6d5230 done
#9 unpacking to docker.io/library/independent-verifier-s3-1004072505:client-aa6d5230 done
#9 DONE 0.0s
