{
  "candidate_full_revision": "91e2c471acded1b861b3fec725f202297b1c6740",
  "http_operations": 30,
  "assertions": 27,
  "failed_assertions": 0,
  "duration_seconds": 0.12161641699998427,
  "operations": [
    {
      "method": "POST",
      "path": "/_test/reset",
      "raw_body": "{\"users\": [], \"restaurants\": [{\"id\": \"r\", \"name\": \"Numeric Kitchen\", \"timezone\": \"UTC\", \"slot_minutes\": 30, \"reservation_duration_minutes\": 90, \"cancellation_cutoff_minutes\": 0, \"opening_hours\": [{\"weekday\": \"mon\", \"opens\": \"18:00\", \"closes\": \"23:00\"}], \"tables\": [{\"id\": \"t\", \"label\": \"Window\", \"capacity\": 2}]}], \"reservations\": []}",
      "status": 204,
      "response": null,
      "duration_seconds": 0.00502849999998034
    },
    {
      "method": "POST",
      "path": "/_test/reset",
      "raw_body": "{\"users\": [], \"restaurants\": [{\"id\": \"r\", \"name\": \"Numeric Kitchen\", \"timezone\": \"UTC\", \"slot_minutes\": 1.0, \"reservation_duration_minutes\": 90, \"cancellation_cutoff_minutes\": 0, \"opening_hours\": [{\"weekday\": \"mon\", \"opens\": \"18:00\", \"closes\": \"23:00\"}], \"tables\": [{\"id\": \"t\", \"label\": \"Window\", \"capacity\": 2}]}], \"reservations\": []}",
      "status": 204,
      "response": null,
      "duration_seconds": 0.0004322080000065398
    },
    {
      "method": "POST",
      "path": "/_test/reset",
      "raw_body": "{\"users\": [], \"restaurants\": [{\"id\": \"r\", \"name\": \"Numeric Kitchen\", \"timezone\": \"UTC\", \"slot_minutes\": 30, \"reservation_duration_minutes\": 90, \"cancellation_cutoff_minutes\": 0, \"opening_hours\": [{\"weekday\": \"mon\", \"opens\": \"18:00\", \"closes\": \"23:00\"}], \"tables\": [{\"id\": \"t\", \"label\": \"Window\", \"capacity\": 2}]}], \"reservations\": []}",
      "status": 204,
      "response": null,
      "duration_seconds": 0.00036987499998986095
    },
    {
      "method": "POST",
      "path": "/_test/reset",
      "raw_body": "{\"users\": [], \"restaurants\": [{\"id\": \"r\", \"name\": \"Numeric Kitchen\", \"timezone\": \"UTC\", \"slot_minutes\": 1e0, \"reservation_duration_minutes\": 90, \"cancellation_cutoff_minutes\": 0, \"opening_hours\": [{\"weekday\": \"mon\", \"opens\": \"18:00\", \"closes\": \"23:00\"}], \"tables\": [{\"id\": \"t\", \"label\": \"Window\", \"capacity\": 2}]}], \"reservations\": []}",
      "status": 204,
      "response": null,
      "duration_seconds": 0.0003573750000214204
    },
    {
      "method": "POST",
      "path": "/_test/reset",
      "raw_body": "{\"users\": [], \"restaurants\": [{\"id\": \"r\", \"name\": \"Numeric Kitchen\", \"timezone\": \"UTC\", \"slot_minutes\": 30, \"reservation_duration_minutes\": 90, \"cancellation_cutoff_minutes\": 0, \"opening_hours\": [{\"weekday\": \"mon\", \"opens\": \"18:00\", \"closes\": \"23:00\"}], \"tables\": [{\"id\": \"t\", \"label\": \"Window\", \"capacity\": 2}]}], \"reservations\": []}",
      "status": 204,
      "response": null,
      "duration_seconds": 0.0003600000000005821
    },
    {
      "method": "POST",
      "path": "/_test/reset",
      "raw_body": "{\"users\": [], \"restaurants\": [{\"id\": \"r\", \"name\": \"Numeric Kitchen\", \"timezone\": \"UTC\", \"slot_minutes\": 30, \"reservation_duration_minutes\": 1.0, \"cancellation_cutoff_minutes\": 0, \"opening_hours\": [{\"weekday\": \"mon\", \"opens\": \"18:00\", \"closes\": \"23:00\"}], \"tables\": [{\"id\": \"t\", \"label\": \"Window\", \"capacity\": 2}]}], \"reservations\": []}",
      "status": 204,
      "response": null,
      "duration_seconds": 0.00031912499997588384
    },
    {
      "method": "POST",
      "path": "/_test/reset",
      "raw_body": "{\"users\": [], \"restaurants\": [{\"id\": \"r\", \"name\": \"Numeric Kitchen\", \"timezone\": \"UTC\", \"slot_minutes\": 30, \"reservation_duration_minutes\": 90, \"cancellation_cutoff_minutes\": 0, \"opening_hours\": [{\"weekday\": \"mon\", \"opens\": \"18:00\", \"closes\": \"23:00\"}], \"tables\": [{\"id\": \"t\", \"label\": \"Window\", \"capacity\": 2}]}], \"reservations\": []}",
      "status": 204,
      "response": null,
      "duration_seconds": 0.00032954199997448086
    },
    {
      "method": "POST",
      "path": "/_test/reset",
      "raw_body": "{\"users\": [], \"restaurants\": [{\"id\": \"r\", \"name\": \"Numeric Kitchen\", \"timezone\": \"UTC\", \"slot_minutes\": 30, \"reservation_duration_minutes\": 1e0, \"cancellation_cutoff_minutes\": 0, \"opening_hours\": [{\"weekday\": \"mon\", \"opens\": \"18:00\", \"closes\": \"23:00\"}], \"tables\": [{\"id\": \"t\", \"label\": \"Window\", \"capacity\": 2}]}], \"reservations\": []}",
      "status": 204,
      "response": null,
      "duration_seconds": 0.0003086250000023938
    },
    {
      "method": "POST",
      "path": "/_test/reset",
      "raw_body": "{\"users\": [], \"restaurants\": [{\"id\": \"r\", \"name\": \"Numeric Kitchen\", \"timezone\": \"UTC\", \"slot_minutes\": 30, \"reservation_duration_minutes\": 90, \"cancellation_cutoff_minutes\": 0, \"opening_hours\": [{\"weekday\": \"mon\", \"opens\": \"18:00\", \"closes\": \"23:00\"}], \"tables\": [{\"id\": \"t\", \"label\": \"Window\", \"capacity\": 2}]}], \"reservations\": []}",
      "status": 204,
      "response": null,
      "duration_seconds": 0.00029254200001105346
    },
    {
      "method": "POST",
      "path": "/_test/reset",
      "raw_body": "{\"users\": [], \"restaurants\": [{\"id\": \"r\", \"name\": \"Numeric Kitchen\", \"timezone\": \"UTC\", \"slot_minutes\": 30, \"reservation_duration_minutes\": 90, \"cancellation_cutoff_minutes\": 1.0, \"opening_hours\": [{\"weekday\": \"mon\", \"opens\": \"18:00\", \"closes\": \"23:00\"}], \"tables\": [{\"id\": \"t\", \"label\": \"Window\", \"capacity\": 2}]}], \"reservations\": []}",
      "status": 204,
      "response": null,
      "duration_seconds": 0.0003433340000356111
    },
    {
      "method": "POST",
      "path": "/_test/reset",
      "raw_body": "{\"users\": [], \"restaurants\": [{\"id\": \"r\", \"name\": \"Numeric Kitchen\", \"timezone\": \"UTC\", \"slot_minutes\": 30, \"reservation_duration_minutes\": 90, \"cancellation_cutoff_minutes\": 0, \"opening_hours\": [{\"weekday\": \"mon\", \"opens\": \"18:00\", \"closes\": \"23:00\"}], \"tables\": [{\"id\": \"t\", \"label\": \"Window\", \"capacity\": 2}]}], \"reservations\": []}",
      "status": 204,
      "response": null,
      "duration_seconds": 0.0004522500000234686
    },
    {
      "method": "POST",
      "path": "/_test/reset",
      "raw_body": "{\"users\": [], \"restaurants\": [{\"id\": \"r\", \"name\": \"Numeric Kitchen\", \"timezone\": \"UTC\", \"slot_minutes\": 30, \"reservation_duration_minutes\": 90, \"cancellation_cutoff_minutes\": 1e0, \"opening_hours\": [{\"weekday\": \"mon\", \"opens\": \"18:00\", \"closes\": \"23:00\"}], \"tables\": [{\"id\": \"t\", \"label\": \"Window\", \"capacity\": 2}]}], \"reservations\": []}",
      "status": 204,
      "response": null,
      "duration_seconds": 0.00042645899998206005
    },
    {
      "method": "POST",
      "path": "/_test/reset",
      "raw_body": "{\"users\": [], \"restaurants\": [{\"id\": \"r\", \"name\": \"Numeric Kitchen\", \"timezone\": \"UTC\", \"slot_minutes\": 30, \"reservation_duration_minutes\": 90, \"cancellation_cutoff_minutes\": 0, \"opening_hours\": [{\"weekday\": \"mon\", \"opens\": \"18:00\", \"closes\": \"23:00\"}], \"tables\": [{\"id\": \"t\", \"label\": \"Window\", \"capacity\": 2}]}], \"reservations\": []}",
      "status": 204,
      "response": null,
      "duration_seconds": 0.00038991700000678975
    },
    {
      "method": "POST",
      "path": "/_test/reset",
      "raw_body": "{\"users\": [], \"restaurants\": [{\"id\": \"r\", \"name\": \"Numeric Kitchen\", \"timezone\": \"UTC\", \"slot_minutes\": 30, \"reservation_duration_minutes\": 90, \"cancellation_cutoff_minutes\": 0, \"opening_hours\": [{\"weekday\": \"mon\", \"opens\": \"18:00\", \"closes\": \"23:00\"}], \"tables\": [{\"id\": \"t\", \"label\": \"Window\", \"capacity\": 1.0}]}], \"reservations\": []}",
      "status": 204,
      "response": null,
      "duration_seconds": 0.000495708000016748
    },
    {
      "method": "POST",
      "path": "/_test/reset",
      "raw_body": "{\"users\": [], \"restaurants\": [{\"id\": \"r\", \"name\": \"Numeric Kitchen\", \"timezone\": \"UTC\", \"slot_minutes\": 30, \"reservation_duration_minutes\": 90, \"cancellation_cutoff_minutes\": 0, \"opening_hours\": [{\"weekday\": \"mon\", \"opens\": \"18:00\", \"closes\": \"23:00\"}], \"tables\": [{\"id\": \"t\", \"label\": \"Window\", \"capacity\": 2}]}], \"reservations\": []}",
      "status": 204,
      "response": null,
      "duration_seconds": 0.00032858399998758614
    },
    {
      "method": "POST",
      "path": "/_test/reset",
      "raw_body": "{\"users\": [], \"restaurants\": [{\"id\": \"r\", \"name\": \"Numeric Kitchen\", \"timezone\": \"UTC\", \"slot_minutes\": 30, \"reservation_duration_minutes\": 90, \"cancellation_cutoff_minutes\": 0, \"opening_hours\": [{\"weekday\": \"mon\", \"opens\": \"18:00\", \"closes\": \"23:00\"}], \"tables\": [{\"id\": \"t\", \"label\": \"Window\", \"capacity\": 1e0}]}], \"reservations\": []}",
      "status": 204,
      "response": null,
      "duration_seconds": 0.00031820899999956964
    },
    {
      "method": "POST",
      "path": "/_test/reset",
      "raw_body": "{\"users\": [], \"restaurants\": [{\"id\": \"r\", \"name\": \"Numeric Kitchen\", \"timezone\": \"UTC\", \"slot_minutes\": 30, \"reservation_duration_minutes\": 90, \"cancellation_cutoff_minutes\": 0, \"opening_hours\": [{\"weekday\": \"mon\", \"opens\": \"18:00\", \"closes\": \"23:00\"}], \"tables\": [{\"id\": \"t\", \"label\": \"Window\", \"capacity\": 2}]}], \"reservations\": []}",
      "status": 204,
      "response": null,
      "duration_seconds": 0.0003129589999844029
    },
    {
      "method": "POST",
      "path": "/auth/signup",
      "raw_body": "[synthetic credentials redacted]",
      "status": 201,
      "response": {
        "user_id": "u_f58b9e5b992640a78a77c8380b93dfd4",
        "display_name": "Numeric Diner",
        "token": "[private client value]"
      },
      "duration_seconds": 0.03217391700002281
    },
    {
      "method": "POST",
      "path": "/reservations",
      "raw_body": "{\"restaurant_id\":\"r\",\"table_id\":\"t\",\"starts_at_local\":\"2035-06-04T18:00\",\"party_size\":1.0}",
      "status": 201,
      "response": {
        "reservation_id": "res_bb1645b7cd8848d286e131b9b3e54b71",
        "reference": "2A6269B203",
        "restaurant_id": "r",
        "table_ids": [
          "t"
        ],
        "party_size": 1.0,
        "starts_at_local": "2035-06-04T18:00",
        "starts_at": "2035-06-04T18:00:00+00:00",
        "ends_at": "2035-06-04T19:30:00+00:00",
        "accepted_terms": {
          "policy_version": 0,
          "slot_minutes": 30,
          "reservation_duration_minutes": 90,
          "cancellation_cutoff_minutes": 0,
          "opening_hours": [
            {
              "weekday": "mon",
              "opens": "18:00",
              "closes": "23:00"
            }
          ],
          "capacities": {
            "t": 2
          }
        },
        "table_id": "t",
        "status": "confirmed",
        "created_at": "2026-10-04T07:29:43.341854+00:00",
        "revision": 1
      },
      "duration_seconds": 0.0006952080000246497
    },
    {
      "method": "POST",
      "path": "/_test/reset",
      "raw_body": "{\"users\": [], \"restaurants\": [{\"id\": \"r\", \"name\": \"Numeric Kitchen\", \"timezone\": \"UTC\", \"slot_minutes\": 30, \"reservation_duration_minutes\": 90, \"cancellation_cutoff_minutes\": 0, \"opening_hours\": [{\"weekday\": \"mon\", \"opens\": \"18:00\", \"closes\": \"23:00\"}], \"tables\": [{\"id\": \"t\", \"label\": \"Window\", \"capacity\": 2}]}], \"reservations\": []}",
      "status": 204,
      "response": null,
      "duration_seconds": 0.0003959169999916412
    },
    {
      "method": "POST",
      "path": "/auth/signup",
      "raw_body": "[synthetic credentials redacted]",
      "status": 201,
      "response": {
        "user_id": "u_42469a3ea6be410594b64c0d4a61f35f",
        "display_name": "Numeric Diner",
        "token": "[private client value]"
      },
      "duration_seconds": 0.025270833000035964
    },
    {
      "method": "POST",
      "path": "/reservations",
      "raw_body": "{\"restaurant_id\":\"r\",\"table_id\":\"t\",\"starts_at_local\":\"2035-06-04T18:00\",\"party_size\":1e0}",
      "status": 201,
      "response": {
        "reservation_id": "res_64f5ad89112b4d2eb9675e1cc60a7f4a",
        "reference": "BD62D6601E",
        "restaurant_id": "r",
        "table_ids": [
          "t"
        ],
        "party_size": 1.0,
        "starts_at_local": "2035-06-04T18:00",
        "starts_at": "2035-06-04T18:00:00+00:00",
        "ends_at": "2035-06-04T19:30:00+00:00",
        "accepted_terms": {
          "policy_version": 0,
          "slot_minutes": 30,
          "reservation_duration_minutes": 90,
          "cancellation_cutoff_minutes": 0,
          "opening_hours": [
            {
              "weekday": "mon",
              "opens": "18:00",
              "closes": "23:00"
            }
          ],
          "capacities": {
            "t": 2
          }
        },
        "table_id": "t",
        "status": "confirmed",
        "created_at": "2026-10-04T07:29:43.368289+00:00",
        "revision": 1
      },
      "duration_seconds": 0.0006890000000225882
    },
    {
      "method": "POST",
      "path": "/_test/reset",
      "raw_body": "{\"users\": [], \"restaurants\": [{\"id\": \"r\", \"name\": \"Numeric Kitchen\", \"timezone\": \"UTC\", \"slot_minutes\": 30, \"reservation_duration_minutes\": 90, \"cancellation_cutoff_minutes\": 0, \"opening_hours\": [{\"weekday\": \"mon\", \"opens\": \"18:00\", \"closes\": \"23:00\"}], \"tables\": [{\"id\": \"t\", \"label\": \"Window\", \"capacity\": 2}]}], \"reservations\": []}",
      "status": 204,
      "response": null,
      "duration_seconds": 0.0003848329999982525
    },
    {
      "method": "POST",
      "path": "/auth/signup",
      "raw_body": "[synthetic credentials redacted]",
      "status": 201,
      "response": {
        "user_id": "u_ebb7866a48c747b7a43b8f5850de500c",
        "display_name": "Unknown Diner",
        "token": "[private client value]"
      },
      "duration_seconds": 0.023757417000012993
    },
    {
      "method": "POST",
      "path": "/reservations",
      "raw_body": "{\"restaurant_id\":\"r\",\"table_id\":\"t\",\"starts_at_local\":\"2035-06-04T18:00\",\"party_size\":2,\"unused\":1e4300}",
      "status": 201,
      "response": {
        "reservation_id": "res_0b7a230561d8484797731049497bfe77",
        "reference": "D5B4355ED6",
        "restaurant_id": "r",
        "table_ids": [
          "t"
        ],
        "party_size": 2,
        "starts_at_local": "2035-06-04T18:00",
        "starts_at": "2035-06-04T18:00:00+00:00",
        "ends_at": "2035-06-04T19:30:00+00:00",
        "accepted_terms": {
          "policy_version": 0,
          "slot_minutes": 30,
          "reservation_duration_minutes": 90,
          "cancellation_cutoff_minutes": 0,
          "opening_hours": [
            {
              "weekday": "mon",
              "opens": "18:00",
              "closes": "23:00"
            }
          ],
          "capacities": {
            "t": 2
          }
        },
        "table_id": "t",
        "status": "confirmed",
        "created_at": "2026-10-04T07:29:43.393111+00:00",
        "revision": 1
      },
      "duration_seconds": 0.0006329579999828638
    },
    {
      "method": "POST",
      "path": "/reservations",
      "raw_body": "{\"restaurant_id\":\"r\",\"table_id\":\"t\",\"starts_at_local\":\"2035-06-04T18:00\",\"party_size\":2}",
      "status": 409,
      "response": {
        "error": {
          "code": "idempotency_key_reuse",
          "message": "idempotency key reuse"
        }
      },
      "duration_seconds": 0.00038179200004151426
    },
    {
      "method": "POST",
      "path": "/reservations",
      "raw_body": "{\"restaurant_id\":\"r\",\"table_id\":\"t\",\"starts_at_local\":\"2035-06-04T19:30\",\"party_size\":0}",
      "status": 422,
      "response": {
        "error": {
          "code": "validation_failed",
          "message": "Invalid party_size"
        }
      },
      "duration_seconds": 0.00035650000000941873
    },
    {
      "method": "POST",
      "path": "/reservations",
      "raw_body": "{\"restaurant_id\":\"r\",\"table_id\":\"t\",\"starts_at_local\":\"2035-06-04T19:30\",\"party_size\":2}",
      "status": 201,
      "response": {
        "reservation_id": "res_7b3210c72b064c4fbfb3eb1ac2cb3126",
        "reference": "06F98FE82E",
        "restaurant_id": "r",
        "table_ids": [
          "t"
        ],
        "party_size": 2,
        "starts_at_local": "2035-06-04T19:30",
        "starts_at": "2035-06-04T19:30:00+00:00",
        "ends_at": "2035-06-04T21:00:00+00:00",
        "accepted_terms": {
          "policy_version": 0,
          "slot_minutes": 30,
          "reservation_duration_minutes": 90,
          "cancellation_cutoff_minutes": 0,
          "opening_hours": [
            {
              "weekday": "mon",
              "opens": "18:00",
              "closes": "23:00"
            }
          ],
          "capacities": {
            "t": 2
          }
        },
        "table_id": "t",
        "status": "confirmed",
        "created_at": "2026-10-04T07:29:43.394381+00:00",
        "revision": 1
      },
      "duration_seconds": 0.00044904099996756486
    },
    {
      "method": "POST",
      "path": "/auth/signup",
      "raw_body": "[synthetic credentials redacted]",
      "status": 201,
      "response": {
        "user_id": "u_a7b2d08c840b4db78eb55a338d873732",
        "display_name": "Second",
        "token": "[private client value]"
      },
      "duration_seconds": 0.024352375000034954
    },
    {
      "method": "POST",
      "path": "/_test/reset",
      "raw_body": "{\"users\": [], \"restaurants\": [{\"id\": \"r\", \"name\": \"Numeric Kitchen\", \"timezone\": \"UTC\", \"slot_minutes\": 30, \"reservation_duration_minutes\": 90, \"cancellation_cutoff_minutes\": 0, \"opening_hours\": [{\"weekday\": \"mon\", \"opens\": \"18:00\", \"closes\": \"23:00\"}], \"tables\": [{\"id\": \"t\", \"label\": \"Window\", \"capacity\": 2}]}], \"reservations\": [],\"unused\":1e4300}",
      "status": 204,
      "response": null,
      "duration_seconds": 0.0005157080000230962
    }
  ],
  "results": [
    {
      "requirement_id": "TK1-numeric-control-reset",
      "passed": true,
      "expected": 204,
      "observed": {
        "status": 204,
        "response": null
      }
    },
    {
      "requirement_id": "TK1-numeric-slot_minutes-1.0",
      "passed": true,
      "expected": "204 for positive integer JSON number value1",
      "observed": {
        "status": 204,
        "response": null
      }
    },
    {
      "requirement_id": "TK1-numeric-control-reset",
      "passed": true,
      "expected": 204,
      "observed": {
        "status": 204,
        "response": null
      }
    },
    {
      "requirement_id": "TK1-numeric-slot_minutes-1e0",
      "passed": true,
      "expected": "204 for positive integer JSON number value1",
      "observed": {
        "status": 204,
        "response": null
      }
    },
    {
      "requirement_id": "TK1-numeric-control-reset",
      "passed": true,
      "expected": 204,
      "observed": {
        "status": 204,
        "response": null
      }
    },
    {
      "requirement_id": "TK1-numeric-reservation_duration_minutes-1.0",
      "passed": true,
      "expected": "204 for positive integer JSON number value1",
      "observed": {
        "status": 204,
        "response": null
      }
    },
    {
      "requirement_id": "TK1-numeric-control-reset",
      "passed": true,
      "expected": 204,
      "observed": {
        "status": 204,
        "response": null
      }
    },
    {
      "requirement_id": "TK1-numeric-reservation_duration_minutes-1e0",
      "passed": true,
      "expected": "204 for positive integer JSON number value1",
      "observed": {
        "status": 204,
        "response": null
      }
    },
    {
      "requirement_id": "TK1-numeric-control-reset",
      "passed": true,
      "expected": 204,
      "observed": {
        "status": 204,
        "response": null
      }
    },
    {
      "requirement_id": "TK1-numeric-cancellation_cutoff_minutes-1.0",
      "passed": true,
      "expected": "204 for positive integer JSON number value1",
      "observed": {
        "status": 204,
        "response": null
      }
    },
    {
      "requirement_id": "TK1-numeric-control-reset",
      "passed": true,
      "expected": 204,
      "observed": {
        "status": 204,
        "response": null
      }
    },
    {
      "requirement_id": "TK1-numeric-cancellation_cutoff_minutes-1e0",
      "passed": true,
      "expected": "204 for positive integer JSON number value1",
      "observed": {
        "status": 204,
        "response": null
      }
    },
    {
      "requirement_id": "TK1-numeric-control-reset",
      "passed": true,
      "expected": 204,
      "observed": {
        "status": 204,
        "response": null
      }
    },
    {
      "requirement_id": "TK1-numeric-capacity-1.0",
      "passed": true,
      "expected": "204 for positive integer JSON number value1",
      "observed": {
        "status": 204,
        "response": null
      }
    },
    {
      "requirement_id": "TK1-numeric-control-reset",
      "passed": true,
      "expected": 204,
      "observed": {
        "status": 204,
        "response": null
      }
    },
    {
      "requirement_id": "TK1-numeric-capacity-1e0",
      "passed": true,
      "expected": "204 for positive integer JSON number value1",
      "observed": {
        "status": 204,
        "response": null
      }
    },
    {
      "requirement_id": "TK1-numeric-control-reset",
      "passed": true,
      "expected": 204,
      "observed": {
        "status": 204,
        "response": null
      }
    },
    {
      "requirement_id": "TK1-numeric-party-1.0",
      "passed": true,
      "expected": "201 for integer party JSON numeric value1",
      "observed": {
        "status": 201,
        "response": {
          "reservation_id": "res_bb1645b7cd8848d286e131b9b3e54b71",
          "reference": "2A6269B203",
          "restaurant_id": "r",
          "table_ids": [
            "t"
          ],
          "party_size": 1.0,
          "starts_at_local": "2035-06-04T18:00",
          "starts_at": "2035-06-04T18:00:00+00:00",
          "ends_at": "2035-06-04T19:30:00+00:00",
          "accepted_terms": {
            "policy_version": 0,
            "slot_minutes": 30,
            "reservation_duration_minutes": 90,
            "cancellation_cutoff_minutes": 0,
            "opening_hours": [
              {
                "weekday": "mon",
                "opens": "18:00",
                "closes": "23:00"
              }
            ],
            "capacities": {
              "t": 2
            }
          },
          "table_id": "t",
          "status": "confirmed",
          "created_at": "2026-10-04T07:29:43.341854+00:00",
          "revision": 1
        }
      }
    },
    {
      "requirement_id": "TK1-numeric-control-reset",
      "passed": true,
      "expected": 204,
      "observed": {
        "status": 204,
        "response": null
      }
    },
    {
      "requirement_id": "TK1-numeric-party-1e0",
      "passed": true,
      "expected": "201 for integer party JSON numeric value1",
      "observed": {
        "status": 201,
        "response": {
          "reservation_id": "res_64f5ad89112b4d2eb9675e1cc60a7f4a",
          "reference": "BD62D6601E",
          "restaurant_id": "r",
          "table_ids": [
            "t"
          ],
          "party_size": 1.0,
          "starts_at_local": "2035-06-04T18:00",
          "starts_at": "2035-06-04T18:00:00+00:00",
          "ends_at": "2035-06-04T19:30:00+00:00",
          "accepted_terms": {
            "policy_version": 0,
            "slot_minutes": 30,
            "reservation_duration_minutes": 90,
            "cancellation_cutoff_minutes": 0,
            "opening_hours": [
              {
                "weekday": "mon",
                "opens": "18:00",
                "closes": "23:00"
              }
            ],
            "capacities": {
              "t": 2
            }
          },
          "table_id": "t",
          "status": "confirmed",
          "created_at": "2026-10-04T07:29:43.368289+00:00",
          "revision": 1
        }
      }
    },
    {
      "requirement_id": "TK1-numeric-control-reset",
      "passed": true,
      "expected": 204,
      "observed": {
        "status": 204,
        "response": null
      }
    },
    {
      "requirement_id": "TK1-numeric-unknown-exponent-create",
      "passed": true,
      "expected": "201; unknown valid finite JSON number ignored",
      "observed": {
        "status": 201,
        "response": {
          "reservation_id": "res_0b7a230561d8484797731049497bfe77",
          "reference": "D5B4355ED6",
          "restaurant_id": "r",
          "table_ids": [
            "t"
          ],
          "party_size": 2,
          "starts_at_local": "2035-06-04T18:00",
          "starts_at": "2035-06-04T18:00:00+00:00",
          "ends_at": "2035-06-04T19:30:00+00:00",
          "accepted_terms": {
            "policy_version": 0,
            "slot_minutes": 30,
            "reservation_duration_minutes": 90,
            "cancellation_cutoff_minutes": 0,
            "opening_hours": [
              {
                "weekday": "mon",
                "opens": "18:00",
                "closes": "23:00"
              }
            ],
            "capacities": {
              "t": 2
            }
          },
          "table_id": "t",
          "status": "confirmed",
          "created_at": "2026-10-04T07:29:43.393111+00:00",
          "revision": 1
        }
      }
    },
    {
      "requirement_id": "TK1-numeric-unknown-successful-key-difference",
      "passed": true,
      "expected": "409 for changed complete parsed body after successful ignored-number create",
      "observed": {
        "status": 409,
        "response": {
          "error": {
            "code": "idempotency_key_reuse",
            "message": "idempotency key reuse"
          }
        }
      }
    },
    {
      "requirement_id": "TK1-numeric-invalid-party-failed-key",
      "passed": true,
      "expected": "422; refused request",
      "observed": {
        "status": 422,
        "response": {
          "error": {
            "code": "validation_failed",
            "message": "Invalid party_size"
          }
        }
      }
    },
    {
      "requirement_id": "TK1-numeric-unknown-failed-key-control",
      "passed": true,
      "expected": "201; previously refused key remains reusable",
      "observed": {
        "status": 201,
        "response": {
          "reservation_id": "res_7b3210c72b064c4fbfb3eb1ac2cb3126",
          "reference": "06F98FE82E",
          "restaurant_id": "r",
          "table_ids": [
            "t"
          ],
          "party_size": 2,
          "starts_at_local": "2035-06-04T19:30",
          "starts_at": "2035-06-04T19:30:00+00:00",
          "ends_at": "2035-06-04T21:00:00+00:00",
          "accepted_terms": {
            "policy_version": 0,
            "slot_minutes": 30,
            "reservation_duration_minutes": 90,
            "cancellation_cutoff_minutes": 0,
            "opening_hours": [
              {
                "weekday": "mon",
                "opens": "18:00",
                "closes": "23:00"
              }
            ],
            "capacities": {
              "t": 2
            }
          },
          "table_id": "t",
          "status": "confirmed",
          "created_at": "2026-10-04T07:29:43.394381+00:00",
          "revision": 1
        }
      }
    },
    {
      "requirement_id": "TK1-numeric-unknown-exponent-signup",
      "passed": true,
      "expected": "201; unknown valid finite JSON number ignored",
      "observed": {
        "status": 201,
        "response": {
          "user_id": "u_a7b2d08c840b4db78eb55a338d873732",
          "display_name": "Second",
          "token": "[private client value]"
        }
      }
    },
    {
      "requirement_id": "TK1-numeric-unknown-exponent-reset",
      "passed": true,
      "expected": "204; unknown valid finite JSON number ignored",
      "observed": {
        "status": 204,
        "response": null
      }
    }
  ]
}
