#0 building with "desktop-linux" instance using docker driver

#1 [internal] load build definition from Dockerfile
#1 transferring dockerfile: 556B done
#1 DONE 0.0s

#2 [internal] load metadata for docker.io/library/python:3.12-slim-bookworm
#2 DONE 0.4s

#3 [internal] load .dockerignore
#3 transferring context: 89B done
#3 DONE 0.0s

#4 [1/5] FROM docker.io/library/python:3.12-slim-bookworm@sha256:54c85f3c47607a77f32adec749d3c81d1348bf25833671f512b26a9b6d778cb3
#4 resolve docker.io/library/python:3.12-slim-bookworm@sha256:54c85f3c47607a77f32adec749d3c81d1348bf25833671f512b26a9b6d778cb3 done
#4 DONE 0.0s

#5 [internal] load build context
#5 transferring context: 58.27kB done
#5 DONE 0.0s

#6 [4/5] COPY server.py core.py json_codec.py ./
#6 CACHED

#7 [2/5] RUN apt-get update     && DEBIAN_FRONTEND=noninteractive apt-get install -y --no-install-recommends tzdata     && rm -rf /var/lib/apt/lists/*
#7 CACHED

#8 [3/5] WORKDIR /app
#8 CACHED

#9 [5/5] RUN python -c "import ast,pathlib; [ast.parse(p.read_text()) for p in pathlib.Path('.').glob('*.py')]"
#9 CACHED

#10 exporting to image
#10 exporting layers done
#10 exporting manifest sha256:5f1dd233fe2c8f91707e84d2ef9ebee7e4fc685f60e6dfd6ead63e16af1b44ee done
#10 exporting config sha256:b5a49bbc7f488b908b9881cdf9574f0a0d9fbd0df7ba93c4e6156cb426f4267c done
#10 exporting attestation manifest sha256:251d5e49d72d823413a38746c26b1c31a9db490e92ba320025d2e0d6feb1dfca done
#10 exporting manifest list sha256:033d72ae3c255094542fe0f70090153c69ddea083839790643b2cfa4771c2390 done
#10 naming to docker.io/library/independent-verifier-num-1004050946601458:current done
#10 unpacking to docker.io/library/independent-verifier-num-1004050946601458:current done
#10 DONE 0.0s
