[
    {
        "Id": "2a19bf54a5bd8870e44d0ce1f6730e26c5c58f71312dbaae563b7da1c903d504",
        "Created": "2026-10-04T01:09:12.088998129Z",
        "Path": "python",
        "Args": [
            "server.py"
        ],
        "State": {
            "Status": "running",
            "Running": true,
            "Paused": false,
            "Restarting": false,
            "OOMKilled": false,
            "Dead": false,
            "Pid": 5470,
            "ExitCode": 0,
            "Error": "",
            "StartedAt": "2026-10-04T01:09:12.119206963Z",
            "FinishedAt": "0001-01-01T00:00:00Z"
        },
        "Image": "sha256:1c5cae798545905ed9e0e1f1a22d3f892876c6988d22cd4d797f04e570420084",
        "ResolvConfPath": "/var/lib/docker/containers/2a19bf54a5bd8870e44d0ce1f6730e26c5c58f71312dbaae563b7da1c903d504/resolv.conf",
        "HostnamePath": "/var/lib/docker/containers/2a19bf54a5bd8870e44d0ce1f6730e26c5c58f71312dbaae563b7da1c903d504/hostname",
        "HostsPath": "/var/lib/docker/containers/2a19bf54a5bd8870e44d0ce1f6730e26c5c58f71312dbaae563b7da1c903d504/hosts",
        "LogPath": "/var/lib/docker/containers/2a19bf54a5bd8870e44d0ce1f6730e26c5c58f71312dbaae563b7da1c903d504/2a19bf54a5bd8870e44d0ce1f6730e26c5c58f71312dbaae563b7da1c903d504-json.log",
        "Name": "/independent-verifier-s1-b4a124e3671e-20261004t010907-peer",
        "RestartCount": 0,
        "Driver": "overlayfs",
        "Platform": "linux",
        "MountLabel": "",
        "ProcessLabel": "",
        "AppArmorProfile": "",
        "ExecIDs": null,
        "HostConfig": {
            "Binds": null,
            "ContainerIDFile": "",
            "LogConfig": {
                "Type": "json-file",
                "Config": {}
            },
            "NetworkMode": "independent-verifier-s1-b4a124e3671e-20261004t010907-net",
            "PortBindings": {
                "8080/tcp": [
                    {
                        "HostIp": "127.0.0.1",
                        "HostPort": "18301"
                    }
                ]
            },
            "RestartPolicy": {
                "Name": "no",
                "MaximumRetryCount": 0
            },
            "AutoRemove": false,
            "VolumeDriver": "",
            "VolumesFrom": null,
            "ConsoleSize": [
                0,
                0
            ],
            "CapAdd": null,
            "CapDrop": null,
            "CgroupnsMode": "private",
            "Dns": null,
            "DnsOptions": [],
            "DnsSearch": [],
            "ExtraHosts": null,
            "GroupAdd": null,
            "IpcMode": "private",
            "Cgroup": "",
            "Links": null,
            "OomScoreAdj": 0,
            "PidMode": "",
            "Privileged": false,
            "PublishAllPorts": false,
            "ReadonlyRootfs": false,
            "SecurityOpt": null,
            "UTSMode": "",
            "UsernsMode": "",
            "ShmSize": 67108864,
            "Runtime": "runc",
            "Isolation": "",
            "CpuShares": 0,
            "Memory": 2147483648,
            "NanoCpus": 2000000000,
            "CgroupParent": "",
            "BlkioWeight": 0,
            "BlkioWeightDevice": [],
            "BlkioDeviceReadBps": [],
            "BlkioDeviceWriteBps": [],
            "BlkioDeviceReadIOps": [],
            "BlkioDeviceWriteIOps": [],
            "CpuPeriod": 0,
            "CpuQuota": 0,
            "CpuRealtimePeriod": 0,
            "CpuRealtimeRuntime": 0,
            "CpusetCpus": "",
            "CpusetMems": "",
            "Devices": [],
            "DeviceCgroupRules": null,
            "DeviceRequests": null,
            "MemoryReservation": 0,
            "MemorySwap": 4294967296,
            "MemorySwappiness": null,
            "OomKillDisable": null,
            "PidsLimit": null,
            "Ulimits": null,
            "CpuCount": 0,
            "CpuPercent": 0,
            "IOMaximumIOps": 0,
            "IOMaximumBandwidth": 0,
            "MaskedPaths": [
                "/proc/acpi",
                "/proc/asound",
                "/proc/interrupts",
                "/proc/kcore",
                "/proc/keys",
                "/proc/latency_stats",
                "/proc/sched_debug",
                "/proc/scsi",
                "/proc/timer_list",
                "/proc/timer_stats",
                "/sys/devices/virtual/powercap",
                "/sys/firmware"
            ],
            "ReadonlyPaths": [
                "/proc/bus",
                "/proc/fs",
                "/proc/irq",
                "/proc/sys",
                "/proc/sysrq-trigger"
            ]
        },
        "Storage": {
            "RootFS": {
                "Snapshot": {
                    "Name": "overlayfs"
                }
            }
        },
        "Mounts": [],
        "Config": {
            "Hostname": "2a19bf54a5bd",
            "Domainname": "",
            "User": "65532:65532",
            "AttachStdin": false,
            "AttachStdout": false,
            "AttachStderr": false,
            "ExposedPorts": {
                "8080/tcp": {}
            },
            "Tty": false,
            "OpenStdin": false,
            "StdinOnce": false,
            "Env": [
                "PATH=/usr/local/bin:/usr/local/sbin:/usr/local/bin:/usr/sbin:/usr/bin:/sbin:/bin",
                "LANG=C.UTF-8",
                "GPG_KEY=7169605F62C751356D054A26A821E680E5FA6305",
                "PYTHON_VERSION=3.12.15",
                "PYTHON_SHA256=c2c4321961fab0fb999d66e0cecf521c2ab3994c7992873ea99e306c1094fd5a",
                "PYTHONUNBUFFERED=1",
                "PYTHONDONTWRITEBYTECODE=1"
            ],
            "Cmd": [
                "python",
                "server.py"
            ],
            "Image": "independent-verifier-s1-b4a124e3671e-20261004t010907:candidate",
            "Volumes": null,
            "WorkingDir": "/app",
            "Entrypoint": null,
            "Labels": {}
        },
        "NetworkSettings": {
            "SandboxID": "95fbd441aa89136fd3834c59bf66e11a2b724614d413055b968163258d010229",
            "SandboxKey": "/var/run/docker/netns/95fbd441aa89",
            "Ports": {
                "8080/tcp": []
            },
            "Networks": {
                "independent-verifier-s1-b4a124e3671e-20261004t010907-net": {
                    "IPAMConfig": null,
                    "Links": null,
                    "Aliases": null,
                    "DriverOpts": null,
                    "GwPriority": 0,
                    "NetworkID": "d0c262b78bc2b0cc44e383a39d49711092f42539ac43e7b2e3e488aa7095d750",
                    "EndpointID": "ed4a92247154f2b1f4f282a9f127f7bf12c2090b222063fc2584fd1525ca4951",
                    "Gateway": "",
                    "IPAddress": "172.18.0.3",
                    "MacAddress": "8a:7c:e4:61:10:a4",
                    "IPPrefixLen": 16,
                    "IPv6Gateway": "",
                    "GlobalIPv6Address": "",
                    "GlobalIPv6PrefixLen": 0,
                    "DNSNames": [
                        "independent-verifier-s1-b4a124e3671e-20261004t010907-peer",
                        "2a19bf54a5bd"
                    ]
                }
            }
        },
        "ImageManifestDescriptor": {
            "mediaType": "application/vnd.oci.image.manifest.v1+json",
            "digest": "sha256:0e373d93996ca6cf7599e6478db1d50efdb2e60ce4d4764b6a1e9dc24059a12c",
            "size": 1806,
            "platform": {
                "architecture": "arm64",
                "os": "linux"
            }
        }
    }
]
