[
    {
        "Id": "979f1f896eac62b0150b1e5985cf1c8388752e4b3fee43f9096acee828b709cb",
        "Created": "2026-10-04T01:25:38.485887929Z",
        "Path": "python",
        "Args": [
            "server.py"
        ],
        "State": {
            "Status": "running",
            "Running": true,
            "Paused": false,
            "Restarting": false,
            "OOMKilled": false,
            "Dead": false,
            "Pid": 6003,
            "ExitCode": 0,
            "Error": "",
            "StartedAt": "2026-10-04T01:25:38.503037429Z",
            "FinishedAt": "0001-01-01T00:00:00Z"
        },
        "Image": "sha256:3b4c9f05f1912c02ea66c831dde826a1733dbc42619040215075f0467ee31818",
        "ResolvConfPath": "/var/lib/docker/containers/979f1f896eac62b0150b1e5985cf1c8388752e4b3fee43f9096acee828b709cb/resolv.conf",
        "HostnamePath": "/var/lib/docker/containers/979f1f896eac62b0150b1e5985cf1c8388752e4b3fee43f9096acee828b709cb/hostname",
        "HostsPath": "/var/lib/docker/containers/979f1f896eac62b0150b1e5985cf1c8388752e4b3fee43f9096acee828b709cb/hosts",
        "LogPath": "/var/lib/docker/containers/979f1f896eac62b0150b1e5985cf1c8388752e4b3fee43f9096acee828b709cb/979f1f896eac62b0150b1e5985cf1c8388752e4b3fee43f9096acee828b709cb-json.log",
        "Name": "/independent-verifier-s1-2a4b0408a345-20261004t012537-source",
        "RestartCount": 0,
        "Driver": "overlayfs",
        "Platform": "linux",
        "MountLabel": "",
        "ProcessLabel": "",
        "AppArmorProfile": "",
        "ExecIDs": null,
        "HostConfig": {
            "Binds": null,
            "ContainerIDFile": "",
            "LogConfig": {
                "Type": "json-file",
                "Config": {}
            },
            "NetworkMode": "independent-verifier-s1-2a4b0408a345-20261004t012537-net",
            "PortBindings": {
                "18309/tcp": [
                    {
                        "HostIp": "127.0.0.1",
                        "HostPort": "18300"
                    }
                ]
            },
            "RestartPolicy": {
                "Name": "no",
                "MaximumRetryCount": 0
            },
            "AutoRemove": false,
            "VolumeDriver": "",
            "VolumesFrom": null,
            "ConsoleSize": [
                0,
                0
            ],
            "CapAdd": null,
            "CapDrop": null,
            "CgroupnsMode": "private",
            "Dns": null,
            "DnsOptions": [],
            "DnsSearch": [],
            "ExtraHosts": null,
            "GroupAdd": null,
            "IpcMode": "private",
            "Cgroup": "",
            "Links": null,
            "OomScoreAdj": 0,
            "PidMode": "",
            "Privileged": false,
            "PublishAllPorts": false,
            "ReadonlyRootfs": false,
            "SecurityOpt": null,
            "UTSMode": "",
            "UsernsMode": "",
            "ShmSize": 67108864,
            "Runtime": "runc",
            "Isolation": "",
            "CpuShares": 0,
            "Memory": 2147483648,
            "NanoCpus": 2000000000,
            "CgroupParent": "",
            "BlkioWeight": 0,
            "BlkioWeightDevice": [],
            "BlkioDeviceReadBps": [],
            "BlkioDeviceWriteBps": [],
            "BlkioDeviceReadIOps": [],
            "BlkioDeviceWriteIOps": [],
            "CpuPeriod": 0,
            "CpuQuota": 0,
            "CpuRealtimePeriod": 0,
            "CpuRealtimeRuntime": 0,
            "CpusetCpus": "",
            "CpusetMems": "",
            "Devices": [],
            "DeviceCgroupRules": null,
            "DeviceRequests": null,
            "MemoryReservation": 0,
            "MemorySwap": 4294967296,
            "MemorySwappiness": null,
            "OomKillDisable": null,
            "PidsLimit": null,
            "Ulimits": null,
            "CpuCount": 0,
            "CpuPercent": 0,
            "IOMaximumIOps": 0,
            "IOMaximumBandwidth": 0,
            "MaskedPaths": [
                "/proc/acpi",
                "/proc/asound",
                "/proc/interrupts",
                "/proc/kcore",
                "/proc/keys",
                "/proc/latency_stats",
                "/proc/sched_debug",
                "/proc/scsi",
                "/proc/timer_list",
                "/proc/timer_stats",
                "/sys/devices/virtual/powercap",
                "/sys/firmware"
            ],
            "ReadonlyPaths": [
                "/proc/bus",
                "/proc/fs",
                "/proc/irq",
                "/proc/sys",
                "/proc/sysrq-trigger"
            ]
        },
        "Storage": {
            "RootFS": {
                "Snapshot": {
                    "Name": "overlayfs"
                }
            }
        },
        "Mounts": [],
        "Config": {
            "Hostname": "979f1f896eac",
            "Domainname": "",
            "User": "65532:65532",
            "AttachStdin": false,
            "AttachStdout": false,
            "AttachStderr": false,
            "ExposedPorts": {
                "18309/tcp": {},
                "8080/tcp": {}
            },
            "Tty": false,
            "OpenStdin": false,
            "StdinOnce": false,
            "Env": [
                "PORT=18309",
                "PATH=/usr/local/bin:/usr/local/sbin:/usr/local/bin:/usr/sbin:/usr/bin:/sbin:/bin",
                "LANG=C.UTF-8",
                "GPG_KEY=7169605F62C751356D054A26A821E680E5FA6305",
                "PYTHON_VERSION=3.12.15",
                "PYTHON_SHA256=c2c4321961fab0fb999d66e0cecf521c2ab3994c7992873ea99e306c1094fd5a",
                "PYTHONUNBUFFERED=1",
                "PYTHONDONTWRITEBYTECODE=1"
            ],
            "Cmd": [
                "python",
                "server.py"
            ],
            "Image": "independent-verifier-s1-2a4b0408a345-20261004t012537:candidate",
            "Volumes": null,
            "WorkingDir": "/app",
            "Entrypoint": null,
            "Labels": {}
        },
        "NetworkSettings": {
            "SandboxID": "65ef88e44181045b7c6d6d9526f7a32c5a1fb3b59db81a5a599eb931c6f1b9dd",
            "SandboxKey": "/var/run/docker/netns/65ef88e44181",
            "Ports": {
                "18309/tcp": []
            },
            "Networks": {
                "independent-verifier-s1-2a4b0408a345-20261004t012537-net": {
                    "IPAMConfig": null,
                    "Links": null,
                    "Aliases": null,
                    "DriverOpts": null,
                    "GwPriority": 0,
                    "NetworkID": "ed3105f48d872c70c5cb2131f6805eaf2fa52dbaa3479f54ad07f735a0142039",
                    "EndpointID": "777177bfdd1b8b36b33ea894a6906ef786b49294ce38deb147105fa2ee357361",
                    "Gateway": "",
                    "IPAddress": "172.18.0.2",
                    "MacAddress": "46:a9:84:d2:e8:22",
                    "IPPrefixLen": 16,
                    "IPv6Gateway": "",
                    "GlobalIPv6Address": "",
                    "GlobalIPv6PrefixLen": 0,
                    "DNSNames": [
                        "independent-verifier-s1-2a4b0408a345-20261004t012537-source",
                        "979f1f896eac"
                    ]
                }
            }
        },
        "ImageManifestDescriptor": {
            "mediaType": "application/vnd.oci.image.manifest.v1+json",
            "digest": "sha256:916afbb3ebc8eacbfa550429a7be8fc81c1765771422990b3759ddeb84095c65",
            "size": 1806,
            "platform": {
                "architecture": "arm64",
                "os": "linux"
            }
        }
    }
]
