[
    {
        "Id": "a73ade32250aba74cd18b5b28bfb8a986b9699fbc85b690127bc9cf5c8689ec9",
        "Created": "2026-10-04T04:27:32.671060585Z",
        "Path": "python",
        "Args": [
            "server.py"
        ],
        "State": {
            "Status": "running",
            "Running": true,
            "Paused": false,
            "Restarting": false,
            "OOMKilled": false,
            "Dead": false,
            "Pid": 11885,
            "ExitCode": 0,
            "Error": "",
            "StartedAt": "2026-10-04T04:27:32.702806502Z",
            "FinishedAt": "0001-01-01T00:00:00Z"
        },
        "Image": "sha256:fe6eb3f8a4679a7d6078947df9a8208caad9fc1e04386e1781845731a4ee94bf",
        "ResolvConfPath": "/var/lib/docker/containers/a73ade32250aba74cd18b5b28bfb8a986b9699fbc85b690127bc9cf5c8689ec9/resolv.conf",
        "HostnamePath": "/var/lib/docker/containers/a73ade32250aba74cd18b5b28bfb8a986b9699fbc85b690127bc9cf5c8689ec9/hostname",
        "HostsPath": "/var/lib/docker/containers/a73ade32250aba74cd18b5b28bfb8a986b9699fbc85b690127bc9cf5c8689ec9/hosts",
        "LogPath": "/var/lib/docker/containers/a73ade32250aba74cd18b5b28bfb8a986b9699fbc85b690127bc9cf5c8689ec9/a73ade32250aba74cd18b5b28bfb8a986b9699fbc85b690127bc9cf5c8689ec9-json.log",
        "Name": "/independent-verifier-legacy-1003212731-base",
        "RestartCount": 0,
        "Driver": "overlayfs",
        "Platform": "linux",
        "MountLabel": "",
        "ProcessLabel": "",
        "AppArmorProfile": "",
        "ExecIDs": null,
        "HostConfig": {
            "Binds": null,
            "ContainerIDFile": "",
            "LogConfig": {
                "Type": "json-file",
                "Config": {}
            },
            "NetworkMode": "independent-verifier-legacy-1003212731-net",
            "PortBindings": {},
            "RestartPolicy": {
                "Name": "no",
                "MaximumRetryCount": 0
            },
            "AutoRemove": false,
            "VolumeDriver": "",
            "VolumesFrom": null,
            "ConsoleSize": [
                0,
                0
            ],
            "CapAdd": null,
            "CapDrop": null,
            "CgroupnsMode": "private",
            "Dns": null,
            "DnsOptions": [],
            "DnsSearch": [],
            "ExtraHosts": null,
            "GroupAdd": null,
            "IpcMode": "private",
            "Cgroup": "",
            "Links": null,
            "OomScoreAdj": 0,
            "PidMode": "",
            "Privileged": false,
            "PublishAllPorts": false,
            "ReadonlyRootfs": false,
            "SecurityOpt": null,
            "UTSMode": "",
            "UsernsMode": "",
            "ShmSize": 67108864,
            "Runtime": "runc",
            "Isolation": "",
            "CpuShares": 0,
            "Memory": 2147483648,
            "NanoCpus": 2000000000,
            "CgroupParent": "",
            "BlkioWeight": 0,
            "BlkioWeightDevice": [],
            "BlkioDeviceReadBps": [],
            "BlkioDeviceWriteBps": [],
            "BlkioDeviceReadIOps": [],
            "BlkioDeviceWriteIOps": [],
            "CpuPeriod": 0,
            "CpuQuota": 0,
            "CpuRealtimePeriod": 0,
            "CpuRealtimeRuntime": 0,
            "CpusetCpus": "",
            "CpusetMems": "",
            "Devices": [],
            "DeviceCgroupRules": null,
            "DeviceRequests": null,
            "MemoryReservation": 0,
            "MemorySwap": 4294967296,
            "MemorySwappiness": null,
            "OomKillDisable": null,
            "PidsLimit": null,
            "Ulimits": null,
            "CpuCount": 0,
            "CpuPercent": 0,
            "IOMaximumIOps": 0,
            "IOMaximumBandwidth": 0,
            "MaskedPaths": [
                "/proc/acpi",
                "/proc/asound",
                "/proc/interrupts",
                "/proc/kcore",
                "/proc/keys",
                "/proc/latency_stats",
                "/proc/sched_debug",
                "/proc/scsi",
                "/proc/timer_list",
                "/proc/timer_stats",
                "/sys/devices/virtual/powercap",
                "/sys/firmware"
            ],
            "ReadonlyPaths": [
                "/proc/bus",
                "/proc/fs",
                "/proc/irq",
                "/proc/sys",
                "/proc/sysrq-trigger"
            ]
        },
        "Storage": {
            "RootFS": {
                "Snapshot": {
                    "Name": "overlayfs"
                }
            }
        },
        "Mounts": [],
        "Config": {
            "Hostname": "a73ade32250a",
            "Domainname": "",
            "User": "65532:65532",
            "AttachStdin": false,
            "AttachStdout": false,
            "AttachStderr": false,
            "ExposedPorts": {
                "8080/tcp": {}
            },
            "Tty": false,
            "OpenStdin": false,
            "StdinOnce": false,
            "Env": [
                "PORT=18350",
                "PATH=/usr/local/bin:/usr/local/sbin:/usr/local/bin:/usr/sbin:/usr/bin:/sbin:/bin",
                "LANG=C.UTF-8",
                "GPG_KEY=7169605F62C751356D054A26A821E680E5FA6305",
                "PYTHON_VERSION=3.12.15",
                "PYTHON_SHA256=c2c4321961fab0fb999d66e0cecf521c2ab3994c7992873ea99e306c1094fd5a",
                "PYTHONUNBUFFERED=1",
                "PYTHONDONTWRITEBYTECODE=1"
            ],
            "Cmd": [
                "python",
                "server.py"
            ],
            "Image": "independent-verifier-s1-ab0cf79767b6-20261004t042350:candidate",
            "Volumes": null,
            "WorkingDir": "/app",
            "Entrypoint": null,
            "Labels": {}
        },
        "NetworkSettings": {
            "SandboxID": "96456a4410553578ba5fc1f0ef841d047144b2075992a0c2a29837cafb48838e",
            "SandboxKey": "/var/run/docker/netns/96456a441055",
            "Ports": {
                "8080/tcp": null
            },
            "Networks": {
                "independent-verifier-legacy-1003212731-net": {
                    "IPAMConfig": null,
                    "Links": null,
                    "Aliases": null,
                    "DriverOpts": null,
                    "GwPriority": 0,
                    "NetworkID": "528795c22614d8b4a60f0c9a73ec7cbe7d73646707f5e54206588c10982a91bb",
                    "EndpointID": "69d01b6c53c065dbfc4ad8a0e8487da12d388859ef2ea3d6e3a1d729309e2ea1",
                    "Gateway": "",
                    "IPAddress": "172.18.0.2",
                    "MacAddress": "66:d6:c3:6d:86:05",
                    "IPPrefixLen": 16,
                    "IPv6Gateway": "",
                    "GlobalIPv6Address": "",
                    "GlobalIPv6PrefixLen": 0,
                    "DNSNames": [
                        "independent-verifier-legacy-1003212731-base",
                        "a73ade32250a"
                    ]
                }
            }
        },
        "ImageManifestDescriptor": {
            "mediaType": "application/vnd.oci.image.manifest.v1+json",
            "digest": "sha256:a50bf567ab390b85b7a726e8c216490b65ad0b4e54313ca49bfb56e9a9c96c61",
            "size": 1806,
            "platform": {
                "architecture": "arm64",
                "os": "linux"
            }
        }
    }
]
