#0 building with "desktop-linux" instance using docker driver

#1 [internal] load build definition from LegacyCurrent.Probe.Dockerfile
#1 transferring dockerfile: 284B done
#1 DONE 0.0s

#2 [internal] load metadata for docker.io/library/python:3.12-slim
#2 DONE 0.4s

#3 [internal] load .dockerignore
#3 transferring context: 2B done
#3 DONE 0.0s

#4 [internal] load build context
#4 transferring context: 110.82kB done
#4 DONE 0.0s

#5 [1/3] FROM docker.io/library/python:3.12-slim@sha256:dddfd7e07f9d15aeeca61529320492139d21cac7f0070c00609243e51e4e0016
#5 resolve docker.io/library/python:3.12-slim@sha256:dddfd7e07f9d15aeeca61529320492139d21cac7f0070c00609243e51e4e0016 0.0s done
#5 DONE 0.0s

#6 [2/3] WORKDIR /verifier
#6 CACHED

#7 [3/3] COPY requirements.py probe.py health.py wire_oracle.py legacy_receipts_current.py /verifier/
#7 DONE 0.0s

#8 exporting to image
#8 exporting layers 0.0s done
#8 exporting manifest sha256:36090ee8aef00811c4419db9fc3f2c786350bb09c8d328408a39027989aeedbd done
#8 exporting config sha256:e5fe97e04fe6456207ce0fb7d62aa12d0509389e7acc0489feb30954d2ac720b done
#8 exporting attestation manifest sha256:188bc18ecd61b408e8d4f7cb7327ff3791b8a44887be85b8745fac0a5f86821d done
#8 exporting manifest list sha256:f731c06668a0a9c78fc85dc58d1e887d8debf17e3e35523f0ddf78756691b593 done
#8 naming to docker.io/library/independent-verifier-legacy-1003212731:client done
#8 unpacking to docker.io/library/independent-verifier-legacy-1003212731:client done
#8 DONE 0.1s
