{
  "candidate_full_revision": "4b92041057beb669d2e6c528e8268f4d0d1e6421",
  "value": 1000000000000000000,
  "http_operations": 39,
  "assertions": 26,
  "failed_assertions": 0,
  "duration_seconds": 0.1775573339998573,
  "operations": [
    {
      "operation": 1,
      "method": "POST",
      "path": "/_test/reset",
      "peer": "http://independent-verifier-s2-4b92041057be-20261004t020635-source:18309",
      "body": {
        "users": [
          {
            "id": "u",
            "email": "large@probe.invalid",
            "password": {
              "private_value_sha256": "491506b1f4ce17e076482a59e912821481d551edcd39fdafb94c2d16817ac54a"
            },
            "display_name": "Boundary Diner"
          }
        ],
        "restaurants": [
          {
            "id": "r",
            "name": "Boundary Kitchen",
            "timezone": "UTC",
            "slot_minutes": 30,
            "reservation_duration_minutes": 90,
            "cancellation_cutoff_minutes": 0,
            "opening_hours": [
              {
                "weekday": "tue",
                "opens": "18:10",
                "closes": "23:10"
              }
            ],
            "tables": [
              {
                "id": "t",
                "label": "Window",
                "capacity": 2
              }
            ]
          }
        ],
        "reservations": []
      },
      "has_token": false,
      "key": null,
      "status": 204,
      "response": null,
      "duration_seconds": 0.028570208000019193
    },
    {
      "operation": 2,
      "method": "POST",
      "path": "/_test/reset",
      "peer": "http://independent-verifier-s2-4b92041057be-20261004t020635-source:18309",
      "body": {
        "users": [
          {
            "id": "u",
            "email": "large@probe.invalid",
            "password": {
              "private_value_sha256": "491506b1f4ce17e076482a59e912821481d551edcd39fdafb94c2d16817ac54a"
            },
            "display_name": "Boundary Diner"
          }
        ],
        "restaurants": [
          {
            "id": "r",
            "name": "Boundary Kitchen",
            "timezone": "UTC",
            "slot_minutes": 1000000000000000000,
            "reservation_duration_minutes": 90,
            "cancellation_cutoff_minutes": 0,
            "opening_hours": [
              {
                "weekday": "tue",
                "opens": "18:10",
                "closes": "23:10"
              }
            ],
            "tables": [
              {
                "id": "t",
                "label": "Window",
                "capacity": 2
              }
            ]
          }
        ],
        "reservations": []
      },
      "has_token": false,
      "key": null,
      "status": 204,
      "response": null,
      "duration_seconds": 0.02636333299983562
    },
    {
      "operation": 3,
      "method": "GET",
      "path": "/restaurants/r",
      "peer": "http://independent-verifier-s2-4b92041057be-20261004t020635-source:18309",
      "body": null,
      "has_token": false,
      "key": null,
      "status": 200,
      "response": {
        "id": "r",
        "name": "Boundary Kitchen",
        "timezone": "UTC",
        "slot_minutes": 1000000000000000000,
        "reservation_duration_minutes": 90,
        "cancellation_cutoff_minutes": 0,
        "opening_hours": [
          {
            "weekday": "tue",
            "opens": "18:10",
            "closes": "23:10"
          }
        ],
        "tables": [
          {
            "id": "t",
            "label": "Window",
            "capacity": 2
          }
        ]
      },
      "duration_seconds": 0.0005830420000165759
    },
    {
      "operation": 4,
      "method": "GET",
      "path": "/_test/export",
      "peer": "http://independent-verifier-s2-4b92041057be-20261004t020635-source:18309",
      "body": null,
      "has_token": false,
      "key": null,
      "status": 200,
      "response": {
        "track": "tablekeeper",
        "format_version": 1,
        "state": {
          "private_value_sha256": "e2cf5cfa9c31cd52e907c03af38274e1a4d55b88ee30a078789ad30c07a0f2c4"
        }
      },
      "duration_seconds": 0.00034895799990408705
    },
    {
      "operation": 5,
      "method": "POST",
      "path": "/_test/import",
      "peer": "http://independent-verifier-s2-4b92041057be-20261004t020635-peer:8080",
      "body": {
        "track": "tablekeeper",
        "format_version": 1,
        "state": {
          "private_value_sha256": "e2cf5cfa9c31cd52e907c03af38274e1a4d55b88ee30a078789ad30c07a0f2c4"
        }
      },
      "has_token": false,
      "key": null,
      "status": 204,
      "response": null,
      "duration_seconds": 0.00047150000000328873
    },
    {
      "operation": 6,
      "method": "GET",
      "path": "/restaurants/r",
      "peer": "http://independent-verifier-s2-4b92041057be-20261004t020635-peer:8080",
      "body": null,
      "has_token": false,
      "key": null,
      "status": 200,
      "response": {
        "id": "r",
        "name": "Boundary Kitchen",
        "timezone": "UTC",
        "slot_minutes": 1000000000000000000,
        "reservation_duration_minutes": 90,
        "cancellation_cutoff_minutes": 0,
        "opening_hours": [
          {
            "weekday": "tue",
            "opens": "18:10",
            "closes": "23:10"
          }
        ],
        "tables": [
          {
            "id": "t",
            "label": "Window",
            "capacity": 2
          }
        ]
      },
      "duration_seconds": 0.0003291670000180602
    },
    {
      "operation": 7,
      "method": "POST",
      "path": "/auth/login",
      "peer": "http://independent-verifier-s2-4b92041057be-20261004t020635-source:18309",
      "body": {
        "email": "large@probe.invalid",
        "password": {
          "private_value_sha256": "491506b1f4ce17e076482a59e912821481d551edcd39fdafb94c2d16817ac54a"
        }
      },
      "has_token": false,
      "key": null,
      "status": 200,
      "response": {
        "user_id": "u",
        "display_name": "Boundary Diner",
        "token": {
          "private_value_sha256": "6619559ab8928ee6978fff0271b04c145a8f21377720ea87b38d9342dbc9029e"
        }
      },
      "duration_seconds": 0.022534082999982274
    },
    {
      "operation": 8,
      "method": "GET",
      "path": "/availability?restaurant_id=r&date=2035-06-05&party_size=2",
      "peer": "http://independent-verifier-s2-4b92041057be-20261004t020635-source:18309",
      "body": null,
      "has_token": false,
      "key": null,
      "status": 200,
      "response": {
        "restaurant_id": "r",
        "date": "2035-06-05",
        "timezone": "UTC",
        "slots": [
          {
            "starts_at_local": "2035-06-05T18:10",
            "starts_at": "2035-06-05T18:10:00+00:00",
            "available_table_ids": [
              "t"
            ],
            "available_options": [
              {
                "table_ids": [
                  "t"
                ],
                "capacity": 2
              }
            ]
          }
        ]
      },
      "duration_seconds": 0.00041687500015541445
    },
    {
      "operation": 9,
      "method": "POST",
      "path": "/reservations",
      "peer": "http://independent-verifier-s2-4b92041057be-20261004t020635-source:18309",
      "body": {
        "restaurant_id": "r",
        "table_id": "t",
        "starts_at_local": "2035-06-05T18:10",
        "party_size": 2
      },
      "has_token": true,
      "key": "large-grid",
      "status": 201,
      "response": {
        "reservation_id": "res_d3b2bc09e7cf40cfa9517bc723cf247b",
        "reference": "9065667EB3",
        "restaurant_id": "r",
        "table_ids": [
          "t"
        ],
        "party_size": 2,
        "starts_at_local": "2035-06-05T18:10",
        "starts_at": "2035-06-05T18:10:00+00:00",
        "ends_at": "2035-06-05T19:40:00+00:00",
        "table_id": "t",
        "status": "confirmed",
        "created_at": "2026-10-04T02:07:35.720136+00:00"
      },
      "duration_seconds": 0.00035425000010036456
    },
    {
      "operation": 10,
      "method": "POST",
      "path": "/reservations",
      "peer": "http://independent-verifier-s2-4b92041057be-20261004t020635-source:18309",
      "body": {
        "restaurant_id": "r",
        "table_id": "t",
        "starts_at_local": "2035-06-05T18:40",
        "party_size": 2
      },
      "has_token": true,
      "key": "large-grid-late",
      "status": 422,
      "response": {
        "error": {
          "code": "not_on_slot_grid",
          "message": "not on slot grid"
        }
      },
      "duration_seconds": 0.0003842919998078287
    },
    {
      "operation": 11,
      "method": "PATCH",
      "path": "/reservations/9065667EB3",
      "peer": "http://independent-verifier-s2-4b92041057be-20261004t020635-source:18309",
      "body": {
        "party_size": 1
      },
      "has_token": true,
      "key": null,
      "status": 200,
      "response": {
        "reservation_id": "res_d3b2bc09e7cf40cfa9517bc723cf247b",
        "reference": "9065667EB3",
        "restaurant_id": "r",
        "party_size": 1,
        "starts_at_local": "2035-06-05T18:10",
        "starts_at": "2035-06-05T18:10:00+00:00",
        "ends_at": "2035-06-05T19:40:00+00:00",
        "status": "confirmed",
        "created_at": "2026-10-04T02:07:35.720136+00:00",
        "table_ids": [
          "t"
        ],
        "table_id": "t"
      },
      "duration_seconds": 0.0003618749999532156
    },
    {
      "operation": 12,
      "method": "POST",
      "path": "/reservations",
      "peer": "http://independent-verifier-s2-4b92041057be-20261004t020635-source:18309",
      "body": {
        "restaurant_id": "r",
        "table_id": "t",
        "starts_at_local": "2035-06-05T18:10",
        "party_size": 2
      },
      "has_token": true,
      "key": "large-grid",
      "status": 200,
      "response": {
        "reservation_id": "res_d3b2bc09e7cf40cfa9517bc723cf247b",
        "reference": "9065667EB3",
        "restaurant_id": "r",
        "table_ids": [
          "t"
        ],
        "party_size": 2,
        "starts_at_local": "2035-06-05T18:10",
        "starts_at": "2035-06-05T18:10:00+00:00",
        "ends_at": "2035-06-05T19:40:00+00:00",
        "table_id": "t",
        "status": "confirmed",
        "created_at": "2026-10-04T02:07:35.720136+00:00"
      },
      "duration_seconds": 0.0002859589999388845
    },
    {
      "operation": 13,
      "method": "GET",
      "path": "/_test/export",
      "peer": "http://independent-verifier-s2-4b92041057be-20261004t020635-source:18309",
      "body": null,
      "has_token": false,
      "key": null,
      "status": 200,
      "response": {
        "track": "tablekeeper",
        "format_version": 1,
        "state": {
          "private_value_sha256": "7d3ed1c495246e09ea1a68bc56cbd22a440c99aa822487169dd3ed6da2b4fa86"
        }
      },
      "duration_seconds": 0.0003160420001222519
    },
    {
      "operation": 14,
      "method": "POST",
      "path": "/_test/import",
      "peer": "http://independent-verifier-s2-4b92041057be-20261004t020635-peer:8080",
      "body": {
        "track": "tablekeeper",
        "format_version": 1,
        "state": {
          "private_value_sha256": "7d3ed1c495246e09ea1a68bc56cbd22a440c99aa822487169dd3ed6da2b4fa86"
        }
      },
      "has_token": false,
      "key": null,
      "status": 204,
      "response": null,
      "duration_seconds": 0.00046458399992843624
    },
    {
      "operation": 15,
      "method": "POST",
      "path": "/reservations",
      "peer": "http://independent-verifier-s2-4b92041057be-20261004t020635-peer:8080",
      "body": {
        "restaurant_id": "r",
        "table_id": "t",
        "starts_at_local": "2035-06-05T18:10",
        "party_size": 2
      },
      "has_token": true,
      "key": "large-grid",
      "status": 200,
      "response": {
        "reservation_id": "res_d3b2bc09e7cf40cfa9517bc723cf247b",
        "reference": "9065667EB3",
        "restaurant_id": "r",
        "table_ids": [
          "t"
        ],
        "party_size": 2,
        "starts_at_local": "2035-06-05T18:10",
        "starts_at": "2035-06-05T18:10:00+00:00",
        "ends_at": "2035-06-05T19:40:00+00:00",
        "table_id": "t",
        "status": "confirmed",
        "created_at": "2026-10-04T02:07:35.720136+00:00"
      },
      "duration_seconds": 0.0003166670001064631
    },
    {
      "operation": 16,
      "method": "POST",
      "path": "/_test/reset",
      "peer": "http://independent-verifier-s2-4b92041057be-20261004t020635-source:18309",
      "body": {
        "users": [
          {
            "id": "u",
            "email": "large@probe.invalid",
            "password": {
              "private_value_sha256": "491506b1f4ce17e076482a59e912821481d551edcd39fdafb94c2d16817ac54a"
            },
            "display_name": "Boundary Diner"
          }
        ],
        "restaurants": [
          {
            "id": "r",
            "name": "Boundary Kitchen",
            "timezone": "UTC",
            "slot_minutes": 30,
            "reservation_duration_minutes": 1000000000000000000,
            "cancellation_cutoff_minutes": 0,
            "opening_hours": [
              {
                "weekday": "tue",
                "opens": "18:10",
                "closes": "23:10"
              }
            ],
            "tables": [
              {
                "id": "t",
                "label": "Window",
                "capacity": 2
              }
            ]
          }
        ],
        "reservations": []
      },
      "has_token": false,
      "key": null,
      "status": 204,
      "response": null,
      "duration_seconds": 0.021862750000082087
    },
    {
      "operation": 17,
      "method": "GET",
      "path": "/restaurants/r",
      "peer": "http://independent-verifier-s2-4b92041057be-20261004t020635-source:18309",
      "body": null,
      "has_token": false,
      "key": null,
      "status": 200,
      "response": {
        "id": "r",
        "name": "Boundary Kitchen",
        "timezone": "UTC",
        "slot_minutes": 30,
        "reservation_duration_minutes": 1000000000000000000,
        "cancellation_cutoff_minutes": 0,
        "opening_hours": [
          {
            "weekday": "tue",
            "opens": "18:10",
            "closes": "23:10"
          }
        ],
        "tables": [
          {
            "id": "t",
            "label": "Window",
            "capacity": 2
          }
        ]
      },
      "duration_seconds": 0.00035487500008457573
    },
    {
      "operation": 18,
      "method": "GET",
      "path": "/_test/export",
      "peer": "http://independent-verifier-s2-4b92041057be-20261004t020635-source:18309",
      "body": null,
      "has_token": false,
      "key": null,
      "status": 200,
      "response": {
        "track": "tablekeeper",
        "format_version": 1,
        "state": {
          "private_value_sha256": "f29342f1f8fdc5a3c30448fb1ed4ce756b4fcc0329cc84b0a8690751c4dfe4e2"
        }
      },
      "duration_seconds": 0.0003064999998514395
    },
    {
      "operation": 19,
      "method": "POST",
      "path": "/_test/import",
      "peer": "http://independent-verifier-s2-4b92041057be-20261004t020635-peer:8080",
      "body": {
        "track": "tablekeeper",
        "format_version": 1,
        "state": {
          "private_value_sha256": "f29342f1f8fdc5a3c30448fb1ed4ce756b4fcc0329cc84b0a8690751c4dfe4e2"
        }
      },
      "has_token": false,
      "key": null,
      "status": 204,
      "response": null,
      "duration_seconds": 0.00035995799999000155
    },
    {
      "operation": 20,
      "method": "GET",
      "path": "/restaurants/r",
      "peer": "http://independent-verifier-s2-4b92041057be-20261004t020635-peer:8080",
      "body": null,
      "has_token": false,
      "key": null,
      "status": 200,
      "response": {
        "id": "r",
        "name": "Boundary Kitchen",
        "timezone": "UTC",
        "slot_minutes": 30,
        "reservation_duration_minutes": 1000000000000000000,
        "cancellation_cutoff_minutes": 0,
        "opening_hours": [
          {
            "weekday": "tue",
            "opens": "18:10",
            "closes": "23:10"
          }
        ],
        "tables": [
          {
            "id": "t",
            "label": "Window",
            "capacity": 2
          }
        ]
      },
      "duration_seconds": 0.0003034589999515447
    },
    {
      "operation": 21,
      "method": "POST",
      "path": "/auth/login",
      "peer": "http://independent-verifier-s2-4b92041057be-20261004t020635-source:18309",
      "body": {
        "email": "large@probe.invalid",
        "password": {
          "private_value_sha256": "491506b1f4ce17e076482a59e912821481d551edcd39fdafb94c2d16817ac54a"
        }
      },
      "has_token": false,
      "key": null,
      "status": 200,
      "response": {
        "user_id": "u",
        "display_name": "Boundary Diner",
        "token": {
          "private_value_sha256": "a9c2894af2635f8a727d0d6ef21946630961d9069e31fbd8a0eb871b57f409b4"
        }
      },
      "duration_seconds": 0.02155641700005617
    },
    {
      "operation": 22,
      "method": "GET",
      "path": "/availability?restaurant_id=r&date=2035-06-05&party_size=2",
      "peer": "http://independent-verifier-s2-4b92041057be-20261004t020635-source:18309",
      "body": null,
      "has_token": false,
      "key": null,
      "status": 200,
      "response": {
        "restaurant_id": "r",
        "date": "2035-06-05",
        "timezone": "UTC",
        "slots": []
      },
      "duration_seconds": 0.0004042499999741267
    },
    {
      "operation": 23,
      "method": "POST",
      "path": "/reservations",
      "peer": "http://independent-verifier-s2-4b92041057be-20261004t020635-source:18309",
      "body": {
        "restaurant_id": "r",
        "table_id": "t",
        "starts_at_local": "2035-06-05T18:10",
        "party_size": 2
      },
      "has_token": true,
      "key": "large-duration",
      "status": 422,
      "response": {
        "error": {
          "code": "outside_opening_hours",
          "message": "outside opening hours"
        }
      },
      "duration_seconds": 0.0003537499999310967
    },
    {
      "operation": 24,
      "method": "POST",
      "path": "/_test/reset",
      "peer": "http://independent-verifier-s2-4b92041057be-20261004t020635-source:18309",
      "body": {
        "users": [
          {
            "id": "u",
            "email": "large@probe.invalid",
            "password": {
              "private_value_sha256": "491506b1f4ce17e076482a59e912821481d551edcd39fdafb94c2d16817ac54a"
            },
            "display_name": "Boundary Diner"
          }
        ],
        "restaurants": [
          {
            "id": "r",
            "name": "Boundary Kitchen",
            "timezone": "UTC",
            "slot_minutes": 30,
            "reservation_duration_minutes": 90,
            "cancellation_cutoff_minutes": 1000000000000000000,
            "opening_hours": [
              {
                "weekday": "tue",
                "opens": "18:10",
                "closes": "23:10"
              }
            ],
            "tables": [
              {
                "id": "t",
                "label": "Window",
                "capacity": 2
              }
            ]
          }
        ],
        "reservations": []
      },
      "has_token": false,
      "key": null,
      "status": 204,
      "response": null,
      "duration_seconds": 0.021618875000058324
    },
    {
      "operation": 25,
      "method": "GET",
      "path": "/restaurants/r",
      "peer": "http://independent-verifier-s2-4b92041057be-20261004t020635-source:18309",
      "body": null,
      "has_token": false,
      "key": null,
      "status": 200,
      "response": {
        "id": "r",
        "name": "Boundary Kitchen",
        "timezone": "UTC",
        "slot_minutes": 30,
        "reservation_duration_minutes": 90,
        "cancellation_cutoff_minutes": 1000000000000000000,
        "opening_hours": [
          {
            "weekday": "tue",
            "opens": "18:10",
            "closes": "23:10"
          }
        ],
        "tables": [
          {
            "id": "t",
            "label": "Window",
            "capacity": 2
          }
        ]
      },
      "duration_seconds": 0.00035875000003215973
    },
    {
      "operation": 26,
      "method": "GET",
      "path": "/_test/export",
      "peer": "http://independent-verifier-s2-4b92041057be-20261004t020635-source:18309",
      "body": null,
      "has_token": false,
      "key": null,
      "status": 200,
      "response": {
        "track": "tablekeeper",
        "format_version": 1,
        "state": {
          "private_value_sha256": "0a4ab9affa7fff66943f660dd03476292e76d987ab7e563a1de9f3d99f2d01d4"
        }
      },
      "duration_seconds": 0.00029954100000395556
    },
    {
      "operation": 27,
      "method": "POST",
      "path": "/_test/import",
      "peer": "http://independent-verifier-s2-4b92041057be-20261004t020635-peer:8080",
      "body": {
        "track": "tablekeeper",
        "format_version": 1,
        "state": {
          "private_value_sha256": "0a4ab9affa7fff66943f660dd03476292e76d987ab7e563a1de9f3d99f2d01d4"
        }
      },
      "has_token": false,
      "key": null,
      "status": 204,
      "response": null,
      "duration_seconds": 0.00037241599989101815
    },
    {
      "operation": 28,
      "method": "GET",
      "path": "/restaurants/r",
      "peer": "http://independent-verifier-s2-4b92041057be-20261004t020635-peer:8080",
      "body": null,
      "has_token": false,
      "key": null,
      "status": 200,
      "response": {
        "id": "r",
        "name": "Boundary Kitchen",
        "timezone": "UTC",
        "slot_minutes": 30,
        "reservation_duration_minutes": 90,
        "cancellation_cutoff_minutes": 1000000000000000000,
        "opening_hours": [
          {
            "weekday": "tue",
            "opens": "18:10",
            "closes": "23:10"
          }
        ],
        "tables": [
          {
            "id": "t",
            "label": "Window",
            "capacity": 2
          }
        ]
      },
      "duration_seconds": 0.00027304199988975597
    },
    {
      "operation": 29,
      "method": "POST",
      "path": "/auth/login",
      "peer": "http://independent-verifier-s2-4b92041057be-20261004t020635-source:18309",
      "body": {
        "email": "large@probe.invalid",
        "password": {
          "private_value_sha256": "491506b1f4ce17e076482a59e912821481d551edcd39fdafb94c2d16817ac54a"
        }
      },
      "has_token": false,
      "key": null,
      "status": 200,
      "response": {
        "user_id": "u",
        "display_name": "Boundary Diner",
        "token": {
          "private_value_sha256": "e755effc893605e99f7849f213dfef0a09f66f3655a99bfc5f09b01872b176b2"
        }
      },
      "duration_seconds": 0.02268099999992046
    },
    {
      "operation": 30,
      "method": "POST",
      "path": "/reservations",
      "peer": "http://independent-verifier-s2-4b92041057be-20261004t020635-source:18309",
      "body": {
        "restaurant_id": "r",
        "table_id": "t",
        "starts_at_local": "2035-06-05T18:10",
        "party_size": 2
      },
      "has_token": true,
      "key": "large-cutoff",
      "status": 201,
      "response": {
        "reservation_id": "res_567fc3c13d954433a20018f952d7bb7d",
        "reference": "23F696C9A9",
        "restaurant_id": "r",
        "table_ids": [
          "t"
        ],
        "party_size": 2,
        "starts_at_local": "2035-06-05T18:10",
        "starts_at": "2035-06-05T18:10:00+00:00",
        "ends_at": "2035-06-05T19:40:00+00:00",
        "table_id": "t",
        "status": "confirmed",
        "created_at": "2026-10-04T02:07:35.814147+00:00"
      },
      "duration_seconds": 0.0005433750000065629
    },
    {
      "operation": 31,
      "method": "GET",
      "path": "/_test/export",
      "peer": "http://independent-verifier-s2-4b92041057be-20261004t020635-source:18309",
      "body": null,
      "has_token": false,
      "key": null,
      "status": 200,
      "response": {
        "track": "tablekeeper",
        "format_version": 1,
        "state": {
          "private_value_sha256": "8b12522874fec75de05e920a72e2997e4614c5106c16faa018df4a29404b2d91"
        }
      },
      "duration_seconds": 0.00040283299995280686
    },
    {
      "operation": 32,
      "method": "POST",
      "path": "/reservations/23F696C9A9/cancel",
      "peer": "http://independent-verifier-s2-4b92041057be-20261004t020635-source:18309",
      "body": {},
      "has_token": true,
      "key": null,
      "status": 409,
      "response": {
        "error": {
          "code": "cutoff_passed",
          "message": "cutoff passed"
        }
      },
      "duration_seconds": 0.00037212500001260196
    },
    {
      "operation": 33,
      "method": "PATCH",
      "path": "/reservations/23F696C9A9",
      "peer": "http://independent-verifier-s2-4b92041057be-20261004t020635-source:18309",
      "body": {
        "party_size": 1
      },
      "has_token": true,
      "key": null,
      "status": 409,
      "response": {
        "error": {
          "code": "cutoff_passed",
          "message": "cutoff passed"
        }
      },
      "duration_seconds": 0.0003152499998577696
    },
    {
      "operation": 34,
      "method": "POST",
      "path": "/reservation-moves",
      "peer": "http://independent-verifier-s2-4b92041057be-20261004t020635-source:18309",
      "body": {
        "moves": [
          {
            "reference": "23F696C9A9",
            "party_size": 1
          }
        ]
      },
      "has_token": true,
      "key": "large-cutoff-moves",
      "status": 409,
      "response": {
        "error": {
          "code": "cutoff_passed",
          "message": "cutoff passed"
        }
      },
      "duration_seconds": 0.0003052919998935977
    },
    {
      "operation": 35,
      "method": "GET",
      "path": "/_test/export",
      "peer": "http://independent-verifier-s2-4b92041057be-20261004t020635-source:18309",
      "body": null,
      "has_token": false,
      "key": null,
      "status": 200,
      "response": {
        "track": "tablekeeper",
        "format_version": 1,
        "state": {
          "private_value_sha256": "8b12522874fec75de05e920a72e2997e4614c5106c16faa018df4a29404b2d91"
        }
      },
      "duration_seconds": 0.00034729200001493155
    },
    {
      "operation": 36,
      "method": "POST",
      "path": "/reservations",
      "peer": "http://independent-verifier-s2-4b92041057be-20261004t020635-source:18309",
      "body": {
        "restaurant_id": "r",
        "table_id": "t",
        "starts_at_local": "2035-06-05T18:10",
        "party_size": 2
      },
      "has_token": true,
      "key": "large-cutoff",
      "status": 200,
      "response": {
        "reservation_id": "res_567fc3c13d954433a20018f952d7bb7d",
        "reference": "23F696C9A9",
        "restaurant_id": "r",
        "table_ids": [
          "t"
        ],
        "party_size": 2,
        "starts_at_local": "2035-06-05T18:10",
        "starts_at": "2035-06-05T18:10:00+00:00",
        "ends_at": "2035-06-05T19:40:00+00:00",
        "table_id": "t",
        "status": "confirmed",
        "created_at": "2026-10-04T02:07:35.814147+00:00"
      },
      "duration_seconds": 0.00030883299996276037
    },
    {
      "operation": 37,
      "method": "GET",
      "path": "/_test/export",
      "peer": "http://independent-verifier-s2-4b92041057be-20261004t020635-source:18309",
      "body": null,
      "has_token": false,
      "key": null,
      "status": 200,
      "response": {
        "track": "tablekeeper",
        "format_version": 1,
        "state": {
          "private_value_sha256": "8b12522874fec75de05e920a72e2997e4614c5106c16faa018df4a29404b2d91"
        }
      },
      "duration_seconds": 0.0003305420000287995
    },
    {
      "operation": 38,
      "method": "POST",
      "path": "/_test/import",
      "peer": "http://independent-verifier-s2-4b92041057be-20261004t020635-peer:8080",
      "body": {
        "track": "tablekeeper",
        "format_version": 1,
        "state": {
          "private_value_sha256": "8b12522874fec75de05e920a72e2997e4614c5106c16faa018df4a29404b2d91"
        }
      },
      "has_token": false,
      "key": null,
      "status": 204,
      "response": null,
      "duration_seconds": 0.0004647079999813286
    },
    {
      "operation": 39,
      "method": "POST",
      "path": "/reservations",
      "peer": "http://independent-verifier-s2-4b92041057be-20261004t020635-peer:8080",
      "body": {
        "restaurant_id": "r",
        "table_id": "t",
        "starts_at_local": "2035-06-05T18:10",
        "party_size": 2
      },
      "has_token": true,
      "key": "large-cutoff",
      "status": 200,
      "response": {
        "reservation_id": "res_567fc3c13d954433a20018f952d7bb7d",
        "reference": "23F696C9A9",
        "restaurant_id": "r",
        "table_ids": [
          "t"
        ],
        "party_size": 2,
        "starts_at_local": "2035-06-05T18:10",
        "starts_at": "2035-06-05T18:10:00+00:00",
        "ends_at": "2035-06-05T19:40:00+00:00",
        "table_id": "t",
        "status": "confirmed",
        "created_at": "2026-10-04T02:07:35.814147+00:00"
      },
      "duration_seconds": 0.00028129199995419185
    }
  ],
  "results": [
    {
      "requirement_id": "TK1-probe-large-minutes-control",
      "passed": true,
      "expected": {
        "status": 204,
        "code": null
      },
      "observed": {
        "status": 204,
        "body": null
      }
    },
    {
      "requirement_id": "TK1-large-slot_minutes-reset",
      "passed": true,
      "expected": {
        "status": 204,
        "code": null
      },
      "observed": {
        "status": 204,
        "body": null
      }
    },
    {
      "requirement_id": "TK1-large-slot_minutes-detail",
      "passed": true,
      "expected": 1000000000000000000,
      "observed": {
        "id": "r",
        "name": "Boundary Kitchen",
        "timezone": "UTC",
        "slot_minutes": 1000000000000000000,
        "reservation_duration_minutes": 90,
        "cancellation_cutoff_minutes": 0,
        "opening_hours": [
          {
            "weekday": "tue",
            "opens": "18:10",
            "closes": "23:10"
          }
        ],
        "tables": [
          {
            "id": "t",
            "label": "Window",
            "capacity": 2
          }
        ]
      }
    },
    {
      "requirement_id": "TK1-large-slot_minutes-import",
      "passed": true,
      "expected": "export/import preserves the positive count exactly",
      "observed": {
        "export": 200,
        "import_status": 204,
        "detail": {
          "id": "r",
          "name": "Boundary Kitchen",
          "timezone": "UTC",
          "slot_minutes": 1000000000000000000,
          "reservation_duration_minutes": 90,
          "cancellation_cutoff_minutes": 0,
          "opening_hours": [
            {
              "weekday": "tue",
              "opens": "18:10",
              "closes": "23:10"
            }
          ],
          "tables": [
            {
              "id": "t",
              "label": "Window",
              "capacity": 2
            }
          ]
        }
      }
    },
    {
      "requirement_id": "TK1-large-grid-availability",
      "passed": true,
      "expected": {
        "status": 200,
        "code": null
      },
      "observed": {
        "status": 200,
        "body": {
          "restaurant_id": "r",
          "date": "2035-06-05",
          "timezone": "UTC",
          "slots": [
            {
              "starts_at_local": "2035-06-05T18:10",
              "starts_at": "2035-06-05T18:10:00+00:00",
              "available_table_ids": [
                "t"
              ],
              "available_options": [
                {
                  "table_ids": [
                    "t"
                  ],
                  "capacity": 2
                }
              ]
            }
          ]
        }
      }
    },
    {
      "requirement_id": "TK1-large-grid-one-opening-slot",
      "passed": true,
      "expected": [
        "2035-06-05T18:10"
      ],
      "observed": {
        "restaurant_id": "r",
        "date": "2035-06-05",
        "timezone": "UTC",
        "slots": [
          {
            "starts_at_local": "2035-06-05T18:10",
            "starts_at": "2035-06-05T18:10:00+00:00",
            "available_table_ids": [
              "t"
            ],
            "available_options": [
              {
                "table_ids": [
                  "t"
                ],
                "capacity": 2
              }
            ]
          }
        ]
      }
    },
    {
      "requirement_id": "TK1-large-grid-create",
      "passed": true,
      "expected": {
        "status": 201,
        "code": null
      },
      "observed": {
        "status": 201,
        "body": {
          "reservation_id": "res_d3b2bc09e7cf40cfa9517bc723cf247b",
          "reference": "9065667EB3",
          "restaurant_id": "r",
          "table_ids": [
            "t"
          ],
          "party_size": 2,
          "starts_at_local": "2035-06-05T18:10",
          "starts_at": "2035-06-05T18:10:00+00:00",
          "ends_at": "2035-06-05T19:40:00+00:00",
          "table_id": "t",
          "status": "confirmed",
          "created_at": "2026-10-04T02:07:35.720136+00:00"
        }
      }
    },
    {
      "requirement_id": "TK1-large-grid-late",
      "passed": true,
      "expected": {
        "status": 422,
        "code": "not_on_slot_grid"
      },
      "observed": {
        "status": 422,
        "body": {
          "error": {
            "code": "not_on_slot_grid",
            "message": "not on slot grid"
          }
        }
      }
    },
    {
      "requirement_id": "TK1-large-grid-original-receipt",
      "passed": true,
      "expected": "original receipt with 200 after amendment",
      "observed": {
        "amend_status": 200,
        "replay_status": 200,
        "receipt": {
          "reservation_id": "res_d3b2bc09e7cf40cfa9517bc723cf247b",
          "reference": "9065667EB3",
          "restaurant_id": "r",
          "table_ids": [
            "t"
          ],
          "party_size": 2,
          "starts_at_local": "2035-06-05T18:10",
          "starts_at": "2035-06-05T18:10:00+00:00",
          "ends_at": "2035-06-05T19:40:00+00:00",
          "table_id": "t",
          "status": "confirmed",
          "created_at": "2026-10-04T02:07:35.720136+00:00"
        }
      }
    },
    {
      "requirement_id": "TK1-large-grid-imported-receipt",
      "passed": true,
      "expected": "original huge-grid receipt with 200 in independent destination",
      "observed": {
        "import_status": 204,
        "replay_status": 200,
        "receipt": {
          "reservation_id": "res_d3b2bc09e7cf40cfa9517bc723cf247b",
          "reference": "9065667EB3",
          "restaurant_id": "r",
          "table_ids": [
            "t"
          ],
          "party_size": 2,
          "starts_at_local": "2035-06-05T18:10",
          "starts_at": "2035-06-05T18:10:00+00:00",
          "ends_at": "2035-06-05T19:40:00+00:00",
          "table_id": "t",
          "status": "confirmed",
          "created_at": "2026-10-04T02:07:35.720136+00:00"
        }
      }
    },
    {
      "requirement_id": "TK1-large-reservation_duration_minutes-reset",
      "passed": true,
      "expected": {
        "status": 204,
        "code": null
      },
      "observed": {
        "status": 204,
        "body": null
      }
    },
    {
      "requirement_id": "TK1-large-reservation_duration_minutes-detail",
      "passed": true,
      "expected": 1000000000000000000,
      "observed": {
        "id": "r",
        "name": "Boundary Kitchen",
        "timezone": "UTC",
        "slot_minutes": 30,
        "reservation_duration_minutes": 1000000000000000000,
        "cancellation_cutoff_minutes": 0,
        "opening_hours": [
          {
            "weekday": "tue",
            "opens": "18:10",
            "closes": "23:10"
          }
        ],
        "tables": [
          {
            "id": "t",
            "label": "Window",
            "capacity": 2
          }
        ]
      }
    },
    {
      "requirement_id": "TK1-large-reservation_duration_minutes-import",
      "passed": true,
      "expected": "export/import preserves the positive count exactly",
      "observed": {
        "export": 200,
        "import_status": 204,
        "detail": {
          "id": "r",
          "name": "Boundary Kitchen",
          "timezone": "UTC",
          "slot_minutes": 30,
          "reservation_duration_minutes": 1000000000000000000,
          "cancellation_cutoff_minutes": 0,
          "opening_hours": [
            {
              "weekday": "tue",
              "opens": "18:10",
              "closes": "23:10"
            }
          ],
          "tables": [
            {
              "id": "t",
              "label": "Window",
              "capacity": 2
            }
          ]
        }
      }
    },
    {
      "requirement_id": "TK1-large-duration-availability",
      "passed": true,
      "expected": {
        "status": 200,
        "code": null
      },
      "observed": {
        "status": 200,
        "body": {
          "restaurant_id": "r",
          "date": "2035-06-05",
          "timezone": "UTC",
          "slots": []
        }
      }
    },
    {
      "requirement_id": "TK1-large-duration-no-fitting-slot",
      "passed": true,
      "expected": [],
      "observed": {
        "restaurant_id": "r",
        "date": "2035-06-05",
        "timezone": "UTC",
        "slots": []
      }
    },
    {
      "requirement_id": "TK1-large-duration-create",
      "passed": true,
      "expected": {
        "status": 422,
        "code": "outside_opening_hours"
      },
      "observed": {
        "status": 422,
        "body": {
          "error": {
            "code": "outside_opening_hours",
            "message": "outside opening hours"
          }
        }
      }
    },
    {
      "requirement_id": "TK1-large-cancellation_cutoff_minutes-reset",
      "passed": true,
      "expected": {
        "status": 204,
        "code": null
      },
      "observed": {
        "status": 204,
        "body": null
      }
    },
    {
      "requirement_id": "TK1-large-cancellation_cutoff_minutes-detail",
      "passed": true,
      "expected": 1000000000000000000,
      "observed": {
        "id": "r",
        "name": "Boundary Kitchen",
        "timezone": "UTC",
        "slot_minutes": 30,
        "reservation_duration_minutes": 90,
        "cancellation_cutoff_minutes": 1000000000000000000,
        "opening_hours": [
          {
            "weekday": "tue",
            "opens": "18:10",
            "closes": "23:10"
          }
        ],
        "tables": [
          {
            "id": "t",
            "label": "Window",
            "capacity": 2
          }
        ]
      }
    },
    {
      "requirement_id": "TK1-large-cancellation_cutoff_minutes-import",
      "passed": true,
      "expected": "export/import preserves the positive count exactly",
      "observed": {
        "export": 200,
        "import_status": 204,
        "detail": {
          "id": "r",
          "name": "Boundary Kitchen",
          "timezone": "UTC",
          "slot_minutes": 30,
          "reservation_duration_minutes": 90,
          "cancellation_cutoff_minutes": 1000000000000000000,
          "opening_hours": [
            {
              "weekday": "tue",
              "opens": "18:10",
              "closes": "23:10"
            }
          ],
          "tables": [
            {
              "id": "t",
              "label": "Window",
              "capacity": 2
            }
          ]
        }
      }
    },
    {
      "requirement_id": "TK1-large-cutoff-create",
      "passed": true,
      "expected": {
        "status": 201,
        "code": null
      },
      "observed": {
        "status": 201,
        "body": {
          "reservation_id": "res_567fc3c13d954433a20018f952d7bb7d",
          "reference": "23F696C9A9",
          "restaurant_id": "r",
          "table_ids": [
            "t"
          ],
          "party_size": 2,
          "starts_at_local": "2035-06-05T18:10",
          "starts_at": "2035-06-05T18:10:00+00:00",
          "ends_at": "2035-06-05T19:40:00+00:00",
          "table_id": "t",
          "status": "confirmed",
          "created_at": "2026-10-04T02:07:35.814147+00:00"
        }
      }
    },
    {
      "requirement_id": "TK1-large-cutoff-cancel",
      "passed": true,
      "expected": {
        "status": 409,
        "code": "cutoff_passed"
      },
      "observed": {
        "status": 409,
        "body": {
          "error": {
            "code": "cutoff_passed",
            "message": "cutoff passed"
          }
        }
      }
    },
    {
      "requirement_id": "TK1-large-cutoff-patch",
      "passed": true,
      "expected": {
        "status": 409,
        "code": "cutoff_passed"
      },
      "observed": {
        "status": 409,
        "body": {
          "error": {
            "code": "cutoff_passed",
            "message": "cutoff passed"
          }
        }
      }
    },
    {
      "requirement_id": "TK1-large-cutoff-moves",
      "passed": true,
      "expected": {
        "status": 409,
        "code": "cutoff_passed"
      },
      "observed": {
        "status": 409,
        "body": {
          "error": {
            "code": "cutoff_passed",
            "message": "cutoff passed"
          }
        }
      }
    },
    {
      "requirement_id": "TK1-large-cutoff-rollback",
      "passed": true,
      "expected": "records, occupancy and retry keys unchanged",
      "observed": {
        "before_sha256": "326e18a215674ad68dd5d7a3888bc11077c802a5adb5e1df87a0b2f2b529e157",
        "after_sha256": "326e18a215674ad68dd5d7a3888bc11077c802a5adb5e1df87a0b2f2b529e157"
      }
    },
    {
      "requirement_id": "TK1-large-cutoff-original-receipt",
      "passed": true,
      "expected": "original receipt survives huge-cutoff failures",
      "observed": {
        "status": 200,
        "receipt": {
          "reservation_id": "res_567fc3c13d954433a20018f952d7bb7d",
          "reference": "23F696C9A9",
          "restaurant_id": "r",
          "table_ids": [
            "t"
          ],
          "party_size": 2,
          "starts_at_local": "2035-06-05T18:10",
          "starts_at": "2035-06-05T18:10:00+00:00",
          "ends_at": "2035-06-05T19:40:00+00:00",
          "table_id": "t",
          "status": "confirmed",
          "created_at": "2026-10-04T02:07:35.814147+00:00"
        }
      }
    },
    {
      "requirement_id": "TK1-large-cutoff-imported-receipt",
      "passed": true,
      "expected": "original huge-cutoff receipt with 200 in independent destination",
      "observed": {
        "import_status": 204,
        "replay_status": 200,
        "receipt": {
          "reservation_id": "res_567fc3c13d954433a20018f952d7bb7d",
          "reference": "23F696C9A9",
          "restaurant_id": "r",
          "table_ids": [
            "t"
          ],
          "party_size": 2,
          "starts_at_local": "2035-06-05T18:10",
          "starts_at": "2035-06-05T18:10:00+00:00",
          "ends_at": "2035-06-05T19:40:00+00:00",
          "table_id": "t",
          "status": "confirmed",
          "created_at": "2026-10-04T02:07:35.814147+00:00"
        }
      }
    }
  ]
}
