#0 building with "desktop-linux" instance using docker driver

#1 [internal] load build definition from Dockerfile
#1 transferring dockerfile: 210B done
#1 DONE 0.0s

#2 [internal] load metadata for docker.io/library/independent-verifier-s4-1004095136:client
#2 DONE 0.0s

#3 [internal] load .dockerignore
#3 transferring context: 2B done
#3 DONE 0.0s

#4 [1/5] FROM docker.io/library/independent-verifier-s4-1004095136:client@sha256:2a56848199b867aca32b02eb632232cdcf52f542f5a1fbfe871580e120ca36d9
#4 resolve docker.io/library/independent-verifier-s4-1004095136:client@sha256:2a56848199b867aca32b02eb632232cdcf52f542f5a1fbfe871580e120ca36d9 done
#4 DONE 0.0s

#5 [internal] load build context
#5 transferring context: 11.75MB 0.1s done
#5 DONE 0.1s

#6 [2/5] COPY stage-1 /verifier/stage-1
#6 CACHED

#7 [3/5] COPY stage-2 /verifier/stage-2
#7 CACHED

#8 [4/5] COPY stage-3 /verifier/stage-3
#8 CACHED

#9 [5/5] COPY stage-4 /verifier/stage-4
#9 DONE 0.0s

#10 exporting to image
#10 exporting layers 0.0s done
#10 exporting manifest sha256:84d79350e72235a929f1f6fdfd556715443575c0160d903f82a3f79a276bf726 0.0s done
#10 exporting config sha256:6fe16932f0ed42bb1c1a82799675f0158c6b0edf3bcb20d280b8ed1425be21d6 done
#10 exporting attestation manifest sha256:7fb7c752e651c4fbe718024bc2937d943976ebb643fd8f7e2c49c4429f65b07d done
#10 exporting manifest list sha256:47b0d79bc7ecbdc3ab2c473c08b2974d9d1cf60298548694be1897becb19732a done
#10 naming to docker.io/library/independent-verifier-s4-1004095136:client-927d1dd7 done
#10 unpacking to docker.io/library/independent-verifier-s4-1004095136:client-927d1dd7 done
#10 DONE 0.1s
