#0 building with "desktop-linux" instance using docker driver

#1 [internal] load build definition from Dockerfile
#1 transferring dockerfile: 210B done
#1 DONE 0.0s

#2 [internal] load metadata for docker.io/library/independent-verifier-s4-1004095136:client
#2 DONE 0.0s

#3 [internal] load .dockerignore
#3 transferring context: 2B done
#3 DONE 0.0s

#4 [1/5] FROM docker.io/library/independent-verifier-s4-1004095136:client@sha256:2a56848199b867aca32b02eb632232cdcf52f542f5a1fbfe871580e120ca36d9
#4 resolve docker.io/library/independent-verifier-s4-1004095136:client@sha256:2a56848199b867aca32b02eb632232cdcf52f542f5a1fbfe871580e120ca36d9 0.0s done
#4 DONE 0.0s

#5 [internal] load build context
#5 transferring context: 11.79MB 0.1s done
#5 DONE 0.1s

#6 [3/5] COPY stage-2 /verifier/stage-2
#6 CACHED

#7 [2/5] COPY stage-1 /verifier/stage-1
#7 CACHED

#8 [4/5] COPY stage-3 /verifier/stage-3
#8 CACHED

#9 [5/5] COPY stage-4 /verifier/stage-4
#9 DONE 0.0s

#10 exporting to image
#10 exporting layers 0.0s done
#10 exporting manifest sha256:61361c72f45461863bb590128605f848d6fbcaad6fd1d6474c49f91ba6c25a16 done
#10 exporting config sha256:16815297099bbd63b0ae8ff50a6ce85c980c6a83051dec39b4d7704d4cfc82d0 done
#10 exporting attestation manifest sha256:118bf48a1334a3599f68899d75fe7980ce1b2eaae77076fb5cb451dabc5bef9d done
#10 exporting manifest list sha256:3dc8275af6707e6531b538db6afb874ef282b4eec90abe7940670b1e34ebc848 done
#10 naming to docker.io/library/independent-verifier-s4-1004095136:client-c92b22a4 done
#10 unpacking to docker.io/library/independent-verifier-s4-1004095136:client-c92b22a4 done
#10 DONE 0.1s
