[
    {
        "Name": "interface-engineer-s2-20261004t022440093346z",
        "Id": "0ce0d712f72e2d17b5fa73e04c2f702f2ab9dac0425e97560e6de5531d888bcb",
        "Created": "2026-10-04T02:24:41.655400042Z",
        "Scope": "local",
        "Driver": "bridge",
        "EnableIPv4": true,
        "EnableIPv6": false,
        "IPAM": {
            "Driver": "default",
            "Options": {},
            "Config": [
                {
                    "Subnet": "172.19.0.0/16",
                    "Gateway": "172.19.0.1"
                }
            ]
        },
        "Internal": true,
        "Attachable": false,
        "Ingress": false,
        "ConfigFrom": {
            "Network": ""
        },
        "ConfigOnly": false,
        "Options": {
            "com.docker.network.enable_ipv4": "true",
            "com.docker.network.enable_ipv6": "false"
        },
        "Labels": {},
        "Containers": {
            "594aefc285634d78901f66249492a2f29ceecc6d9330098c0b42db0ec094a078": {
                "Name": "interface-engineer-s2-20261004t022440093346z-default",
                "EndpointID": "a0bbc87805454fe7d6e0d6f2b566f1c6956eac7937ceb4527e2799378d643570",
                "MacAddress": "9e:40:7c:81:54:34",
                "IPv4Address": "172.19.0.4/16",
                "IPv6Address": ""
            },
            "7eae50acfc4c683050e167e0be4a2fdc98a4451cbb3aeb3b6556aee6d68f227d": {
                "Name": "interface-engineer-s2-20261004t022440093346z-service",
                "EndpointID": "0e8a74fbda198485e5df986acda208021148d66a5b2b8a638f70a485ea3cd1b4",
                "MacAddress": "ba:8f:dd:72:d1:29",
                "IPv4Address": "172.19.0.2/16",
                "IPv6Address": ""
            },
            "d16f210ea0244484aadacfcb4138149404b796ee91842f70095773ec21a138fc": {
                "Name": "interface-engineer-s2-20261004t022440093346z-legacy",
                "EndpointID": "21342ff953aeb529dc54bc3214d6bd5f6dceb931df8e04c3a1368cbbb18781eb",
                "MacAddress": "1a:bf:f3:6e:e4:ae",
                "IPv4Address": "172.19.0.3/16",
                "IPv6Address": ""
            }
        },
        "Status": {
            "IPAM": {
                "Subnets": {
                    "172.19.0.0/16": {
                        "IPsInUse": 6,
                        "DynamicIPsAvailable": 65530
                    }
                }
            }
        }
    }
]
