#0 building with "desktop-linux" instance using docker driver

#1 [internal] load build definition from Dockerfile
#1 transferring dockerfile: 210B done
#1 DONE 0.0s

#2 [internal] load metadata for docker.io/library/independent-verifier-s4-1004095136:client
#2 DONE 0.3s

#3 [internal] load .dockerignore
#3 transferring context: 2B done
#3 DONE 0.0s

#4 [1/5] FROM docker.io/library/independent-verifier-s4-1004095136:client@sha256:2a56848199b867aca32b02eb632232cdcf52f542f5a1fbfe871580e120ca36d9
#4 resolve docker.io/library/independent-verifier-s4-1004095136:client@sha256:2a56848199b867aca32b02eb632232cdcf52f542f5a1fbfe871580e120ca36d9 0.0s done
#4 DONE 0.0s

#5 [internal] load build context
#5 transferring context: 11.71MB 0.1s done
#5 DONE 0.1s

#6 [2/5] COPY stage-1 /verifier/stage-1
#6 CACHED

#7 [3/5] COPY stage-2 /verifier/stage-2
#7 CACHED

#8 [4/5] COPY stage-3 /verifier/stage-3
#8 CACHED

#9 [5/5] COPY stage-4 /verifier/stage-4
#9 DONE 0.0s

#10 exporting to image
#10 exporting layers 0.0s done
#10 exporting manifest sha256:96e253b71f04d85f105b8b76d810791086a6476b92bf65aa6a9e8fb5591f5828 done
#10 exporting config sha256:7ac3006ab8c84f20ee768b78cb3308267cd677958c5257f6ee4a492389b2aa29 done
#10 exporting attestation manifest sha256:d5c229705b78fcff8a5e4bc9d9fe4e3a1ac02ee3c7709779fbb3fa72dd272152 done
#10 exporting manifest list sha256:5c2a3b0fd8b6962cdbe0489e3ca4c9af4b5837b027bde23aded368eb3a4f05ec done
#10 naming to docker.io/library/independent-verifier-s4-1004095136:client-abdd5a74 done
#10 unpacking to docker.io/library/independent-verifier-s4-1004095136:client-abdd5a74 0.0s done
#10 DONE 0.1s
