#0 building with "desktop-linux" instance using docker driver

#1 [internal] load build definition from Candidate5.Probe.Dockerfile
#1 transferring dockerfile: 495B done
#1 DONE 0.0s

#2 [internal] load metadata for docker.io/library/python:3.12-slim
#2 DONE 0.2s

#3 [internal] load .dockerignore
#3 transferring context: 2B done
#3 DONE 0.0s

#4 [internal] load build context
#4 transferring context: 158.15kB done
#4 DONE 0.0s

#5 [1/4] FROM docker.io/library/python:3.12-slim@sha256:dddfd7e07f9d15aeeca61529320492139d21cac7f0070c00609243e51e4e0016
#5 resolve docker.io/library/python:3.12-slim@sha256:dddfd7e07f9d15aeeca61529320492139d21cac7f0070c00609243e51e4e0016 done
#5 DONE 0.0s

#6 [2/4] RUN apt-get update && apt-get install -y --no-install-recommends tzdata && rm -rf /var/lib/apt/lists/*
#6 CACHED

#7 [3/4] WORKDIR /verifier
#7 CACHED

#8 [4/4] COPY requirements.py probe.py health.py supplemental.py reproduce.py calendar_edges.py reproduce_calendar.py race50.py wire_oracle.py legacy_receipts.py decimal_requirements.py decimal_probe.py large_minutes.py /verifier/
#8 DONE 0.0s

#9 exporting to image
#9 exporting layers 0.0s done
#9 exporting manifest sha256:90583fab5d90440c8ee8f3dfa5003310129a0389deb67ad7daff7e5083c683e4 done
#9 exporting config sha256:602b125deb09ceea533d5c50b1972b85bda11729b4cad169e8800fae2bb3f610 done
#9 exporting attestation manifest sha256:5b26ba861e6dfbeb0dd17b67cb0de81201a97442c8bbd87bd6d1f78a1bdeeeb9 done
#9 exporting manifest list sha256:a45e174d2aee708c5efae60009b400e247cd0b712a1eaa2b4174be70e1c293b5 done
#9 naming to docker.io/library/independent-verifier-s1-f5e0a532dcf6-20261004t024727:probe-runner
#9 naming to docker.io/library/independent-verifier-s1-f5e0a532dcf6-20261004t024727:probe-runner done
#9 unpacking to docker.io/library/independent-verifier-s1-f5e0a532dcf6-20261004t024727:probe-runner 0.0s done
#9 DONE 0.1s
