#0 building with "desktop-linux" instance using docker driver

#1 [internal] load build definition from OpaqueId.Probe.Dockerfile
#1 transferring dockerfile: 311B done
#1 DONE 0.0s

#2 [internal] load metadata for docker.io/library/python:3.12-slim
#2 DONE 0.2s

#3 [internal] load .dockerignore
#3 transferring context: 2B done
#3 DONE 0.0s

#4 [internal] load build context
#4 transferring context: 59.43kB done
#4 DONE 0.0s

#5 [1/3] FROM docker.io/library/python:3.12-slim@sha256:dddfd7e07f9d15aeeca61529320492139d21cac7f0070c00609243e51e4e0016
#5 resolve docker.io/library/python:3.12-slim@sha256:dddfd7e07f9d15aeeca61529320492139d21cac7f0070c00609243e51e4e0016 0.0s done
#5 DONE 0.0s

#6 [2/3] WORKDIR /verifier
#6 CACHED

#7 [3/3] COPY opaque_id_probe.py opaque_id_requirements.py semantic_probe.py semantic_oracle.py semantic_requirements.py health.py /verifier/
#7 DONE 0.0s

#8 exporting to image
#8 exporting layers 0.0s done
#8 exporting manifest sha256:07f5584c9d9eb312d23b2b138560fb717dd1e6d84789548650df3a5fef7f1fa8 done
#8 exporting config sha256:9f5d16dc939a49c54495d40c70f3f3d4ac2c4e88a298aed1c5d7786693b7516d done
#8 exporting attestation manifest sha256:f41169588cf551e9dd2f8940146da7506390cacc2e94301316e66114b47ac919
#8 exporting attestation manifest sha256:f41169588cf551e9dd2f8940146da7506390cacc2e94301316e66114b47ac919 done
#8 exporting manifest list sha256:bd94f8dfbbf1d036440bd610404ab61f569d4839757e0d2a4cb1af0d7b57761b done
#8 naming to docker.io/library/independent-verifier-num-1004042529324557:client done
#8 unpacking to docker.io/library/independent-verifier-num-1004042529324557:client done
#8 DONE 0.1s
