#0 building with "desktop-linux" instance using docker driver

#1 [internal] load build definition from Dockerfile
#1 transferring dockerfile: 557B done
#1 DONE 0.0s

#2 [internal] load metadata for docker.io/library/python:3.12-slim-bookworm
#2 DONE 0.3s

#3 [internal] load .dockerignore
#3 transferring context: 88B done
#3 DONE 0.0s

#4 [1/6] FROM docker.io/library/python:3.12-slim-bookworm@sha256:54c85f3c47607a77f32adec749d3c81d1348bf25833671f512b26a9b6d778cb3
#4 resolve docker.io/library/python:3.12-slim-bookworm@sha256:54c85f3c47607a77f32adec749d3c81d1348bf25833671f512b26a9b6d778cb3 done
#4 DONE 0.0s

#5 [internal] load build context
#5 transferring context: 31.19kB done
#5 DONE 0.0s

#6 [2/6] RUN apt-get update     && DEBIAN_FRONTEND=noninteractive apt-get install -y --no-install-recommends tzdata     && rm -rf /var/lib/apt/lists/*
#6 CACHED

#7 [3/6] WORKDIR /app
#7 CACHED

#8 [4/6] COPY server.py core.py ./
#8 CACHED

#9 [5/6] COPY web ./web
#9 DONE 0.0s

#10 [6/6] RUN python -c "import ast,pathlib; [ast.parse(p.read_text()) for p in pathlib.Path('.').glob('*.py')]"
#10 DONE 0.1s

#11 exporting to image
#11 exporting layers 0.0s done
#11 exporting manifest sha256:e8dfebc9bda90edefc95d2b73de88b8d947ec4847db9426e6fe6715baf47d6e7 done
#11 exporting config sha256:2d4c9c1f148c606531f004af3e8a1bbd98c7e2104a4a115cecb4a49abadc5bc1 done
#11 exporting attestation manifest sha256:35bb69d7419ca20c4dad1e75117833c053fcb16a619b4f1fc32ae76a478c9cea done
#11 exporting manifest list sha256:a320cfe35be109e9052d12e75faa9d7ba54e1da94eb27a7c2617635df37805cb done
#11 naming to docker.io/library/interface-engineer-tablekeeper-s2:20261004t020238327614z done
#11 unpacking to docker.io/library/interface-engineer-tablekeeper-s2:20261004t020238327614z done
#11 DONE 0.0s
