[
    {
        "Id": "fa118e34309f0d8d9eed20592a906299d0c11e8278ff2f2988cd0ac04fafd4ed",
        "Created": "2026-10-04T02:02:39.668282333Z",
        "Path": "python",
        "Args": [
            "server.py"
        ],
        "State": {
            "Status": "running",
            "Running": true,
            "Paused": false,
            "Restarting": false,
            "OOMKilled": false,
            "Dead": false,
            "Pid": 11683,
            "ExitCode": 0,
            "Error": "",
            "StartedAt": "2026-10-04T02:02:39.685638167Z",
            "FinishedAt": "0001-01-01T00:00:00Z"
        },
        "Image": "sha256:083e9f089855693f00f43e47a3c2fbe3f23397e26366bf76100c1659e751c8e1",
        "ResolvConfPath": "/var/lib/docker/containers/fa118e34309f0d8d9eed20592a906299d0c11e8278ff2f2988cd0ac04fafd4ed/resolv.conf",
        "HostnamePath": "/var/lib/docker/containers/fa118e34309f0d8d9eed20592a906299d0c11e8278ff2f2988cd0ac04fafd4ed/hostname",
        "HostsPath": "/var/lib/docker/containers/fa118e34309f0d8d9eed20592a906299d0c11e8278ff2f2988cd0ac04fafd4ed/hosts",
        "LogPath": "/var/lib/docker/containers/fa118e34309f0d8d9eed20592a906299d0c11e8278ff2f2988cd0ac04fafd4ed/fa118e34309f0d8d9eed20592a906299d0c11e8278ff2f2988cd0ac04fafd4ed-json.log",
        "Name": "/interface-engineer-s2-20261004t020238327614z-legacy",
        "RestartCount": 0,
        "Driver": "overlayfs",
        "Platform": "linux",
        "MountLabel": "",
        "ProcessLabel": "",
        "AppArmorProfile": "",
        "ExecIDs": null,
        "HostConfig": {
            "Binds": null,
            "ContainerIDFile": "",
            "LogConfig": {
                "Type": "json-file",
                "Config": {}
            },
            "NetworkMode": "interface-engineer-s2-20261004t020238327614z",
            "PortBindings": {
                "8080/tcp": [
                    {
                        "HostIp": "",
                        "HostPort": "18211"
                    }
                ]
            },
            "RestartPolicy": {
                "Name": "no",
                "MaximumRetryCount": 0
            },
            "AutoRemove": false,
            "VolumeDriver": "",
            "VolumesFrom": null,
            "ConsoleSize": [
                0,
                0
            ],
            "CapAdd": null,
            "CapDrop": null,
            "CgroupnsMode": "private",
            "Dns": null,
            "DnsOptions": [],
            "DnsSearch": [],
            "ExtraHosts": null,
            "GroupAdd": null,
            "IpcMode": "private",
            "Cgroup": "",
            "Links": null,
            "OomScoreAdj": 0,
            "PidMode": "",
            "Privileged": false,
            "PublishAllPorts": false,
            "ReadonlyRootfs": false,
            "SecurityOpt": null,
            "UTSMode": "",
            "UsernsMode": "",
            "ShmSize": 67108864,
            "Runtime": "runc",
            "Isolation": "",
            "CpuShares": 0,
            "Memory": 2147483648,
            "NanoCpus": 2000000000,
            "CgroupParent": "",
            "BlkioWeight": 0,
            "BlkioWeightDevice": [],
            "BlkioDeviceReadBps": [],
            "BlkioDeviceWriteBps": [],
            "BlkioDeviceReadIOps": [],
            "BlkioDeviceWriteIOps": [],
            "CpuPeriod": 0,
            "CpuQuota": 0,
            "CpuRealtimePeriod": 0,
            "CpuRealtimeRuntime": 0,
            "CpusetCpus": "",
            "CpusetMems": "",
            "Devices": [],
            "DeviceCgroupRules": null,
            "DeviceRequests": null,
            "MemoryReservation": 0,
            "MemorySwap": 4294967296,
            "MemorySwappiness": null,
            "OomKillDisable": null,
            "PidsLimit": null,
            "Ulimits": null,
            "CpuCount": 0,
            "CpuPercent": 0,
            "IOMaximumIOps": 0,
            "IOMaximumBandwidth": 0,
            "MaskedPaths": [
                "/proc/acpi",
                "/proc/asound",
                "/proc/interrupts",
                "/proc/kcore",
                "/proc/keys",
                "/proc/latency_stats",
                "/proc/sched_debug",
                "/proc/scsi",
                "/proc/timer_list",
                "/proc/timer_stats",
                "/sys/devices/virtual/powercap",
                "/sys/firmware"
            ],
            "ReadonlyPaths": [
                "/proc/bus",
                "/proc/fs",
                "/proc/irq",
                "/proc/sys",
                "/proc/sysrq-trigger"
            ]
        },
        "Storage": {
            "RootFS": {
                "Snapshot": {
                    "Name": "overlayfs"
                }
            }
        },
        "Mounts": [],
        "Config": {
            "Hostname": "fa118e34309f",
            "Domainname": "",
            "User": "65532:65532",
            "AttachStdin": false,
            "AttachStdout": false,
            "AttachStderr": false,
            "ExposedPorts": {
                "8080/tcp": {}
            },
            "Tty": false,
            "OpenStdin": false,
            "StdinOnce": false,
            "Env": [
                "PORT=8080",
                "PATH=/usr/local/bin:/usr/local/sbin:/usr/local/bin:/usr/sbin:/usr/bin:/sbin:/bin",
                "LANG=C.UTF-8",
                "GPG_KEY=7169605F62C751356D054A26A821E680E5FA6305",
                "PYTHON_VERSION=3.12.15",
                "PYTHON_SHA256=c2c4321961fab0fb999d66e0cecf521c2ab3994c7992873ea99e306c1094fd5a",
                "PYTHONUNBUFFERED=1",
                "PYTHONDONTWRITEBYTECODE=1"
            ],
            "Cmd": [
                "python",
                "server.py"
            ],
            "Image": "interface-engineer-tablekeeper-s1:upgrade-20261004t020238327614z",
            "Volumes": null,
            "WorkingDir": "/app",
            "Entrypoint": null,
            "Labels": {}
        },
        "NetworkSettings": {
            "SandboxID": "3e7d8f8321724d45e75af061d87fd55e4964c6407bb1d650854f9f671e8b36c5",
            "SandboxKey": "/var/run/docker/netns/3e7d8f832172",
            "Ports": {
                "8080/tcp": []
            },
            "Networks": {
                "interface-engineer-s2-20261004t020238327614z": {
                    "IPAMConfig": null,
                    "Links": null,
                    "Aliases": null,
                    "DriverOpts": null,
                    "GwPriority": 0,
                    "NetworkID": "595f0312a692e978dabfae389d85519dfbebcdd99ed4371d64a416c53055ee0e",
                    "EndpointID": "1e8e6eea4f5481985757a60ba3093b0f40b5d60ed18fe2b5f93887d12a047096",
                    "Gateway": "",
                    "IPAddress": "172.18.0.3",
                    "MacAddress": "6a:66:38:ee:ae:99",
                    "IPPrefixLen": 16,
                    "IPv6Gateway": "",
                    "GlobalIPv6Address": "",
                    "GlobalIPv6PrefixLen": 0,
                    "DNSNames": [
                        "interface-engineer-s2-20261004t020238327614z-legacy",
                        "fa118e34309f"
                    ]
                }
            }
        },
        "ImageManifestDescriptor": {
            "mediaType": "application/vnd.oci.image.manifest.v1+json",
            "digest": "sha256:916afbb3ebc8eacbfa550429a7be8fc81c1765771422990b3759ddeb84095c65",
            "size": 1806,
            "platform": {
                "architecture": "arm64",
                "os": "linux"
            }
        }
    }
]
