#0 building with "desktop-linux" instance using docker driver

#1 [internal] load build definition from Dockerfile
#1 transferring dockerfile: 542B done
#1 DONE 0.0s

#2 [internal] load metadata for docker.io/library/python:3.12-slim-bookworm
#2 DONE 0.4s

#3 [internal] load .dockerignore
#3 transferring context: 74B done
#3 DONE 0.0s

#4 [1/5] FROM docker.io/library/python:3.12-slim-bookworm@sha256:54c85f3c47607a77f32adec749d3c81d1348bf25833671f512b26a9b6d778cb3
#4 resolve docker.io/library/python:3.12-slim-bookworm@sha256:54c85f3c47607a77f32adec749d3c81d1348bf25833671f512b26a9b6d778cb3 done
#4 DONE 0.0s

#5 [internal] load build context
#5 transferring context: 59B done
#5 DONE 0.0s

#6 [3/5] WORKDIR /app
#6 CACHED

#7 [2/5] RUN apt-get update     && DEBIAN_FRONTEND=noninteractive apt-get install -y --no-install-recommends tzdata     && rm -rf /var/lib/apt/lists/*
#7 CACHED

#8 [4/5] COPY server.py core.py ./
#8 CACHED

#9 [5/5] RUN python -c "import ast,pathlib; [ast.parse(p.read_text()) for p in pathlib.Path('.').glob('*.py')]"
#9 CACHED

#10 exporting to image
#10 exporting layers done
#10 exporting manifest sha256:0e373d93996ca6cf7599e6478db1d50efdb2e60ce4d4764b6a1e9dc24059a12c done
#10 exporting config sha256:64d3fb6b4b2623fc5c15bd03129805f80ace19927e1e6798d12949c3be95f96e done
#10 exporting attestation manifest sha256:65bf685600292c6716f83b721831276b3983b06ff9dba25d6827929d036a7157 done
#10 exporting manifest list sha256:e0e54bf8b613feb5db7f1fbc3acf1688cc9c684ad837110df8eb33487dc2b0d5 done
#10 naming to docker.io/library/interface-engineer-tablekeeper-s1:20261004t010412572868z done
#10 unpacking to docker.io/library/interface-engineer-tablekeeper-s1:20261004t010412572868z done
#10 DONE 0.0s
