#0 building with "desktop-linux" instance using docker driver

#1 [internal] load build definition from Dockerfile
#1 transferring dockerfile: 542B done
#1 DONE 0.0s

#2 [internal] load metadata for docker.io/library/python:3.12-slim-bookworm
#2 DONE 0.4s

#3 [internal] load .dockerignore
#3 transferring context: 74B done
#3 DONE 0.0s

#4 [1/5] FROM docker.io/library/python:3.12-slim-bookworm@sha256:54c85f3c47607a77f32adec749d3c81d1348bf25833671f512b26a9b6d778cb3
#4 resolve docker.io/library/python:3.12-slim-bookworm@sha256:54c85f3c47607a77f32adec749d3c81d1348bf25833671f512b26a9b6d778cb3 0.0s done
#4 DONE 0.0s

#5 [internal] load build context
#5 transferring context: 32.04kB done
#5 DONE 0.0s

#6 [2/5] RUN apt-get update     && DEBIAN_FRONTEND=noninteractive apt-get install -y --no-install-recommends tzdata     && rm -rf /var/lib/apt/lists/*
#6 CACHED

#7 [3/5] WORKDIR /app
#7 CACHED

#8 [4/5] COPY server.py core.py ./
#8 DONE 0.0s

#9 [5/5] RUN python -c "import ast,pathlib; [ast.parse(p.read_text()) for p in pathlib.Path('.').glob('*.py')]"
#9 DONE 0.1s

#10 exporting to image
#10 exporting layers 0.0s done
#10 exporting manifest sha256:26f834bbd0dc37fafe1f3fa9619158dace896f3ef9e2acc6200f5da38fb25f76 done
#10 exporting config sha256:076d79196e03a186e2f3fd72c4c3d4373db9fd1c5a82205ad8e18d05e7c8a749 done
#10 exporting attestation manifest sha256:281cd251c15e50db78ca5b274cca19130b9f1ca4702ef8ea2b35ab246cc5fe86 done
#10 exporting manifest list sha256:f60f03d7029b6a2fb77052a5bca5c086e21fa7a9e37de1b2c8156102543824e3 done
#10 naming to docker.io/library/systems-engineer-tablekeeper-s1:builder-01 done
#10 unpacking to docker.io/library/systems-engineer-tablekeeper-s1:builder-01 done
#10 DONE 0.0s
