#0 building with "desktop-linux" instance using docker driver

#1 [internal] load build definition from Dockerfile
#1 transferring dockerfile: 542B done
#1 DONE 0.0s

#2 [internal] load metadata for docker.io/library/python:3.12-slim-bookworm
#2 DONE 0.4s

#3 [internal] load .dockerignore
#3 transferring context: 74B done
#3 DONE 0.0s

#4 [1/5] FROM docker.io/library/python:3.12-slim-bookworm@sha256:54c85f3c47607a77f32adec749d3c81d1348bf25833671f512b26a9b6d778cb3
#4 resolve docker.io/library/python:3.12-slim-bookworm@sha256:54c85f3c47607a77f32adec749d3c81d1348bf25833671f512b26a9b6d778cb3 0.0s done
#4 DONE 0.0s

#5 [internal] load build context
#5 transferring context: 42.29kB done
#5 DONE 0.0s

#6 [2/5] RUN apt-get update     && DEBIAN_FRONTEND=noninteractive apt-get install -y --no-install-recommends tzdata     && rm -rf /var/lib/apt/lists/*
#6 CACHED

#7 [3/5] WORKDIR /app
#7 CACHED

#8 [4/5] COPY server.py core.py ./
#8 DONE 0.0s

#9 [5/5] RUN python -c "import ast,pathlib; [ast.parse(p.read_text()) for p in pathlib.Path('.').glob('*.py')]"
#9 DONE 0.1s

#10 exporting to image
#10 exporting layers 0.0s done
#10 exporting manifest sha256:916afbb3ebc8eacbfa550429a7be8fc81c1765771422990b3759ddeb84095c65 done
#10 exporting config sha256:2c5ec26409b278cceddd6848c47213a5610743d3b83c4966fe8b61cba7211510 done
#10 exporting attestation manifest sha256:918c98180c9402c69231609eadbef2a463e960c7ff4816b4b48842af7bdf469c done
#10 exporting manifest list sha256:9f139407799f82fd861093c72ccb25185ce1ce3dfb2bdd3e08b5ae0cf340aad9 done
#10 naming to docker.io/library/systems-engineer-tablekeeper-s1:minute-04 done
#10 unpacking to docker.io/library/systems-engineer-tablekeeper-s1:minute-04 done
#10 DONE 0.0s
