#0 building with "desktop-linux" instance using docker driver

#1 [internal] load build definition from Dockerfile
#1 transferring dockerfile: 542B done
#1 DONE 0.0s

#2 [internal] load metadata for docker.io/library/python:3.12-slim-bookworm
#2 DONE 0.4s

#3 [internal] load .dockerignore
#3 transferring context: 74B done
#3 DONE 0.0s

#4 [1/5] FROM docker.io/library/python:3.12-slim-bookworm@sha256:54c85f3c47607a77f32adec749d3c81d1348bf25833671f512b26a9b6d778cb3
#4 resolve docker.io/library/python:3.12-slim-bookworm@sha256:54c85f3c47607a77f32adec749d3c81d1348bf25833671f512b26a9b6d778cb3 done
#4 DONE 0.0s

#5 [internal] load build context
#5 transferring context: 38.17kB done
#5 DONE 0.0s

#6 [2/5] RUN apt-get update     && DEBIAN_FRONTEND=noninteractive apt-get install -y --no-install-recommends tzdata     && rm -rf /var/lib/apt/lists/*
#6 CACHED

#7 [3/5] WORKDIR /app
#7 CACHED

#8 [4/5] COPY server.py core.py ./
#8 DONE 0.0s

#9 [5/5] RUN python -c "import ast,pathlib; [ast.parse(p.read_text()) for p in pathlib.Path('.').glob('*.py')]"
#9 DONE 0.1s

#10 exporting to image
#10 exporting layers 0.0s done
#10 exporting manifest sha256:14f5b03ce223b16d387ff20270fe1f9622bd4eeb4fef49a3e25d63a21643f594 done
#10 exporting config sha256:d024cec1cd81f73e1b1091408737c792690cfbad139c028380f19e1dd64d080e done
#10 exporting attestation manifest sha256:2ca68b2479d3ead2aae7a5ce0c1aded8c45df11cc0b38364ae7dbfe1cd88bd41 done
#10 exporting manifest list sha256:78c02c8628727592cc55e68d907dc5bee95e622c4991f84bc777a4fa4bc12b0e done
#10 naming to docker.io/library/systems-engineer-tablekeeper-s1:repair-01 done
#10 unpacking to docker.io/library/systems-engineer-tablekeeper-s1:repair-01 0.0s done
#10 DONE 0.1s
