{
  "scope": "coordinator artifact metadata audit; independent execution remains in verifier reports",
  "stages": [
    {
      "stage": 1,
      "candidate_full_revision": "75005d57fe0904753eac4eab5bf4e4c9a78b6d1b",
      "matrix": "evidence/independent-verifier/stage-1/candidate-7/coverage.csv",
      "rows": 4275,
      "normative_rows": 4253,
      "diagnostic_rows": 22,
      "errors": [],
      "status": "pass"
    },
    {
      "stage": 2,
      "candidate_full_revision": "4dba10246b07b2dda19de260d529f9d94ba0a1ed",
      "matrix": "evidence/independent-verifier/stage-2/candidate-2/file-link-addendum-01/coverage.csv",
      "rows": 6571,
      "normative_rows": 6549,
      "diagnostic_rows": 22,
      "errors": [],
      "status": "pass"
    },
    {
      "stage": 3,
      "candidate_full_revision": "91e2c471acded1b861b3fec725f202297b1c6740",
      "matrix": "evidence/independent-verifier/stage-3/candidate-1/coverage.csv",
      "rows": 7381,
      "normative_rows": 7359,
      "diagnostic_rows": 22,
      "errors": [],
      "status": "pass"
    },
    {
      "stage": 4,
      "candidate_full_revision": "58270860cb6a762c8a4c2a551672701fb00bd613",
      "matrix": "evidence/independent-verifier/stage-4/candidate-2/coverage.csv",
      "rows": 7862,
      "normative_rows": 7840,
      "diagnostic_rows": 22,
      "errors": [],
      "status": "pass"
    }
  ]
}
