[
    {
        "Id": "02984deb3b35bac1864c43bf8493bd158369dd6fda817725773ff7cc759606e3",
        "Created": "2026-10-04T05:06:53.599671917Z",
        "Path": "python",
        "Args": [
            "server.py"
        ],
        "State": {
            "Status": "running",
            "Running": true,
            "Paused": false,
            "Restarting": false,
            "OOMKilled": false,
            "Dead": false,
            "Pid": 639,
            "ExitCode": 0,
            "Error": "",
            "StartedAt": "2026-10-04T05:06:53.620793001Z",
            "FinishedAt": "0001-01-01T00:00:00Z"
        },
        "Image": "sha256:d71fc5d4782942e9b4c7bb0b8dcbd94bc3b795125c7080fa3527cba3b6cdff8b",
        "ResolvConfPath": "/var/lib/docker/containers/02984deb3b35bac1864c43bf8493bd158369dd6fda817725773ff7cc759606e3/resolv.conf",
        "HostnamePath": "/var/lib/docker/containers/02984deb3b35bac1864c43bf8493bd158369dd6fda817725773ff7cc759606e3/hostname",
        "HostsPath": "/var/lib/docker/containers/02984deb3b35bac1864c43bf8493bd158369dd6fda817725773ff7cc759606e3/hosts",
        "LogPath": "/var/lib/docker/containers/02984deb3b35bac1864c43bf8493bd158369dd6fda817725773ff7cc759606e3/02984deb3b35bac1864c43bf8493bd158369dd6fda817725773ff7cc759606e3-json.log",
        "Name": "/independent-verifier-s1-75005d57fe09-20261004t050649-source",
        "RestartCount": 0,
        "Driver": "overlayfs",
        "Platform": "linux",
        "MountLabel": "",
        "ProcessLabel": "",
        "AppArmorProfile": "",
        "ExecIDs": null,
        "HostConfig": {
            "Binds": null,
            "ContainerIDFile": "",
            "LogConfig": {
                "Type": "json-file",
                "Config": {}
            },
            "NetworkMode": "independent-verifier-s1-75005d57fe09-20261004t050649-net",
            "PortBindings": {
                "18309/tcp": [
                    {
                        "HostIp": "127.0.0.1",
                        "HostPort": "18300"
                    }
                ]
            },
            "RestartPolicy": {
                "Name": "no",
                "MaximumRetryCount": 0
            },
            "AutoRemove": false,
            "VolumeDriver": "",
            "VolumesFrom": null,
            "ConsoleSize": [
                0,
                0
            ],
            "CapAdd": null,
            "CapDrop": null,
            "CgroupnsMode": "private",
            "Dns": null,
            "DnsOptions": [],
            "DnsSearch": [],
            "ExtraHosts": null,
            "GroupAdd": null,
            "IpcMode": "private",
            "Cgroup": "",
            "Links": null,
            "OomScoreAdj": 0,
            "PidMode": "",
            "Privileged": false,
            "PublishAllPorts": false,
            "ReadonlyRootfs": false,
            "SecurityOpt": null,
            "UTSMode": "",
            "UsernsMode": "",
            "ShmSize": 67108864,
            "Runtime": "runc",
            "Isolation": "",
            "CpuShares": 0,
            "Memory": 2147483648,
            "NanoCpus": 2000000000,
            "CgroupParent": "",
            "BlkioWeight": 0,
            "BlkioWeightDevice": [],
            "BlkioDeviceReadBps": [],
            "BlkioDeviceWriteBps": [],
            "BlkioDeviceReadIOps": [],
            "BlkioDeviceWriteIOps": [],
            "CpuPeriod": 0,
            "CpuQuota": 0,
            "CpuRealtimePeriod": 0,
            "CpuRealtimeRuntime": 0,
            "CpusetCpus": "",
            "CpusetMems": "",
            "Devices": [],
            "DeviceCgroupRules": null,
            "DeviceRequests": null,
            "MemoryReservation": 0,
            "MemorySwap": 4294967296,
            "MemorySwappiness": null,
            "OomKillDisable": null,
            "PidsLimit": null,
            "Ulimits": null,
            "CpuCount": 0,
            "CpuPercent": 0,
            "IOMaximumIOps": 0,
            "IOMaximumBandwidth": 0,
            "MaskedPaths": [
                "/proc/acpi",
                "/proc/asound",
                "/proc/interrupts",
                "/proc/kcore",
                "/proc/keys",
                "/proc/latency_stats",
                "/proc/sched_debug",
                "/proc/scsi",
                "/proc/timer_list",
                "/proc/timer_stats",
                "/sys/devices/virtual/powercap",
                "/sys/firmware"
            ],
            "ReadonlyPaths": [
                "/proc/bus",
                "/proc/fs",
                "/proc/irq",
                "/proc/sys",
                "/proc/sysrq-trigger"
            ]
        },
        "Storage": {
            "RootFS": {
                "Snapshot": {
                    "Name": "overlayfs"
                }
            }
        },
        "Mounts": [],
        "Config": {
            "Hostname": "02984deb3b35",
            "Domainname": "",
            "User": "65532:65532",
            "AttachStdin": false,
            "AttachStdout": false,
            "AttachStderr": false,
            "ExposedPorts": {
                "18309/tcp": {},
                "8080/tcp": {}
            },
            "Tty": false,
            "OpenStdin": false,
            "StdinOnce": false,
            "Env": [
                "PORT=18309",
                "PATH=/usr/local/bin:/usr/local/sbin:/usr/local/bin:/usr/sbin:/usr/bin:/sbin:/bin",
                "LANG=C.UTF-8",
                "GPG_KEY=7169605F62C751356D054A26A821E680E5FA6305",
                "PYTHON_VERSION=3.12.15",
                "PYTHON_SHA256=c2c4321961fab0fb999d66e0cecf521c2ab3994c7992873ea99e306c1094fd5a",
                "PYTHONUNBUFFERED=1",
                "PYTHONDONTWRITEBYTECODE=1"
            ],
            "Cmd": [
                "python",
                "server.py"
            ],
            "Image": "independent-verifier-s1-75005d57fe09-20261004t050649:candidate",
            "Volumes": null,
            "WorkingDir": "/app",
            "Entrypoint": null,
            "Labels": {}
        },
        "NetworkSettings": {
            "SandboxID": "9b3277d20f30e5205bf8523232a88a699256602ee8af5954d059f9744117d24a",
            "SandboxKey": "/var/run/docker/netns/9b3277d20f30",
            "Ports": {
                "18309/tcp": []
            },
            "Networks": {
                "independent-verifier-s1-75005d57fe09-20261004t050649-net": {
                    "IPAMConfig": null,
                    "Links": null,
                    "Aliases": null,
                    "DriverOpts": null,
                    "GwPriority": 0,
                    "NetworkID": "285871b3c49ba12b250d19c58bbcdee502fb047628a2afbdb647b36594681005",
                    "EndpointID": "33218d26e847c64652f9907d8b8bb5d8d7ab196d4eeb4149cc2c0e8a3a4d9444",
                    "Gateway": "",
                    "IPAddress": "172.18.0.2",
                    "MacAddress": "d2:44:79:39:0f:ee",
                    "IPPrefixLen": 16,
                    "IPv6Gateway": "",
                    "GlobalIPv6Address": "",
                    "GlobalIPv6PrefixLen": 0,
                    "DNSNames": [
                        "independent-verifier-s1-75005d57fe09-20261004t050649-source",
                        "02984deb3b35"
                    ]
                }
            }
        },
        "ImageManifestDescriptor": {
            "mediaType": "application/vnd.oci.image.manifest.v1+json",
            "digest": "sha256:5f1dd233fe2c8f91707e84d2ef9ebee7e4fc685f60e6dfd6ead63e16af1b44ee",
            "size": 1806,
            "platform": {
                "architecture": "arm64",
                "os": "linux"
            }
        }
    }
]
