Traceback (most recent call last):
  File "/verifier/stage-3/stage3_browser.py", line 186, in <module>
    if __name__=='__main__':main()
                            ^^^^^^
  File "/verifier/stage-3/stage3_browser.py", line 184, in main
    asyncio.run(run(release,out) if a.mode=='product' else upgrade(release,out,a.mode))
  File "/usr/local/lib/python3.12/asyncio/runners.py", line 195, in run
    return runner.run(main)
           ^^^^^^^^^^^^^^^^
  File "/usr/local/lib/python3.12/asyncio/runners.py", line 118, in run
    return self._loop.run_until_complete(task)
           ^^^^^^^^^^^^^^^^^^^^^^^^^^^^^^^^^^^
  File "/usr/local/lib/python3.12/asyncio/base_events.py", line 691, in run_until_complete
    return future.result()
           ^^^^^^^^^^^^^^^
  File "/verifier/stage-3/stage3_browser.py", line 97, in run
    await lookup(page,ref);await page.locator(selectors['series_result']).wait_for()
                           ^^^^^^^^^^^^^^^^^^^^^^^^^^^^^^^^^^^^^^^^^^^^^^^^^^^^^^^^^
  File "/usr/local/lib/python3.12/site-packages/playwright/async_api/_generated.py", line 20672, in wait_for
    await self._impl_obj.wait_for(timeout=to_milliseconds(timeout), state=state)
  File "/usr/local/lib/python3.12/site-packages/playwright/_impl/_locator.py", line 752, in wait_for
    await self._frame.wait_for_selector(
  File "/usr/local/lib/python3.12/site-packages/playwright/_impl/_frame.py", line 395, in wait_for_selector
    await self._channel.send(
  File "/usr/local/lib/python3.12/site-packages/playwright/_impl/_connection.py", line 76, in send
    return await self._connection.wrap_api_call(
           ^^^^^^^^^^^^^^^^^^^^^^^^^^^^^^^^^^^^^
  File "/usr/local/lib/python3.12/site-packages/playwright/_impl/_connection.py", line 632, in wrap_api_call
    raise rewrite_error(error, f"{parsed_st['apiName']}: {error}") from None
playwright._impl._errors.TimeoutError: Locator.wait_for: Timeout 5000ms exceeded.
Call log:
  - waiting for locator("[data-testid=\"series-occurrences\"]") to be visible

