#0 building with "desktop-linux" instance using docker driver

#1 [internal] load build definition from Dockerfile
#1 transferring dockerfile: 542B done
#1 DONE 0.0s

#2 [internal] load metadata for docker.io/library/python:3.12-slim-bookworm
#2 ...

#3 [auth] library/python:pull token for registry-1.docker.io
#3 DONE 0.0s

#2 [internal] load metadata for docker.io/library/python:3.12-slim-bookworm
#2 DONE 0.7s

#4 [internal] load .dockerignore
#4 transferring context: 74B done
#4 DONE 0.0s

#5 [1/5] FROM docker.io/library/python:3.12-slim-bookworm@sha256:54c85f3c47607a77f32adec749d3c81d1348bf25833671f512b26a9b6d778cb3
#5 resolve docker.io/library/python:3.12-slim-bookworm@sha256:54c85f3c47607a77f32adec749d3c81d1348bf25833671f512b26a9b6d778cb3 done
#5 DONE 0.0s

#6 [internal] load build context
#6 transferring context: 46.91kB done
#6 DONE 0.0s

#7 [2/5] RUN apt-get update     && DEBIAN_FRONTEND=noninteractive apt-get install -y --no-install-recommends tzdata     && rm -rf /var/lib/apt/lists/*
#7 CACHED

#8 [3/5] WORKDIR /app
#8 CACHED

#9 [4/5] COPY server.py core.py ./
#9 DONE 0.0s

#10 [5/5] RUN python -c "import ast,pathlib; [ast.parse(p.read_text()) for p in pathlib.Path('.').glob('*.py')]"
#10 DONE 0.1s

#11 exporting to image
#11 exporting layers 0.0s done
#11 exporting manifest sha256:343efc3cb1944199f588ce56ea3d30cf34190e293cf216121d2e42ae0cac49cc done
#11 exporting config sha256:1dca57ec74acab873a73a222cf5f82d07486304312efd6c7a78804f13aae0149 done
#11 exporting attestation manifest sha256:68cd139a1f256393fecebba50bdad04b120073ca99462db826ef28fce0879ca9 done
#11 exporting manifest list sha256:3c339bfb7afbf2f441e61e82b9c12335534083e33166b76a27a7c976254b0cbd done
#11 naming to docker.io/library/systems-engineer-tablekeeper-s2:api-20261004t013915 done
#11 unpacking to docker.io/library/systems-engineer-tablekeeper-s2:api-20261004t013915 done
#11 DONE 0.0s
