#0 building with "desktop-linux" instance using docker driver

#1 [internal] load build definition from Dockerfile
#1 transferring dockerfile: 556B done
#1 DONE 0.0s

#2 [internal] load metadata for docker.io/library/python:3.12-slim-bookworm
#2 DONE 0.2s

#3 [internal] load .dockerignore
#3 transferring context: 89B done
#3 DONE 0.0s

#4 [1/5] FROM docker.io/library/python:3.12-slim-bookworm@sha256:54c85f3c47607a77f32adec749d3c81d1348bf25833671f512b26a9b6d778cb3
#4 resolve docker.io/library/python:3.12-slim-bookworm@sha256:54c85f3c47607a77f32adec749d3c81d1348bf25833671f512b26a9b6d778cb3 done
#4 DONE 0.0s

#5 [internal] load build context
#5 transferring context: 55.07kB done
#5 DONE 0.0s

#6 [5/5] RUN python -c "import ast,pathlib; [ast.parse(p.read_text()) for p in pathlib.Path('.').glob('*.py')]"
#6 CACHED

#7 exporting to image
#7 exporting layers done
#7 exporting manifest sha256:a50bf567ab390b85b7a726e8c216490b65ad0b4e54313ca49bfb56e9a9c96c61 done
#7 exporting config sha256:1ff7de01af897ac4a7f3b6d5a842c3825ecc729c3b84d5a5dc2dcc773c2c34bc done
#7 exporting attestation manifest sha256:1c1edff8fa6b9a47dfc458f437277ddf97d769ea6e6454008d8d9e5d07700dd9 done
#7 exporting manifest list sha256:56f70a3d45a0a90bd4a58d21bd03be6b849cb3e083705840d03e03793d287803 done
#7 naming to docker.io/library/independent-verifier-num-1004042317580771:current done
#7 unpacking to docker.io/library/independent-verifier-num-1004042317580771:current done
#7 DONE 0.0s
