[
    {
        "Id": "51a022e3a42ddb3f10d6d99fa47bb794681629f96ef33a5303856ea09a3a1c90",
        "Created": "2026-10-04T04:23:39.782452297Z",
        "Path": "python",
        "Args": [
            "server.py"
        ],
        "State": {
            "Status": "running",
            "Running": true,
            "Paused": false,
            "Restarting": false,
            "OOMKilled": false,
            "Dead": false,
            "Pid": 3931,
            "ExitCode": 0,
            "Error": "",
            "StartedAt": "2026-10-04T04:23:39.813787088Z",
            "FinishedAt": "0001-01-01T00:00:00Z"
        },
        "Image": "sha256:71c4b247b727e3525ca7a93afbd3a870649cfc4827a1ce41a4f219d43068b162",
        "ResolvConfPath": "/var/lib/docker/containers/51a022e3a42ddb3f10d6d99fa47bb794681629f96ef33a5303856ea09a3a1c90/resolv.conf",
        "HostnamePath": "/var/lib/docker/containers/51a022e3a42ddb3f10d6d99fa47bb794681629f96ef33a5303856ea09a3a1c90/hostname",
        "HostsPath": "/var/lib/docker/containers/51a022e3a42ddb3f10d6d99fa47bb794681629f96ef33a5303856ea09a3a1c90/hosts",
        "LogPath": "/var/lib/docker/containers/51a022e3a42ddb3f10d6d99fa47bb794681629f96ef33a5303856ea09a3a1c90/51a022e3a42ddb3f10d6d99fa47bb794681629f96ef33a5303856ea09a3a1c90-json.log",
        "Name": "/independent-verifier-num-1004042317580771-legacy",
        "RestartCount": 0,
        "Driver": "overlayfs",
        "Platform": "linux",
        "MountLabel": "",
        "ProcessLabel": "",
        "AppArmorProfile": "",
        "ExecIDs": null,
        "HostConfig": {
            "Binds": null,
            "ContainerIDFile": "",
            "LogConfig": {
                "Type": "json-file",
                "Config": {}
            },
            "NetworkMode": "independent-verifier-num-1004042317580771-net",
            "PortBindings": {
                "18338/tcp": [
                    {
                        "HostIp": "127.0.0.1",
                        "HostPort": "18338"
                    }
                ]
            },
            "RestartPolicy": {
                "Name": "no",
                "MaximumRetryCount": 0
            },
            "AutoRemove": false,
            "VolumeDriver": "",
            "VolumesFrom": null,
            "ConsoleSize": [
                0,
                0
            ],
            "CapAdd": null,
            "CapDrop": null,
            "CgroupnsMode": "private",
            "Dns": null,
            "DnsOptions": [],
            "DnsSearch": [],
            "ExtraHosts": null,
            "GroupAdd": null,
            "IpcMode": "private",
            "Cgroup": "",
            "Links": null,
            "OomScoreAdj": 0,
            "PidMode": "",
            "Privileged": false,
            "PublishAllPorts": false,
            "ReadonlyRootfs": false,
            "SecurityOpt": null,
            "UTSMode": "",
            "UsernsMode": "",
            "ShmSize": 67108864,
            "Runtime": "runc",
            "Isolation": "",
            "CpuShares": 0,
            "Memory": 2147483648,
            "NanoCpus": 2000000000,
            "CgroupParent": "",
            "BlkioWeight": 0,
            "BlkioWeightDevice": [],
            "BlkioDeviceReadBps": [],
            "BlkioDeviceWriteBps": [],
            "BlkioDeviceReadIOps": [],
            "BlkioDeviceWriteIOps": [],
            "CpuPeriod": 0,
            "CpuQuota": 0,
            "CpuRealtimePeriod": 0,
            "CpuRealtimeRuntime": 0,
            "CpusetCpus": "",
            "CpusetMems": "",
            "Devices": [],
            "DeviceCgroupRules": null,
            "DeviceRequests": null,
            "MemoryReservation": 0,
            "MemorySwap": 4294967296,
            "MemorySwappiness": null,
            "OomKillDisable": null,
            "PidsLimit": null,
            "Ulimits": null,
            "CpuCount": 0,
            "CpuPercent": 0,
            "IOMaximumIOps": 0,
            "IOMaximumBandwidth": 0,
            "MaskedPaths": [
                "/proc/acpi",
                "/proc/asound",
                "/proc/interrupts",
                "/proc/kcore",
                "/proc/keys",
                "/proc/latency_stats",
                "/proc/sched_debug",
                "/proc/scsi",
                "/proc/timer_list",
                "/proc/timer_stats",
                "/sys/devices/virtual/powercap",
                "/sys/firmware"
            ],
            "ReadonlyPaths": [
                "/proc/bus",
                "/proc/fs",
                "/proc/irq",
                "/proc/sys",
                "/proc/sysrq-trigger"
            ]
        },
        "Storage": {
            "RootFS": {
                "Snapshot": {
                    "Name": "overlayfs"
                }
            }
        },
        "Mounts": [],
        "Config": {
            "Hostname": "51a022e3a42d",
            "Domainname": "",
            "User": "65532:65532",
            "AttachStdin": false,
            "AttachStdout": false,
            "AttachStderr": false,
            "ExposedPorts": {
                "18338/tcp": {},
                "8080/tcp": {}
            },
            "Tty": false,
            "OpenStdin": false,
            "StdinOnce": false,
            "Env": [
                "PORT=18338",
                "PATH=/usr/local/bin:/usr/local/sbin:/usr/local/bin:/usr/sbin:/usr/bin:/sbin:/bin",
                "LANG=C.UTF-8",
                "GPG_KEY=7169605F62C751356D054A26A821E680E5FA6305",
                "PYTHON_VERSION=3.12.15",
                "PYTHON_SHA256=c2c4321961fab0fb999d66e0cecf521c2ab3994c7992873ea99e306c1094fd5a",
                "PYTHONUNBUFFERED=1",
                "PYTHONDONTWRITEBYTECODE=1"
            ],
            "Cmd": [
                "python",
                "server.py"
            ],
            "Image": "independent-verifier-num-1004042317580771:legacy",
            "Volumes": null,
            "WorkingDir": "/app",
            "Entrypoint": null,
            "Labels": {}
        },
        "NetworkSettings": {
            "SandboxID": "f92bbab06fdc67a355d20c9e8e15ba6e63020edabf5aff612ba5e1f77c2b163d",
            "SandboxKey": "/var/run/docker/netns/f92bbab06fdc",
            "Ports": {
                "18338/tcp": []
            },
            "Networks": {
                "independent-verifier-num-1004042317580771-net": {
                    "IPAMConfig": null,
                    "Links": null,
                    "Aliases": null,
                    "DriverOpts": null,
                    "GwPriority": 0,
                    "NetworkID": "9fd29e0016425bccc9b8f285ee2b55e9c882639682caca845e9c64cf55391be9",
                    "EndpointID": "be35f88080513cf4b0af4c4b31c3b62bfbaa8b33549062c87c7b7b04a28f55de",
                    "Gateway": "",
                    "IPAddress": "172.19.0.5",
                    "MacAddress": "22:4a:ba:85:3c:32",
                    "IPPrefixLen": 16,
                    "IPv6Gateway": "",
                    "GlobalIPv6Address": "",
                    "GlobalIPv6PrefixLen": 0,
                    "DNSNames": [
                        "independent-verifier-num-1004042317580771-legacy",
                        "51a022e3a42d"
                    ]
                }
            }
        },
        "ImageManifestDescriptor": {
            "mediaType": "application/vnd.oci.image.manifest.v1+json",
            "digest": "sha256:77fb20b7d0c02ff8eab0351f49d775666c9f9b2341530fe60ff084be88341f8e",
            "size": 1806,
            "platform": {
                "architecture": "arm64",
                "os": "linux"
            }
        }
    }
]
