[
    {
        "Id": "sha256:71c4b247b727e3525ca7a93afbd3a870649cfc4827a1ce41a4f219d43068b162",
        "RepoTags": [
            "independent-verifier-num-1004042317580771:legacy"
        ],
        "RepoDigests": [
            "independent-verifier-num-1004042317580771@sha256:71c4b247b727e3525ca7a93afbd3a870649cfc4827a1ce41a4f219d43068b162"
        ],
        "Comment": "buildkit.dockerfile.v0",
        "Created": "2026-10-04T00:54:41.955426097Z",
        "Config": {
            "User": "65532:65532",
            "ExposedPorts": {
                "8080/tcp": {}
            },
            "Env": [
                "PATH=/usr/local/bin:/usr/local/sbin:/usr/local/bin:/usr/sbin:/usr/bin:/sbin:/bin",
                "LANG=C.UTF-8",
                "GPG_KEY=7169605F62C751356D054A26A821E680E5FA6305",
                "PYTHON_VERSION=3.12.15",
                "PYTHON_SHA256=c2c4321961fab0fb999d66e0cecf521c2ab3994c7992873ea99e306c1094fd5a",
                "PYTHONUNBUFFERED=1",
                "PYTHONDONTWRITEBYTECODE=1"
            ],
            "Cmd": [
                "python",
                "server.py"
            ],
            "WorkingDir": "/app",
            "ArgsEscaped": true
        },
        "Architecture": "arm64",
        "Os": "linux",
        "Size": 216671549,
        "RootFS": {
            "Type": "layers",
            "Layers": [
                "sha256:055ab12bd547e17a0630037f06a186cf405e3f61bb03a614562ca8f5ab52a8be",
                "sha256:eadc985f74fcca4e1a34576c6717c80f82b620b24f6521c069d5570dc035c029",
                "sha256:98a86b50fc8d9605cc0e1794cf298a62bbc8fc052b4f11ac718d6fcb48c51b90",
                "sha256:721fa33420f50f37b47e07e3680c6fdd4790bce2d11ae5d58419a7df988fccd4",
                "sha256:5f70bf18a086007016e948b04aed3b82103a36bea41755b6cddfaf10ace3c6ef",
                "sha256:2238c733c968e172a4a34c441b620334ee41f03c1c992253d0266309a1672f56",
                "sha256:226d8a5caceaf0d2942f4a766472056c0a538cbc6e62e7c5d8bf9bfbc8a69e06",
                "sha256:5f70bf18a086007016e948b04aed3b82103a36bea41755b6cddfaf10ace3c6ef"
            ]
        },
        "Metadata": {
            "LastTagTime": "2026-10-04T04:23:19.650964635Z"
        },
        "Descriptor": {
            "mediaType": "application/vnd.oci.image.index.v1+json",
            "digest": "sha256:71c4b247b727e3525ca7a93afbd3a870649cfc4827a1ce41a4f219d43068b162",
            "size": 856
        },
        "Identity": {
            "Build": [
                {
                    "Ref": "n1fim1c6bf8suhgr2m71c0a90",
                    "CreatedAt": "2026-10-04T04:23:19.655693135Z"
                }
            ]
        }
    }
]
