#0 building with "desktop-linux" instance using docker driver

#1 [internal] load build definition from Dockerfile
#1 transferring dockerfile: 210B done
#1 DONE 0.0s

#2 [internal] load metadata for docker.io/library/independent-verifier-s4-1004095136:client
#2 DONE 0.0s

#3 [internal] load .dockerignore
#3 transferring context: 2B done
#3 DONE 0.0s

#4 [1/5] FROM docker.io/library/independent-verifier-s4-1004095136:client@sha256:2a56848199b867aca32b02eb632232cdcf52f542f5a1fbfe871580e120ca36d9
#4 resolve docker.io/library/independent-verifier-s4-1004095136:client@sha256:2a56848199b867aca32b02eb632232cdcf52f542f5a1fbfe871580e120ca36d9 0.0s done
#4 DONE 0.0s

#5 [internal] load build context
#5 transferring context: 11.79MB 0.1s done
#5 DONE 0.1s

#6 [3/5] COPY stage-2 /verifier/stage-2
#6 CACHED

#7 [2/5] COPY stage-1 /verifier/stage-1
#7 CACHED

#8 [4/5] COPY stage-3 /verifier/stage-3
#8 CACHED

#9 [5/5] COPY stage-4 /verifier/stage-4
#9 DONE 0.0s

#10 exporting to image
#10 exporting layers 0.0s done
#10 exporting manifest sha256:675cf6c9ce90baef424297ac5b0e6399e333dacda0464a028abff92819de85fb done
#10 exporting config sha256:d0768d83591cd0c305e8bcc4f5b0fd231df19a54c70e39ba447cb4c102d90ba5 done
#10 exporting attestation manifest sha256:8a1770a6b3cba68bb8712dde7b3a21edbb0e15a2d0b20076365ea425059c6d0e done
#10 exporting manifest list sha256:4841d5560784cc5706c8d407aad485aaacc090b79470e7e86aba491a0ed37283 done
#10 naming to docker.io/library/independent-verifier-s4-1004095136:client-cbf73236 done
#10 unpacking to docker.io/library/independent-verifier-s4-1004095136:client-cbf73236 done
#10 DONE 0.1s
