#0 building with "desktop-linux" instance using docker driver

#1 [internal] load build definition from Dockerfile
#1 transferring dockerfile: 179B done
#1 DONE 0.0s

#2 [internal] load metadata for docker.io/library/independent-verifier-s3-1004072505:client
#2 DONE 0.0s

#3 [internal] load .dockerignore
#3 transferring context: 2B done
#3 DONE 0.0s

#4 [1/4] FROM docker.io/library/independent-verifier-s3-1004072505:client@sha256:be9903a12d0215f32a3ed9704fed5d84c7a0e534c40ce7e9c0389e31c6ab398c
#4 resolve docker.io/library/independent-verifier-s3-1004072505:client@sha256:be9903a12d0215f32a3ed9704fed5d84c7a0e534c40ce7e9c0389e31c6ab398c done
#4 DONE 0.0s

#5 [internal] load build context
#5 transferring context: 1.29MB 0.0s done
#5 DONE 0.0s

#6 [2/4] COPY stage-1 /verifier/stage-1
#6 CACHED

#7 [3/4] COPY stage-2 /verifier/stage-2
#7 CACHED

#8 [4/4] COPY stage-3 /verifier/stage-3
#8 DONE 0.0s

#9 exporting to image
#9 exporting layers 0.0s done
#9 exporting manifest sha256:3c689af06b28f32645993913ac48ecfb1d892b2752fb72f4faf32d1300a1d8b4 done
#9 exporting config sha256:74e9100530ec9f832b131e16547d0800446646a27dd72953578714657e4ee08b done
#9 exporting attestation manifest sha256:7e78da72aaf620830587610921b2158fd897865f29f79eb822705c8206e8a334 done
#9 exporting manifest list sha256:9f67138a4a281bfcce3347b61c5351183e6734de1391e792eab08cbcf4051a24 done
#9 naming to docker.io/library/independent-verifier-s3-1004072505:client-37d2ce6 done
#9 unpacking to docker.io/library/independent-verifier-s3-1004072505:client-37d2ce6 done
#9 DONE 0.1s
