[
    {
        "Id": "8762c297074cbf89d583a3cdae1ef00e5175b17e66e25ce47250f12a345c584b",
        "Created": "2026-10-04T02:15:28.790588717Z",
        "Path": "python",
        "Args": [
            "server.py"
        ],
        "State": {
            "Status": "running",
            "Running": true,
            "Paused": false,
            "Restarting": false,
            "OOMKilled": false,
            "Dead": false,
            "Pid": 23075,
            "ExitCode": 0,
            "Error": "",
            "StartedAt": "2026-10-04T02:15:28.808965467Z",
            "FinishedAt": "0001-01-01T00:00:00Z"
        },
        "Image": "sha256:75e5ffbb9b2a7d19494cb2ac2db8bdd791c483012321a5d5809f3bbc17a3aa4a",
        "ResolvConfPath": "/var/lib/docker/containers/8762c297074cbf89d583a3cdae1ef00e5175b17e66e25ce47250f12a345c584b/resolv.conf",
        "HostnamePath": "/var/lib/docker/containers/8762c297074cbf89d583a3cdae1ef00e5175b17e66e25ce47250f12a345c584b/hostname",
        "HostsPath": "/var/lib/docker/containers/8762c297074cbf89d583a3cdae1ef00e5175b17e66e25ce47250f12a345c584b/hosts",
        "LogPath": "/var/lib/docker/containers/8762c297074cbf89d583a3cdae1ef00e5175b17e66e25ce47250f12a345c584b/8762c297074cbf89d583a3cdae1ef00e5175b17e66e25ce47250f12a345c584b-json.log",
        "Name": "/interface-engineer-s2-20261004t021527073226z-default",
        "RestartCount": 0,
        "Driver": "overlayfs",
        "Platform": "linux",
        "MountLabel": "",
        "ProcessLabel": "",
        "AppArmorProfile": "",
        "ExecIDs": null,
        "HostConfig": {
            "Binds": null,
            "ContainerIDFile": "",
            "LogConfig": {
                "Type": "json-file",
                "Config": {}
            },
            "NetworkMode": "interface-engineer-s2-20261004t021527073226z",
            "PortBindings": {},
            "RestartPolicy": {
                "Name": "no",
                "MaximumRetryCount": 0
            },
            "AutoRemove": false,
            "VolumeDriver": "",
            "VolumesFrom": null,
            "ConsoleSize": [
                0,
                0
            ],
            "CapAdd": null,
            "CapDrop": null,
            "CgroupnsMode": "private",
            "Dns": null,
            "DnsOptions": [],
            "DnsSearch": [],
            "ExtraHosts": null,
            "GroupAdd": null,
            "IpcMode": "private",
            "Cgroup": "",
            "Links": null,
            "OomScoreAdj": 0,
            "PidMode": "",
            "Privileged": false,
            "PublishAllPorts": false,
            "ReadonlyRootfs": false,
            "SecurityOpt": null,
            "UTSMode": "",
            "UsernsMode": "",
            "ShmSize": 67108864,
            "Runtime": "runc",
            "Isolation": "",
            "CpuShares": 0,
            "Memory": 2147483648,
            "NanoCpus": 2000000000,
            "CgroupParent": "",
            "BlkioWeight": 0,
            "BlkioWeightDevice": [],
            "BlkioDeviceReadBps": [],
            "BlkioDeviceWriteBps": [],
            "BlkioDeviceReadIOps": [],
            "BlkioDeviceWriteIOps": [],
            "CpuPeriod": 0,
            "CpuQuota": 0,
            "CpuRealtimePeriod": 0,
            "CpuRealtimeRuntime": 0,
            "CpusetCpus": "",
            "CpusetMems": "",
            "Devices": [],
            "DeviceCgroupRules": null,
            "DeviceRequests": null,
            "MemoryReservation": 0,
            "MemorySwap": 4294967296,
            "MemorySwappiness": null,
            "OomKillDisable": null,
            "PidsLimit": null,
            "Ulimits": null,
            "CpuCount": 0,
            "CpuPercent": 0,
            "IOMaximumIOps": 0,
            "IOMaximumBandwidth": 0,
            "MaskedPaths": [
                "/proc/acpi",
                "/proc/asound",
                "/proc/interrupts",
                "/proc/kcore",
                "/proc/keys",
                "/proc/latency_stats",
                "/proc/sched_debug",
                "/proc/scsi",
                "/proc/timer_list",
                "/proc/timer_stats",
                "/sys/devices/virtual/powercap",
                "/sys/firmware"
            ],
            "ReadonlyPaths": [
                "/proc/bus",
                "/proc/fs",
                "/proc/irq",
                "/proc/sys",
                "/proc/sysrq-trigger"
            ]
        },
        "Storage": {
            "RootFS": {
                "Snapshot": {
                    "Name": "overlayfs"
                }
            }
        },
        "Mounts": [],
        "Config": {
            "Hostname": "8762c297074c",
            "Domainname": "",
            "User": "65532:65532",
            "AttachStdin": false,
            "AttachStdout": false,
            "AttachStderr": false,
            "ExposedPorts": {
                "8080/tcp": {}
            },
            "Tty": false,
            "OpenStdin": false,
            "StdinOnce": false,
            "Env": [
                "PATH=/usr/local/bin:/usr/local/sbin:/usr/local/bin:/usr/sbin:/usr/bin:/sbin:/bin",
                "LANG=C.UTF-8",
                "GPG_KEY=7169605F62C751356D054A26A821E680E5FA6305",
                "PYTHON_VERSION=3.12.15",
                "PYTHON_SHA256=c2c4321961fab0fb999d66e0cecf521c2ab3994c7992873ea99e306c1094fd5a",
                "PYTHONUNBUFFERED=1",
                "PYTHONDONTWRITEBYTECODE=1"
            ],
            "Cmd": [
                "python",
                "server.py"
            ],
            "Image": "interface-engineer-tablekeeper-s2:20261004t021527073226z",
            "Volumes": null,
            "WorkingDir": "/app",
            "Entrypoint": null,
            "Labels": {}
        },
        "NetworkSettings": {
            "SandboxID": "8511d2f2319527d7f465e88760242e96092f974b97309fe4226c17a1ee009d9a",
            "SandboxKey": "/var/run/docker/netns/8511d2f23195",
            "Ports": {
                "8080/tcp": null
            },
            "Networks": {
                "interface-engineer-s2-20261004t021527073226z": {
                    "IPAMConfig": null,
                    "Links": null,
                    "Aliases": null,
                    "DriverOpts": null,
                    "GwPriority": 0,
                    "NetworkID": "8426dd827d966e37e32dc685802a99239fa9afc1b46df4f4d6d070c09ee3ba14",
                    "EndpointID": "d9b45b7018196cf92e1cb41c05070f2545c8e8f767b347f8f13ff879bb8585ca",
                    "Gateway": "",
                    "IPAddress": "172.19.0.4",
                    "MacAddress": "b6:06:b3:27:bc:2f",
                    "IPPrefixLen": 16,
                    "IPv6Gateway": "",
                    "GlobalIPv6Address": "",
                    "GlobalIPv6PrefixLen": 0,
                    "DNSNames": [
                        "interface-engineer-s2-20261004t021527073226z-default",
                        "8762c297074c"
                    ]
                }
            }
        },
        "ImageManifestDescriptor": {
            "mediaType": "application/vnd.oci.image.manifest.v1+json",
            "digest": "sha256:0abb9081804c019d6341bc5b82dc77f98fd49c25d10f6a679981b1cf5325a2fe",
            "size": 1996,
            "platform": {
                "architecture": "arm64",
                "os": "linux"
            }
        }
    }
]
