[
    {
        "Id": "85112d6b88d7d386e54563d3d5fc09b513f9021f3f9b0f7d7c49b7d39f2531d9",
        "Created": "2026-10-04T02:15:28.699249551Z",
        "Path": "python",
        "Args": [
            "server.py"
        ],
        "State": {
            "Status": "running",
            "Running": true,
            "Paused": false,
            "Restarting": false,
            "OOMKilled": false,
            "Dead": false,
            "Pid": 23021,
            "ExitCode": 0,
            "Error": "",
            "StartedAt": "2026-10-04T02:15:28.719102134Z",
            "FinishedAt": "0001-01-01T00:00:00Z"
        },
        "Image": "sha256:edcaf0b7458fa9852acab2e6d0a6cd52cc470e354676dc043262d8b4d859ea87",
        "ResolvConfPath": "/var/lib/docker/containers/85112d6b88d7d386e54563d3d5fc09b513f9021f3f9b0f7d7c49b7d39f2531d9/resolv.conf",
        "HostnamePath": "/var/lib/docker/containers/85112d6b88d7d386e54563d3d5fc09b513f9021f3f9b0f7d7c49b7d39f2531d9/hostname",
        "HostsPath": "/var/lib/docker/containers/85112d6b88d7d386e54563d3d5fc09b513f9021f3f9b0f7d7c49b7d39f2531d9/hosts",
        "LogPath": "/var/lib/docker/containers/85112d6b88d7d386e54563d3d5fc09b513f9021f3f9b0f7d7c49b7d39f2531d9/85112d6b88d7d386e54563d3d5fc09b513f9021f3f9b0f7d7c49b7d39f2531d9-json.log",
        "Name": "/interface-engineer-s2-20261004t021527073226z-legacy",
        "RestartCount": 0,
        "Driver": "overlayfs",
        "Platform": "linux",
        "MountLabel": "",
        "ProcessLabel": "",
        "AppArmorProfile": "",
        "ExecIDs": null,
        "HostConfig": {
            "Binds": null,
            "ContainerIDFile": "",
            "LogConfig": {
                "Type": "json-file",
                "Config": {}
            },
            "NetworkMode": "interface-engineer-s2-20261004t021527073226z",
            "PortBindings": {
                "8080/tcp": [
                    {
                        "HostIp": "",
                        "HostPort": "18211"
                    }
                ]
            },
            "RestartPolicy": {
                "Name": "no",
                "MaximumRetryCount": 0
            },
            "AutoRemove": false,
            "VolumeDriver": "",
            "VolumesFrom": null,
            "ConsoleSize": [
                0,
                0
            ],
            "CapAdd": null,
            "CapDrop": null,
            "CgroupnsMode": "private",
            "Dns": null,
            "DnsOptions": [],
            "DnsSearch": [],
            "ExtraHosts": null,
            "GroupAdd": null,
            "IpcMode": "private",
            "Cgroup": "",
            "Links": null,
            "OomScoreAdj": 0,
            "PidMode": "",
            "Privileged": false,
            "PublishAllPorts": false,
            "ReadonlyRootfs": false,
            "SecurityOpt": null,
            "UTSMode": "",
            "UsernsMode": "",
            "ShmSize": 67108864,
            "Runtime": "runc",
            "Isolation": "",
            "CpuShares": 0,
            "Memory": 2147483648,
            "NanoCpus": 2000000000,
            "CgroupParent": "",
            "BlkioWeight": 0,
            "BlkioWeightDevice": [],
            "BlkioDeviceReadBps": [],
            "BlkioDeviceWriteBps": [],
            "BlkioDeviceReadIOps": [],
            "BlkioDeviceWriteIOps": [],
            "CpuPeriod": 0,
            "CpuQuota": 0,
            "CpuRealtimePeriod": 0,
            "CpuRealtimeRuntime": 0,
            "CpusetCpus": "",
            "CpusetMems": "",
            "Devices": [],
            "DeviceCgroupRules": null,
            "DeviceRequests": null,
            "MemoryReservation": 0,
            "MemorySwap": 4294967296,
            "MemorySwappiness": null,
            "OomKillDisable": null,
            "PidsLimit": null,
            "Ulimits": null,
            "CpuCount": 0,
            "CpuPercent": 0,
            "IOMaximumIOps": 0,
            "IOMaximumBandwidth": 0,
            "MaskedPaths": [
                "/proc/acpi",
                "/proc/asound",
                "/proc/interrupts",
                "/proc/kcore",
                "/proc/keys",
                "/proc/latency_stats",
                "/proc/sched_debug",
                "/proc/scsi",
                "/proc/timer_list",
                "/proc/timer_stats",
                "/sys/devices/virtual/powercap",
                "/sys/firmware"
            ],
            "ReadonlyPaths": [
                "/proc/bus",
                "/proc/fs",
                "/proc/irq",
                "/proc/sys",
                "/proc/sysrq-trigger"
            ]
        },
        "Storage": {
            "RootFS": {
                "Snapshot": {
                    "Name": "overlayfs"
                }
            }
        },
        "Mounts": [],
        "Config": {
            "Hostname": "85112d6b88d7",
            "Domainname": "",
            "User": "65532:65532",
            "AttachStdin": false,
            "AttachStdout": false,
            "AttachStderr": false,
            "ExposedPorts": {
                "8080/tcp": {}
            },
            "Tty": false,
            "OpenStdin": false,
            "StdinOnce": false,
            "Env": [
                "PORT=8080",
                "PATH=/usr/local/bin:/usr/local/sbin:/usr/local/bin:/usr/sbin:/usr/bin:/sbin:/bin",
                "LANG=C.UTF-8",
                "GPG_KEY=7169605F62C751356D054A26A821E680E5FA6305",
                "PYTHON_VERSION=3.12.15",
                "PYTHON_SHA256=c2c4321961fab0fb999d66e0cecf521c2ab3994c7992873ea99e306c1094fd5a",
                "PYTHONUNBUFFERED=1",
                "PYTHONDONTWRITEBYTECODE=1"
            ],
            "Cmd": [
                "python",
                "server.py"
            ],
            "Image": "interface-engineer-tablekeeper-s1:upgrade-20261004t021527073226z",
            "Volumes": null,
            "WorkingDir": "/app",
            "Entrypoint": null,
            "Labels": {}
        },
        "NetworkSettings": {
            "SandboxID": "7475c1dcd5a378a5099f208b3dd68cd331371555a08f2f28b64dde030797776c",
            "SandboxKey": "/var/run/docker/netns/7475c1dcd5a3",
            "Ports": {
                "8080/tcp": []
            },
            "Networks": {
                "interface-engineer-s2-20261004t021527073226z": {
                    "IPAMConfig": null,
                    "Links": null,
                    "Aliases": null,
                    "DriverOpts": null,
                    "GwPriority": 0,
                    "NetworkID": "8426dd827d966e37e32dc685802a99239fa9afc1b46df4f4d6d070c09ee3ba14",
                    "EndpointID": "2f594ebec277c1b9060512d40b8230e8ed1b2962b2ce32ae57cdfdac008175ec",
                    "Gateway": "",
                    "IPAddress": "172.19.0.3",
                    "MacAddress": "b6:4a:61:c9:91:c7",
                    "IPPrefixLen": 16,
                    "IPv6Gateway": "",
                    "GlobalIPv6Address": "",
                    "GlobalIPv6PrefixLen": 0,
                    "DNSNames": [
                        "interface-engineer-s2-20261004t021527073226z-legacy",
                        "85112d6b88d7"
                    ]
                }
            }
        },
        "ImageManifestDescriptor": {
            "mediaType": "application/vnd.oci.image.manifest.v1+json",
            "digest": "sha256:916afbb3ebc8eacbfa550429a7be8fc81c1765771422990b3759ddeb84095c65",
            "size": 1806,
            "platform": {
                "architecture": "arm64",
                "os": "linux"
            }
        }
    }
]
