[
    {
        "Id": "373d92ec69c11af6de3237713b07c9c29fcc939ce86cecb91096e34e325cff9f",
        "Created": "2026-10-04T08:36:00.671555005Z",
        "Path": "python",
        "Args": [
            "server.py"
        ],
        "State": {
            "Status": "running",
            "Running": true,
            "Paused": false,
            "Restarting": false,
            "OOMKilled": false,
            "Dead": false,
            "Pid": 12567,
            "ExitCode": 0,
            "Error": "",
            "StartedAt": "2026-10-04T08:36:00.697871171Z",
            "FinishedAt": "0001-01-01T00:00:00Z"
        },
        "Image": "sha256:934973ca96214e3ce4ca5bfeb26be956724e66550e7a577236654e81552aada2",
        "ResolvConfPath": "/var/lib/docker/containers/373d92ec69c11af6de3237713b07c9c29fcc939ce86cecb91096e34e325cff9f/resolv.conf",
        "HostnamePath": "/var/lib/docker/containers/373d92ec69c11af6de3237713b07c9c29fcc939ce86cecb91096e34e325cff9f/hostname",
        "HostsPath": "/var/lib/docker/containers/373d92ec69c11af6de3237713b07c9c29fcc939ce86cecb91096e34e325cff9f/hosts",
        "LogPath": "/var/lib/docker/containers/373d92ec69c11af6de3237713b07c9c29fcc939ce86cecb91096e34e325cff9f/373d92ec69c11af6de3237713b07c9c29fcc939ce86cecb91096e34e325cff9f-json.log",
        "Name": "/systems-engineer-s4-20261004t083538485059-current-b",
        "RestartCount": 0,
        "Driver": "overlayfs",
        "Platform": "linux",
        "MountLabel": "",
        "ProcessLabel": "",
        "AppArmorProfile": "",
        "ExecIDs": null,
        "HostConfig": {
            "Binds": null,
            "ContainerIDFile": "",
            "LogConfig": {
                "Type": "json-file",
                "Config": {}
            },
            "NetworkMode": "systems-engineer-s4-20261004t083538485059-net",
            "PortBindings": {
                "18181/tcp": [
                    {
                        "HostIp": "",
                        "HostPort": "18181"
                    }
                ]
            },
            "RestartPolicy": {
                "Name": "no",
                "MaximumRetryCount": 0
            },
            "AutoRemove": false,
            "VolumeDriver": "",
            "VolumesFrom": null,
            "ConsoleSize": [
                0,
                0
            ],
            "CapAdd": null,
            "CapDrop": null,
            "CgroupnsMode": "private",
            "Dns": null,
            "DnsOptions": [],
            "DnsSearch": [],
            "ExtraHosts": null,
            "GroupAdd": null,
            "IpcMode": "private",
            "Cgroup": "",
            "Links": null,
            "OomScoreAdj": 0,
            "PidMode": "",
            "Privileged": false,
            "PublishAllPorts": false,
            "ReadonlyRootfs": false,
            "SecurityOpt": null,
            "UTSMode": "",
            "UsernsMode": "",
            "ShmSize": 67108864,
            "Runtime": "runc",
            "Isolation": "",
            "CpuShares": 0,
            "Memory": 2147483648,
            "NanoCpus": 2000000000,
            "CgroupParent": "",
            "BlkioWeight": 0,
            "BlkioWeightDevice": [],
            "BlkioDeviceReadBps": [],
            "BlkioDeviceWriteBps": [],
            "BlkioDeviceReadIOps": [],
            "BlkioDeviceWriteIOps": [],
            "CpuPeriod": 0,
            "CpuQuota": 0,
            "CpuRealtimePeriod": 0,
            "CpuRealtimeRuntime": 0,
            "CpusetCpus": "",
            "CpusetMems": "",
            "Devices": [],
            "DeviceCgroupRules": null,
            "DeviceRequests": null,
            "MemoryReservation": 0,
            "MemorySwap": 4294967296,
            "MemorySwappiness": null,
            "OomKillDisable": null,
            "PidsLimit": null,
            "Ulimits": null,
            "CpuCount": 0,
            "CpuPercent": 0,
            "IOMaximumIOps": 0,
            "IOMaximumBandwidth": 0,
            "MaskedPaths": [
                "/proc/acpi",
                "/proc/asound",
                "/proc/interrupts",
                "/proc/kcore",
                "/proc/keys",
                "/proc/latency_stats",
                "/proc/sched_debug",
                "/proc/scsi",
                "/proc/timer_list",
                "/proc/timer_stats",
                "/sys/devices/virtual/powercap",
                "/sys/firmware"
            ],
            "ReadonlyPaths": [
                "/proc/bus",
                "/proc/fs",
                "/proc/irq",
                "/proc/sys",
                "/proc/sysrq-trigger"
            ]
        },
        "Storage": {
            "RootFS": {
                "Snapshot": {
                    "Name": "overlayfs"
                }
            }
        },
        "Mounts": [],
        "Config": {
            "Hostname": "373d92ec69c1",
            "Domainname": "",
            "User": "65532:65532",
            "AttachStdin": false,
            "AttachStdout": false,
            "AttachStderr": false,
            "ExposedPorts": {
                "18181/tcp": {},
                "8080/tcp": {}
            },
            "Tty": false,
            "OpenStdin": false,
            "StdinOnce": false,
            "Env": [
                "PORT=18181",
                "PATH=/usr/local/bin:/usr/local/sbin:/usr/local/bin:/usr/sbin:/usr/bin:/sbin:/bin",
                "LANG=C.UTF-8",
                "GPG_KEY=7169605F62C751356D054A26A821E680E5FA6305",
                "PYTHON_VERSION=3.12.15",
                "PYTHON_SHA256=c2c4321961fab0fb999d66e0cecf521c2ab3994c7992873ea99e306c1094fd5a",
                "PYTHONUNBUFFERED=1",
                "PYTHONDONTWRITEBYTECODE=1"
            ],
            "Cmd": [
                "python",
                "server.py"
            ],
            "Image": "systems-engineer-s4-20261004t083538485059:current",
            "Volumes": null,
            "WorkingDir": "/app",
            "Entrypoint": null,
            "Labels": {}
        },
        "NetworkSettings": {
            "SandboxID": "26e2a88adbe06ae415411f1289a653a7af61895778ce4d3b25374697200b42a1",
            "SandboxKey": "/var/run/docker/netns/26e2a88adbe0",
            "Ports": {
                "18181/tcp": []
            },
            "Networks": {
                "systems-engineer-s4-20261004t083538485059-net": {
                    "IPAMConfig": null,
                    "Links": null,
                    "Aliases": null,
                    "DriverOpts": null,
                    "GwPriority": 0,
                    "NetworkID": "f668fdcf2fe27af21196e52829e061786be3478b8bac386e2c99116a6e866681",
                    "EndpointID": "5051e033845643216c9248d9f2ed797707dc6ab2d5793b34efad0b024ae80017",
                    "Gateway": "",
                    "IPAddress": "172.18.0.3",
                    "MacAddress": "6a:79:81:15:ee:bc",
                    "IPPrefixLen": 16,
                    "IPv6Gateway": "",
                    "GlobalIPv6Address": "",
                    "GlobalIPv6PrefixLen": 0,
                    "DNSNames": [
                        "systems-engineer-s4-20261004t083538485059-current-b",
                        "373d92ec69c1"
                    ]
                }
            }
        },
        "ImageManifestDescriptor": {
            "mediaType": "application/vnd.oci.image.manifest.v1+json",
            "digest": "sha256:f33c0684211ad1d0c8a9d630eedb33a542036f1f41aa62a17d80d2a65a07d177",
            "size": 1996,
            "platform": {
                "architecture": "arm64",
                "os": "linux"
            }
        }
    }
]
