[
    {
        "Id": "23f280dbcd1ad63d02cf2b03f580cd0efd290d838602e70b4f8139234964388a",
        "Created": "2026-10-04T08:36:56.920092628Z",
        "Path": "python",
        "Args": [
            "server.py"
        ],
        "State": {
            "Status": "running",
            "Running": true,
            "Paused": false,
            "Restarting": false,
            "OOMKilled": false,
            "Dead": false,
            "Pid": 13279,
            "ExitCode": 0,
            "Error": "",
            "StartedAt": "2026-10-04T08:36:56.96667817Z",
            "FinishedAt": "0001-01-01T00:00:00Z"
        },
        "Image": "sha256:5a7a385907d9a197addcd1b8a207e60c10272b020245ebe15587a42d745611f5",
        "ResolvConfPath": "/var/lib/docker/containers/23f280dbcd1ad63d02cf2b03f580cd0efd290d838602e70b4f8139234964388a/resolv.conf",
        "HostnamePath": "/var/lib/docker/containers/23f280dbcd1ad63d02cf2b03f580cd0efd290d838602e70b4f8139234964388a/hostname",
        "HostsPath": "/var/lib/docker/containers/23f280dbcd1ad63d02cf2b03f580cd0efd290d838602e70b4f8139234964388a/hosts",
        "LogPath": "/var/lib/docker/containers/23f280dbcd1ad63d02cf2b03f580cd0efd290d838602e70b4f8139234964388a/23f280dbcd1ad63d02cf2b03f580cd0efd290d838602e70b4f8139234964388a-json.log",
        "Name": "/systems-engineer-s4-20261004t083538485059-accepted2",
        "RestartCount": 0,
        "Driver": "overlayfs",
        "Platform": "linux",
        "MountLabel": "",
        "ProcessLabel": "",
        "AppArmorProfile": "",
        "ExecIDs": null,
        "HostConfig": {
            "Binds": null,
            "ContainerIDFile": "",
            "LogConfig": {
                "Type": "json-file",
                "Config": {}
            },
            "NetworkMode": "systems-engineer-s4-20261004t083538485059-net",
            "PortBindings": {
                "18185/tcp": [
                    {
                        "HostIp": "",
                        "HostPort": "18185"
                    }
                ]
            },
            "RestartPolicy": {
                "Name": "no",
                "MaximumRetryCount": 0
            },
            "AutoRemove": false,
            "VolumeDriver": "",
            "VolumesFrom": null,
            "ConsoleSize": [
                0,
                0
            ],
            "CapAdd": null,
            "CapDrop": null,
            "CgroupnsMode": "private",
            "Dns": null,
            "DnsOptions": [],
            "DnsSearch": [],
            "ExtraHosts": null,
            "GroupAdd": null,
            "IpcMode": "private",
            "Cgroup": "",
            "Links": null,
            "OomScoreAdj": 0,
            "PidMode": "",
            "Privileged": false,
            "PublishAllPorts": false,
            "ReadonlyRootfs": false,
            "SecurityOpt": null,
            "UTSMode": "",
            "UsernsMode": "",
            "ShmSize": 67108864,
            "Runtime": "runc",
            "Isolation": "",
            "CpuShares": 0,
            "Memory": 2147483648,
            "NanoCpus": 2000000000,
            "CgroupParent": "",
            "BlkioWeight": 0,
            "BlkioWeightDevice": [],
            "BlkioDeviceReadBps": [],
            "BlkioDeviceWriteBps": [],
            "BlkioDeviceReadIOps": [],
            "BlkioDeviceWriteIOps": [],
            "CpuPeriod": 0,
            "CpuQuota": 0,
            "CpuRealtimePeriod": 0,
            "CpuRealtimeRuntime": 0,
            "CpusetCpus": "",
            "CpusetMems": "",
            "Devices": [],
            "DeviceCgroupRules": null,
            "DeviceRequests": null,
            "MemoryReservation": 0,
            "MemorySwap": 4294967296,
            "MemorySwappiness": null,
            "OomKillDisable": null,
            "PidsLimit": null,
            "Ulimits": null,
            "CpuCount": 0,
            "CpuPercent": 0,
            "IOMaximumIOps": 0,
            "IOMaximumBandwidth": 0,
            "MaskedPaths": [
                "/proc/acpi",
                "/proc/asound",
                "/proc/interrupts",
                "/proc/kcore",
                "/proc/keys",
                "/proc/latency_stats",
                "/proc/sched_debug",
                "/proc/scsi",
                "/proc/timer_list",
                "/proc/timer_stats",
                "/sys/devices/virtual/powercap",
                "/sys/firmware"
            ],
            "ReadonlyPaths": [
                "/proc/bus",
                "/proc/fs",
                "/proc/irq",
                "/proc/sys",
                "/proc/sysrq-trigger"
            ]
        },
        "Storage": {
            "RootFS": {
                "Snapshot": {
                    "Name": "overlayfs"
                }
            }
        },
        "Mounts": [],
        "Config": {
            "Hostname": "23f280dbcd1a",
            "Domainname": "",
            "User": "65532:65532",
            "AttachStdin": false,
            "AttachStdout": false,
            "AttachStderr": false,
            "ExposedPorts": {
                "18185/tcp": {},
                "8080/tcp": {}
            },
            "Tty": false,
            "OpenStdin": false,
            "StdinOnce": false,
            "Env": [
                "PORT=18185",
                "PATH=/usr/local/bin:/usr/local/sbin:/usr/local/bin:/usr/sbin:/usr/bin:/sbin:/bin",
                "LANG=C.UTF-8",
                "GPG_KEY=7169605F62C751356D054A26A821E680E5FA6305",
                "PYTHON_VERSION=3.12.15",
                "PYTHON_SHA256=c2c4321961fab0fb999d66e0cecf521c2ab3994c7992873ea99e306c1094fd5a",
                "PYTHONUNBUFFERED=1",
                "PYTHONDONTWRITEBYTECODE=1"
            ],
            "Cmd": [
                "python",
                "server.py"
            ],
            "Image": "systems-engineer-s4-20261004t083538485059:accepted2",
            "Volumes": null,
            "WorkingDir": "/app",
            "Entrypoint": null,
            "Labels": {}
        },
        "NetworkSettings": {
            "SandboxID": "802643baec5ddabfbdebfc826a98098e0aa44d51251c93859cc367a19d3dd96e",
            "SandboxKey": "/var/run/docker/netns/802643baec5d",
            "Ports": {
                "18185/tcp": []
            },
            "Networks": {
                "systems-engineer-s4-20261004t083538485059-net": {
                    "IPAMConfig": null,
                    "Links": null,
                    "Aliases": null,
                    "DriverOpts": null,
                    "GwPriority": 0,
                    "NetworkID": "f668fdcf2fe27af21196e52829e061786be3478b8bac386e2c99116a6e866681",
                    "EndpointID": "65fdb45e499e6b4fb42e54af8fe62efb9753423fb790d4310e3478624d2c0583",
                    "Gateway": "",
                    "IPAddress": "172.18.0.7",
                    "MacAddress": "02:e0:23:13:f7:04",
                    "IPPrefixLen": 16,
                    "IPv6Gateway": "",
                    "GlobalIPv6Address": "",
                    "GlobalIPv6PrefixLen": 0,
                    "DNSNames": [
                        "systems-engineer-s4-20261004t083538485059-accepted2",
                        "23f280dbcd1a"
                    ]
                }
            }
        },
        "ImageManifestDescriptor": {
            "mediaType": "application/vnd.oci.image.manifest.v1+json",
            "digest": "sha256:40fe32694d54e9e343522ee67994b9b57a3baeb02251cc051dfeb0ef1f9106a7",
            "size": 1996,
            "platform": {
                "architecture": "arm64",
                "os": "linux"
            }
        }
    }
]
