#0 building with "desktop-linux" instance using docker driver

#1 [internal] load build definition from Dockerfile
#1 transferring dockerfile: 120B done
#1 DONE 0.0s

#2 [internal] load metadata for docker.io/library/systems-engineer-s4-20261004t083538485059:current
#2 DONE 0.0s

#3 [internal] load .dockerignore
#3 transferring context: 2B done
#3 DONE 0.0s

#4 [internal] load build context
#4 transferring context: 176.59kB done
#4 DONE 0.0s

#5 [1/3] FROM docker.io/library/systems-engineer-s4-20261004t083538485059:current@sha256:934973ca96214e3ce4ca5bfeb26be956724e66550e7a577236654e81552aada2
#5 resolve docker.io/library/systems-engineer-s4-20261004t083538485059:current@sha256:934973ca96214e3ce4ca5bfeb26be956724e66550e7a577236654e81552aada2 0.0s done
#5 DONE 0.0s

#6 [2/3] WORKDIR /probe
#6 DONE 0.0s

#7 [3/3] COPY *.py ./
#7 DONE 0.0s

#8 exporting to image
#8 exporting layers 0.0s done
#8 exporting manifest sha256:b023f613031d2cc95c5923ccde462d10f00acbb24da04c5866f5a33abfad3577 done
#8 exporting config sha256:78eeedbfd3755e9ffdafbdda54adc72ca71591a1a5d2ef9936f5625ef96b9908 done
#8 exporting attestation manifest sha256:96203eae501125957b7ec681bee31b83b4c845d474bf81982c09127c99732e8d done
#8 exporting manifest list sha256:95ec078fcd7af248b6b0220ca81ad7cc33abd8478b286b36c018d73d5d87a62d done
#8 naming to docker.io/library/systems-engineer-s4-20261004t083538485059:client done
#8 unpacking to docker.io/library/systems-engineer-s4-20261004t083538485059:client 0.0s done
#8 DONE 0.1s
