[
    {
        "Id": "75c5b7a85600e0a6a6b50bd602ba5d5f76f76b2252ee54280c0ee4bb76f906a9",
        "Created": "2026-10-04T08:36:44.431258761Z",
        "Path": "python",
        "Args": [
            "server.py"
        ],
        "State": {
            "Status": "running",
            "Running": true,
            "Paused": false,
            "Restarting": false,
            "OOMKilled": false,
            "Dead": false,
            "Pid": 13170,
            "ExitCode": 0,
            "Error": "",
            "StartedAt": "2026-10-04T08:36:44.481063261Z",
            "FinishedAt": "0001-01-01T00:00:00Z"
        },
        "Image": "sha256:8c07a98b72d0cc1c703459ae262cebe853d19dddb1cecf2e5638dd4a0eea8c68",
        "ResolvConfPath": "/var/lib/docker/containers/75c5b7a85600e0a6a6b50bd602ba5d5f76f76b2252ee54280c0ee4bb76f906a9/resolv.conf",
        "HostnamePath": "/var/lib/docker/containers/75c5b7a85600e0a6a6b50bd602ba5d5f76f76b2252ee54280c0ee4bb76f906a9/hostname",
        "HostsPath": "/var/lib/docker/containers/75c5b7a85600e0a6a6b50bd602ba5d5f76f76b2252ee54280c0ee4bb76f906a9/hosts",
        "LogPath": "/var/lib/docker/containers/75c5b7a85600e0a6a6b50bd602ba5d5f76f76b2252ee54280c0ee4bb76f906a9/75c5b7a85600e0a6a6b50bd602ba5d5f76f76b2252ee54280c0ee4bb76f906a9-json.log",
        "Name": "/systems-engineer-s4-20261004t083538485059-old",
        "RestartCount": 0,
        "Driver": "overlayfs",
        "Platform": "linux",
        "MountLabel": "",
        "ProcessLabel": "",
        "AppArmorProfile": "",
        "ExecIDs": null,
        "HostConfig": {
            "Binds": null,
            "ContainerIDFile": "",
            "LogConfig": {
                "Type": "json-file",
                "Config": {}
            },
            "NetworkMode": "systems-engineer-s4-20261004t083538485059-net",
            "PortBindings": {
                "18184/tcp": [
                    {
                        "HostIp": "",
                        "HostPort": "18184"
                    }
                ]
            },
            "RestartPolicy": {
                "Name": "no",
                "MaximumRetryCount": 0
            },
            "AutoRemove": false,
            "VolumeDriver": "",
            "VolumesFrom": null,
            "ConsoleSize": [
                0,
                0
            ],
            "CapAdd": null,
            "CapDrop": null,
            "CgroupnsMode": "private",
            "Dns": null,
            "DnsOptions": [],
            "DnsSearch": [],
            "ExtraHosts": null,
            "GroupAdd": null,
            "IpcMode": "private",
            "Cgroup": "",
            "Links": null,
            "OomScoreAdj": 0,
            "PidMode": "",
            "Privileged": false,
            "PublishAllPorts": false,
            "ReadonlyRootfs": false,
            "SecurityOpt": null,
            "UTSMode": "",
            "UsernsMode": "",
            "ShmSize": 67108864,
            "Runtime": "runc",
            "Isolation": "",
            "CpuShares": 0,
            "Memory": 2147483648,
            "NanoCpus": 2000000000,
            "CgroupParent": "",
            "BlkioWeight": 0,
            "BlkioWeightDevice": [],
            "BlkioDeviceReadBps": [],
            "BlkioDeviceWriteBps": [],
            "BlkioDeviceReadIOps": [],
            "BlkioDeviceWriteIOps": [],
            "CpuPeriod": 0,
            "CpuQuota": 0,
            "CpuRealtimePeriod": 0,
            "CpuRealtimeRuntime": 0,
            "CpusetCpus": "",
            "CpusetMems": "",
            "Devices": [],
            "DeviceCgroupRules": null,
            "DeviceRequests": null,
            "MemoryReservation": 0,
            "MemorySwap": 4294967296,
            "MemorySwappiness": null,
            "OomKillDisable": null,
            "PidsLimit": null,
            "Ulimits": null,
            "CpuCount": 0,
            "CpuPercent": 0,
            "IOMaximumIOps": 0,
            "IOMaximumBandwidth": 0,
            "MaskedPaths": [
                "/proc/acpi",
                "/proc/asound",
                "/proc/interrupts",
                "/proc/kcore",
                "/proc/keys",
                "/proc/latency_stats",
                "/proc/sched_debug",
                "/proc/scsi",
                "/proc/timer_list",
                "/proc/timer_stats",
                "/sys/devices/virtual/powercap",
                "/sys/firmware"
            ],
            "ReadonlyPaths": [
                "/proc/bus",
                "/proc/fs",
                "/proc/irq",
                "/proc/sys",
                "/proc/sysrq-trigger"
            ]
        },
        "Storage": {
            "RootFS": {
                "Snapshot": {
                    "Name": "overlayfs"
                }
            }
        },
        "Mounts": [],
        "Config": {
            "Hostname": "75c5b7a85600",
            "Domainname": "",
            "User": "65532:65532",
            "AttachStdin": false,
            "AttachStdout": false,
            "AttachStderr": false,
            "ExposedPorts": {
                "18184/tcp": {},
                "8080/tcp": {}
            },
            "Tty": false,
            "OpenStdin": false,
            "StdinOnce": false,
            "Env": [
                "PORT=18184",
                "PATH=/usr/local/bin:/usr/local/sbin:/usr/local/bin:/usr/sbin:/usr/bin:/sbin:/bin",
                "LANG=C.UTF-8",
                "GPG_KEY=7169605F62C751356D054A26A821E680E5FA6305",
                "PYTHON_VERSION=3.12.15",
                "PYTHON_SHA256=c2c4321961fab0fb999d66e0cecf521c2ab3994c7992873ea99e306c1094fd5a",
                "PYTHONUNBUFFERED=1",
                "PYTHONDONTWRITEBYTECODE=1"
            ],
            "Cmd": [
                "python",
                "server.py"
            ],
            "Image": "systems-engineer-s4-20261004t083538485059:old",
            "Volumes": null,
            "WorkingDir": "/app",
            "Entrypoint": null,
            "Labels": {}
        },
        "NetworkSettings": {
            "SandboxID": "613d93f0d1f058ec702eceb293bbfd72e2b4aa46aea6dbeefeb6f8d865971389",
            "SandboxKey": "/var/run/docker/netns/613d93f0d1f0",
            "Ports": {
                "18184/tcp": []
            },
            "Networks": {
                "systems-engineer-s4-20261004t083538485059-net": {
                    "IPAMConfig": null,
                    "Links": null,
                    "Aliases": null,
                    "DriverOpts": null,
                    "GwPriority": 0,
                    "NetworkID": "f668fdcf2fe27af21196e52829e061786be3478b8bac386e2c99116a6e866681",
                    "EndpointID": "031ba122a11ec07b634136af2ce597967121b93a13f1c7fcb2fcea9bed12bcc1",
                    "Gateway": "",
                    "IPAddress": "172.18.0.6",
                    "MacAddress": "5a:d6:2b:60:04:95",
                    "IPPrefixLen": 16,
                    "IPv6Gateway": "",
                    "GlobalIPv6Address": "",
                    "GlobalIPv6PrefixLen": 0,
                    "DNSNames": [
                        "systems-engineer-s4-20261004t083538485059-old",
                        "75c5b7a85600"
                    ]
                }
            }
        },
        "ImageManifestDescriptor": {
            "mediaType": "application/vnd.oci.image.manifest.v1+json",
            "digest": "sha256:5483a71b7b64a0efeae6a47cfacdeeef7ccdf5d65af12b555182e3d2c31bee48",
            "size": 1996,
            "platform": {
                "architecture": "arm64",
                "os": "linux"
            }
        }
    }
]
