[
    {
        "Name": "systems-engineer-s4-20261004t083538485059-net",
        "Id": "f668fdcf2fe27af21196e52829e061786be3478b8bac386e2c99116a6e866681",
        "Created": "2026-10-04T08:35:45.015634178Z",
        "Scope": "local",
        "Driver": "bridge",
        "EnableIPv4": true,
        "EnableIPv6": false,
        "IPAM": {
            "Driver": "default",
            "Options": {},
            "Config": [
                {
                    "Subnet": "172.18.0.0/16",
                    "Gateway": "172.18.0.1"
                }
            ]
        },
        "Internal": true,
        "Attachable": false,
        "Ingress": false,
        "ConfigFrom": {
            "Network": ""
        },
        "ConfigOnly": false,
        "Options": {
            "com.docker.network.enable_ipv4": "true",
            "com.docker.network.enable_ipv6": "false"
        },
        "Labels": {},
        "Containers": {},
        "Status": {
            "IPAM": {
                "Subnets": {
                    "172.18.0.0/16": {
                        "IPsInUse": 3,
                        "DynamicIPsAvailable": 65533
                    }
                }
            }
        }
    }
]
