[
    {
        "Id": "849a4bbd61ff07de17a56e27d0d80c8d45ddf430edd0c9305e3f65a2c6f50a1f",
        "Created": "2026-10-04T08:32:51.891591Z",
        "Path": "python",
        "Args": [
            "server.py"
        ],
        "State": {
            "Status": "running",
            "Running": true,
            "Paused": false,
            "Restarting": false,
            "OOMKilled": false,
            "Dead": false,
            "Pid": 6423,
            "ExitCode": 0,
            "Error": "",
            "StartedAt": "2026-10-04T08:32:51.917856375Z",
            "FinishedAt": "0001-01-01T00:00:00Z"
        },
        "Image": "sha256:977e663f18253392aeb45068ddcbbafc5e11b9bfd8c359ebf21831784f82a7e4",
        "ResolvConfPath": "/var/lib/docker/containers/849a4bbd61ff07de17a56e27d0d80c8d45ddf430edd0c9305e3f65a2c6f50a1f/resolv.conf",
        "HostnamePath": "/var/lib/docker/containers/849a4bbd61ff07de17a56e27d0d80c8d45ddf430edd0c9305e3f65a2c6f50a1f/hostname",
        "HostsPath": "/var/lib/docker/containers/849a4bbd61ff07de17a56e27d0d80c8d45ddf430edd0c9305e3f65a2c6f50a1f/hosts",
        "LogPath": "/var/lib/docker/containers/849a4bbd61ff07de17a56e27d0d80c8d45ddf430edd0c9305e3f65a2c6f50a1f/849a4bbd61ff07de17a56e27d0d80c8d45ddf430edd0c9305e3f65a2c6f50a1f-json.log",
        "Name": "/systems-engineer-s4-20261004t083229217297-current-b",
        "RestartCount": 0,
        "Driver": "overlayfs",
        "Platform": "linux",
        "MountLabel": "",
        "ProcessLabel": "",
        "AppArmorProfile": "",
        "ExecIDs": null,
        "HostConfig": {
            "Binds": null,
            "ContainerIDFile": "",
            "LogConfig": {
                "Type": "json-file",
                "Config": {}
            },
            "NetworkMode": "systems-engineer-s4-20261004t083229217297-net",
            "PortBindings": {
                "18181/tcp": [
                    {
                        "HostIp": "",
                        "HostPort": "18181"
                    }
                ]
            },
            "RestartPolicy": {
                "Name": "no",
                "MaximumRetryCount": 0
            },
            "AutoRemove": false,
            "VolumeDriver": "",
            "VolumesFrom": null,
            "ConsoleSize": [
                0,
                0
            ],
            "CapAdd": null,
            "CapDrop": null,
            "CgroupnsMode": "private",
            "Dns": null,
            "DnsOptions": [],
            "DnsSearch": [],
            "ExtraHosts": null,
            "GroupAdd": null,
            "IpcMode": "private",
            "Cgroup": "",
            "Links": null,
            "OomScoreAdj": 0,
            "PidMode": "",
            "Privileged": false,
            "PublishAllPorts": false,
            "ReadonlyRootfs": false,
            "SecurityOpt": null,
            "UTSMode": "",
            "UsernsMode": "",
            "ShmSize": 67108864,
            "Runtime": "runc",
            "Isolation": "",
            "CpuShares": 0,
            "Memory": 2147483648,
            "NanoCpus": 2000000000,
            "CgroupParent": "",
            "BlkioWeight": 0,
            "BlkioWeightDevice": [],
            "BlkioDeviceReadBps": [],
            "BlkioDeviceWriteBps": [],
            "BlkioDeviceReadIOps": [],
            "BlkioDeviceWriteIOps": [],
            "CpuPeriod": 0,
            "CpuQuota": 0,
            "CpuRealtimePeriod": 0,
            "CpuRealtimeRuntime": 0,
            "CpusetCpus": "",
            "CpusetMems": "",
            "Devices": [],
            "DeviceCgroupRules": null,
            "DeviceRequests": null,
            "MemoryReservation": 0,
            "MemorySwap": 4294967296,
            "MemorySwappiness": null,
            "OomKillDisable": null,
            "PidsLimit": null,
            "Ulimits": null,
            "CpuCount": 0,
            "CpuPercent": 0,
            "IOMaximumIOps": 0,
            "IOMaximumBandwidth": 0,
            "MaskedPaths": [
                "/proc/acpi",
                "/proc/asound",
                "/proc/interrupts",
                "/proc/kcore",
                "/proc/keys",
                "/proc/latency_stats",
                "/proc/sched_debug",
                "/proc/scsi",
                "/proc/timer_list",
                "/proc/timer_stats",
                "/sys/devices/virtual/powercap",
                "/sys/firmware"
            ],
            "ReadonlyPaths": [
                "/proc/bus",
                "/proc/fs",
                "/proc/irq",
                "/proc/sys",
                "/proc/sysrq-trigger"
            ]
        },
        "Storage": {
            "RootFS": {
                "Snapshot": {
                    "Name": "overlayfs"
                }
            }
        },
        "Mounts": [],
        "Config": {
            "Hostname": "849a4bbd61ff",
            "Domainname": "",
            "User": "65532:65532",
            "AttachStdin": false,
            "AttachStdout": false,
            "AttachStderr": false,
            "ExposedPorts": {
                "18181/tcp": {},
                "8080/tcp": {}
            },
            "Tty": false,
            "OpenStdin": false,
            "StdinOnce": false,
            "Env": [
                "PORT=18181",
                "PATH=/usr/local/bin:/usr/local/sbin:/usr/local/bin:/usr/sbin:/usr/bin:/sbin:/bin",
                "LANG=C.UTF-8",
                "GPG_KEY=7169605F62C751356D054A26A821E680E5FA6305",
                "PYTHON_VERSION=3.12.15",
                "PYTHON_SHA256=c2c4321961fab0fb999d66e0cecf521c2ab3994c7992873ea99e306c1094fd5a",
                "PYTHONUNBUFFERED=1",
                "PYTHONDONTWRITEBYTECODE=1"
            ],
            "Cmd": [
                "python",
                "server.py"
            ],
            "Image": "systems-engineer-s4-20261004t083229217297:current",
            "Volumes": null,
            "WorkingDir": "/app",
            "Entrypoint": null,
            "Labels": {}
        },
        "NetworkSettings": {
            "SandboxID": "fd3cd22e65a0eac924c2db72196ccb4b74538f8c9d98645c695d199aa0ec6a4b",
            "SandboxKey": "/var/run/docker/netns/fd3cd22e65a0",
            "Ports": {
                "18181/tcp": []
            },
            "Networks": {
                "systems-engineer-s4-20261004t083229217297-net": {
                    "IPAMConfig": null,
                    "Links": null,
                    "Aliases": null,
                    "DriverOpts": null,
                    "GwPriority": 0,
                    "NetworkID": "780d25967e7d9ea5ce575acc197b8a2750947641c1e9b966b76ddb068dbb983a",
                    "EndpointID": "aadcc9c0b1ca2418275bf18ace480b0fe9149c011fc54b91c0e99bc143fc5a27",
                    "Gateway": "",
                    "IPAddress": "172.18.0.3",
                    "MacAddress": "6e:a8:5f:7a:40:cc",
                    "IPPrefixLen": 16,
                    "IPv6Gateway": "",
                    "GlobalIPv6Address": "",
                    "GlobalIPv6PrefixLen": 0,
                    "DNSNames": [
                        "systems-engineer-s4-20261004t083229217297-current-b",
                        "849a4bbd61ff"
                    ]
                }
            }
        },
        "ImageManifestDescriptor": {
            "mediaType": "application/vnd.oci.image.manifest.v1+json",
            "digest": "sha256:dc077949072a582e4cc9e8d1ea78c3d556759b87684f244c805e5cf40a37d093",
            "size": 1996,
            "platform": {
                "architecture": "arm64",
                "os": "linux"
            }
        }
    }
]
