[
    {
        "Id": "684669e097bd2b5e4fa702821ec8b9af111d46599bd1758bff58bf87061525ae",
        "Created": "2026-10-04T08:34:03.743559673Z",
        "Path": "python",
        "Args": [
            "server.py"
        ],
        "State": {
            "Status": "running",
            "Running": true,
            "Paused": false,
            "Restarting": false,
            "OOMKilled": false,
            "Dead": false,
            "Pid": 7029,
            "ExitCode": 0,
            "Error": "",
            "StartedAt": "2026-10-04T08:34:03.769397423Z",
            "FinishedAt": "0001-01-01T00:00:00Z"
        },
        "Image": "sha256:1f25916be7ff978d2f6d3bf2d51d7677d34b08f965f51df2452e858b4aa0b812",
        "ResolvConfPath": "/var/lib/docker/containers/684669e097bd2b5e4fa702821ec8b9af111d46599bd1758bff58bf87061525ae/resolv.conf",
        "HostnamePath": "/var/lib/docker/containers/684669e097bd2b5e4fa702821ec8b9af111d46599bd1758bff58bf87061525ae/hostname",
        "HostsPath": "/var/lib/docker/containers/684669e097bd2b5e4fa702821ec8b9af111d46599bd1758bff58bf87061525ae/hosts",
        "LogPath": "/var/lib/docker/containers/684669e097bd2b5e4fa702821ec8b9af111d46599bd1758bff58bf87061525ae/684669e097bd2b5e4fa702821ec8b9af111d46599bd1758bff58bf87061525ae-json.log",
        "Name": "/systems-engineer-s4-20261004t083229217297-accepted3",
        "RestartCount": 0,
        "Driver": "overlayfs",
        "Platform": "linux",
        "MountLabel": "",
        "ProcessLabel": "",
        "AppArmorProfile": "",
        "ExecIDs": null,
        "HostConfig": {
            "Binds": null,
            "ContainerIDFile": "",
            "LogConfig": {
                "Type": "json-file",
                "Config": {}
            },
            "NetworkMode": "systems-engineer-s4-20261004t083229217297-net",
            "PortBindings": {
                "18186/tcp": [
                    {
                        "HostIp": "",
                        "HostPort": "18186"
                    }
                ]
            },
            "RestartPolicy": {
                "Name": "no",
                "MaximumRetryCount": 0
            },
            "AutoRemove": false,
            "VolumeDriver": "",
            "VolumesFrom": null,
            "ConsoleSize": [
                0,
                0
            ],
            "CapAdd": null,
            "CapDrop": null,
            "CgroupnsMode": "private",
            "Dns": null,
            "DnsOptions": [],
            "DnsSearch": [],
            "ExtraHosts": null,
            "GroupAdd": null,
            "IpcMode": "private",
            "Cgroup": "",
            "Links": null,
            "OomScoreAdj": 0,
            "PidMode": "",
            "Privileged": false,
            "PublishAllPorts": false,
            "ReadonlyRootfs": false,
            "SecurityOpt": null,
            "UTSMode": "",
            "UsernsMode": "",
            "ShmSize": 67108864,
            "Runtime": "runc",
            "Isolation": "",
            "CpuShares": 0,
            "Memory": 2147483648,
            "NanoCpus": 2000000000,
            "CgroupParent": "",
            "BlkioWeight": 0,
            "BlkioWeightDevice": [],
            "BlkioDeviceReadBps": [],
            "BlkioDeviceWriteBps": [],
            "BlkioDeviceReadIOps": [],
            "BlkioDeviceWriteIOps": [],
            "CpuPeriod": 0,
            "CpuQuota": 0,
            "CpuRealtimePeriod": 0,
            "CpuRealtimeRuntime": 0,
            "CpusetCpus": "",
            "CpusetMems": "",
            "Devices": [],
            "DeviceCgroupRules": null,
            "DeviceRequests": null,
            "MemoryReservation": 0,
            "MemorySwap": 4294967296,
            "MemorySwappiness": null,
            "OomKillDisable": null,
            "PidsLimit": null,
            "Ulimits": null,
            "CpuCount": 0,
            "CpuPercent": 0,
            "IOMaximumIOps": 0,
            "IOMaximumBandwidth": 0,
            "MaskedPaths": [
                "/proc/acpi",
                "/proc/asound",
                "/proc/interrupts",
                "/proc/kcore",
                "/proc/keys",
                "/proc/latency_stats",
                "/proc/sched_debug",
                "/proc/scsi",
                "/proc/timer_list",
                "/proc/timer_stats",
                "/sys/devices/virtual/powercap",
                "/sys/firmware"
            ],
            "ReadonlyPaths": [
                "/proc/bus",
                "/proc/fs",
                "/proc/irq",
                "/proc/sys",
                "/proc/sysrq-trigger"
            ]
        },
        "Storage": {
            "RootFS": {
                "Snapshot": {
                    "Name": "overlayfs"
                }
            }
        },
        "Mounts": [],
        "Config": {
            "Hostname": "684669e097bd",
            "Domainname": "",
            "User": "65532:65532",
            "AttachStdin": false,
            "AttachStdout": false,
            "AttachStderr": false,
            "ExposedPorts": {
                "18186/tcp": {},
                "8080/tcp": {}
            },
            "Tty": false,
            "OpenStdin": false,
            "StdinOnce": false,
            "Env": [
                "PORT=18186",
                "PATH=/usr/local/bin:/usr/local/sbin:/usr/local/bin:/usr/sbin:/usr/bin:/sbin:/bin",
                "LANG=C.UTF-8",
                "GPG_KEY=7169605F62C751356D054A26A821E680E5FA6305",
                "PYTHON_VERSION=3.12.15",
                "PYTHON_SHA256=c2c4321961fab0fb999d66e0cecf521c2ab3994c7992873ea99e306c1094fd5a",
                "PYTHONUNBUFFERED=1",
                "PYTHONDONTWRITEBYTECODE=1"
            ],
            "Cmd": [
                "python",
                "server.py"
            ],
            "Image": "systems-engineer-s4-20261004t083229217297:accepted3",
            "Volumes": null,
            "WorkingDir": "/app",
            "Entrypoint": null,
            "Labels": {}
        },
        "NetworkSettings": {
            "SandboxID": "1c31cf3c00f9943f51eff2176b2911cfa57b5ce1ca5f6bf53d48bbebf017d6f8",
            "SandboxKey": "/var/run/docker/netns/1c31cf3c00f9",
            "Ports": {
                "18186/tcp": []
            },
            "Networks": {
                "systems-engineer-s4-20261004t083229217297-net": {
                    "IPAMConfig": null,
                    "Links": null,
                    "Aliases": null,
                    "DriverOpts": null,
                    "GwPriority": 0,
                    "NetworkID": "780d25967e7d9ea5ce575acc197b8a2750947641c1e9b966b76ddb068dbb983a",
                    "EndpointID": "b0ca0586bed5950897127d5aa0871a0c1e7cdf079f6ae600b2bfcf45609c5796",
                    "Gateway": "",
                    "IPAddress": "172.18.0.8",
                    "MacAddress": "46:89:fa:d8:7f:1a",
                    "IPPrefixLen": 16,
                    "IPv6Gateway": "",
                    "GlobalIPv6Address": "",
                    "GlobalIPv6PrefixLen": 0,
                    "DNSNames": [
                        "systems-engineer-s4-20261004t083229217297-accepted3",
                        "684669e097bd"
                    ]
                }
            }
        },
        "ImageManifestDescriptor": {
            "mediaType": "application/vnd.oci.image.manifest.v1+json",
            "digest": "sha256:5140a406dbccb38a3a597b73329443da5a20bc71191df5129cd6c1bbf548faa2",
            "size": 1996,
            "platform": {
                "architecture": "arm64",
                "os": "linux"
            }
        }
    }
]
