[
    {
        "Id": "c69ff1f774047d897067893e61765ee80fd13047cd2b36a45112548ce56586dc",
        "Created": "2026-10-04T08:33:35.619827507Z",
        "Path": "python",
        "Args": [
            "server.py"
        ],
        "State": {
            "Status": "running",
            "Running": true,
            "Paused": false,
            "Restarting": false,
            "OOMKilled": false,
            "Dead": false,
            "Pid": 6789,
            "ExitCode": 0,
            "Error": "",
            "StartedAt": "2026-10-04T08:33:35.646387882Z",
            "FinishedAt": "0001-01-01T00:00:00Z"
        },
        "Image": "sha256:31f9c5de981441afa38e38d800a014990739dd05bcfc11fe87f5379cfe823b52",
        "ResolvConfPath": "/var/lib/docker/containers/c69ff1f774047d897067893e61765ee80fd13047cd2b36a45112548ce56586dc/resolv.conf",
        "HostnamePath": "/var/lib/docker/containers/c69ff1f774047d897067893e61765ee80fd13047cd2b36a45112548ce56586dc/hostname",
        "HostsPath": "/var/lib/docker/containers/c69ff1f774047d897067893e61765ee80fd13047cd2b36a45112548ce56586dc/hosts",
        "LogPath": "/var/lib/docker/containers/c69ff1f774047d897067893e61765ee80fd13047cd2b36a45112548ce56586dc/c69ff1f774047d897067893e61765ee80fd13047cd2b36a45112548ce56586dc-json.log",
        "Name": "/systems-engineer-s4-20261004t083229217297-old",
        "RestartCount": 0,
        "Driver": "overlayfs",
        "Platform": "linux",
        "MountLabel": "",
        "ProcessLabel": "",
        "AppArmorProfile": "",
        "ExecIDs": null,
        "HostConfig": {
            "Binds": null,
            "ContainerIDFile": "",
            "LogConfig": {
                "Type": "json-file",
                "Config": {}
            },
            "NetworkMode": "systems-engineer-s4-20261004t083229217297-net",
            "PortBindings": {
                "18184/tcp": [
                    {
                        "HostIp": "",
                        "HostPort": "18184"
                    }
                ]
            },
            "RestartPolicy": {
                "Name": "no",
                "MaximumRetryCount": 0
            },
            "AutoRemove": false,
            "VolumeDriver": "",
            "VolumesFrom": null,
            "ConsoleSize": [
                0,
                0
            ],
            "CapAdd": null,
            "CapDrop": null,
            "CgroupnsMode": "private",
            "Dns": null,
            "DnsOptions": [],
            "DnsSearch": [],
            "ExtraHosts": null,
            "GroupAdd": null,
            "IpcMode": "private",
            "Cgroup": "",
            "Links": null,
            "OomScoreAdj": 0,
            "PidMode": "",
            "Privileged": false,
            "PublishAllPorts": false,
            "ReadonlyRootfs": false,
            "SecurityOpt": null,
            "UTSMode": "",
            "UsernsMode": "",
            "ShmSize": 67108864,
            "Runtime": "runc",
            "Isolation": "",
            "CpuShares": 0,
            "Memory": 2147483648,
            "NanoCpus": 2000000000,
            "CgroupParent": "",
            "BlkioWeight": 0,
            "BlkioWeightDevice": [],
            "BlkioDeviceReadBps": [],
            "BlkioDeviceWriteBps": [],
            "BlkioDeviceReadIOps": [],
            "BlkioDeviceWriteIOps": [],
            "CpuPeriod": 0,
            "CpuQuota": 0,
            "CpuRealtimePeriod": 0,
            "CpuRealtimeRuntime": 0,
            "CpusetCpus": "",
            "CpusetMems": "",
            "Devices": [],
            "DeviceCgroupRules": null,
            "DeviceRequests": null,
            "MemoryReservation": 0,
            "MemorySwap": 4294967296,
            "MemorySwappiness": null,
            "OomKillDisable": null,
            "PidsLimit": null,
            "Ulimits": null,
            "CpuCount": 0,
            "CpuPercent": 0,
            "IOMaximumIOps": 0,
            "IOMaximumBandwidth": 0,
            "MaskedPaths": [
                "/proc/acpi",
                "/proc/asound",
                "/proc/interrupts",
                "/proc/kcore",
                "/proc/keys",
                "/proc/latency_stats",
                "/proc/sched_debug",
                "/proc/scsi",
                "/proc/timer_list",
                "/proc/timer_stats",
                "/sys/devices/virtual/powercap",
                "/sys/firmware"
            ],
            "ReadonlyPaths": [
                "/proc/bus",
                "/proc/fs",
                "/proc/irq",
                "/proc/sys",
                "/proc/sysrq-trigger"
            ]
        },
        "Storage": {
            "RootFS": {
                "Snapshot": {
                    "Name": "overlayfs"
                }
            }
        },
        "Mounts": [],
        "Config": {
            "Hostname": "c69ff1f77404",
            "Domainname": "",
            "User": "65532:65532",
            "AttachStdin": false,
            "AttachStdout": false,
            "AttachStderr": false,
            "ExposedPorts": {
                "18184/tcp": {},
                "8080/tcp": {}
            },
            "Tty": false,
            "OpenStdin": false,
            "StdinOnce": false,
            "Env": [
                "PORT=18184",
                "PATH=/usr/local/bin:/usr/local/sbin:/usr/local/bin:/usr/sbin:/usr/bin:/sbin:/bin",
                "LANG=C.UTF-8",
                "GPG_KEY=7169605F62C751356D054A26A821E680E5FA6305",
                "PYTHON_VERSION=3.12.15",
                "PYTHON_SHA256=c2c4321961fab0fb999d66e0cecf521c2ab3994c7992873ea99e306c1094fd5a",
                "PYTHONUNBUFFERED=1",
                "PYTHONDONTWRITEBYTECODE=1"
            ],
            "Cmd": [
                "python",
                "server.py"
            ],
            "Image": "systems-engineer-s4-20261004t083229217297:old",
            "Volumes": null,
            "WorkingDir": "/app",
            "Entrypoint": null,
            "Labels": {}
        },
        "NetworkSettings": {
            "SandboxID": "7af4d5e46673f6ef82270f1677efb3574812fe38b22ea4e7bf5eeb262157ec75",
            "SandboxKey": "/var/run/docker/netns/7af4d5e46673",
            "Ports": {
                "18184/tcp": []
            },
            "Networks": {
                "systems-engineer-s4-20261004t083229217297-net": {
                    "IPAMConfig": null,
                    "Links": null,
                    "Aliases": null,
                    "DriverOpts": null,
                    "GwPriority": 0,
                    "NetworkID": "780d25967e7d9ea5ce575acc197b8a2750947641c1e9b966b76ddb068dbb983a",
                    "EndpointID": "fd0491fe207e20038993a5b4f42d3f5c95cca4083c52cf25bcff4e7eb5c6a168",
                    "Gateway": "",
                    "IPAddress": "172.18.0.6",
                    "MacAddress": "46:e1:e9:c4:e0:06",
                    "IPPrefixLen": 16,
                    "IPv6Gateway": "",
                    "GlobalIPv6Address": "",
                    "GlobalIPv6PrefixLen": 0,
                    "DNSNames": [
                        "systems-engineer-s4-20261004t083229217297-old",
                        "c69ff1f77404"
                    ]
                }
            }
        },
        "ImageManifestDescriptor": {
            "mediaType": "application/vnd.oci.image.manifest.v1+json",
            "digest": "sha256:5483a71b7b64a0efeae6a47cfacdeeef7ccdf5d65af12b555182e3d2c31bee48",
            "size": 1996,
            "platform": {
                "architecture": "arm64",
                "os": "linux"
            }
        }
    }
]
