#0 building with "desktop-linux" instance using docker driver

#1 [internal] load build definition from Dockerfile
#1 transferring dockerfile: 571B done
#1 DONE 0.0s

#2 [internal] load metadata for docker.io/library/python:3.12-slim-bookworm
#2 DONE 0.4s

#3 [internal] load .dockerignore
#3 transferring context: 103B done
#3 DONE 0.0s

#4 [1/6] FROM docker.io/library/python:3.12-slim-bookworm@sha256:54c85f3c47607a77f32adec749d3c81d1348bf25833671f512b26a9b6d778cb3
#4 resolve docker.io/library/python:3.12-slim-bookworm@sha256:54c85f3c47607a77f32adec749d3c81d1348bf25833671f512b26a9b6d778cb3 done
#4 DONE 0.0s

#5 [internal] load build context
#5 transferring context: 182.79kB done
#5 DONE 0.0s

#6 [5/6] COPY web ./web
#6 CACHED

#7 [4/6] COPY server.py core.py json_codec.py ./
#7 CACHED

#8 [2/6] RUN apt-get update     && DEBIAN_FRONTEND=noninteractive apt-get install -y --no-install-recommends tzdata     && rm -rf /var/lib/apt/lists/*
#8 CACHED

#9 [3/6] WORKDIR /app
#9 CACHED

#10 [6/6] RUN python -c "import ast,pathlib; [ast.parse(p.read_text()) for p in pathlib.Path('.').glob('*.py')]"
#10 CACHED

#11 exporting to image
#11 exporting layers done
#11 exporting manifest sha256:dc077949072a582e4cc9e8d1ea78c3d556759b87684f244c805e5cf40a37d093 done
#11 exporting config sha256:e585857f5640af6f468b4dd861e0e5e85f6875d3bc7619ed9aec3f1f7a648838 done
#11 exporting attestation manifest sha256:5b25e6ee211388942c96882354b50e3c4f967c44db2dbba181986bbdbfce2622 done
#11 exporting manifest list sha256:977e663f18253392aeb45068ddcbbafc5e11b9bfd8c359ebf21831784f82a7e4 done
#11 naming to docker.io/library/systems-engineer-s4-20261004t083229217297:current done
#11 unpacking to docker.io/library/systems-engineer-s4-20261004t083229217297:current done
#11 DONE 0.0s
