#0 building with "desktop-linux" instance using docker driver

#1 [internal] load build definition from Dockerfile
#1 transferring dockerfile: 571B done
#1 DONE 0.0s

#2 [internal] load metadata for docker.io/library/python:3.12-slim-bookworm
#2 DONE 0.2s

#3 [internal] load .dockerignore
#3 transferring context: 103B done
#3 DONE 0.0s

#4 [1/6] FROM docker.io/library/python:3.12-slim-bookworm@sha256:54c85f3c47607a77f32adec749d3c81d1348bf25833671f512b26a9b6d778cb3
#4 resolve docker.io/library/python:3.12-slim-bookworm@sha256:54c85f3c47607a77f32adec749d3c81d1348bf25833671f512b26a9b6d778cb3 done
#4 DONE 0.0s

#5 [internal] load build context
#5 transferring context: 115.10kB done
#5 DONE 0.0s

#6 [2/6] RUN apt-get update     && DEBIAN_FRONTEND=noninteractive apt-get install -y --no-install-recommends tzdata     && rm -rf /var/lib/apt/lists/*
#6 CACHED

#7 [4/6] COPY server.py core.py json_codec.py ./
#7 CACHED

#8 [3/6] WORKDIR /app
#8 CACHED

#9 [5/6] COPY web ./web
#9 CACHED

#10 [6/6] RUN python -c "import ast,pathlib; [ast.parse(p.read_text()) for p in pathlib.Path('.').glob('*.py')]"
#10 CACHED

#11 exporting to image
#11 exporting layers done
#11 exporting manifest sha256:40fe32694d54e9e343522ee67994b9b57a3baeb02251cc051dfeb0ef1f9106a7 done
#11 exporting config sha256:543636dbec19aefcd77aff1807ea7fd0e89b764b1309ded25e05ddc08cbd7457 done
#11 exporting attestation manifest sha256:9fcfbf4f7a2a89b2a4eed69842dd06bb07dde49e2b9806cf632bae8b2a9aed91 done
#11 exporting manifest list sha256:01618acb9d9b99532ead9dc8afefe7983aae0a3d2f6f63fa56e563e6edb68df1 done
#11 naming to docker.io/library/systems-engineer-s4-20261004t083229217297:accepted2 done
#11 unpacking to docker.io/library/systems-engineer-s4-20261004t083229217297:accepted2 done
#11 DONE 0.0s
