[
    {
        "Id": "4a9bff58aa5263c0562c8eb8bb202798e66d1a4448fe73cd4fbf4479c88bdfd9",
        "Created": "2026-10-04T08:33:48.13893218Z",
        "Path": "python",
        "Args": [
            "server.py"
        ],
        "State": {
            "Status": "running",
            "Running": true,
            "Paused": false,
            "Restarting": false,
            "OOMKilled": false,
            "Dead": false,
            "Pid": 6898,
            "ExitCode": 0,
            "Error": "",
            "StartedAt": "2026-10-04T08:33:48.165642471Z",
            "FinishedAt": "0001-01-01T00:00:00Z"
        },
        "Image": "sha256:01618acb9d9b99532ead9dc8afefe7983aae0a3d2f6f63fa56e563e6edb68df1",
        "ResolvConfPath": "/var/lib/docker/containers/4a9bff58aa5263c0562c8eb8bb202798e66d1a4448fe73cd4fbf4479c88bdfd9/resolv.conf",
        "HostnamePath": "/var/lib/docker/containers/4a9bff58aa5263c0562c8eb8bb202798e66d1a4448fe73cd4fbf4479c88bdfd9/hostname",
        "HostsPath": "/var/lib/docker/containers/4a9bff58aa5263c0562c8eb8bb202798e66d1a4448fe73cd4fbf4479c88bdfd9/hosts",
        "LogPath": "/var/lib/docker/containers/4a9bff58aa5263c0562c8eb8bb202798e66d1a4448fe73cd4fbf4479c88bdfd9/4a9bff58aa5263c0562c8eb8bb202798e66d1a4448fe73cd4fbf4479c88bdfd9-json.log",
        "Name": "/systems-engineer-s4-20261004t083229217297-accepted2",
        "RestartCount": 0,
        "Driver": "overlayfs",
        "Platform": "linux",
        "MountLabel": "",
        "ProcessLabel": "",
        "AppArmorProfile": "",
        "ExecIDs": null,
        "HostConfig": {
            "Binds": null,
            "ContainerIDFile": "",
            "LogConfig": {
                "Type": "json-file",
                "Config": {}
            },
            "NetworkMode": "systems-engineer-s4-20261004t083229217297-net",
            "PortBindings": {
                "18185/tcp": [
                    {
                        "HostIp": "",
                        "HostPort": "18185"
                    }
                ]
            },
            "RestartPolicy": {
                "Name": "no",
                "MaximumRetryCount": 0
            },
            "AutoRemove": false,
            "VolumeDriver": "",
            "VolumesFrom": null,
            "ConsoleSize": [
                0,
                0
            ],
            "CapAdd": null,
            "CapDrop": null,
            "CgroupnsMode": "private",
            "Dns": null,
            "DnsOptions": [],
            "DnsSearch": [],
            "ExtraHosts": null,
            "GroupAdd": null,
            "IpcMode": "private",
            "Cgroup": "",
            "Links": null,
            "OomScoreAdj": 0,
            "PidMode": "",
            "Privileged": false,
            "PublishAllPorts": false,
            "ReadonlyRootfs": false,
            "SecurityOpt": null,
            "UTSMode": "",
            "UsernsMode": "",
            "ShmSize": 67108864,
            "Runtime": "runc",
            "Isolation": "",
            "CpuShares": 0,
            "Memory": 2147483648,
            "NanoCpus": 2000000000,
            "CgroupParent": "",
            "BlkioWeight": 0,
            "BlkioWeightDevice": [],
            "BlkioDeviceReadBps": [],
            "BlkioDeviceWriteBps": [],
            "BlkioDeviceReadIOps": [],
            "BlkioDeviceWriteIOps": [],
            "CpuPeriod": 0,
            "CpuQuota": 0,
            "CpuRealtimePeriod": 0,
            "CpuRealtimeRuntime": 0,
            "CpusetCpus": "",
            "CpusetMems": "",
            "Devices": [],
            "DeviceCgroupRules": null,
            "DeviceRequests": null,
            "MemoryReservation": 0,
            "MemorySwap": 4294967296,
            "MemorySwappiness": null,
            "OomKillDisable": null,
            "PidsLimit": null,
            "Ulimits": null,
            "CpuCount": 0,
            "CpuPercent": 0,
            "IOMaximumIOps": 0,
            "IOMaximumBandwidth": 0,
            "MaskedPaths": [
                "/proc/acpi",
                "/proc/asound",
                "/proc/interrupts",
                "/proc/kcore",
                "/proc/keys",
                "/proc/latency_stats",
                "/proc/sched_debug",
                "/proc/scsi",
                "/proc/timer_list",
                "/proc/timer_stats",
                "/sys/devices/virtual/powercap",
                "/sys/firmware"
            ],
            "ReadonlyPaths": [
                "/proc/bus",
                "/proc/fs",
                "/proc/irq",
                "/proc/sys",
                "/proc/sysrq-trigger"
            ]
        },
        "Storage": {
            "RootFS": {
                "Snapshot": {
                    "Name": "overlayfs"
                }
            }
        },
        "Mounts": [],
        "Config": {
            "Hostname": "4a9bff58aa52",
            "Domainname": "",
            "User": "65532:65532",
            "AttachStdin": false,
            "AttachStdout": false,
            "AttachStderr": false,
            "ExposedPorts": {
                "18185/tcp": {},
                "8080/tcp": {}
            },
            "Tty": false,
            "OpenStdin": false,
            "StdinOnce": false,
            "Env": [
                "PORT=18185",
                "PATH=/usr/local/bin:/usr/local/sbin:/usr/local/bin:/usr/sbin:/usr/bin:/sbin:/bin",
                "LANG=C.UTF-8",
                "GPG_KEY=7169605F62C751356D054A26A821E680E5FA6305",
                "PYTHON_VERSION=3.12.15",
                "PYTHON_SHA256=c2c4321961fab0fb999d66e0cecf521c2ab3994c7992873ea99e306c1094fd5a",
                "PYTHONUNBUFFERED=1",
                "PYTHONDONTWRITEBYTECODE=1"
            ],
            "Cmd": [
                "python",
                "server.py"
            ],
            "Image": "systems-engineer-s4-20261004t083229217297:accepted2",
            "Volumes": null,
            "WorkingDir": "/app",
            "Entrypoint": null,
            "Labels": {}
        },
        "NetworkSettings": {
            "SandboxID": "fd41bcdbefdd7398d96bf5ac49bbae2a51cf862583e5a9180de3b99a27171704",
            "SandboxKey": "/var/run/docker/netns/fd41bcdbefdd",
            "Ports": {
                "18185/tcp": []
            },
            "Networks": {
                "systems-engineer-s4-20261004t083229217297-net": {
                    "IPAMConfig": null,
                    "Links": null,
                    "Aliases": null,
                    "DriverOpts": null,
                    "GwPriority": 0,
                    "NetworkID": "780d25967e7d9ea5ce575acc197b8a2750947641c1e9b966b76ddb068dbb983a",
                    "EndpointID": "f4339632db37e10718771bcc924c8b6ec235bda7c286a5ee8755ab0a9d284d2b",
                    "Gateway": "",
                    "IPAddress": "172.18.0.7",
                    "MacAddress": "d2:f4:b9:1b:22:64",
                    "IPPrefixLen": 16,
                    "IPv6Gateway": "",
                    "GlobalIPv6Address": "",
                    "GlobalIPv6PrefixLen": 0,
                    "DNSNames": [
                        "systems-engineer-s4-20261004t083229217297-accepted2",
                        "4a9bff58aa52"
                    ]
                }
            }
        },
        "ImageManifestDescriptor": {
            "mediaType": "application/vnd.oci.image.manifest.v1+json",
            "digest": "sha256:40fe32694d54e9e343522ee67994b9b57a3baeb02251cc051dfeb0ef1f9106a7",
            "size": 1996,
            "platform": {
                "architecture": "arm64",
                "os": "linux"
            }
        }
    }
]
