#0 building with "desktop-linux" instance using docker driver

#1 [internal] load build definition from Dockerfile
#1 transferring dockerfile: 120B done
#1 DONE 0.0s

#2 [internal] load metadata for docker.io/library/systems-engineer-s4-20261004t083229217297:current
#2 DONE 0.0s

#3 [internal] load .dockerignore
#3 transferring context: 2B done
#3 DONE 0.0s

#4 [1/3] FROM docker.io/library/systems-engineer-s4-20261004t083229217297:current@sha256:977e663f18253392aeb45068ddcbbafc5e11b9bfd8c359ebf21831784f82a7e4
#4 resolve docker.io/library/systems-engineer-s4-20261004t083229217297:current@sha256:977e663f18253392aeb45068ddcbbafc5e11b9bfd8c359ebf21831784f82a7e4 0.0s done
#4 DONE 0.0s

#5 [internal] load build context
#5 transferring context: 176.50kB done
#5 DONE 0.0s

#6 [2/3] WORKDIR /probe
#6 CACHED

#7 [3/3] COPY *.py ./
#7 DONE 0.0s

#8 exporting to image
#8 exporting layers 0.0s done
#8 exporting manifest sha256:fc50e76248a77c09fa76606ec2f6a62cb6f2cf6e89cfd30a9776a6f8be15f825 done
#8 exporting config sha256:66258da513f13bfc3afc445e5f6fb761807239a4b79e6b94da4d810c9497da66 done
#8 exporting attestation manifest sha256:c82ad72a379f6a7b332c2305d2b2b60ade5db7521b5aac510de8c9edbbe3142d
#8 exporting attestation manifest sha256:c82ad72a379f6a7b332c2305d2b2b60ade5db7521b5aac510de8c9edbbe3142d done
#8 exporting manifest list sha256:4e941b5ea64a80dc766aabe09558da8db277440fd8ff7409f8103d34cc683d12 done
#8 naming to docker.io/library/systems-engineer-s4-20261004t083229217297:client done
#8 unpacking to docker.io/library/systems-engineer-s4-20261004t083229217297:client done
#8 DONE 0.1s
