#0 building with "desktop-linux" instance using docker driver

#1 [internal] load build definition from Dockerfile
#1 transferring dockerfile: 210B done
#1 DONE 0.0s

#2 [internal] load metadata for docker.io/library/independent-verifier-s4-1004095136:client
#2 DONE 0.0s

#3 [internal] load .dockerignore
#3 transferring context: 2B done
#3 DONE 0.0s

#4 [1/5] FROM docker.io/library/independent-verifier-s4-1004095136:client@sha256:2a56848199b867aca32b02eb632232cdcf52f542f5a1fbfe871580e120ca36d9
#4 resolve docker.io/library/independent-verifier-s4-1004095136:client@sha256:2a56848199b867aca32b02eb632232cdcf52f542f5a1fbfe871580e120ca36d9 done
#4 DONE 0.0s

#5 [internal] load build context
#5 transferring context: 11.76MB 0.1s done
#5 DONE 0.1s

#6 [2/5] COPY stage-1 /verifier/stage-1
#6 CACHED

#7 [3/5] COPY stage-2 /verifier/stage-2
#7 CACHED

#8 [4/5] COPY stage-3 /verifier/stage-3
#8 CACHED

#9 [5/5] COPY stage-4 /verifier/stage-4
#9 DONE 0.0s

#10 exporting to image
#10 exporting layers 0.0s done
#10 exporting manifest sha256:7d6cb3bc7f81a5f06e5d9dcd85f195eab97cc1baac4a968694c80e058f58615c done
#10 exporting config sha256:6d1c6a5b53f1b170a88e0cdb121091ec28d12271656cdff0ce83715dde216339 done
#10 exporting attestation manifest sha256:106ef7b51108f13ab556c68e1e2013e613388520e8140c3e9c4e7a8313da41b7 done
#10 exporting manifest list sha256:5821b832c397420b892402a12c4dd1ffe05806c25e667c0bd68243ba7d0e5b79 done
#10 naming to docker.io/library/independent-verifier-s4-1004095136:client-475625f3 done
#10 unpacking to docker.io/library/independent-verifier-s4-1004095136:client-475625f3 done
#10 DONE 0.1s
