[
    {
        "Id": "cf5fb4f21d1f23a55f1e820cbae0e85138a4dca9cfa1121e0b7eecac6b285b7f",
        "Created": "2026-10-04T09:21:02.171330676Z",
        "Path": "python",
        "Args": [
            "server.py"
        ],
        "State": {
            "Status": "running",
            "Running": true,
            "Paused": false,
            "Restarting": false,
            "OOMKilled": false,
            "Dead": false,
            "Pid": 1062,
            "ExitCode": 0,
            "Error": "",
            "StartedAt": "2026-10-04T09:21:02.217084967Z",
            "FinishedAt": "0001-01-01T00:00:00Z"
        },
        "Image": "sha256:345ba1df8e7d5051797966564260bdd0da3660b3ffa29343129c21db0f46931d",
        "ResolvConfPath": "/var/lib/docker/containers/cf5fb4f21d1f23a55f1e820cbae0e85138a4dca9cfa1121e0b7eecac6b285b7f/resolv.conf",
        "HostnamePath": "/var/lib/docker/containers/cf5fb4f21d1f23a55f1e820cbae0e85138a4dca9cfa1121e0b7eecac6b285b7f/hostname",
        "HostsPath": "/var/lib/docker/containers/cf5fb4f21d1f23a55f1e820cbae0e85138a4dca9cfa1121e0b7eecac6b285b7f/hosts",
        "LogPath": "/var/lib/docker/containers/cf5fb4f21d1f23a55f1e820cbae0e85138a4dca9cfa1121e0b7eecac6b285b7f/cf5fb4f21d1f23a55f1e820cbae0e85138a4dca9cfa1121e0b7eecac6b285b7f-json.log",
        "Name": "/systems-engineer-s4r1-20261004t092055103743-current-a",
        "RestartCount": 0,
        "Driver": "overlayfs",
        "Platform": "linux",
        "MountLabel": "",
        "ProcessLabel": "",
        "AppArmorProfile": "",
        "ExecIDs": null,
        "HostConfig": {
            "Binds": null,
            "ContainerIDFile": "",
            "LogConfig": {
                "Type": "json-file",
                "Config": {}
            },
            "NetworkMode": "systems-engineer-s4r1-20261004t092055103743-net",
            "PortBindings": {
                "8080/tcp": [
                    {
                        "HostIp": "",
                        "HostPort": "18180"
                    }
                ]
            },
            "RestartPolicy": {
                "Name": "no",
                "MaximumRetryCount": 0
            },
            "AutoRemove": false,
            "VolumeDriver": "",
            "VolumesFrom": null,
            "ConsoleSize": [
                0,
                0
            ],
            "CapAdd": null,
            "CapDrop": null,
            "CgroupnsMode": "private",
            "Dns": null,
            "DnsOptions": [],
            "DnsSearch": [],
            "ExtraHosts": null,
            "GroupAdd": null,
            "IpcMode": "private",
            "Cgroup": "",
            "Links": null,
            "OomScoreAdj": 0,
            "PidMode": "",
            "Privileged": false,
            "PublishAllPorts": false,
            "ReadonlyRootfs": false,
            "SecurityOpt": null,
            "UTSMode": "",
            "UsernsMode": "",
            "ShmSize": 67108864,
            "Runtime": "runc",
            "Isolation": "",
            "CpuShares": 0,
            "Memory": 2147483648,
            "NanoCpus": 2000000000,
            "CgroupParent": "",
            "BlkioWeight": 0,
            "BlkioWeightDevice": [],
            "BlkioDeviceReadBps": [],
            "BlkioDeviceWriteBps": [],
            "BlkioDeviceReadIOps": [],
            "BlkioDeviceWriteIOps": [],
            "CpuPeriod": 0,
            "CpuQuota": 0,
            "CpuRealtimePeriod": 0,
            "CpuRealtimeRuntime": 0,
            "CpusetCpus": "",
            "CpusetMems": "",
            "Devices": [],
            "DeviceCgroupRules": null,
            "DeviceRequests": null,
            "MemoryReservation": 0,
            "MemorySwap": 4294967296,
            "MemorySwappiness": null,
            "OomKillDisable": null,
            "PidsLimit": null,
            "Ulimits": null,
            "CpuCount": 0,
            "CpuPercent": 0,
            "IOMaximumIOps": 0,
            "IOMaximumBandwidth": 0,
            "MaskedPaths": [
                "/proc/acpi",
                "/proc/asound",
                "/proc/interrupts",
                "/proc/kcore",
                "/proc/keys",
                "/proc/latency_stats",
                "/proc/sched_debug",
                "/proc/scsi",
                "/proc/timer_list",
                "/proc/timer_stats",
                "/sys/devices/virtual/powercap",
                "/sys/firmware"
            ],
            "ReadonlyPaths": [
                "/proc/bus",
                "/proc/fs",
                "/proc/irq",
                "/proc/sys",
                "/proc/sysrq-trigger"
            ]
        },
        "Storage": {
            "RootFS": {
                "Snapshot": {
                    "Name": "overlayfs"
                }
            }
        },
        "Mounts": [],
        "Config": {
            "Hostname": "cf5fb4f21d1f",
            "Domainname": "",
            "User": "65532:65532",
            "AttachStdin": false,
            "AttachStdout": false,
            "AttachStderr": false,
            "ExposedPorts": {
                "8080/tcp": {}
            },
            "Tty": false,
            "OpenStdin": false,
            "StdinOnce": false,
            "Env": [
                "PATH=/usr/local/bin:/usr/local/sbin:/usr/local/bin:/usr/sbin:/usr/bin:/sbin:/bin",
                "LANG=C.UTF-8",
                "GPG_KEY=7169605F62C751356D054A26A821E680E5FA6305",
                "PYTHON_VERSION=3.12.15",
                "PYTHON_SHA256=c2c4321961fab0fb999d66e0cecf521c2ab3994c7992873ea99e306c1094fd5a",
                "PYTHONUNBUFFERED=1",
                "PYTHONDONTWRITEBYTECODE=1"
            ],
            "Cmd": [
                "python",
                "server.py"
            ],
            "Image": "systems-engineer-s4r1-20261004t092055103743:current",
            "Volumes": null,
            "WorkingDir": "/app",
            "Entrypoint": null,
            "Labels": {}
        },
        "NetworkSettings": {
            "SandboxID": "4cfa4c6498b4835418d0eb9cdd50d7da8bcd21a270783814070dbfe8049e6048",
            "SandboxKey": "/var/run/docker/netns/4cfa4c6498b4",
            "Ports": {
                "8080/tcp": []
            },
            "Networks": {
                "systems-engineer-s4r1-20261004t092055103743-net": {
                    "IPAMConfig": null,
                    "Links": null,
                    "Aliases": null,
                    "DriverOpts": null,
                    "GwPriority": 0,
                    "NetworkID": "29f317a587bc97e995a6fc8e727b6213e9d65d1ca5222445022f5d938d270d7a",
                    "EndpointID": "f3276550ffec4e30550f9aeff944389758084ec960dd2c78b49b1222c19934d4",
                    "Gateway": "",
                    "IPAddress": "172.18.0.2",
                    "MacAddress": "ba:56:a5:75:08:4e",
                    "IPPrefixLen": 16,
                    "IPv6Gateway": "",
                    "GlobalIPv6Address": "",
                    "GlobalIPv6PrefixLen": 0,
                    "DNSNames": [
                        "systems-engineer-s4r1-20261004t092055103743-current-a",
                        "cf5fb4f21d1f"
                    ]
                }
            }
        },
        "ImageManifestDescriptor": {
            "mediaType": "application/vnd.oci.image.manifest.v1+json",
            "digest": "sha256:6bc07a02d924e3ff9a2e530006f09930d1be06c7919f1145b1446a5ec7940819",
            "size": 1996,
            "platform": {
                "architecture": "arm64",
                "os": "linux"
            }
        }
    }
]
