[
    {
        "Id": "3c7ecf7834e6fe34788ec497146e55d1b927fca235f7d8d5302e9caebd180e9a",
        "Created": "2026-10-04T09:22:29.501131508Z",
        "Path": "python",
        "Args": [
            "server.py"
        ],
        "State": {
            "Status": "running",
            "Running": true,
            "Paused": false,
            "Restarting": false,
            "OOMKilled": false,
            "Dead": false,
            "Pid": 1810,
            "ExitCode": 0,
            "Error": "",
            "StartedAt": "2026-10-04T09:22:29.532203216Z",
            "FinishedAt": "0001-01-01T00:00:00Z"
        },
        "Image": "sha256:9711d1e38d81b88287e181c735bf87473a0868d5cc2968cf57a5f43eb2f50797",
        "ResolvConfPath": "/var/lib/docker/containers/3c7ecf7834e6fe34788ec497146e55d1b927fca235f7d8d5302e9caebd180e9a/resolv.conf",
        "HostnamePath": "/var/lib/docker/containers/3c7ecf7834e6fe34788ec497146e55d1b927fca235f7d8d5302e9caebd180e9a/hostname",
        "HostsPath": "/var/lib/docker/containers/3c7ecf7834e6fe34788ec497146e55d1b927fca235f7d8d5302e9caebd180e9a/hosts",
        "LogPath": "/var/lib/docker/containers/3c7ecf7834e6fe34788ec497146e55d1b927fca235f7d8d5302e9caebd180e9a/3c7ecf7834e6fe34788ec497146e55d1b927fca235f7d8d5302e9caebd180e9a-json.log",
        "Name": "/systems-engineer-s4r1-20261004t092055103743-accepted3",
        "RestartCount": 0,
        "Driver": "overlayfs",
        "Platform": "linux",
        "MountLabel": "",
        "ProcessLabel": "",
        "AppArmorProfile": "",
        "ExecIDs": null,
        "HostConfig": {
            "Binds": null,
            "ContainerIDFile": "",
            "LogConfig": {
                "Type": "json-file",
                "Config": {}
            },
            "NetworkMode": "systems-engineer-s4r1-20261004t092055103743-net",
            "PortBindings": {
                "18186/tcp": [
                    {
                        "HostIp": "",
                        "HostPort": "18186"
                    }
                ]
            },
            "RestartPolicy": {
                "Name": "no",
                "MaximumRetryCount": 0
            },
            "AutoRemove": false,
            "VolumeDriver": "",
            "VolumesFrom": null,
            "ConsoleSize": [
                0,
                0
            ],
            "CapAdd": null,
            "CapDrop": null,
            "CgroupnsMode": "private",
            "Dns": null,
            "DnsOptions": [],
            "DnsSearch": [],
            "ExtraHosts": null,
            "GroupAdd": null,
            "IpcMode": "private",
            "Cgroup": "",
            "Links": null,
            "OomScoreAdj": 0,
            "PidMode": "",
            "Privileged": false,
            "PublishAllPorts": false,
            "ReadonlyRootfs": false,
            "SecurityOpt": null,
            "UTSMode": "",
            "UsernsMode": "",
            "ShmSize": 67108864,
            "Runtime": "runc",
            "Isolation": "",
            "CpuShares": 0,
            "Memory": 2147483648,
            "NanoCpus": 2000000000,
            "CgroupParent": "",
            "BlkioWeight": 0,
            "BlkioWeightDevice": [],
            "BlkioDeviceReadBps": [],
            "BlkioDeviceWriteBps": [],
            "BlkioDeviceReadIOps": [],
            "BlkioDeviceWriteIOps": [],
            "CpuPeriod": 0,
            "CpuQuota": 0,
            "CpuRealtimePeriod": 0,
            "CpuRealtimeRuntime": 0,
            "CpusetCpus": "",
            "CpusetMems": "",
            "Devices": [],
            "DeviceCgroupRules": null,
            "DeviceRequests": null,
            "MemoryReservation": 0,
            "MemorySwap": 4294967296,
            "MemorySwappiness": null,
            "OomKillDisable": null,
            "PidsLimit": null,
            "Ulimits": null,
            "CpuCount": 0,
            "CpuPercent": 0,
            "IOMaximumIOps": 0,
            "IOMaximumBandwidth": 0,
            "MaskedPaths": [
                "/proc/acpi",
                "/proc/asound",
                "/proc/interrupts",
                "/proc/kcore",
                "/proc/keys",
                "/proc/latency_stats",
                "/proc/sched_debug",
                "/proc/scsi",
                "/proc/timer_list",
                "/proc/timer_stats",
                "/sys/devices/virtual/powercap",
                "/sys/firmware"
            ],
            "ReadonlyPaths": [
                "/proc/bus",
                "/proc/fs",
                "/proc/irq",
                "/proc/sys",
                "/proc/sysrq-trigger"
            ]
        },
        "Storage": {
            "RootFS": {
                "Snapshot": {
                    "Name": "overlayfs"
                }
            }
        },
        "Mounts": [],
        "Config": {
            "Hostname": "3c7ecf7834e6",
            "Domainname": "",
            "User": "65532:65532",
            "AttachStdin": false,
            "AttachStdout": false,
            "AttachStderr": false,
            "ExposedPorts": {
                "18186/tcp": {},
                "8080/tcp": {}
            },
            "Tty": false,
            "OpenStdin": false,
            "StdinOnce": false,
            "Env": [
                "PORT=18186",
                "PATH=/usr/local/bin:/usr/local/sbin:/usr/local/bin:/usr/sbin:/usr/bin:/sbin:/bin",
                "LANG=C.UTF-8",
                "GPG_KEY=7169605F62C751356D054A26A821E680E5FA6305",
                "PYTHON_VERSION=3.12.15",
                "PYTHON_SHA256=c2c4321961fab0fb999d66e0cecf521c2ab3994c7992873ea99e306c1094fd5a",
                "PYTHONUNBUFFERED=1",
                "PYTHONDONTWRITEBYTECODE=1"
            ],
            "Cmd": [
                "python",
                "server.py"
            ],
            "Image": "systems-engineer-s4r1-20261004t092055103743:accepted3",
            "Volumes": null,
            "WorkingDir": "/app",
            "Entrypoint": null,
            "Labels": {}
        },
        "NetworkSettings": {
            "SandboxID": "5e697cdb296a9b329e026ff455ce38192ba4d399ed04e660f9a1337d54351276",
            "SandboxKey": "/var/run/docker/netns/5e697cdb296a",
            "Ports": {
                "18186/tcp": []
            },
            "Networks": {
                "systems-engineer-s4r1-20261004t092055103743-net": {
                    "IPAMConfig": null,
                    "Links": null,
                    "Aliases": null,
                    "DriverOpts": null,
                    "GwPriority": 0,
                    "NetworkID": "29f317a587bc97e995a6fc8e727b6213e9d65d1ca5222445022f5d938d270d7a",
                    "EndpointID": "1b99bb2f6dbdf979d16544d6728d8fc6cd6cb357ad4338f2d985527acde35988",
                    "Gateway": "",
                    "IPAddress": "172.18.0.8",
                    "MacAddress": "f6:e8:b5:11:0d:6f",
                    "IPPrefixLen": 16,
                    "IPv6Gateway": "",
                    "GlobalIPv6Address": "",
                    "GlobalIPv6PrefixLen": 0,
                    "DNSNames": [
                        "systems-engineer-s4r1-20261004t092055103743-accepted3",
                        "3c7ecf7834e6"
                    ]
                }
            }
        },
        "ImageManifestDescriptor": {
            "mediaType": "application/vnd.oci.image.manifest.v1+json",
            "digest": "sha256:5140a406dbccb38a3a597b73329443da5a20bc71191df5129cd6c1bbf548faa2",
            "size": 1996,
            "platform": {
                "architecture": "arm64",
                "os": "linux"
            }
        }
    }
]
