#0 building with "desktop-linux" instance using docker driver

#1 [internal] load build definition from Dockerfile
#1 transferring dockerfile: 122B done
#1 DONE 0.0s

#2 [internal] load metadata for docker.io/library/systems-engineer-s4r1-20261004t092055103743:current
#2 DONE 0.0s

#3 [internal] load .dockerignore
#3 transferring context: 2B done
#3 DONE 0.0s

#4 [internal] load build context
#4 transferring context: 186.16kB done
#4 DONE 0.0s

#5 [1/3] FROM docker.io/library/systems-engineer-s4r1-20261004t092055103743:current@sha256:345ba1df8e7d5051797966564260bdd0da3660b3ffa29343129c21db0f46931d
#5 resolve docker.io/library/systems-engineer-s4r1-20261004t092055103743:current@sha256:345ba1df8e7d5051797966564260bdd0da3660b3ffa29343129c21db0f46931d done
#5 DONE 0.0s

#6 [2/3] WORKDIR /probe
#6 DONE 0.0s

#7 [3/3] COPY *.py ./
#7 DONE 0.0s

#8 exporting to image
#8 exporting layers 0.0s done
#8 exporting manifest sha256:8f4eea63d4eb09182ecf443673f20b6d016f3a4254e25e47723b83f241003eaa done
#8 exporting config sha256:7a2521b3dcedba824d560598d418439c893ba29691c6e892567cd2677c029121 done
#8 exporting attestation manifest sha256:ee7f7f220f1b5a06f94e8914f7e84a494d898f40e50fb55170e6d15499d2dacf done
#8 exporting manifest list sha256:85bd8b70971042a0eb5d40f421af82efeab7a74fc8aaea938cdb3464f215354c done
#8 naming to docker.io/library/systems-engineer-s4r1-20261004t092055103743:client done
#8 unpacking to docker.io/library/systems-engineer-s4r1-20261004t092055103743:client 0.0s done
#8 DONE 0.1s
