#0 building with "desktop-linux" instance using docker driver

#1 [internal] load build definition from Dockerfile
#1 transferring dockerfile: 210B done
#1 DONE 0.0s

#2 [internal] load metadata for docker.io/library/independent-verifier-s4-1004095136:client
#2 DONE 0.0s

#3 [internal] load .dockerignore
#3 transferring context: 2B done
#3 DONE 0.0s

#4 [1/5] FROM docker.io/library/independent-verifier-s4-1004095136:client@sha256:2a56848199b867aca32b02eb632232cdcf52f542f5a1fbfe871580e120ca36d9
#4 resolve docker.io/library/independent-verifier-s4-1004095136:client@sha256:2a56848199b867aca32b02eb632232cdcf52f542f5a1fbfe871580e120ca36d9 done
#4 DONE 0.0s

#5 [internal] load build context
#5 transferring context: 11.79MB 0.1s done
#5 DONE 0.1s

#6 [2/5] COPY stage-1 /verifier/stage-1
#6 CACHED

#7 [3/5] COPY stage-2 /verifier/stage-2
#7 CACHED

#8 [4/5] COPY stage-3 /verifier/stage-3
#8 CACHED

#9 [5/5] COPY stage-4 /verifier/stage-4
#9 DONE 0.0s

#10 exporting to image
#10 exporting layers 0.0s done
#10 exporting manifest sha256:084f58481c0fb1344a8643ad42bba6ec675f5b4a1ded6bc183652a48c0369695 done
#10 exporting config sha256:d84958e6e1a666edfbc895284fc4fe3b635da3752a4b72381d08bba99f564991 done
#10 exporting attestation manifest sha256:b979bf2c751749a46974692446010b2fc4efe0d881869174f824ca3e9a9309fb done
#10 exporting manifest list sha256:18fb9eaf8d07ecc04b08781d339a84f2461c535ce633aabce1b814704ac42b31 done
#10 naming to docker.io/library/independent-verifier-s4-1004095136:client-ce828e34 done
#10 unpacking to docker.io/library/independent-verifier-s4-1004095136:client-ce828e34 done
#10 DONE 0.1s
