#0 building with "desktop-linux" instance using docker driver

#1 [internal] load build definition from Dockerfile
#1 transferring dockerfile: 146B done
#1 DONE 0.0s

#2 [internal] load metadata for docker.io/library/independent-verifier-c2-1004060100:client
#2 DONE 0.0s

#3 [internal] load .dockerignore
#3 transferring context: 2B done
#3 DONE 0.0s

#4 [1/3] FROM docker.io/library/independent-verifier-c2-1004060100:client@sha256:9aab4a8130139ea7cf81dd405e66adc88ca1222c442427149622dcb733bf2db3
#4 resolve docker.io/library/independent-verifier-c2-1004060100:client@sha256:9aab4a8130139ea7cf81dd405e66adc88ca1222c442427149622dcb733bf2db3 done
#4 DONE 0.0s

#5 [internal] load build context
#5 transferring context: 10.92MB 0.1s done
#5 DONE 0.1s

#6 [2/3] COPY stage-1 /verifier/stage-1
#6 DONE 0.0s

#7 [3/3] COPY stage-2 /verifier/stage-2
#7 DONE 0.0s

#8 exporting to image
#8 exporting layers 0.0s done
#8 exporting manifest sha256:51744539eb2401444744ac80e80e9beeee2dd9005cdf9b3f6c40b11765d3bfb9 done
#8 exporting config sha256:f4eb8ff5071834177171320f1ae7e90971fee4c35e015af92d19360f6656b74d done
#8 exporting attestation manifest sha256:cf0c41f9edbe30a9d70e2151e4e3a811f86526666c7cd22d61915e3958ca6bb7 done
#8 exporting manifest list sha256:a4fefa55deacdc2ed0f7aaffefe208447faa4d2a2584646a2edeac4b9d7513fc done
#8 naming to docker.io/library/independent-verifier-c2-1004060100:complete-client-98f4ace7 done
#8 unpacking to docker.io/library/independent-verifier-c2-1004060100:complete-client-98f4ace7 0.0s done
#8 DONE 0.1s
