#0 building with "desktop-linux" instance using docker driver

#1 [internal] load build definition from Dockerfile
#1 transferring dockerfile: 557B done
#1 DONE 0.0s

#2 [internal] load metadata for docker.io/library/python:3.12-slim-bookworm
#2 DONE 0.4s

#3 [internal] load .dockerignore
#3 transferring context: 88B done
#3 DONE 0.0s

#4 [1/6] FROM docker.io/library/python:3.12-slim-bookworm@sha256:54c85f3c47607a77f32adec749d3c81d1348bf25833671f512b26a9b6d778cb3
#4 resolve docker.io/library/python:3.12-slim-bookworm@sha256:54c85f3c47607a77f32adec749d3c81d1348bf25833671f512b26a9b6d778cb3 0.0s done
#4 DONE 0.0s

#5 [internal] load build context
#5 transferring context: 178B done
#5 DONE 0.0s

#6 [2/6] RUN apt-get update     && DEBIAN_FRONTEND=noninteractive apt-get install -y --no-install-recommends tzdata     && rm -rf /var/lib/apt/lists/*
#6 CACHED

#7 [4/6] COPY server.py core.py ./
#7 CACHED

#8 [5/6] COPY web ./web
#8 CACHED

#9 [3/6] WORKDIR /app
#9 CACHED

#10 [6/6] RUN python -c "import ast,pathlib; [ast.parse(p.read_text()) for p in pathlib.Path('.').glob('*.py')]"
#10 CACHED

#11 exporting to image
#11 exporting layers done
#11 exporting manifest sha256:13d00d7ab403178d1d9942f36bf1fc4c4076779bef527763c63e514199c29943 done
#11 exporting config sha256:807223f1bf45b4b769c5caafa5a819a9a98b1e7abcbc4ff126311537e3af852b done
#11 exporting attestation manifest sha256:d3af9e4075327f7d8ced478ac45a3d75a5cae890cce0c710187863ee1bc3c616 done
#11 exporting manifest list sha256:a0fc642d201d98ced0ec02ad62e7a29e515245c6b58ff95fd06ac5fb1f069c9b done
#11 naming to docker.io/library/interface-engineer-tablekeeper-s2:20261004t014818728142z done
#11 unpacking to docker.io/library/interface-engineer-tablekeeper-s2:20261004t014818728142z done
#11 DONE 0.0s
