[
    {
        "Id": "sha256:a9b1c8394d91b1cb7c184974b4615172e02d7513d0c504ff63ba138ff67c71f0",
        "RepoTags": [
            "independent-verifier-s3-1004072505:accepted-s2"
        ],
        "RepoDigests": [
            "independent-verifier-s3-1004072505@sha256:a9b1c8394d91b1cb7c184974b4615172e02d7513d0c504ff63ba138ff67c71f0"
        ],
        "Comment": "buildkit.dockerfile.v0",
        "Created": "2026-10-04T05:41:43.093107385Z",
        "Config": {
            "User": "65532:65532",
            "ExposedPorts": {
                "8080/tcp": {}
            },
            "Env": [
                "PATH=/usr/local/bin:/usr/local/sbin:/usr/local/bin:/usr/sbin:/usr/bin:/sbin:/bin",
                "LANG=C.UTF-8",
                "GPG_KEY=7169605F62C751356D054A26A821E680E5FA6305",
                "PYTHON_VERSION=3.12.15",
                "PYTHON_SHA256=c2c4321961fab0fb999d66e0cecf521c2ab3994c7992873ea99e306c1094fd5a",
                "PYTHONUNBUFFERED=1",
                "PYTHONDONTWRITEBYTECODE=1"
            ],
            "Cmd": [
                "python",
                "server.py"
            ],
            "WorkingDir": "/app",
            "ArgsEscaped": true
        },
        "Architecture": "arm64",
        "Os": "linux",
        "Size": 216791480,
        "RootFS": {
            "Type": "layers",
            "Layers": [
                "sha256:055ab12bd547e17a0630037f06a186cf405e3f61bb03a614562ca8f5ab52a8be",
                "sha256:eadc985f74fcca4e1a34576c6717c80f82b620b24f6521c069d5570dc035c029",
                "sha256:98a86b50fc8d9605cc0e1794cf298a62bbc8fc052b4f11ac718d6fcb48c51b90",
                "sha256:721fa33420f50f37b47e07e3680c6fdd4790bce2d11ae5d58419a7df988fccd4",
                "sha256:5f70bf18a086007016e948b04aed3b82103a36bea41755b6cddfaf10ace3c6ef",
                "sha256:2238c733c968e172a4a34c441b620334ee41f03c1c992253d0266309a1672f56",
                "sha256:920cd5c4bda78d9b59a5880ac6b58563f8160b01e33435c40917082548ec5eec",
                "sha256:008b8e7f000cb724c150f7d162b78207b190339fb5a84a08a9e8ffecb0a492e1",
                "sha256:5f70bf18a086007016e948b04aed3b82103a36bea41755b6cddfaf10ace3c6ef"
            ]
        },
        "Metadata": {
            "LastTagTime": "2026-10-04T07:25:13.54892546Z"
        },
        "Descriptor": {
            "mediaType": "application/vnd.oci.image.index.v1+json",
            "digest": "sha256:a9b1c8394d91b1cb7c184974b4615172e02d7513d0c504ff63ba138ff67c71f0",
            "size": 856
        },
        "Identity": {
            "Build": [
                {
                    "Ref": "2nk12iqr41v2rl42ii0vl33pc",
                    "CreatedAt": "2026-10-04T07:25:13.553438502Z"
                }
            ]
        }
    }
]
