[
    {
        "Id": "bb8b7ec07398ea169f77cd24b0562637bb1b01535b7ec56dafe818fae95dcbc0",
        "Created": "2026-10-04T07:25:43.079262543Z",
        "Path": "python",
        "Args": [
            "server.py"
        ],
        "State": {
            "Status": "running",
            "Running": true,
            "Paused": false,
            "Restarting": false,
            "OOMKilled": false,
            "Dead": false,
            "Pid": 2458,
            "ExitCode": 0,
            "Error": "",
            "StartedAt": "2026-10-04T07:25:43.119456293Z",
            "FinishedAt": "0001-01-01T00:00:00Z"
        },
        "Image": "sha256:a9b1c8394d91b1cb7c184974b4615172e02d7513d0c504ff63ba138ff67c71f0",
        "ResolvConfPath": "/var/lib/docker/containers/bb8b7ec07398ea169f77cd24b0562637bb1b01535b7ec56dafe818fae95dcbc0/resolv.conf",
        "HostnamePath": "/var/lib/docker/containers/bb8b7ec07398ea169f77cd24b0562637bb1b01535b7ec56dafe818fae95dcbc0/hostname",
        "HostsPath": "/var/lib/docker/containers/bb8b7ec07398ea169f77cd24b0562637bb1b01535b7ec56dafe818fae95dcbc0/hosts",
        "LogPath": "/var/lib/docker/containers/bb8b7ec07398ea169f77cd24b0562637bb1b01535b7ec56dafe818fae95dcbc0/bb8b7ec07398ea169f77cd24b0562637bb1b01535b7ec56dafe818fae95dcbc0-json.log",
        "Name": "/independent-verifier-s3-1004072505-accepted-s2",
        "RestartCount": 0,
        "Driver": "overlayfs",
        "Platform": "linux",
        "MountLabel": "",
        "ProcessLabel": "",
        "AppArmorProfile": "",
        "ExecIDs": null,
        "HostConfig": {
            "Binds": null,
            "ContainerIDFile": "",
            "LogConfig": {
                "Type": "json-file",
                "Config": {}
            },
            "NetworkMode": "independent-verifier-s3-1004072505-net",
            "PortBindings": {
                "18313/tcp": [
                    {
                        "HostIp": "127.0.0.1",
                        "HostPort": "18305"
                    }
                ]
            },
            "RestartPolicy": {
                "Name": "no",
                "MaximumRetryCount": 0
            },
            "AutoRemove": false,
            "VolumeDriver": "",
            "VolumesFrom": null,
            "ConsoleSize": [
                0,
                0
            ],
            "CapAdd": null,
            "CapDrop": null,
            "CgroupnsMode": "private",
            "Dns": null,
            "DnsOptions": [],
            "DnsSearch": [],
            "ExtraHosts": null,
            "GroupAdd": null,
            "IpcMode": "private",
            "Cgroup": "",
            "Links": null,
            "OomScoreAdj": 0,
            "PidMode": "",
            "Privileged": false,
            "PublishAllPorts": false,
            "ReadonlyRootfs": false,
            "SecurityOpt": null,
            "UTSMode": "",
            "UsernsMode": "",
            "ShmSize": 67108864,
            "Runtime": "runc",
            "Isolation": "",
            "CpuShares": 0,
            "Memory": 2147483648,
            "NanoCpus": 2000000000,
            "CgroupParent": "",
            "BlkioWeight": 0,
            "BlkioWeightDevice": [],
            "BlkioDeviceReadBps": [],
            "BlkioDeviceWriteBps": [],
            "BlkioDeviceReadIOps": [],
            "BlkioDeviceWriteIOps": [],
            "CpuPeriod": 0,
            "CpuQuota": 0,
            "CpuRealtimePeriod": 0,
            "CpuRealtimeRuntime": 0,
            "CpusetCpus": "",
            "CpusetMems": "",
            "Devices": [],
            "DeviceCgroupRules": null,
            "DeviceRequests": null,
            "MemoryReservation": 0,
            "MemorySwap": 4294967296,
            "MemorySwappiness": null,
            "OomKillDisable": null,
            "PidsLimit": null,
            "Ulimits": null,
            "CpuCount": 0,
            "CpuPercent": 0,
            "IOMaximumIOps": 0,
            "IOMaximumBandwidth": 0,
            "MaskedPaths": [
                "/proc/acpi",
                "/proc/asound",
                "/proc/interrupts",
                "/proc/kcore",
                "/proc/keys",
                "/proc/latency_stats",
                "/proc/sched_debug",
                "/proc/scsi",
                "/proc/timer_list",
                "/proc/timer_stats",
                "/sys/devices/virtual/powercap",
                "/sys/firmware"
            ],
            "ReadonlyPaths": [
                "/proc/bus",
                "/proc/fs",
                "/proc/irq",
                "/proc/sys",
                "/proc/sysrq-trigger"
            ]
        },
        "Storage": {
            "RootFS": {
                "Snapshot": {
                    "Name": "overlayfs"
                }
            }
        },
        "Mounts": [],
        "Config": {
            "Hostname": "bb8b7ec07398",
            "Domainname": "",
            "User": "65532:65532",
            "AttachStdin": false,
            "AttachStdout": false,
            "AttachStderr": false,
            "ExposedPorts": {
                "18313/tcp": {},
                "8080/tcp": {}
            },
            "Tty": false,
            "OpenStdin": false,
            "StdinOnce": false,
            "Env": [
                "PORT=18313",
                "PATH=/usr/local/bin:/usr/local/sbin:/usr/local/bin:/usr/sbin:/usr/bin:/sbin:/bin",
                "LANG=C.UTF-8",
                "GPG_KEY=7169605F62C751356D054A26A821E680E5FA6305",
                "PYTHON_VERSION=3.12.15",
                "PYTHON_SHA256=c2c4321961fab0fb999d66e0cecf521c2ab3994c7992873ea99e306c1094fd5a",
                "PYTHONUNBUFFERED=1",
                "PYTHONDONTWRITEBYTECODE=1"
            ],
            "Cmd": [
                "python",
                "server.py"
            ],
            "Image": "independent-verifier-s3-1004072505:accepted-s2",
            "Volumes": null,
            "WorkingDir": "/app",
            "Entrypoint": null,
            "Labels": {}
        },
        "NetworkSettings": {
            "SandboxID": "8470527ac7249f9fe0b7be12f6ce225b5911c76b1384b530d29a2d2945a1799f",
            "SandboxKey": "/var/run/docker/netns/8470527ac724",
            "Ports": {
                "18313/tcp": []
            },
            "Networks": {
                "independent-verifier-s3-1004072505-net": {
                    "IPAMConfig": null,
                    "Links": null,
                    "Aliases": null,
                    "DriverOpts": null,
                    "GwPriority": 0,
                    "NetworkID": "51e2b74a8090650e4b80369d0dbe6c3cef110468500d06ff40e8e69f26cc2917",
                    "EndpointID": "c3822f6786eb61cba9973828d3fc081b7138ef70e2a029a84ade1ca3d99c4584",
                    "Gateway": "",
                    "IPAddress": "172.18.0.6",
                    "MacAddress": "a2:19:b5:9a:99:e3",
                    "IPPrefixLen": 16,
                    "IPv6Gateway": "",
                    "GlobalIPv6Address": "",
                    "GlobalIPv6PrefixLen": 0,
                    "DNSNames": [
                        "independent-verifier-s3-1004072505-accepted-s2",
                        "bb8b7ec07398"
                    ]
                }
            }
        },
        "ImageManifestDescriptor": {
            "mediaType": "application/vnd.oci.image.manifest.v1+json",
            "digest": "sha256:40fe32694d54e9e343522ee67994b9b57a3baeb02251cc051dfeb0ef1f9106a7",
            "size": 1996,
            "platform": {
                "architecture": "arm64",
                "os": "linux"
            }
        }
    }
]
