#0 building with "desktop-linux" instance using docker driver

#1 [internal] load build definition from Dockerfile
#1 transferring dockerfile: 542B done
#1 DONE 0.0s

#2 [internal] load metadata for docker.io/library/python:3.12-slim-bookworm
#2 DONE 0.2s

#3 [internal] load .dockerignore
#3 transferring context: 74B done
#3 DONE 0.0s

#4 [1/5] FROM docker.io/library/python:3.12-slim-bookworm@sha256:54c85f3c47607a77f32adec749d3c81d1348bf25833671f512b26a9b6d778cb3
#4 resolve docker.io/library/python:3.12-slim-bookworm@sha256:54c85f3c47607a77f32adec749d3c81d1348bf25833671f512b26a9b6d778cb3 done
#4 DONE 0.0s

#5 [internal] load build context
#5 transferring context: 40.71kB done
#5 DONE 0.0s

#6 [3/5] WORKDIR /app
#6 CACHED

#7 [4/5] COPY server.py core.py ./
#7 CACHED

#8 [2/5] RUN apt-get update     && DEBIAN_FRONTEND=noninteractive apt-get install -y --no-install-recommends tzdata     && rm -rf /var/lib/apt/lists/*
#8 CACHED

#9 [5/5] RUN python -c "import ast,pathlib; [ast.parse(p.read_text()) for p in pathlib.Path('.').glob('*.py')]"
#9 CACHED

#10 exporting to image
#10 exporting layers done
#10 exporting manifest sha256:77fb20b7d0c02ff8eab0351f49d775666c9f9b2341530fe60ff084be88341f8e done
#10 exporting config sha256:88745d8a4844b8f1655872f9a1e3319c746cbbe18b227bf00c4b0dd5bd817060 done
#10 exporting attestation manifest sha256:eb56332b8926cbf9b91069230bc1abf932c35f31db8ed7e3623eb4da2943ebe7 done
#10 exporting manifest list sha256:eeadf3c6695b731c999e23100b48559cfe81ce452ab59d34d208685676c50a0e done
#10 naming to docker.io/library/independent-verifier-s3-1004072505:legacy-s1 done
#10 unpacking to docker.io/library/independent-verifier-s3-1004072505:legacy-s1 done
#10 DONE 0.0s
