Browser.Dockerfile
INTEGER_BOUNDARY.md
PROBE_PLAN.md
amend_retained.py
api.py
assess.py
boundary_repeat.py
browser.py
browser_boundaries.py
browser_historical.py
browser_upgrade.py
candidate-1
candidate-2
candidate2_artifact_audit.py
candidate2_assess.py
candidate2_bind.py
candidate2_browser.py
candidate2_calendar_browser.py
candidate2_calendar_run.py
candidate2_execute.py
candidate2_file_links.py
candidate2_finish_runtime.py
candidate2_inherited.py
candidate2_private_capture.py
candidate2_review.py
candidate2_runtime.py
candidate2_source_audit.py
candidate2_supplement.py
candidate2_supplement_run.py
candidate2_upgrade.py
capture_review_sources.py
check_review_evidence.py
coverage-prepared.csv
decimal_limit.py
decimal_repeat.py
execute_review.py
finalize_candidate1.py
helper-build-01.json
helper-build-01.log
helper-build-02.json
helper-build-02.log
helper-build-03.json
helper-build-03.log
helper-smoke-01.json
helper-smoke-01.log
helper-smoke-02.json
helper-smoke-02.log
helper-smoke-03.json
helper-smoke-03.log
helper_smoke.py
integer-boundary-preparation.json
integer-boundary-sha256.json
integer_values.py
legacy_receipts_current.py
legacy_run.py
manual_review.py
oracle.py
prep-controls-01.json
prep-controls-01.log
prep-controls-02.json
prep-controls-02.log
prep-controls-03.json
prep-controls-03.log
prep-controls-04.json
prep-controls-04.log
prep_check.py
preparation-sha256.json
preparation.json
reconstruction-preparation-2
reconstruction_browser_protocol.py
reconstruction_oracle.py
reconstruction_prepare.py
reconstruction_probe.py
reconstruction_requirements.py
requirements.py
runtime.py
upgrade_api.py
upgrade_ignored.py
visual_detail.py
