[
    {
        "Id": "b18648dfd496352694f0fd49ff5d5ac9140cc2a13194de3c185b55cc8032e582",
        "Created": "2026-10-04T07:25:30.072047427Z",
        "Path": "python",
        "Args": [
            "server.py"
        ],
        "State": {
            "Status": "running",
            "Running": true,
            "Paused": false,
            "Restarting": false,
            "OOMKilled": false,
            "Dead": false,
            "Pid": 1352,
            "ExitCode": 0,
            "Error": "",
            "StartedAt": "2026-10-04T07:25:30.094690718Z",
            "FinishedAt": "0001-01-01T00:00:00Z"
        },
        "Image": "sha256:8707a81a8945056e3119dac7694d65add9430addbce6948fed64c96610e57baa",
        "ResolvConfPath": "/var/lib/docker/containers/b18648dfd496352694f0fd49ff5d5ac9140cc2a13194de3c185b55cc8032e582/resolv.conf",
        "HostnamePath": "/var/lib/docker/containers/b18648dfd496352694f0fd49ff5d5ac9140cc2a13194de3c185b55cc8032e582/hostname",
        "HostsPath": "/var/lib/docker/containers/b18648dfd496352694f0fd49ff5d5ac9140cc2a13194de3c185b55cc8032e582/hosts",
        "LogPath": "/var/lib/docker/containers/b18648dfd496352694f0fd49ff5d5ac9140cc2a13194de3c185b55cc8032e582/b18648dfd496352694f0fd49ff5d5ac9140cc2a13194de3c185b55cc8032e582-json.log",
        "Name": "/independent-verifier-s3-1004072505-third",
        "RestartCount": 0,
        "Driver": "overlayfs",
        "Platform": "linux",
        "MountLabel": "",
        "ProcessLabel": "",
        "AppArmorProfile": "",
        "ExecIDs": null,
        "HostConfig": {
            "Binds": null,
            "ContainerIDFile": "",
            "LogConfig": {
                "Type": "json-file",
                "Config": {}
            },
            "NetworkMode": "independent-verifier-s3-1004072505-net",
            "PortBindings": {
                "18311/tcp": [
                    {
                        "HostIp": "127.0.0.1",
                        "HostPort": "18303"
                    }
                ]
            },
            "RestartPolicy": {
                "Name": "no",
                "MaximumRetryCount": 0
            },
            "AutoRemove": false,
            "VolumeDriver": "",
            "VolumesFrom": null,
            "ConsoleSize": [
                0,
                0
            ],
            "CapAdd": null,
            "CapDrop": null,
            "CgroupnsMode": "private",
            "Dns": null,
            "DnsOptions": [],
            "DnsSearch": [],
            "ExtraHosts": null,
            "GroupAdd": null,
            "IpcMode": "private",
            "Cgroup": "",
            "Links": null,
            "OomScoreAdj": 0,
            "PidMode": "",
            "Privileged": false,
            "PublishAllPorts": false,
            "ReadonlyRootfs": false,
            "SecurityOpt": null,
            "UTSMode": "",
            "UsernsMode": "",
            "ShmSize": 67108864,
            "Runtime": "runc",
            "Isolation": "",
            "CpuShares": 0,
            "Memory": 2147483648,
            "NanoCpus": 2000000000,
            "CgroupParent": "",
            "BlkioWeight": 0,
            "BlkioWeightDevice": [],
            "BlkioDeviceReadBps": [],
            "BlkioDeviceWriteBps": [],
            "BlkioDeviceReadIOps": [],
            "BlkioDeviceWriteIOps": [],
            "CpuPeriod": 0,
            "CpuQuota": 0,
            "CpuRealtimePeriod": 0,
            "CpuRealtimeRuntime": 0,
            "CpusetCpus": "",
            "CpusetMems": "",
            "Devices": [],
            "DeviceCgroupRules": null,
            "DeviceRequests": null,
            "MemoryReservation": 0,
            "MemorySwap": 4294967296,
            "MemorySwappiness": null,
            "OomKillDisable": null,
            "PidsLimit": null,
            "Ulimits": null,
            "CpuCount": 0,
            "CpuPercent": 0,
            "IOMaximumIOps": 0,
            "IOMaximumBandwidth": 0,
            "MaskedPaths": [
                "/proc/acpi",
                "/proc/asound",
                "/proc/interrupts",
                "/proc/kcore",
                "/proc/keys",
                "/proc/latency_stats",
                "/proc/sched_debug",
                "/proc/scsi",
                "/proc/timer_list",
                "/proc/timer_stats",
                "/sys/devices/virtual/powercap",
                "/sys/firmware"
            ],
            "ReadonlyPaths": [
                "/proc/bus",
                "/proc/fs",
                "/proc/irq",
                "/proc/sys",
                "/proc/sysrq-trigger"
            ]
        },
        "Storage": {
            "RootFS": {
                "Snapshot": {
                    "Name": "overlayfs"
                }
            }
        },
        "Mounts": [],
        "Config": {
            "Hostname": "b18648dfd496",
            "Domainname": "",
            "User": "65532:65532",
            "AttachStdin": false,
            "AttachStdout": false,
            "AttachStderr": false,
            "ExposedPorts": {
                "18311/tcp": {},
                "8080/tcp": {}
            },
            "Tty": false,
            "OpenStdin": false,
            "StdinOnce": false,
            "Env": [
                "PORT=18311",
                "PATH=/usr/local/bin:/usr/local/sbin:/usr/local/bin:/usr/sbin:/usr/bin:/sbin:/bin",
                "LANG=C.UTF-8",
                "GPG_KEY=7169605F62C751356D054A26A821E680E5FA6305",
                "PYTHON_VERSION=3.12.15",
                "PYTHON_SHA256=c2c4321961fab0fb999d66e0cecf521c2ab3994c7992873ea99e306c1094fd5a",
                "PYTHONUNBUFFERED=1",
                "PYTHONDONTWRITEBYTECODE=1"
            ],
            "Cmd": [
                "python",
                "server.py"
            ],
            "Image": "independent-verifier-s3-1004072505:current",
            "Volumes": null,
            "WorkingDir": "/app",
            "Entrypoint": null,
            "Labels": {}
        },
        "NetworkSettings": {
            "SandboxID": "a1396bec93ab7e689bc829be625a4c2f061b7e65ba19dbf302ead828a69dc393",
            "SandboxKey": "/var/run/docker/netns/a1396bec93ab",
            "Ports": {
                "18311/tcp": []
            },
            "Networks": {
                "independent-verifier-s3-1004072505-net": {
                    "IPAMConfig": null,
                    "Links": null,
                    "Aliases": null,
                    "DriverOpts": null,
                    "GwPriority": 0,
                    "NetworkID": "51e2b74a8090650e4b80369d0dbe6c3cef110468500d06ff40e8e69f26cc2917",
                    "EndpointID": "7242f6751bc07231fd698123b4d7cb4c50f8c13e58627c3ba5f9e067279d041e",
                    "Gateway": "",
                    "IPAddress": "172.18.0.4",
                    "MacAddress": "fe:f6:56:98:62:7f",
                    "IPPrefixLen": 16,
                    "IPv6Gateway": "",
                    "GlobalIPv6Address": "",
                    "GlobalIPv6PrefixLen": 0,
                    "DNSNames": [
                        "independent-verifier-s3-1004072505-third",
                        "b18648dfd496"
                    ]
                }
            }
        },
        "ImageManifestDescriptor": {
            "mediaType": "application/vnd.oci.image.manifest.v1+json",
            "digest": "sha256:5140a406dbccb38a3a597b73329443da5a20bc71191df5129cd6c1bbf548faa2",
            "size": 1996,
            "platform": {
                "architecture": "arm64",
                "os": "linux"
            }
        }
    }
]
