#0 building with "desktop-linux" instance using docker driver

#1 [internal] load build definition from Dockerfile
#1 transferring dockerfile: 210B done
#1 DONE 0.0s

#2 [internal] load metadata for docker.io/library/independent-verifier-s4-1004095136:client
#2 DONE 0.0s

#3 [internal] load .dockerignore
#3 transferring context: 2B done
#3 DONE 0.0s

#4 [1/5] FROM docker.io/library/independent-verifier-s4-1004095136:client@sha256:2a56848199b867aca32b02eb632232cdcf52f542f5a1fbfe871580e120ca36d9
#4 resolve docker.io/library/independent-verifier-s4-1004095136:client@sha256:2a56848199b867aca32b02eb632232cdcf52f542f5a1fbfe871580e120ca36d9 0.0s done
#4 DONE 0.0s

#5 [internal] load build context
#5 transferring context: 11.73MB 0.1s done
#5 DONE 0.1s

#6 [3/5] COPY stage-2 /verifier/stage-2
#6 CACHED

#7 [2/5] COPY stage-1 /verifier/stage-1
#7 CACHED

#8 [4/5] COPY stage-3 /verifier/stage-3
#8 CACHED

#9 [5/5] COPY stage-4 /verifier/stage-4
#9 DONE 0.0s

#10 exporting to image
#10 exporting layers 0.0s done
#10 exporting manifest sha256:2b670bd4fab2eee8c00fd76e3934ffc446e1a0f881ce97b8ab987993a180aa54 done
#10 exporting config sha256:a2d9224b9a7f9919d3dfcb3c04ed66e180c26f8d5ca5a74f7b814072e2030bc8 done
#10 exporting attestation manifest sha256:f291f9dffe0e13edb49f6ed06e39847975c9241b4a39039ed975f21d1887a559 done
#10 exporting manifest list sha256:99571f8057fcb09934a0f0b88b72aad607b818100b50d27d0c9b1e87c964d76e done
#10 naming to docker.io/library/independent-verifier-s4-1004095136:client-2a2896c2 done
#10 unpacking to docker.io/library/independent-verifier-s4-1004095136:client-2a2896c2 done
#10 DONE 0.1s
