#0 building with "desktop-linux" instance using docker driver

#1 [internal] load build definition from Dockerfile
#1 transferring dockerfile: 210B done
#1 DONE 0.0s

#2 [internal] load metadata for docker.io/library/independent-verifier-s4-1004095136:client
#2 DONE 0.0s

#3 [internal] load .dockerignore
#3 transferring context: 2B done
#3 DONE 0.0s

#4 [1/5] FROM docker.io/library/independent-verifier-s4-1004095136:client@sha256:2a56848199b867aca32b02eb632232cdcf52f542f5a1fbfe871580e120ca36d9
#4 resolve docker.io/library/independent-verifier-s4-1004095136:client@sha256:2a56848199b867aca32b02eb632232cdcf52f542f5a1fbfe871580e120ca36d9 0.0s done
#4 DONE 0.0s

#5 [internal] load build context
#5 transferring context: 11.71MB 0.1s done
#5 DONE 0.1s

#6 [2/5] COPY stage-1 /verifier/stage-1
#6 CACHED

#7 [3/5] COPY stage-2 /verifier/stage-2
#7 CACHED

#8 [4/5] COPY stage-3 /verifier/stage-3
#8 CACHED

#9 [5/5] COPY stage-4 /verifier/stage-4
#9 DONE 0.0s

#10 exporting to image
#10 exporting layers 0.0s done
#10 exporting manifest sha256:0b419ad4450dc72ae6adeba9bca3ba0bceff149bacca61d7a274bf3c435c7982 done
#10 exporting config sha256:7a66203a1764c86574390894d8965ccd6f7f13afaf2e4584fced6fd2b2fe23cb done
#10 exporting attestation manifest sha256:a2cab867ae54659b4e511100c40dfacec5a92974c08d6a1bf7f816826ddb33be done
#10 exporting manifest list sha256:44220d20358994ce7d95b6f1375e77a3f0290dafee4733acd062dc5a67facbd2 done
#10 naming to docker.io/library/independent-verifier-s4-1004095136:client-b8c0cac1 done
#10 unpacking to docker.io/library/independent-verifier-s4-1004095136:client-b8c0cac1 done
#10 DONE 0.1s
