#0 building with "desktop-linux" instance using docker driver

#1 [internal] load build definition from Dockerfile
#1 transferring dockerfile: 210B done
#1 DONE 0.0s

#2 [internal] load metadata for docker.io/library/independent-verifier-s4-1004095136:client
#2 DONE 0.0s

#3 [internal] load .dockerignore
#3 transferring context: 2B done
#3 DONE 0.0s

#4 [1/5] FROM docker.io/library/independent-verifier-s4-1004095136:client@sha256:2a56848199b867aca32b02eb632232cdcf52f542f5a1fbfe871580e120ca36d9
#4 resolve docker.io/library/independent-verifier-s4-1004095136:client@sha256:2a56848199b867aca32b02eb632232cdcf52f542f5a1fbfe871580e120ca36d9 done
#4 DONE 0.0s

#5 [internal] load build context
#5 transferring context: 11.67MB 0.1s done
#5 DONE 0.1s

#6 [2/5] COPY stage-1 /verifier/stage-1
#6 DONE 0.0s

#7 [3/5] COPY stage-2 /verifier/stage-2
#7 DONE 0.0s

#8 [4/5] COPY stage-3 /verifier/stage-3
#8 DONE 0.0s

#9 [5/5] COPY stage-4 /verifier/stage-4
#9 DONE 0.0s

#10 exporting to image
#10 exporting layers 0.1s done
#10 exporting manifest sha256:c449f1e7fbdb057b0cd658b1a0ecdc70d0a41b8ba1cbe50f1c527ccc82aef68d done
#10 exporting config sha256:17bcc7c21ceccbe41fed4d3491ae3eb5e98a615a4075b624fe97539e32caad47 done
#10 exporting attestation manifest sha256:ebcc0b8355b70c750a2b9f4d48d9ee7c13f92f3d244e0e7b5f1924c26518fa2a done
#10 exporting manifest list sha256:b24c4f9e0e060c5d428b81ac4a58874bbb55dff4c5e59b6cdc45ca1f1d4cbe7b done
#10 naming to docker.io/library/independent-verifier-s4-1004095136:client-61b4798f done
#10 unpacking to docker.io/library/independent-verifier-s4-1004095136:client-61b4798f 0.0s done
#10 DONE 0.1s
