78ace90ad6022e534f4c78003d883de98d47e883 Interface Engineer <interface-engineer@nightwatch-foundry.invalid> Use exact decimal numeric controls without a browser float limit
1f221dd415061c611e13b4e2d5e8d861575779e7 Foundry Coordinator <foundry-coordinator@nightwatch-foundry.invalid> Route complete Stage 2 product candidate and resolve original receipt compatibility
496f996af35ec1d2545cc93c3d5dc617f9e815c2 Interface Engineer <interface-engineer@nightwatch-foundry.invalid> Preserve large integer response values and sum capacities exactly
ddfc4b1e7aec3628eb3ed7a83857f3f10ae21bc2 Independent Verifier <independent-verifier@nightwatch-foundry.invalid> Prepare exact large-integer browser boundary evidence
e176224a7861f3b1a2396fdc51b559a1e3f40e8d Interface Engineer <interface-engineer@nightwatch-foundry.invalid> Probe exact large party values through the Stage 2 browser
4b92041057beb669d2e6c528e8268f4d0d1e6421 Interface Engineer <interface-engineer@nightwatch-foundry.invalid> Preserve Stage 2 browser recovery screenshots and integration handoff
1067ccd06d86145ca5ac9fcaedb9df3f404a6983 Interface Engineer <interface-engineer@nightwatch-foundry.invalid> Separate identical and competing race counts in saved trace
c120ccc755539c3f0e0e6f38579882147a948294 Independent Verifier <independent-verifier@nightwatch-foundry.invalid> Prepare independent Stage 2 atomic and browser verification
4603bb6e0083d666a378fc7b75666f8cfd0f1742 Interface Engineer <interface-engineer@nightwatch-foundry.invalid> Add original Stage 2 recovery upgrade and concurrency diagnostics
16e1b98ad6c341b99f30ebe1c321760e460bf728 Foundry Coordinator <foundry-coordinator@nightwatch-foundry.invalid> Record actual Stage 2 draft visual observations and focused product refinements
93544c6c0ec8ba1424af15a120e51415e49df3c9 Interface Engineer <interface-engineer@nightwatch-foundry.invalid> Explain reservation and account refusals in diner language
f1f348a7413685ad1970c66b9a595a40f50d6a48 Interface Engineer <interface-engineer@nightwatch-foundry.invalid> Present reservation dates and times clearly for diners
9f268928f8447ac7a8a9b2f5fc3045348656b21b Interface Engineer <interface-engineer@nightwatch-foundry.invalid> Keep lookup retry usable after reference changes during loading
be82cfdb854aeb7f721729395eac14287a5ae058 Interface Engineer <interface-engineer@nightwatch-foundry.invalid> Keep authentication inputs stable when catalogue finishes loading
a64591549c6bca2e5bfbca937377a135a43abc90 Systems Engineer <systems-engineer@nightwatch-foundry.invalid> Verify Stage 2 API against exact committed product image
ff8472b5edc8513c1cd994678ea01471e7fb1ddc Interface Engineer <interface-engineer@nightwatch-foundry.invalid> Build Stage 2 offline booking browser and recovery flow
3f92d4bc109bb71aa4ca78ca1d0c977ba20e5a9b Foundry Coordinator <foundry-coordinator@nightwatch-foundry.invalid> Record substantive Stage 2 integrity handoff and pending product gate
02bb12abbdd1b20a0ed5a8328ddb4e9d895999aa Systems Engineer <systems-engineer@nightwatch-foundry.invalid> Record constrained Stage 2 integrity and genuine upgrade diagnostics
e683361513d9af1d576e38dc79b04b44e4de6756 Systems Engineer <systems-engineer@nightwatch-foundry.invalid> Implement Stage 2 atomic combined seating and truthful upgrade receipts
b0978a4396ee3104c56052b586dc5c5eb6d0b8eb Foundry Coordinator <foundry-coordinator@nightwatch-foundry.invalid> Correct multi-artifact audit parsing and verify all 801 accepted coverage rows
be2769f57bf81d27ed9e34494c22afcbda15e5e5 Foundry Coordinator <foundry-coordinator@nightwatch-foundry.invalid> Preserve initial coordinator metadata audit parser failure and immutable verdict guard
83a885ed20b2199abe9d893f4b2525d2d6672e87 Interface Engineer <interface-engineer@nightwatch-foundry.invalid> Record Stage 2 interface state map and source intake
10df7c19fc00abbb564e4fdabcaacb387311fb7e Foundry Coordinator <foundry-coordinator@nightwatch-foundry.invalid> Release disjoint Stage 2 implementation paths after verified initial copy
77c9e1f22ea6d3eef1af6a27680f8a55af842e71 Foundry Coordinator <foundry-coordinator@nightwatch-foundry.invalid> Keep the active room plan clear about Stage 2 assignments and preserved intake history
42b0618f1df5681b595d065a33e6bb91707dcb45 Foundry Coordinator <foundry-coordinator@nightwatch-foundry.invalid> Assign complete cumulative Stage 2 packages with genuine builder and verifier ownership
6d27b290329cac414cf5479862ff7605ceb1149f Foundry Coordinator <foundry-coordinator@nightwatch-foundry.invalid> Promote and freeze independently accepted Stage 1 before extension
fcc0974e8cc44f7f3d57891d6b1759b499ede176 Independent Verifier <independent-verifier@nightwatch-foundry.invalid> Accept repaired Stage 1 with complete independent boundary coverage
a5b71e159650a898429de2b2a0201e981e3b93c9 Interface Engineer <interface-engineer@nightwatch-foundry.invalid> Record interface regression for repaired minute-boundary service
2c29e2d647bd98aa9e9dfd31bb1bf9aaf9151e66 Foundry Coordinator <foundry-coordinator@nightwatch-foundry.invalid> Route complete repaired minute-boundary Stage 1 candidate for independent promotion
a1eeb79bcd4a21eb6bc43057311afa1ef674f313 Systems Engineer <systems-engineer@nightwatch-foundry.invalid> Record constrained Stage 1 minute-boundary regression evidence
2a4b0408a3453bc87d86bca3d0ec571f479e03ca Systems Engineer <systems-engineer@nightwatch-foundry.invalid> Remove undocumented Stage 1 fixture minute ceiling
ae3de5bba1b612bcf718e98214d7d83d8e4c8e9c Foundry Coordinator <foundry-coordinator@nightwatch-foundry.invalid> Retain revoked acceptance facts without rewriting earlier observations
9527914539493ad37d0a8fa72b19e74f8aa96441 Foundry Coordinator <foundry-coordinator@nightwatch-foundry.invalid> Record revoked Stage 1 acceptance and complete boundary repair evidence
86c745913b073eb1ac70698ff6c6deee19d72e56 Independent Verifier <independent-verifier@nightwatch-foundry.invalid> Revoke Stage 1 acceptance after positive minute boundary failures
3e445356d590167cea40b3b9dded040909d4bb40 Foundry Coordinator <foundry-coordinator@nightwatch-foundry.invalid> Preserve held Stage 1 gate and make ledger output accept phase labels
c0e6f25cb06f16a6775230bcea62341614222bd2 Foundry Coordinator <foundry-coordinator@nightwatch-foundry.invalid> Resolve final fixture minute-count applicability before freezing Stage 1
b829a433957bc785e0dd2598316ce1b358303a91 Independent Verifier <independent-verifier@nightwatch-foundry.invalid> Accept Stage 1 with independent coverage and preserved legacy receipts
22ecc2a97a372555647fa87ddd91edddea2472c3 Foundry Coordinator <foundry-coordinator@nightwatch-foundry.invalid> Preserve measured Stage 1 candidate and interpretation facts for operator documentation
7e646cdad903bc59a0673b82f012a849f87d4071 Foundry Coordinator <foundry-coordinator@nightwatch-foundry.invalid> Route complete Stage 1 timestamp-repaired candidate for independent acceptance
1e5c6c4f7e48de54f2ee8dd3fb6fd275a2865c5f Interface Engineer <interface-engineer@nightwatch-foundry.invalid> Verify historical timestamp interpretation and receipt recovery over HTTP
b4a124e3671ec22a4df0780343f6389ff4b70d05 Systems Engineer <systems-engineer@nightwatch-foundry.invalid> Record offline current and legacy timestamp preservation regressions
f4eeac50227a59ce785768dbb37bb4641d83c88a Systems Engineer <systems-engineer@nightwatch-foundry.invalid> Serialize historical instants with nearest representable minute offsets while preserving receipts
cb5835816f034882a979046be7d8ab2d725af3ba Independent Verifier <independent-verifier@nightwatch-foundry.invalid> Prepare independent historic timestamp interpretation oracle and probes
94c4d59cffb71c2936434d3379673ad4951753e5 Interface Engineer <interface-engineer@nightwatch-foundry.invalid> Probe coordinator timestamp representation interpretation over HTTP
b81b8a32de2faa330d60db9f671de56073f25042 Foundry Coordinator <foundry-coordinator@nightwatch-foundry.invalid> Resolve historical timestamp grammar and route scoped representation repair
a68a4eff2121a24cd093847ec4a98cf930a6cf1b Independent Verifier <independent-verifier@nightwatch-foundry.invalid> Reject repaired Stage 1 candidate on independent calendar edge evidence
670e453baacbfc5b6bff6f6eb1bbcf0d54879710 Systems Engineer <systems-engineer@nightwatch-foundry.invalid> Record offline calendar-boundary regression and current time invariants
49287b4a5a1481f995c470ccae31776f03d4b863 Systems Engineer <systems-engineer@nightwatch-foundry.invalid> Represent absolute instants beyond UTC calendar bounds after independent rejection
582b0c76d45cc4395af79574b6077b6637497dba Foundry Coordinator <foundry-coordinator@nightwatch-foundry.invalid> Record genuine Stage 1 rejection and repaired candidate handoff
3829bbf42dfb5dadf7adc0ed40e47475ae3e6651 Interface Engineer <interface-engineer@nightwatch-foundry.invalid> Declare Stage 1 interface implementation source provenance and diagnostic timing
061850b6a4c209b7cb5b0008edecb35711cb6bcf Systems Engineer <systems-engineer@nightwatch-foundry.invalid> Declare Stage 1 authoring inputs separately from diagnostic and repair evidence
dd644198b6c0c24cebaee74435ac13d4dc33bd99 Independent Verifier <independent-verifier@nightwatch-foundry.invalid> Reject Stage 1 candidate with independent boundary evidence
f52a3730d3bf03bc465cf1af5e0811a0b6eed9ec Interface Engineer <interface-engineer@nightwatch-foundry.invalid> Verify Stage 1 transport regressions against repaired Engine candidate
2e2e35b5ab0198fbaac3f96ac457ba9ef0a9c09d Systems Engineer <systems-engineer@nightwatch-foundry.invalid> Record offline two-process regressions for Stage 1 rejection repair
6442d6d5aa3187aa090107733e41f685946044f1 Systems Engineer <systems-engineer@nightwatch-foundry.invalid> Repair missing fixture fields and bounded calendar arithmetic after verifier rejection
6150d79a688d3d601d7013cbca871496e40547c4 Foundry Coordinator <foundry-coordinator@nightwatch-foundry.invalid> Preserve 120-check isolated Stage 1 coordinator diagnostic
f93e6114d370699870e150fab93ef99d7391c97e Independent Verifier <independent-verifier@nightwatch-foundry.invalid> Prepare verifier clients for internal Docker network execution
bc95c2146a59cd785f9fe578447e616490bef1df Independent Verifier <independent-verifier@nightwatch-foundry.invalid> Atomize Stage 1 error alternatives and ownership evidence
9fc9ba860956c94d9b9f1df18f2c299a69ecbb8c Foundry Coordinator <foundry-coordinator@nightwatch-foundry.invalid> Route committed Stage 1 candidate and preserve freeze gate evidence
439b04e62325e7ddd82ea36bc6c9a07b8aaf94cd Independent Verifier <independent-verifier@nightwatch-foundry.invalid> Prepare independent Stage 1 atomic coverage and black-box probes
4bad4a8da97b777547349df9198268e9ff150108 Interface Engineer <interface-engineer@nightwatch-foundry.invalid> Complete Stage 1 interface integration evidence against committed Engine
a6d90ba140a5f2d6eb926376edc8b4fef07b5f7c Systems Engineer <systems-engineer@nightwatch-foundry.invalid> Record Stage 1 two-process HTTP diagnostics and retained connection failures
e9e15076a762ab437d349cb3e6768b4786e1432f Systems Engineer <systems-engineer@nightwatch-foundry.invalid> Implement Stage 1 transactional reservation engine and builder probes
de01e6262e58fd9fc8502b15da8605a8180ba23f Foundry Coordinator <foundry-coordinator@nightwatch-foundry.invalid> Record verified source provenance and autonomous run budget
2385486044188d64c7de2fe8fc1545fac4a1a573 Interface Engineer <interface-engineer@nightwatch-foundry.invalid> Record offline Stage 1 integration diagnostics and source provenance
9d53de905fdd498ee34dfa7c4d814b13dda7a921 Interface Engineer <interface-engineer@nightwatch-foundry.invalid> Implement Stage 1 concurrent JSON transport and offline container runtime
37a7f98aa8564cfbcf1f13e4aada90627327824d Foundry Coordinator <foundry-coordinator@nightwatch-foundry.invalid> Preserve complete Stage 1 handoffs and measured intake facts
2f691e8c7c43b3489717eb3ede1dadf0b0651b74 Foundry Coordinator <foundry-coordinator@nightwatch-foundry.invalid> Record scored factory intake, requirements and stage gates
