[
    {
        "Id": "ed19650ed04e0488379274610f19acb27ad50bcaf2afdb568de9d2754a4f3729",
        "Created": "2026-10-04T02:22:52.275952964Z",
        "Path": "python",
        "Args": [
            "server.py"
        ],
        "State": {
            "Status": "running",
            "Running": true,
            "Paused": false,
            "Restarting": false,
            "OOMKilled": false,
            "Dead": false,
            "Pid": 25664,
            "ExitCode": 0,
            "Error": "",
            "StartedAt": "2026-10-04T02:22:52.302124839Z",
            "FinishedAt": "0001-01-01T00:00:00Z"
        },
        "Image": "sha256:d18d2deb9446afddaa7ac501aa739f5944811dc708188ef1e25b56161743516f",
        "ResolvConfPath": "/var/lib/docker/containers/ed19650ed04e0488379274610f19acb27ad50bcaf2afdb568de9d2754a4f3729/resolv.conf",
        "HostnamePath": "/var/lib/docker/containers/ed19650ed04e0488379274610f19acb27ad50bcaf2afdb568de9d2754a4f3729/hostname",
        "HostsPath": "/var/lib/docker/containers/ed19650ed04e0488379274610f19acb27ad50bcaf2afdb568de9d2754a4f3729/hosts",
        "LogPath": "/var/lib/docker/containers/ed19650ed04e0488379274610f19acb27ad50bcaf2afdb568de9d2754a4f3729/ed19650ed04e0488379274610f19acb27ad50bcaf2afdb568de9d2754a4f3729-json.log",
        "Name": "/independent-verifier-s2-boundary-4b920410-historical-02",
        "RestartCount": 0,
        "Driver": "overlayfs",
        "Platform": "linux",
        "MountLabel": "",
        "ProcessLabel": "",
        "AppArmorProfile": "",
        "ExecIDs": null,
        "HostConfig": {
            "Binds": null,
            "ContainerIDFile": "",
            "LogConfig": {
                "Type": "json-file",
                "Config": {}
            },
            "NetworkMode": "independent-verifier-s2-4b92041057be-20261004t020635-net",
            "PortBindings": {},
            "RestartPolicy": {
                "Name": "no",
                "MaximumRetryCount": 0
            },
            "AutoRemove": false,
            "VolumeDriver": "",
            "VolumesFrom": null,
            "ConsoleSize": [
                0,
                0
            ],
            "CapAdd": null,
            "CapDrop": null,
            "CgroupnsMode": "private",
            "Dns": null,
            "DnsOptions": [],
            "DnsSearch": [],
            "ExtraHosts": null,
            "GroupAdd": null,
            "IpcMode": "private",
            "Cgroup": "",
            "Links": null,
            "OomScoreAdj": 0,
            "PidMode": "",
            "Privileged": false,
            "PublishAllPorts": false,
            "ReadonlyRootfs": false,
            "SecurityOpt": null,
            "UTSMode": "",
            "UsernsMode": "",
            "ShmSize": 67108864,
            "Runtime": "runc",
            "Isolation": "",
            "CpuShares": 0,
            "Memory": 2147483648,
            "NanoCpus": 2000000000,
            "CgroupParent": "",
            "BlkioWeight": 0,
            "BlkioWeightDevice": [],
            "BlkioDeviceReadBps": [],
            "BlkioDeviceWriteBps": [],
            "BlkioDeviceReadIOps": [],
            "BlkioDeviceWriteIOps": [],
            "CpuPeriod": 0,
            "CpuQuota": 0,
            "CpuRealtimePeriod": 0,
            "CpuRealtimeRuntime": 0,
            "CpusetCpus": "",
            "CpusetMems": "",
            "Devices": [],
            "DeviceCgroupRules": null,
            "DeviceRequests": null,
            "MemoryReservation": 0,
            "MemorySwap": 4294967296,
            "MemorySwappiness": null,
            "OomKillDisable": null,
            "PidsLimit": null,
            "Ulimits": null,
            "CpuCount": 0,
            "CpuPercent": 0,
            "IOMaximumIOps": 0,
            "IOMaximumBandwidth": 0,
            "MaskedPaths": [
                "/proc/acpi",
                "/proc/asound",
                "/proc/interrupts",
                "/proc/kcore",
                "/proc/keys",
                "/proc/latency_stats",
                "/proc/sched_debug",
                "/proc/scsi",
                "/proc/timer_list",
                "/proc/timer_stats",
                "/sys/devices/virtual/powercap",
                "/sys/firmware"
            ],
            "ReadonlyPaths": [
                "/proc/bus",
                "/proc/fs",
                "/proc/irq",
                "/proc/sys",
                "/proc/sysrq-trigger"
            ]
        },
        "Storage": {
            "RootFS": {
                "Snapshot": {
                    "Name": "overlayfs"
                }
            }
        },
        "Mounts": [],
        "Config": {
            "Hostname": "ed19650ed04e",
            "Domainname": "",
            "User": "65532:65532",
            "AttachStdin": false,
            "AttachStdout": false,
            "AttachStderr": false,
            "ExposedPorts": {
                "8080/tcp": {}
            },
            "Tty": false,
            "OpenStdin": false,
            "StdinOnce": false,
            "Env": [
                "PORT=18312",
                "PATH=/usr/local/bin:/usr/local/sbin:/usr/local/bin:/usr/sbin:/usr/bin:/sbin:/bin",
                "LANG=C.UTF-8",
                "GPG_KEY=7169605F62C751356D054A26A821E680E5FA6305",
                "PYTHON_VERSION=3.12.15",
                "PYTHON_SHA256=c2c4321961fab0fb999d66e0cecf521c2ab3994c7992873ea99e306c1094fd5a",
                "PYTHONUNBUFFERED=1",
                "PYTHONDONTWRITEBYTECODE=1"
            ],
            "Cmd": [
                "python",
                "server.py"
            ],
            "Image": "independent-verifier-s2-4b92041057be-20261004t020635:candidate",
            "Volumes": null,
            "WorkingDir": "/app",
            "Entrypoint": null,
            "Labels": {}
        },
        "NetworkSettings": {
            "SandboxID": "4af16c5d567f76f78e4d67d99cb1e8c3673532ce99aff8671b44b624787d6fb0",
            "SandboxKey": "/var/run/docker/netns/4af16c5d567f",
            "Ports": {
                "8080/tcp": null
            },
            "Networks": {
                "independent-verifier-s2-4b92041057be-20261004t020635-net": {
                    "IPAMConfig": null,
                    "Links": null,
                    "Aliases": null,
                    "DriverOpts": null,
                    "GwPriority": 0,
                    "NetworkID": "4be1e5967573a560c229f6eb6dadc04f9fcb334099f32115bfd0a9096c2f7fea",
                    "EndpointID": "77d89f44dfd03d7048580fb99f08e1c70bad229aebaabf2eef4dfc24aabe0d33",
                    "Gateway": "",
                    "IPAddress": "172.18.0.5",
                    "MacAddress": "26:5f:b2:50:a9:47",
                    "IPPrefixLen": 16,
                    "IPv6Gateway": "",
                    "GlobalIPv6Address": "",
                    "GlobalIPv6PrefixLen": 0,
                    "DNSNames": [
                        "independent-verifier-s2-boundary-4b920410-historical-02",
                        "ed19650ed04e"
                    ]
                }
            }
        },
        "ImageManifestDescriptor": {
            "mediaType": "application/vnd.oci.image.manifest.v1+json",
            "digest": "sha256:6a21c74eab0495d778a126e3b228542ff702c1744f7bc82adfd09d71780b60ed",
            "size": 1996,
            "platform": {
                "architecture": "arm64",
                "os": "linux"
            }
        }
    }
]
