[
    {
        "Id": "8baf379f1ee384be47bac25e18e2647df60f4a90ba950d6afc20f6dac22039a8",
        "Created": "2026-10-04T05:45:40.27204455Z",
        "Path": "python",
        "Args": [
            "server.py"
        ],
        "State": {
            "Status": "running",
            "Running": true,
            "Paused": false,
            "Restarting": false,
            "OOMKilled": false,
            "Dead": false,
            "Pid": 3865,
            "ExitCode": 0,
            "Error": "",
            "StartedAt": "2026-10-04T05:45:40.293487383Z",
            "FinishedAt": "0001-01-01T00:00:00Z"
        },
        "Image": "sha256:77877639a8ee062733b4726f9477bc054968e393a6fc7189971132331d7ecad6",
        "ResolvConfPath": "/var/lib/docker/containers/8baf379f1ee384be47bac25e18e2647df60f4a90ba950d6afc20f6dac22039a8/resolv.conf",
        "HostnamePath": "/var/lib/docker/containers/8baf379f1ee384be47bac25e18e2647df60f4a90ba950d6afc20f6dac22039a8/hostname",
        "HostsPath": "/var/lib/docker/containers/8baf379f1ee384be47bac25e18e2647df60f4a90ba950d6afc20f6dac22039a8/hosts",
        "LogPath": "/var/lib/docker/containers/8baf379f1ee384be47bac25e18e2647df60f4a90ba950d6afc20f6dac22039a8/8baf379f1ee384be47bac25e18e2647df60f4a90ba950d6afc20f6dac22039a8-json.log",
        "Name": "/systems-engineer-s2-reconstruct-20261004t054437634397-old",
        "RestartCount": 0,
        "Driver": "overlayfs",
        "Platform": "linux",
        "MountLabel": "",
        "ProcessLabel": "",
        "AppArmorProfile": "",
        "ExecIDs": null,
        "HostConfig": {
            "Binds": null,
            "ContainerIDFile": "",
            "LogConfig": {
                "Type": "json-file",
                "Config": {}
            },
            "NetworkMode": "systems-engineer-s2-reconstruct-20261004t054437634397-net",
            "PortBindings": {
                "18174/tcp": [
                    {
                        "HostIp": "",
                        "HostPort": "18174"
                    }
                ]
            },
            "RestartPolicy": {
                "Name": "no",
                "MaximumRetryCount": 0
            },
            "AutoRemove": false,
            "VolumeDriver": "",
            "VolumesFrom": null,
            "ConsoleSize": [
                0,
                0
            ],
            "CapAdd": null,
            "CapDrop": null,
            "CgroupnsMode": "private",
            "Dns": null,
            "DnsOptions": [],
            "DnsSearch": [],
            "ExtraHosts": null,
            "GroupAdd": null,
            "IpcMode": "private",
            "Cgroup": "",
            "Links": null,
            "OomScoreAdj": 0,
            "PidMode": "",
            "Privileged": false,
            "PublishAllPorts": false,
            "ReadonlyRootfs": false,
            "SecurityOpt": null,
            "UTSMode": "",
            "UsernsMode": "",
            "ShmSize": 67108864,
            "Runtime": "runc",
            "Isolation": "",
            "CpuShares": 0,
            "Memory": 2147483648,
            "NanoCpus": 2000000000,
            "CgroupParent": "",
            "BlkioWeight": 0,
            "BlkioWeightDevice": [],
            "BlkioDeviceReadBps": [],
            "BlkioDeviceWriteBps": [],
            "BlkioDeviceReadIOps": [],
            "BlkioDeviceWriteIOps": [],
            "CpuPeriod": 0,
            "CpuQuota": 0,
            "CpuRealtimePeriod": 0,
            "CpuRealtimeRuntime": 0,
            "CpusetCpus": "",
            "CpusetMems": "",
            "Devices": [],
            "DeviceCgroupRules": null,
            "DeviceRequests": null,
            "MemoryReservation": 0,
            "MemorySwap": 4294967296,
            "MemorySwappiness": null,
            "OomKillDisable": null,
            "PidsLimit": null,
            "Ulimits": null,
            "CpuCount": 0,
            "CpuPercent": 0,
            "IOMaximumIOps": 0,
            "IOMaximumBandwidth": 0,
            "MaskedPaths": [
                "/proc/acpi",
                "/proc/asound",
                "/proc/interrupts",
                "/proc/kcore",
                "/proc/keys",
                "/proc/latency_stats",
                "/proc/sched_debug",
                "/proc/scsi",
                "/proc/timer_list",
                "/proc/timer_stats",
                "/sys/devices/virtual/powercap",
                "/sys/firmware"
            ],
            "ReadonlyPaths": [
                "/proc/bus",
                "/proc/fs",
                "/proc/irq",
                "/proc/sys",
                "/proc/sysrq-trigger"
            ]
        },
        "Storage": {
            "RootFS": {
                "Snapshot": {
                    "Name": "overlayfs"
                }
            }
        },
        "Mounts": [],
        "Config": {
            "Hostname": "8baf379f1ee3",
            "Domainname": "",
            "User": "65532:65532",
            "AttachStdin": false,
            "AttachStdout": false,
            "AttachStderr": false,
            "ExposedPorts": {
                "18174/tcp": {},
                "8080/tcp": {}
            },
            "Tty": false,
            "OpenStdin": false,
            "StdinOnce": false,
            "Env": [
                "PORT=18174",
                "PATH=/usr/local/bin:/usr/local/sbin:/usr/local/bin:/usr/sbin:/usr/bin:/sbin:/bin",
                "LANG=C.UTF-8",
                "GPG_KEY=7169605F62C751356D054A26A821E680E5FA6305",
                "PYTHON_VERSION=3.12.15",
                "PYTHON_SHA256=c2c4321961fab0fb999d66e0cecf521c2ab3994c7992873ea99e306c1094fd5a",
                "PYTHONUNBUFFERED=1",
                "PYTHONDONTWRITEBYTECODE=1"
            ],
            "Cmd": [
                "python",
                "server.py"
            ],
            "Image": "systems-engineer-s2-reconstruct-20261004t054437634397:old",
            "Volumes": null,
            "WorkingDir": "/app",
            "Entrypoint": null,
            "Labels": {}
        },
        "NetworkSettings": {
            "SandboxID": "c9c3fa0aff51c3adec57656cfc1bb84675a44bab350eca06bf5400b088b4cd92",
            "SandboxKey": "/var/run/docker/netns/c9c3fa0aff51",
            "Ports": {
                "18174/tcp": []
            },
            "Networks": {
                "systems-engineer-s2-reconstruct-20261004t054437634397-net": {
                    "IPAMConfig": null,
                    "Links": null,
                    "Aliases": null,
                    "DriverOpts": null,
                    "GwPriority": 0,
                    "NetworkID": "30f01908e65ab280b41a1870402c4a5b1be03f9ea7ffb89d13d627afa3b79877",
                    "EndpointID": "479b187a7d825c6ae915e3d7976ad53a99ab80e2cab7ff6a487cfe9369b28b25",
                    "Gateway": "",
                    "IPAddress": "172.19.0.6",
                    "MacAddress": "6e:7e:16:1d:9c:eb",
                    "IPPrefixLen": 16,
                    "IPv6Gateway": "",
                    "GlobalIPv6Address": "",
                    "GlobalIPv6PrefixLen": 0,
                    "DNSNames": [
                        "systems-engineer-s2-reconstruct-20261004t054437634397-old",
                        "8baf379f1ee3"
                    ]
                }
            }
        },
        "ImageManifestDescriptor": {
            "mediaType": "application/vnd.oci.image.manifest.v1+json",
            "digest": "sha256:5483a71b7b64a0efeae6a47cfacdeeef7ccdf5d65af12b555182e3d2c31bee48",
            "size": 1996,
            "platform": {
                "architecture": "arm64",
                "os": "linux"
            }
        }
    }
]
