#0 building with "desktop-linux" instance using docker driver

#1 [internal] load build definition from Dockerfile
#1 transferring dockerfile: 571B done
#1 DONE 0.0s

#2 [internal] load metadata for docker.io/library/python:3.12-slim-bookworm
#2 DONE 0.4s

#3 [internal] load .dockerignore
#3 transferring context: 103B done
#3 DONE 0.0s

#4 [1/6] FROM docker.io/library/python:3.12-slim-bookworm@sha256:54c85f3c47607a77f32adec749d3c81d1348bf25833671f512b26a9b6d778cb3
#4 resolve docker.io/library/python:3.12-slim-bookworm@sha256:54c85f3c47607a77f32adec749d3c81d1348bf25833671f512b26a9b6d778cb3 0.0s done
#4 DONE 0.0s

#5 [internal] load build context
#5 transferring context: 115.10kB done
#5 DONE 0.0s

#6 [5/6] COPY web ./web
#6 CACHED

#7 [2/6] RUN apt-get update     && DEBIAN_FRONTEND=noninteractive apt-get install -y --no-install-recommends tzdata     && rm -rf /var/lib/apt/lists/*
#7 CACHED

#8 [3/6] WORKDIR /app
#8 CACHED

#9 [4/6] COPY server.py core.py json_codec.py ./
#9 CACHED

#10 [6/6] RUN python -c "import ast,pathlib; [ast.parse(p.read_text()) for p in pathlib.Path('.').glob('*.py')]"
#10 CACHED

#11 exporting to image
#11 exporting layers done
#11 exporting manifest sha256:40fe32694d54e9e343522ee67994b9b57a3baeb02251cc051dfeb0ef1f9106a7 done
#11 exporting config sha256:543636dbec19aefcd77aff1807ea7fd0e89b764b1309ded25e05ddc08cbd7457 done
#11 exporting attestation manifest sha256:95a1c4efa9c8b8cb5dd832444863993462eb7817e60b71d8328fedd2a777e7b9 done
#11 exporting manifest list sha256:dc560c6da478f2a4f567b14b8c1010d250844b4236b98340ffcde837f1667ff2 done
#11 naming to docker.io/library/systems-engineer-s2-reconstruct-20261004t054437634397:current done
#11 unpacking to docker.io/library/systems-engineer-s2-reconstruct-20261004t054437634397:current done
#11 DONE 0.0s
