#0 building with "desktop-linux" instance using docker driver

#1 [internal] load build definition from Dockerfile
#1 transferring dockerfile: 132B done
#1 DONE 0.0s

#2 [internal] load metadata for docker.io/library/systems-engineer-s2-reconstruct-20261004t054437634397:current
#2 DONE 0.0s

#3 [internal] load .dockerignore
#3 transferring context: 2B done
#3 DONE 0.0s

#4 [internal] load build context
#4 transferring context: 120.35kB done
#4 DONE 0.0s

#5 [1/3] FROM docker.io/library/systems-engineer-s2-reconstruct-20261004t054437634397:current@sha256:dc560c6da478f2a4f567b14b8c1010d250844b4236b98340ffcde837f1667ff2
#5 resolve docker.io/library/systems-engineer-s2-reconstruct-20261004t054437634397:current@sha256:dc560c6da478f2a4f567b14b8c1010d250844b4236b98340ffcde837f1667ff2 done
#5 DONE 0.0s

#6 [2/3] WORKDIR /probe
#6 DONE 0.0s

#7 [3/3] COPY *.py ./
#7 DONE 0.0s

#8 exporting to image
#8 exporting layers 0.0s done
#8 exporting manifest sha256:00b9ed59cf8e917308f1c24ca75a23967c03226ff71d5f54d9ff0bfe147636f3 done
#8 exporting config sha256:71dd80818d4e38788519a6ca17efbb94bc469712331243ca64713a800f68b568 done
#8 exporting attestation manifest sha256:e95d6cb2f71981ccd7191c794b3c84a7ae0fccce868d862febe5f7ec6cc6d139 done
#8 exporting manifest list sha256:1bc87123091f97a793620a1c79e5fb4dd232d1f6b838dc2f0955771f176988e8 done
#8 naming to docker.io/library/systems-engineer-s2-reconstruct-20261004t054437634397:client
#8 naming to docker.io/library/systems-engineer-s2-reconstruct-20261004t054437634397:client done
#8 unpacking to docker.io/library/systems-engineer-s2-reconstruct-20261004t054437634397:client 0.0s done
#8 DONE 0.1s
