[
    {
        "Id": "89f7d92b690a20d8fe11dbad03a21c8995d2446785d8d582348c4d8ea2860d92",
        "Created": "2026-10-04T05:45:12.178169509Z",
        "Path": "python",
        "Args": [
            "server.py"
        ],
        "State": {
            "Status": "running",
            "Running": true,
            "Paused": false,
            "Restarting": false,
            "OOMKilled": false,
            "Dead": false,
            "Pid": 3514,
            "ExitCode": 0,
            "Error": "",
            "StartedAt": "2026-10-04T05:45:12.221582051Z",
            "FinishedAt": "0001-01-01T00:00:00Z"
        },
        "Image": "sha256:151adc914854a75655fd76f9565b4cddadd56ddf1156151381487ccfcbf2d2a5",
        "ResolvConfPath": "/var/lib/docker/containers/89f7d92b690a20d8fe11dbad03a21c8995d2446785d8d582348c4d8ea2860d92/resolv.conf",
        "HostnamePath": "/var/lib/docker/containers/89f7d92b690a20d8fe11dbad03a21c8995d2446785d8d582348c4d8ea2860d92/hostname",
        "HostsPath": "/var/lib/docker/containers/89f7d92b690a20d8fe11dbad03a21c8995d2446785d8d582348c4d8ea2860d92/hosts",
        "LogPath": "/var/lib/docker/containers/89f7d92b690a20d8fe11dbad03a21c8995d2446785d8d582348c4d8ea2860d92/89f7d92b690a20d8fe11dbad03a21c8995d2446785d8d582348c4d8ea2860d92-json.log",
        "Name": "/systems-engineer-s2-reconstruct-20261004t054437634397-accepted",
        "RestartCount": 0,
        "Driver": "overlayfs",
        "Platform": "linux",
        "MountLabel": "",
        "ProcessLabel": "",
        "AppArmorProfile": "",
        "ExecIDs": null,
        "HostConfig": {
            "Binds": null,
            "ContainerIDFile": "",
            "LogConfig": {
                "Type": "json-file",
                "Config": {}
            },
            "NetworkMode": "systems-engineer-s2-reconstruct-20261004t054437634397-net",
            "PortBindings": {
                "18172/tcp": [
                    {
                        "HostIp": "",
                        "HostPort": "18172"
                    }
                ]
            },
            "RestartPolicy": {
                "Name": "no",
                "MaximumRetryCount": 0
            },
            "AutoRemove": false,
            "VolumeDriver": "",
            "VolumesFrom": null,
            "ConsoleSize": [
                0,
                0
            ],
            "CapAdd": null,
            "CapDrop": null,
            "CgroupnsMode": "private",
            "Dns": null,
            "DnsOptions": [],
            "DnsSearch": [],
            "ExtraHosts": null,
            "GroupAdd": null,
            "IpcMode": "private",
            "Cgroup": "",
            "Links": null,
            "OomScoreAdj": 0,
            "PidMode": "",
            "Privileged": false,
            "PublishAllPorts": false,
            "ReadonlyRootfs": false,
            "SecurityOpt": null,
            "UTSMode": "",
            "UsernsMode": "",
            "ShmSize": 67108864,
            "Runtime": "runc",
            "Isolation": "",
            "CpuShares": 0,
            "Memory": 2147483648,
            "NanoCpus": 2000000000,
            "CgroupParent": "",
            "BlkioWeight": 0,
            "BlkioWeightDevice": [],
            "BlkioDeviceReadBps": [],
            "BlkioDeviceWriteBps": [],
            "BlkioDeviceReadIOps": [],
            "BlkioDeviceWriteIOps": [],
            "CpuPeriod": 0,
            "CpuQuota": 0,
            "CpuRealtimePeriod": 0,
            "CpuRealtimeRuntime": 0,
            "CpusetCpus": "",
            "CpusetMems": "",
            "Devices": [],
            "DeviceCgroupRules": null,
            "DeviceRequests": null,
            "MemoryReservation": 0,
            "MemorySwap": 4294967296,
            "MemorySwappiness": null,
            "OomKillDisable": null,
            "PidsLimit": null,
            "Ulimits": null,
            "CpuCount": 0,
            "CpuPercent": 0,
            "IOMaximumIOps": 0,
            "IOMaximumBandwidth": 0,
            "MaskedPaths": [
                "/proc/acpi",
                "/proc/asound",
                "/proc/interrupts",
                "/proc/kcore",
                "/proc/keys",
                "/proc/latency_stats",
                "/proc/sched_debug",
                "/proc/scsi",
                "/proc/timer_list",
                "/proc/timer_stats",
                "/sys/devices/virtual/powercap",
                "/sys/firmware"
            ],
            "ReadonlyPaths": [
                "/proc/bus",
                "/proc/fs",
                "/proc/irq",
                "/proc/sys",
                "/proc/sysrq-trigger"
            ]
        },
        "Storage": {
            "RootFS": {
                "Snapshot": {
                    "Name": "overlayfs"
                }
            }
        },
        "Mounts": [],
        "Config": {
            "Hostname": "89f7d92b690a",
            "Domainname": "",
            "User": "65532:65532",
            "AttachStdin": false,
            "AttachStdout": false,
            "AttachStderr": false,
            "ExposedPorts": {
                "18172/tcp": {},
                "8080/tcp": {}
            },
            "Tty": false,
            "OpenStdin": false,
            "StdinOnce": false,
            "Env": [
                "PORT=18172",
                "PATH=/usr/local/bin:/usr/local/sbin:/usr/local/bin:/usr/sbin:/usr/bin:/sbin:/bin",
                "LANG=C.UTF-8",
                "GPG_KEY=7169605F62C751356D054A26A821E680E5FA6305",
                "PYTHON_VERSION=3.12.15",
                "PYTHON_SHA256=c2c4321961fab0fb999d66e0cecf521c2ab3994c7992873ea99e306c1094fd5a",
                "PYTHONUNBUFFERED=1",
                "PYTHONDONTWRITEBYTECODE=1"
            ],
            "Cmd": [
                "python",
                "server.py"
            ],
            "Image": "systems-engineer-s2-reconstruct-20261004t054437634397:accepted",
            "Volumes": null,
            "WorkingDir": "/app",
            "Entrypoint": null,
            "Labels": {}
        },
        "NetworkSettings": {
            "SandboxID": "3d227756c4d0961d2346c94c310e285ff2288fbff9b14fde70a0e1ce3d55cef6",
            "SandboxKey": "/var/run/docker/netns/3d227756c4d0",
            "Ports": {
                "18172/tcp": []
            },
            "Networks": {
                "systems-engineer-s2-reconstruct-20261004t054437634397-net": {
                    "IPAMConfig": null,
                    "Links": null,
                    "Aliases": null,
                    "DriverOpts": null,
                    "GwPriority": 0,
                    "NetworkID": "30f01908e65ab280b41a1870402c4a5b1be03f9ea7ffb89d13d627afa3b79877",
                    "EndpointID": "7ae407dc4f3543176346e99164d6c06d6af3776c183de975ab27810c4492a3f5",
                    "Gateway": "",
                    "IPAddress": "172.19.0.4",
                    "MacAddress": "ba:28:32:9a:e7:8a",
                    "IPPrefixLen": 16,
                    "IPv6Gateway": "",
                    "GlobalIPv6Address": "",
                    "GlobalIPv6PrefixLen": 0,
                    "DNSNames": [
                        "systems-engineer-s2-reconstruct-20261004t054437634397-accepted",
                        "89f7d92b690a"
                    ]
                }
            }
        },
        "ImageManifestDescriptor": {
            "mediaType": "application/vnd.oci.image.manifest.v1+json",
            "digest": "sha256:5f1dd233fe2c8f91707e84d2ef9ebee7e4fc685f60e6dfd6ead63e16af1b44ee",
            "size": 1806,
            "platform": {
                "architecture": "arm64",
                "os": "linux"
            }
        }
    }
]
