#0 building with "desktop-linux" instance using docker driver

#1 [internal] load build definition from Decoder.Probe.Dockerfile
#1 transferring dockerfile: 279B done
#1 DONE 0.0s

#2 [internal] load metadata for docker.io/library/python:3.12-slim
#2 DONE 0.2s

#3 [internal] load .dockerignore
#3 transferring context: 2B done
#3 DONE 0.0s

#4 [internal] load build context
#4 transferring context: 42.06kB done
#4 DONE 0.0s

#5 [1/3] FROM docker.io/library/python:3.12-slim@sha256:dddfd7e07f9d15aeeca61529320492139d21cac7f0070c00609243e51e4e0016
#5 resolve docker.io/library/python:3.12-slim@sha256:dddfd7e07f9d15aeeca61529320492139d21cac7f0070c00609243e51e4e0016 done
#5 DONE 0.0s

#6 [2/3] WORKDIR /verifier
#6 CACHED

#7 [3/3] COPY decoder_probe.py decoder_oracle.py decoder_requirements.py semantic_oracle.py health.py /verifier/
#7 DONE 0.0s

#8 exporting to image
#8 exporting layers 0.0s done
#8 exporting manifest sha256:aad40dfb94f69ac4c788be9d68da78fcadc88ae99f890f2edd8dc8b67bb59f56 done
#8 exporting config sha256:4a522e5c7f6d96b2a91ffdda20f1091b27ef9995aad170bc753b86d9bd7dae5e done
#8 exporting attestation manifest sha256:34e226e7bd443033bb593b15c85911590871d05890584fb86d7acef0311d5881 done
#8 exporting manifest list sha256:fc1a4f675f65623c3dd16a0c744e2e5d07bd173af65e84874a8824680d2ec498 done
#8 naming to docker.io/library/independent-verifier-dec-1004051512260097:client done
#8 unpacking to docker.io/library/independent-verifier-dec-1004051512260097:client done
#8 DONE 0.1s
