{"candidate": "cbf5a43e0881c0be4b51b37f6657efffeb03a7e5", "passed": 60, "total": 60, "assertions": 1199, "seconds": 75.67, "direct_http_operations": 468, "browser_originated_requests": 767, "forwarded_fetch_operations": 56}
PASS transport-public
PASS authentication-keyboard
PASS single-book-lookup-cancel
PASS lookup-status-exact
PASS out-of-order-search
PASS single-conflict
PASS combined-conflict
PASS lost-single
PASS lost-combined
PASS genuine-stage1-upgrade
PASS combined-occupancy
PASS changed-retry-form
PASS empty-unavailable-lookup
PASS lookup-race-privacy-cutoff
PASS auth-inputs-loading
PASS concurrent-pair-transport
PASS party-safe-boundary
PASS party-above-safe-integer
PASS party-31-digits
PASS party-401-digits
PASS party-4301-digits
PASS huge-decimal-transport
PASS exact-numeric-keyboard-corrupt-response
PASS local-end-berlin-historic
PASS local-end-brussels-historic
PASS local-end-new-york-historic
PASS local-end-berlin-fall-back
PASS local-end-new-york-fall-back
PASS local-end-berlin-spring
PASS local-end-new-york-spring
PASS local-end-last-calendar-date
PASS local-end-legacy-berlin
PASS local-end-legacy-brussels
PASS local-end-legacy-new-york
PASS integral-wire-9007199254740993.0
PASS integral-wire-9007199254740993e0
PASS integral-wire-90071992547409930e-1
PASS integral-wire-9.007199254740993E+15
PASS integral-wire-0.9007199254740993e16
PASS opaque-unicode-identifiers
PASS upgrade-historic-stage1
PASS upgrade-old-stage2-single
PASS upgrade-old-stage2-pair
PASS stage3-policy-history-product
PASS stage3-manager-privacy
PASS stage3-independent-explanations
PASS stage3-series-keyboard
PASS stage3-series-committed-loss
PASS stage3-series-malformed-response
PASS stage3-series-real-refusal
PASS stage3-series-changed-identity
PASS stage3-pair-transition-history
PASS stage3-series-read-race
PASS stage3-series-restaurant-labels
PASS stage3-series-dst-berlin
PASS stage3-series-dst-new-york
PASS stage3-accepted-stage1-upgrade-adoption
PASS stage3-historic-stage1-upgrade-adoption
PASS stage3-accepted-stage2-upgrade-adoption
PASS stage3-accepted-stage2-pair-upgrade-adoption
