#0 building with "desktop-linux" instance using docker driver

#1 [internal] load build definition from Dockerfile
#1 transferring dockerfile: 120B done
#1 DONE 0.0s

#2 [internal] load metadata for docker.io/library/systems-engineer-s4-20261004t082816084288:current
#2 DONE 0.0s

#3 [internal] load .dockerignore
#3 transferring context: 2B done
#3 DONE 0.0s

#4 [internal] load build context
#4 transferring context: 160.31kB done
#4 DONE 0.0s

#5 [1/3] FROM docker.io/library/systems-engineer-s4-20261004t082816084288:current@sha256:27ba1636904ddcfaf96c1e5a914f76a51683c56b02c69acc5eb3712fde21536d
#5 resolve docker.io/library/systems-engineer-s4-20261004t082816084288:current@sha256:27ba1636904ddcfaf96c1e5a914f76a51683c56b02c69acc5eb3712fde21536d 0.0s done
#5 DONE 0.0s

#6 [2/3] WORKDIR /probe
#6 DONE 0.0s

#7 [3/3] COPY *.py ./
#7 DONE 0.0s

#8 exporting to image
#8 exporting layers 0.0s done
#8 exporting manifest sha256:2371dc6cc748c66d7f9c1ac83d79f2eb6c3ba596d76d7d195a6d308b04d1c0de done
#8 exporting config sha256:d99e8754764bdb96247b637d1438590af97dc24ec0a7fae91305f96fe56e5f5a 0.0s done
#8 exporting attestation manifest sha256:3c32f66c718a08db4319e5a334368d6afccbc0dd33d53c09aaea4ab15383377e done
#8 exporting manifest list sha256:55dc73ce94e4a960b31b9b825705f7acdd6f440238b0d1746725cc2b66f7a5f2 done
#8 naming to docker.io/library/systems-engineer-s4-20261004t082816084288:client done
#8 unpacking to docker.io/library/systems-engineer-s4-20261004t082816084288:client 0.0s done
#8 DONE 0.1s
