[
    {
        "Name": "systems-engineer-s4-20261004t082816084288-net",
        "Id": "acbb5d87a6a15c174470fa11629bb454fde5a4f15f7bac61d07cf00be87885dc",
        "Created": "2026-10-04T08:28:24.703613668Z",
        "Scope": "local",
        "Driver": "bridge",
        "EnableIPv4": true,
        "EnableIPv6": false,
        "IPAM": {
            "Driver": "default",
            "Options": {},
            "Config": [
                {
                    "Subnet": "172.18.0.0/16",
                    "Gateway": "172.18.0.1"
                }
            ]
        },
        "Internal": true,
        "Attachable": false,
        "Ingress": false,
        "ConfigFrom": {
            "Network": ""
        },
        "ConfigOnly": false,
        "Options": {
            "com.docker.network.enable_ipv4": "true",
            "com.docker.network.enable_ipv6": "false"
        },
        "Labels": {},
        "Containers": {},
        "Status": {
            "IPAM": {
                "Subnets": {
                    "172.18.0.0/16": {
                        "IPsInUse": 3,
                        "DynamicIPsAvailable": 65533
                    }
                }
            }
        }
    }
]
