[
    {
        "Id": "667b99513fa9b8c4aeac90935abc37e92b371ffc01d2e3cabe11bbcce4881468",
        "Created": "2026-10-04T08:29:11.649163885Z",
        "Path": "python",
        "Args": [
            "server.py"
        ],
        "State": {
            "Status": "running",
            "Running": true,
            "Paused": false,
            "Restarting": false,
            "OOMKilled": false,
            "Dead": false,
            "Pid": 1122,
            "ExitCode": 0,
            "Error": "",
            "StartedAt": "2026-10-04T08:29:11.678959385Z",
            "FinishedAt": "0001-01-01T00:00:00Z"
        },
        "Image": "sha256:119203ec3865ccc4821a72cc34c03b34acdefc7372574435bdbc0c8ff7ee2258",
        "ResolvConfPath": "/var/lib/docker/containers/667b99513fa9b8c4aeac90935abc37e92b371ffc01d2e3cabe11bbcce4881468/resolv.conf",
        "HostnamePath": "/var/lib/docker/containers/667b99513fa9b8c4aeac90935abc37e92b371ffc01d2e3cabe11bbcce4881468/hostname",
        "HostsPath": "/var/lib/docker/containers/667b99513fa9b8c4aeac90935abc37e92b371ffc01d2e3cabe11bbcce4881468/hosts",
        "LogPath": "/var/lib/docker/containers/667b99513fa9b8c4aeac90935abc37e92b371ffc01d2e3cabe11bbcce4881468/667b99513fa9b8c4aeac90935abc37e92b371ffc01d2e3cabe11bbcce4881468-json.log",
        "Name": "/systems-engineer-s4-20261004t082816084288-legacy",
        "RestartCount": 0,
        "Driver": "overlayfs",
        "Platform": "linux",
        "MountLabel": "",
        "ProcessLabel": "",
        "AppArmorProfile": "",
        "ExecIDs": null,
        "HostConfig": {
            "Binds": null,
            "ContainerIDFile": "",
            "LogConfig": {
                "Type": "json-file",
                "Config": {}
            },
            "NetworkMode": "systems-engineer-s4-20261004t082816084288-net",
            "PortBindings": {
                "18183/tcp": [
                    {
                        "HostIp": "",
                        "HostPort": "18183"
                    }
                ]
            },
            "RestartPolicy": {
                "Name": "no",
                "MaximumRetryCount": 0
            },
            "AutoRemove": false,
            "VolumeDriver": "",
            "VolumesFrom": null,
            "ConsoleSize": [
                0,
                0
            ],
            "CapAdd": null,
            "CapDrop": null,
            "CgroupnsMode": "private",
            "Dns": null,
            "DnsOptions": [],
            "DnsSearch": [],
            "ExtraHosts": null,
            "GroupAdd": null,
            "IpcMode": "private",
            "Cgroup": "",
            "Links": null,
            "OomScoreAdj": 0,
            "PidMode": "",
            "Privileged": false,
            "PublishAllPorts": false,
            "ReadonlyRootfs": false,
            "SecurityOpt": null,
            "UTSMode": "",
            "UsernsMode": "",
            "ShmSize": 67108864,
            "Runtime": "runc",
            "Isolation": "",
            "CpuShares": 0,
            "Memory": 2147483648,
            "NanoCpus": 2000000000,
            "CgroupParent": "",
            "BlkioWeight": 0,
            "BlkioWeightDevice": [],
            "BlkioDeviceReadBps": [],
            "BlkioDeviceWriteBps": [],
            "BlkioDeviceReadIOps": [],
            "BlkioDeviceWriteIOps": [],
            "CpuPeriod": 0,
            "CpuQuota": 0,
            "CpuRealtimePeriod": 0,
            "CpuRealtimeRuntime": 0,
            "CpusetCpus": "",
            "CpusetMems": "",
            "Devices": [],
            "DeviceCgroupRules": null,
            "DeviceRequests": null,
            "MemoryReservation": 0,
            "MemorySwap": 4294967296,
            "MemorySwappiness": null,
            "OomKillDisable": null,
            "PidsLimit": null,
            "Ulimits": null,
            "CpuCount": 0,
            "CpuPercent": 0,
            "IOMaximumIOps": 0,
            "IOMaximumBandwidth": 0,
            "MaskedPaths": [
                "/proc/acpi",
                "/proc/asound",
                "/proc/interrupts",
                "/proc/kcore",
                "/proc/keys",
                "/proc/latency_stats",
                "/proc/sched_debug",
                "/proc/scsi",
                "/proc/timer_list",
                "/proc/timer_stats",
                "/sys/devices/virtual/powercap",
                "/sys/firmware"
            ],
            "ReadonlyPaths": [
                "/proc/bus",
                "/proc/fs",
                "/proc/irq",
                "/proc/sys",
                "/proc/sysrq-trigger"
            ]
        },
        "Storage": {
            "RootFS": {
                "Snapshot": {
                    "Name": "overlayfs"
                }
            }
        },
        "Mounts": [],
        "Config": {
            "Hostname": "667b99513fa9",
            "Domainname": "",
            "User": "65532:65532",
            "AttachStdin": false,
            "AttachStdout": false,
            "AttachStderr": false,
            "ExposedPorts": {
                "18183/tcp": {},
                "8080/tcp": {}
            },
            "Tty": false,
            "OpenStdin": false,
            "StdinOnce": false,
            "Env": [
                "PORT=18183",
                "PATH=/usr/local/bin:/usr/local/sbin:/usr/local/bin:/usr/sbin:/usr/bin:/sbin:/bin",
                "LANG=C.UTF-8",
                "GPG_KEY=7169605F62C751356D054A26A821E680E5FA6305",
                "PYTHON_VERSION=3.12.15",
                "PYTHON_SHA256=c2c4321961fab0fb999d66e0cecf521c2ab3994c7992873ea99e306c1094fd5a",
                "PYTHONUNBUFFERED=1",
                "PYTHONDONTWRITEBYTECODE=1"
            ],
            "Cmd": [
                "python",
                "server.py"
            ],
            "Image": "systems-engineer-s4-20261004t082816084288:legacy",
            "Volumes": null,
            "WorkingDir": "/app",
            "Entrypoint": null,
            "Labels": {}
        },
        "NetworkSettings": {
            "SandboxID": "43c1eb9b4702b54162f652f52451296b4f7719509d6966b493463f58388eb229",
            "SandboxKey": "/var/run/docker/netns/43c1eb9b4702",
            "Ports": {
                "18183/tcp": []
            },
            "Networks": {
                "systems-engineer-s4-20261004t082816084288-net": {
                    "IPAMConfig": null,
                    "Links": null,
                    "Aliases": null,
                    "DriverOpts": null,
                    "GwPriority": 0,
                    "NetworkID": "acbb5d87a6a15c174470fa11629bb454fde5a4f15f7bac61d07cf00be87885dc",
                    "EndpointID": "064941ca4ab113c2d5701de846540cccc3f518e88cd0b1ebdc9b7d08255d85d6",
                    "Gateway": "",
                    "IPAddress": "172.18.0.5",
                    "MacAddress": "32:f4:55:87:83:3e",
                    "IPPrefixLen": 16,
                    "IPv6Gateway": "",
                    "GlobalIPv6Address": "",
                    "GlobalIPv6PrefixLen": 0,
                    "DNSNames": [
                        "systems-engineer-s4-20261004t082816084288-legacy",
                        "667b99513fa9"
                    ]
                }
            }
        },
        "ImageManifestDescriptor": {
            "mediaType": "application/vnd.oci.image.manifest.v1+json",
            "digest": "sha256:77fb20b7d0c02ff8eab0351f49d775666c9f9b2341530fe60ff084be88341f8e",
            "size": 1806,
            "platform": {
                "architecture": "arm64",
                "os": "linux"
            }
        }
    }
]
