#0 building with "desktop-linux" instance using docker driver

#1 [internal] load build definition from Dockerfile
#1 transferring dockerfile: 571B done
#1 DONE 0.0s

#2 [internal] load metadata for docker.io/library/python:3.12-slim-bookworm
#2 ...

#3 [auth] library/python:pull token for registry-1.docker.io
#3 DONE 0.0s

#2 [internal] load metadata for docker.io/library/python:3.12-slim-bookworm
#2 DONE 1.0s

#4 [internal] load .dockerignore
#4 transferring context: 103B done
#4 DONE 0.0s

#5 [1/6] FROM docker.io/library/python:3.12-slim-bookworm@sha256:54c85f3c47607a77f32adec749d3c81d1348bf25833671f512b26a9b6d778cb3
#5 resolve docker.io/library/python:3.12-slim-bookworm@sha256:54c85f3c47607a77f32adec749d3c81d1348bf25833671f512b26a9b6d778cb3 done
#5 DONE 0.0s

#6 [internal] load build context
#6 transferring context: 182.79kB done
#6 DONE 0.0s

#7 [2/6] RUN apt-get update     && DEBIAN_FRONTEND=noninteractive apt-get install -y --no-install-recommends tzdata     && rm -rf /var/lib/apt/lists/*
#7 CACHED

#8 [3/6] WORKDIR /app
#8 CACHED

#9 [4/6] COPY server.py core.py json_codec.py ./
#9 DONE 0.0s

#10 [5/6] COPY web ./web
#10 DONE 0.0s

#11 [6/6] RUN python -c "import ast,pathlib; [ast.parse(p.read_text()) for p in pathlib.Path('.').glob('*.py')]"
#11 DONE 0.1s

#12 exporting to image
#12 exporting layers 0.0s done
#12 exporting manifest sha256:dc077949072a582e4cc9e8d1ea78c3d556759b87684f244c805e5cf40a37d093 done
#12 exporting config sha256:e585857f5640af6f468b4dd861e0e5e85f6875d3bc7619ed9aec3f1f7a648838 done
#12 exporting attestation manifest sha256:f0184641dfe5e9b750bb13a331150128a32c0b5a808eda99585a77d00ffb3273 done
#12 exporting manifest list sha256:27ba1636904ddcfaf96c1e5a914f76a51683c56b02c69acc5eb3712fde21536d done
#12 naming to docker.io/library/systems-engineer-s4-20261004t082816084288:current done
#12 unpacking to docker.io/library/systems-engineer-s4-20261004t082816084288:current 0.0s done
#12 DONE 0.1s
