[
    {
        "Id": "1015de75bd2c745eaf43a0fb5631bc4386e32e5930f288a2c6cd0eaa9043ccf4",
        "Created": "2026-10-04T08:29:52.331602251Z",
        "Path": "python",
        "Args": [
            "server.py"
        ],
        "State": {
            "Status": "running",
            "Running": true,
            "Paused": false,
            "Restarting": false,
            "OOMKilled": false,
            "Dead": false,
            "Pid": 1471,
            "ExitCode": 0,
            "Error": "",
            "StartedAt": "2026-10-04T08:29:52.357512334Z",
            "FinishedAt": "0001-01-01T00:00:00Z"
        },
        "Image": "sha256:5c40259e99d5f92d34954e0aa6decef2ec3cd4ccc1a3f6c5ab57aa26ad3a0630",
        "ResolvConfPath": "/var/lib/docker/containers/1015de75bd2c745eaf43a0fb5631bc4386e32e5930f288a2c6cd0eaa9043ccf4/resolv.conf",
        "HostnamePath": "/var/lib/docker/containers/1015de75bd2c745eaf43a0fb5631bc4386e32e5930f288a2c6cd0eaa9043ccf4/hostname",
        "HostsPath": "/var/lib/docker/containers/1015de75bd2c745eaf43a0fb5631bc4386e32e5930f288a2c6cd0eaa9043ccf4/hosts",
        "LogPath": "/var/lib/docker/containers/1015de75bd2c745eaf43a0fb5631bc4386e32e5930f288a2c6cd0eaa9043ccf4/1015de75bd2c745eaf43a0fb5631bc4386e32e5930f288a2c6cd0eaa9043ccf4-json.log",
        "Name": "/systems-engineer-s4-20261004t082816084288-accepted3",
        "RestartCount": 0,
        "Driver": "overlayfs",
        "Platform": "linux",
        "MountLabel": "",
        "ProcessLabel": "",
        "AppArmorProfile": "",
        "ExecIDs": null,
        "HostConfig": {
            "Binds": null,
            "ContainerIDFile": "",
            "LogConfig": {
                "Type": "json-file",
                "Config": {}
            },
            "NetworkMode": "systems-engineer-s4-20261004t082816084288-net",
            "PortBindings": {
                "18186/tcp": [
                    {
                        "HostIp": "",
                        "HostPort": "18186"
                    }
                ]
            },
            "RestartPolicy": {
                "Name": "no",
                "MaximumRetryCount": 0
            },
            "AutoRemove": false,
            "VolumeDriver": "",
            "VolumesFrom": null,
            "ConsoleSize": [
                0,
                0
            ],
            "CapAdd": null,
            "CapDrop": null,
            "CgroupnsMode": "private",
            "Dns": null,
            "DnsOptions": [],
            "DnsSearch": [],
            "ExtraHosts": null,
            "GroupAdd": null,
            "IpcMode": "private",
            "Cgroup": "",
            "Links": null,
            "OomScoreAdj": 0,
            "PidMode": "",
            "Privileged": false,
            "PublishAllPorts": false,
            "ReadonlyRootfs": false,
            "SecurityOpt": null,
            "UTSMode": "",
            "UsernsMode": "",
            "ShmSize": 67108864,
            "Runtime": "runc",
            "Isolation": "",
            "CpuShares": 0,
            "Memory": 2147483648,
            "NanoCpus": 2000000000,
            "CgroupParent": "",
            "BlkioWeight": 0,
            "BlkioWeightDevice": [],
            "BlkioDeviceReadBps": [],
            "BlkioDeviceWriteBps": [],
            "BlkioDeviceReadIOps": [],
            "BlkioDeviceWriteIOps": [],
            "CpuPeriod": 0,
            "CpuQuota": 0,
            "CpuRealtimePeriod": 0,
            "CpuRealtimeRuntime": 0,
            "CpusetCpus": "",
            "CpusetMems": "",
            "Devices": [],
            "DeviceCgroupRules": null,
            "DeviceRequests": null,
            "MemoryReservation": 0,
            "MemorySwap": 4294967296,
            "MemorySwappiness": null,
            "OomKillDisable": null,
            "PidsLimit": null,
            "Ulimits": null,
            "CpuCount": 0,
            "CpuPercent": 0,
            "IOMaximumIOps": 0,
            "IOMaximumBandwidth": 0,
            "MaskedPaths": [
                "/proc/acpi",
                "/proc/asound",
                "/proc/interrupts",
                "/proc/kcore",
                "/proc/keys",
                "/proc/latency_stats",
                "/proc/sched_debug",
                "/proc/scsi",
                "/proc/timer_list",
                "/proc/timer_stats",
                "/sys/devices/virtual/powercap",
                "/sys/firmware"
            ],
            "ReadonlyPaths": [
                "/proc/bus",
                "/proc/fs",
                "/proc/irq",
                "/proc/sys",
                "/proc/sysrq-trigger"
            ]
        },
        "Storage": {
            "RootFS": {
                "Snapshot": {
                    "Name": "overlayfs"
                }
            }
        },
        "Mounts": [],
        "Config": {
            "Hostname": "1015de75bd2c",
            "Domainname": "",
            "User": "65532:65532",
            "AttachStdin": false,
            "AttachStdout": false,
            "AttachStderr": false,
            "ExposedPorts": {
                "18186/tcp": {},
                "8080/tcp": {}
            },
            "Tty": false,
            "OpenStdin": false,
            "StdinOnce": false,
            "Env": [
                "PORT=18186",
                "PATH=/usr/local/bin:/usr/local/sbin:/usr/local/bin:/usr/sbin:/usr/bin:/sbin:/bin",
                "LANG=C.UTF-8",
                "GPG_KEY=7169605F62C751356D054A26A821E680E5FA6305",
                "PYTHON_VERSION=3.12.15",
                "PYTHON_SHA256=c2c4321961fab0fb999d66e0cecf521c2ab3994c7992873ea99e306c1094fd5a",
                "PYTHONUNBUFFERED=1",
                "PYTHONDONTWRITEBYTECODE=1"
            ],
            "Cmd": [
                "python",
                "server.py"
            ],
            "Image": "systems-engineer-s4-20261004t082816084288:accepted3",
            "Volumes": null,
            "WorkingDir": "/app",
            "Entrypoint": null,
            "Labels": {}
        },
        "NetworkSettings": {
            "SandboxID": "b8222af8d48dbdb0e67f4f61be936a2471402925f2f1924c32047b9a61689a9a",
            "SandboxKey": "/var/run/docker/netns/b8222af8d48d",
            "Ports": {
                "18186/tcp": []
            },
            "Networks": {
                "systems-engineer-s4-20261004t082816084288-net": {
                    "IPAMConfig": null,
                    "Links": null,
                    "Aliases": null,
                    "DriverOpts": null,
                    "GwPriority": 0,
                    "NetworkID": "acbb5d87a6a15c174470fa11629bb454fde5a4f15f7bac61d07cf00be87885dc",
                    "EndpointID": "d3587eca7b5ad9c8e166bae740f47887085f92553da660e7d510f6f5a7aca361",
                    "Gateway": "",
                    "IPAddress": "172.18.0.8",
                    "MacAddress": "e6:cc:27:dc:85:15",
                    "IPPrefixLen": 16,
                    "IPv6Gateway": "",
                    "GlobalIPv6Address": "",
                    "GlobalIPv6PrefixLen": 0,
                    "DNSNames": [
                        "systems-engineer-s4-20261004t082816084288-accepted3",
                        "1015de75bd2c"
                    ]
                }
            }
        },
        "ImageManifestDescriptor": {
            "mediaType": "application/vnd.oci.image.manifest.v1+json",
            "digest": "sha256:5140a406dbccb38a3a597b73329443da5a20bc71191df5129cd6c1bbf548faa2",
            "size": 1996,
            "platform": {
                "architecture": "arm64",
                "os": "linux"
            }
        }
    }
]
