test_01_policy_permission_publication_selection_and_receipts (__main__.StageFour.test_01_policy_permission_publication_selection_and_receipts) ... ok
test_02_policy_bounds_types_complete_shape_atomicity (__main__.StageFour.test_02_policy_bounds_types_complete_shape_atomicity) ... ok
test_03_explanations_independent_truth_order_absence (__main__.StageFour.test_03_explanations_independent_truth_order_absence) ... ok
test_04_history_revision_terms_noops_and_privacy (__main__.StageFour.test_04_history_revision_terms_noops_and_privacy) ... ok
test_05_accepted_cutoff_new_policy_and_optional_revision (__main__.StageFour.test_05_accepted_cutoff_new_policy_and_optional_revision) ... ok
test_06_optimistic_two_and_fifty_identical_writes (__main__.StageFour.test_06_optimistic_two_and_fifty_identical_writes) ... ok
test_07_series_anchor_policy_occurrences_exceptions_receipt (__main__.StageFour.test_07_series_anchor_policy_occurrences_exceptions_receipt) ... ok
test_08_series_invalid_atomic_order_and_failed_key_reuse (__main__.StageFour.test_08_series_invalid_atomic_order_and_failed_key_reuse) ... ok
test_09_series_dst_gap_and_first_repeated_occurrence (__main__.StageFour.test_09_series_dst_gap_and_first_repeated_occurrence) ... ok
test_10_collective_moves_series_counters_histories_and_rollback (__main__.StageFour.test_10_collective_moves_series_counters_histories_and_rollback) ... ok
test_11_current_state_replace_histories_terms_series_receipts (__main__.StageFour.test_11_current_state_replace_histories_terms_series_receipts) ... ok
test_12_genuine_earlier_stage_origins_adoption_and_receipts (__main__.StageFour.test_12_genuine_earlier_stage_origins_adoption_and_receipts) ... ok
test_13_seed_history_and_private_ownership (__main__.StageFour.test_13_seed_history_and_private_ownership) ... ok
test_14_deterministic_history_oracle (__main__.StageFour.test_14_deterministic_history_oracle) ... ok
test_15_preview_objective_readonly_then_atomic_apply (__main__.StageFour.test_15_preview_objective_readonly_then_atomic_apply) ... ok
test_16_capacity_accepted_policy_and_pair_order_identity (__main__.StageFour.test_16_capacity_accepted_policy_and_pair_order_identity) ... ok
test_17_closures_exact_fractional_boundaries_and_explanations (__main__.StageFour.test_17_closures_exact_fractional_boundaries_and_explanations) ... ok
test_18_auth_scope_stale_apply_precedence_and_failed_keys (__main__.StageFour.test_18_auth_scope_stale_apply_precedence_and_failed_keys) ... ok
test_19_full_bound_fixed_prior_closure_exhaustive_seed (__main__.StageFour.test_19_full_bound_fixed_prior_closure_exhaustive_seed) ... ok
test_20_infeasible_limits_and_rollback (__main__.StageFour.test_20_infeasible_limits_and_rollback) ... ok
test_21_series_amend_eligible_original_dates_no_exceptions (__main__.StageFour.test_21_series_amend_eligible_original_dates_no_exceptions) ... ok
test_22_series_stale_validation_occupancy_rollback_and_failed_reuse (__main__.StageFour.test_22_series_stale_validation_occupancy_rollback_and_failed_reuse) ... ok
test_23_series_repaired_members_current_seating_preserved (__main__.StageFour.test_23_series_repaired_members_current_seating_preserved) ... ok
test_24_series_nonoccupancy_first_index_policy_and_noop_terms (__main__.StageFour.test_24_series_nonoccupancy_first_index_policy_and_noop_terms) ... ok
test_25_simultaneous_apply_expected_series_revision_and_reads (__main__.StageFour.test_25_simultaneous_apply_expected_series_revision_and_reads) ... ok
test_26_genuine_three_stage_origins_receipts_and_mixed_state (__main__.StageFour.test_26_genuine_three_stage_origins_receipts_and_mixed_state) ... ok
test_27_empty_eligible_and_zero_moves_counters (__main__.StageFour.test_27_empty_eligible_and_zero_moves_counters) ... ok

----------------------------------------------------------------------
Ran 27 tests in 56.075s

OK
{"scenarios": 27, "failed": 0, "errors": 0, "skipped": 0, "assertions": 2429, "operations": 1638, "wall_seconds": 56.075376359, "method": "HTTP", "oracle_seed": 202610044}
