[
    {
        "Id": "d8c2320c5898ad42a7bc2d677eb8be7a153be84689c67aa47066b98767f0152a",
        "Created": "2026-10-04T01:07:37.42713971Z",
        "Path": "python",
        "Args": [
            "server.py"
        ],
        "State": {
            "Status": "running",
            "Running": true,
            "Paused": false,
            "Restarting": false,
            "OOMKilled": false,
            "Dead": false,
            "Pid": 2838,
            "ExitCode": 0,
            "Error": "",
            "StartedAt": "2026-10-04T01:07:37.455329544Z",
            "FinishedAt": "0001-01-01T00:00:00Z"
        },
        "Image": "sha256:8f6a0fc4d2ad3f44be4eddc2137156839a9ec03050593ac9314c0afb836c65e4",
        "ResolvConfPath": "/var/lib/docker/containers/d8c2320c5898ad42a7bc2d677eb8be7a153be84689c67aa47066b98767f0152a/resolv.conf",
        "HostnamePath": "/var/lib/docker/containers/d8c2320c5898ad42a7bc2d677eb8be7a153be84689c67aa47066b98767f0152a/hostname",
        "HostsPath": "/var/lib/docker/containers/d8c2320c5898ad42a7bc2d677eb8be7a153be84689c67aa47066b98767f0152a/hosts",
        "LogPath": "/var/lib/docker/containers/d8c2320c5898ad42a7bc2d677eb8be7a153be84689c67aa47066b98767f0152a/d8c2320c5898ad42a7bc2d677eb8be7a153be84689c67aa47066b98767f0152a-json.log",
        "Name": "/independent-verifier-s1-b4a124e3671e-20261004t010732-peer",
        "RestartCount": 0,
        "Driver": "overlayfs",
        "Platform": "linux",
        "MountLabel": "",
        "ProcessLabel": "",
        "AppArmorProfile": "",
        "ExecIDs": null,
        "HostConfig": {
            "Binds": null,
            "ContainerIDFile": "",
            "LogConfig": {
                "Type": "json-file",
                "Config": {}
            },
            "NetworkMode": "independent-verifier-s1-b4a124e3671e-20261004t010732-net",
            "PortBindings": {
                "8080/tcp": [
                    {
                        "HostIp": "127.0.0.1",
                        "HostPort": "18301"
                    }
                ]
            },
            "RestartPolicy": {
                "Name": "no",
                "MaximumRetryCount": 0
            },
            "AutoRemove": false,
            "VolumeDriver": "",
            "VolumesFrom": null,
            "ConsoleSize": [
                0,
                0
            ],
            "CapAdd": null,
            "CapDrop": null,
            "CgroupnsMode": "private",
            "Dns": null,
            "DnsOptions": [],
            "DnsSearch": [],
            "ExtraHosts": null,
            "GroupAdd": null,
            "IpcMode": "private",
            "Cgroup": "",
            "Links": null,
            "OomScoreAdj": 0,
            "PidMode": "",
            "Privileged": false,
            "PublishAllPorts": false,
            "ReadonlyRootfs": false,
            "SecurityOpt": null,
            "UTSMode": "",
            "UsernsMode": "",
            "ShmSize": 67108864,
            "Runtime": "runc",
            "Isolation": "",
            "CpuShares": 0,
            "Memory": 2147483648,
            "NanoCpus": 2000000000,
            "CgroupParent": "",
            "BlkioWeight": 0,
            "BlkioWeightDevice": [],
            "BlkioDeviceReadBps": [],
            "BlkioDeviceWriteBps": [],
            "BlkioDeviceReadIOps": [],
            "BlkioDeviceWriteIOps": [],
            "CpuPeriod": 0,
            "CpuQuota": 0,
            "CpuRealtimePeriod": 0,
            "CpuRealtimeRuntime": 0,
            "CpusetCpus": "",
            "CpusetMems": "",
            "Devices": [],
            "DeviceCgroupRules": null,
            "DeviceRequests": null,
            "MemoryReservation": 0,
            "MemorySwap": 4294967296,
            "MemorySwappiness": null,
            "OomKillDisable": null,
            "PidsLimit": null,
            "Ulimits": null,
            "CpuCount": 0,
            "CpuPercent": 0,
            "IOMaximumIOps": 0,
            "IOMaximumBandwidth": 0,
            "MaskedPaths": [
                "/proc/acpi",
                "/proc/asound",
                "/proc/interrupts",
                "/proc/kcore",
                "/proc/keys",
                "/proc/latency_stats",
                "/proc/sched_debug",
                "/proc/scsi",
                "/proc/timer_list",
                "/proc/timer_stats",
                "/sys/devices/virtual/powercap",
                "/sys/firmware"
            ],
            "ReadonlyPaths": [
                "/proc/bus",
                "/proc/fs",
                "/proc/irq",
                "/proc/sys",
                "/proc/sysrq-trigger"
            ]
        },
        "Storage": {
            "RootFS": {
                "Snapshot": {
                    "Name": "overlayfs"
                }
            }
        },
        "Mounts": [],
        "Config": {
            "Hostname": "d8c2320c5898",
            "Domainname": "",
            "User": "65532:65532",
            "AttachStdin": false,
            "AttachStdout": false,
            "AttachStderr": false,
            "ExposedPorts": {
                "8080/tcp": {}
            },
            "Tty": false,
            "OpenStdin": false,
            "StdinOnce": false,
            "Env": [
                "PATH=/usr/local/bin:/usr/local/sbin:/usr/local/bin:/usr/sbin:/usr/bin:/sbin:/bin",
                "LANG=C.UTF-8",
                "GPG_KEY=7169605F62C751356D054A26A821E680E5FA6305",
                "PYTHON_VERSION=3.12.15",
                "PYTHON_SHA256=c2c4321961fab0fb999d66e0cecf521c2ab3994c7992873ea99e306c1094fd5a",
                "PYTHONUNBUFFERED=1",
                "PYTHONDONTWRITEBYTECODE=1"
            ],
            "Cmd": [
                "python",
                "server.py"
            ],
            "Image": "independent-verifier-s1-b4a124e3671e-20261004t010732:candidate",
            "Volumes": null,
            "WorkingDir": "/app",
            "Entrypoint": null,
            "Labels": {}
        },
        "NetworkSettings": {
            "SandboxID": "bfa71cd9bf1885653d950a7a135d0a46dcf130bc43983fef457b46870cb25825",
            "SandboxKey": "/var/run/docker/netns/bfa71cd9bf18",
            "Ports": {
                "8080/tcp": []
            },
            "Networks": {
                "independent-verifier-s1-b4a124e3671e-20261004t010732-net": {
                    "IPAMConfig": null,
                    "Links": null,
                    "Aliases": null,
                    "DriverOpts": null,
                    "GwPriority": 0,
                    "NetworkID": "5b7d0bedeaa648c3eab17f8f3b72aad99db1bfaa41eacad9a01ab0428cc2791d",
                    "EndpointID": "540bd5b4bf34a7a5ca979aaa63ee0c64d7ae3cf74688f4724ccbe7bac9f2ef5e",
                    "Gateway": "",
                    "IPAddress": "172.18.0.3",
                    "MacAddress": "56:37:ef:08:e4:5c",
                    "IPPrefixLen": 16,
                    "IPv6Gateway": "",
                    "GlobalIPv6Address": "",
                    "GlobalIPv6PrefixLen": 0,
                    "DNSNames": [
                        "independent-verifier-s1-b4a124e3671e-20261004t010732-peer",
                        "d8c2320c5898"
                    ]
                }
            }
        },
        "ImageManifestDescriptor": {
            "mediaType": "application/vnd.oci.image.manifest.v1+json",
            "digest": "sha256:0e373d93996ca6cf7599e6478db1d50efdb2e60ce4d4764b6a1e9dc24059a12c",
            "size": 1806,
            "platform": {
                "architecture": "arm64",
                "os": "linux"
            }
        }
    }
]
