evidence/systems-engineer/ledger.jsonl
evidence/systems-engineer/stage-4-repair1-design.md
evidence/systems-engineer/stage-4-repair1-evidence-audit.json
evidence/systems-engineer/stage-4-repair1-evidence-audit.py
evidence/systems-engineer/stage-4-repair1-final-source-proof.json
evidence/systems-engineer/stage-4-repair1-handoff.md
evidence/systems-engineer/stage-4-repair1-intake.json
evidence/systems-engineer/systems-engineer-s4-repair1-reproduction-01/command-00.stderr
evidence/systems-engineer/systems-engineer-s4-repair1-reproduction-01/command-00.stdout
evidence/systems-engineer/systems-engineer-s4-repair1-reproduction-01/command-01.stderr
evidence/systems-engineer/systems-engineer-s4-repair1-reproduction-01/command-01.stdout
evidence/systems-engineer/systems-engineer-s4-repair1-reproduction-01/command-02.stderr
evidence/systems-engineer/systems-engineer-s4-repair1-reproduction-01/command-02.stdout
evidence/systems-engineer/systems-engineer-s4-repair1-reproduction-01/command-03.stderr
evidence/systems-engineer/systems-engineer-s4-repair1-reproduction-01/command-03.stdout
evidence/systems-engineer/systems-engineer-s4-repair1-reproduction-01/command-04.stderr
evidence/systems-engineer/systems-engineer-s4-repair1-reproduction-01/command-04.stdout
evidence/systems-engineer/systems-engineer-s4-repair1-reproduction-01/command-05.stderr
evidence/systems-engineer/systems-engineer-s4-repair1-reproduction-01/command-05.stdout
evidence/systems-engineer/systems-engineer-s4-repair1-reproduction-01/command-06.stderr
evidence/systems-engineer/systems-engineer-s4-repair1-reproduction-01/command-06.stdout
evidence/systems-engineer/systems-engineer-s4-repair1-reproduction-01/executed-driver.py
evidence/systems-engineer/systems-engineer-s4-repair1-reproduction-01/executed-probe.py
evidence/systems-engineer/systems-engineer-s4-repair1-reproduction-01/runtime.json
evidence/systems-engineer/systems-engineer-s4-repair1-reproduction-01/trace.json
evidence/systems-engineer/systems-engineer-s4-repair1-service-01/closure.log
evidence/systems-engineer/systems-engineer-s4-repair1-service-01/closure/executed-source.py
evidence/systems-engineer/systems-engineer-s4-repair1-service-01/closure/trace.json
evidence/systems-engineer/systems-engineer-s4-repair1-service-01/command-000.log
evidence/systems-engineer/systems-engineer-s4-repair1-service-01/command-001.log
evidence/systems-engineer/systems-engineer-s4-repair1-service-01/command-002.log
evidence/systems-engineer/systems-engineer-s4-repair1-service-01/command-003.log
evidence/systems-engineer/systems-engineer-s4-repair1-service-01/command-004.log
evidence/systems-engineer/systems-engineer-s4-repair1-service-01/command-005.log
evidence/systems-engineer/systems-engineer-s4-repair1-service-01/command-006.log
evidence/systems-engineer/systems-engineer-s4-repair1-service-01/command-007.log
evidence/systems-engineer/systems-engineer-s4-repair1-service-01/command-008.log
evidence/systems-engineer/systems-engineer-s4-repair1-service-01/command-009.log
evidence/systems-engineer/systems-engineer-s4-repair1-service-01/command-010.log
evidence/systems-engineer/systems-engineer-s4-repair1-service-01/command-011.log
evidence/systems-engineer/systems-engineer-s4-repair1-service-01/command-012.log
evidence/systems-engineer/systems-engineer-s4-repair1-service-01/command-013.log
evidence/systems-engineer/systems-engineer-s4-repair1-service-01/command-014.log
evidence/systems-engineer/systems-engineer-s4-repair1-service-01/command-015.log
evidence/systems-engineer/systems-engineer-s4-repair1-service-01/command-016.log
evidence/systems-engineer/systems-engineer-s4-repair1-service-01/command-017.log
evidence/systems-engineer/systems-engineer-s4-repair1-service-01/command-018.log
evidence/systems-engineer/systems-engineer-s4-repair1-service-01/command-019.log
evidence/systems-engineer/systems-engineer-s4-repair1-service-01/command-020.log
evidence/systems-engineer/systems-engineer-s4-repair1-service-01/command-021.log
evidence/systems-engineer/systems-engineer-s4-repair1-service-01/command-022.log
evidence/systems-engineer/systems-engineer-s4-repair1-service-01/command-023.log
evidence/systems-engineer/systems-engineer-s4-repair1-service-01/command-024.log
evidence/systems-engineer/systems-engineer-s4-repair1-service-01/command-025.log
evidence/systems-engineer/systems-engineer-s4-repair1-service-01/command-026.log
evidence/systems-engineer/systems-engineer-s4-repair1-service-01/command-027.log
evidence/systems-engineer/systems-engineer-s4-repair1-service-01/command-028.log
evidence/systems-engineer/systems-engineer-s4-repair1-service-01/command-029.log
evidence/systems-engineer/systems-engineer-s4-repair1-service-01/command-030.log
evidence/systems-engineer/systems-engineer-s4-repair1-service-01/command-031.log
evidence/systems-engineer/systems-engineer-s4-repair1-service-01/command-032.log
evidence/systems-engineer/systems-engineer-s4-repair1-service-01/command-033.log
evidence/systems-engineer/systems-engineer-s4-repair1-service-01/command-034.log
evidence/systems-engineer/systems-engineer-s4-repair1-service-01/command-035.log
evidence/systems-engineer/systems-engineer-s4-repair1-service-01/command-036.log
evidence/systems-engineer/systems-engineer-s4-repair1-service-01/command-037.log
evidence/systems-engineer/systems-engineer-s4-repair1-service-01/command-038.log
evidence/systems-engineer/systems-engineer-s4-repair1-service-01/command-039.log
evidence/systems-engineer/systems-engineer-s4-repair1-service-01/command-040.log
evidence/systems-engineer/systems-engineer-s4-repair1-service-01/command-041.log
evidence/systems-engineer/systems-engineer-s4-repair1-service-01/command-042.log
evidence/systems-engineer/systems-engineer-s4-repair1-service-01/command-043.log
evidence/systems-engineer/systems-engineer-s4-repair1-service-01/command-044.log
evidence/systems-engineer/systems-engineer-s4-repair1-service-01/command-045.log
evidence/systems-engineer/systems-engineer-s4-repair1-service-01/command-046.log
evidence/systems-engineer/systems-engineer-s4-repair1-service-01/command-047.log
evidence/systems-engineer/systems-engineer-s4-repair1-service-01/command-048.log
evidence/systems-engineer/systems-engineer-s4-repair1-service-01/command-049.log
evidence/systems-engineer/systems-engineer-s4-repair1-service-01/command-050.log
evidence/systems-engineer/systems-engineer-s4-repair1-service-01/command-051.log
evidence/systems-engineer/systems-engineer-s4-repair1-service-01/command-052.log
evidence/systems-engineer/systems-engineer-s4-repair1-service-01/command-053.log
evidence/systems-engineer/systems-engineer-s4-repair1-service-01/command-054.log
evidence/systems-engineer/systems-engineer-s4-repair1-service-01/command-055.log
evidence/systems-engineer/systems-engineer-s4-repair1-service-01/command-056.log
evidence/systems-engineer/systems-engineer-s4-repair1-service-01/command-057.log
evidence/systems-engineer/systems-engineer-s4-repair1-service-01/command-058.log
evidence/systems-engineer/systems-engineer-s4-repair1-service-01/command-059.log
evidence/systems-engineer/systems-engineer-s4-repair1-service-01/command-060.log
evidence/systems-engineer/systems-engineer-s4-repair1-service-01/command-061.log
evidence/systems-engineer/systems-engineer-s4-repair1-service-01/command-062.log
evidence/systems-engineer/systems-engineer-s4-repair1-service-01/command-063.log
evidence/systems-engineer/systems-engineer-s4-repair1-service-01/command-064.log
evidence/systems-engineer/systems-engineer-s4-repair1-service-01/command-065.log
evidence/systems-engineer/systems-engineer-s4-repair1-service-01/command-066.log
evidence/systems-engineer/systems-engineer-s4-repair1-service-01/command-067.log
evidence/systems-engineer/systems-engineer-s4-repair1-service-01/command-068.log
evidence/systems-engineer/systems-engineer-s4-repair1-service-01/command-069.log
evidence/systems-engineer/systems-engineer-s4-repair1-service-01/command-070.log
evidence/systems-engineer/systems-engineer-s4-repair1-service-01/command-071.log
evidence/systems-engineer/systems-engineer-s4-repair1-service-01/command-072.log
evidence/systems-engineer/systems-engineer-s4-repair1-service-01/command-073.log
evidence/systems-engineer/systems-engineer-s4-repair1-service-01/command-074.log
evidence/systems-engineer/systems-engineer-s4-repair1-service-01/command-075.log
evidence/systems-engineer/systems-engineer-s4-repair1-service-01/command-076.log
evidence/systems-engineer/systems-engineer-s4-repair1-service-01/command-077.log
evidence/systems-engineer/systems-engineer-s4-repair1-service-01/command-078.log
evidence/systems-engineer/systems-engineer-s4-repair1-service-01/command-079.log
evidence/systems-engineer/systems-engineer-s4-repair1-service-01/command-080.log
evidence/systems-engineer/systems-engineer-s4-repair1-service-01/command-081.log
evidence/systems-engineer/systems-engineer-s4-repair1-service-01/command-082.log
evidence/systems-engineer/systems-engineer-s4-repair1-service-01/command-083.log
evidence/systems-engineer/systems-engineer-s4-repair1-service-01/command-084.log
evidence/systems-engineer/systems-engineer-s4-repair1-service-01/command-085.log
evidence/systems-engineer/systems-engineer-s4-repair1-service-01/command-086.log
evidence/systems-engineer/systems-engineer-s4-repair1-service-01/command-087.log
evidence/systems-engineer/systems-engineer-s4-repair1-service-01/command-088.log
evidence/systems-engineer/systems-engineer-s4-repair1-service-01/command-089.log
evidence/systems-engineer/systems-engineer-s4-repair1-service-01/command-090.log
evidence/systems-engineer/systems-engineer-s4-repair1-service-01/command-091.log
evidence/systems-engineer/systems-engineer-s4-repair1-service-01/command-092.log
evidence/systems-engineer/systems-engineer-s4-repair1-service-01/command-093.log
evidence/systems-engineer/systems-engineer-s4-repair1-service-01/command-094.log
evidence/systems-engineer/systems-engineer-s4-repair1-service-01/command-095.log
evidence/systems-engineer/systems-engineer-s4-repair1-service-01/command-096.log
evidence/systems-engineer/systems-engineer-s4-repair1-service-01/command-097.log
evidence/systems-engineer/systems-engineer-s4-repair1-service-01/command-098.log
evidence/systems-engineer/systems-engineer-s4-repair1-service-01/command-099.log
evidence/systems-engineer/systems-engineer-s4-repair1-service-01/command-100.log
evidence/systems-engineer/systems-engineer-s4-repair1-service-01/command-101.log
evidence/systems-engineer/systems-engineer-s4-repair1-service-01/command-102.log
evidence/systems-engineer/systems-engineer-s4-repair1-service-01/command-103.log
evidence/systems-engineer/systems-engineer-s4-repair1-service-01/command-104.log
evidence/systems-engineer/systems-engineer-s4-repair1-service-01/command-105.log
evidence/systems-engineer/systems-engineer-s4-repair1-service-01/command-106.log
evidence/systems-engineer/systems-engineer-s4-repair1-service-01/command-107.log
evidence/systems-engineer/systems-engineer-s4-repair1-service-01/command-108.log
evidence/systems-engineer/systems-engineer-s4-repair1-service-01/command-109.log
evidence/systems-engineer/systems-engineer-s4-repair1-service-01/command-110.log
evidence/systems-engineer/systems-engineer-s4-repair1-service-01/command-111.log
evidence/systems-engineer/systems-engineer-s4-repair1-service-01/command-112.log
evidence/systems-engineer/systems-engineer-s4-repair1-service-01/command-113.log
evidence/systems-engineer/systems-engineer-s4-repair1-service-01/command-114.log
evidence/systems-engineer/systems-engineer-s4-repair1-service-01/command-115.log
evidence/systems-engineer/systems-engineer-s4-repair1-service-01/command-116.log
evidence/systems-engineer/systems-engineer-s4-repair1-service-01/command-117.log
evidence/systems-engineer/systems-engineer-s4-repair1-service-01/command-118.log
evidence/systems-engineer/systems-engineer-s4-repair1-service-01/command-119.log
evidence/systems-engineer/systems-engineer-s4-repair1-service-01/command-120.log
evidence/systems-engineer/systems-engineer-s4-repair1-service-01/command-121.log
evidence/systems-engineer/systems-engineer-s4-repair1-service-01/command-122.log
evidence/systems-engineer/systems-engineer-s4-repair1-service-01/command-123.log
evidence/systems-engineer/systems-engineer-s4-repair1-service-01/command-124.log
evidence/systems-engineer/systems-engineer-s4-repair1-service-01/command-125.log
evidence/systems-engineer/systems-engineer-s4-repair1-service-01/command-126.log
evidence/systems-engineer/systems-engineer-s4-repair1-service-01/command-127.log
evidence/systems-engineer/systems-engineer-s4-repair1-service-01/command-128.log
evidence/systems-engineer/systems-engineer-s4-repair1-service-01/command-129.log
evidence/systems-engineer/systems-engineer-s4-repair1-service-01/command-130.log
evidence/systems-engineer/systems-engineer-s4-repair1-service-01/command-131.log
evidence/systems-engineer/systems-engineer-s4-repair1-service-01/command-132.log
evidence/systems-engineer/systems-engineer-s4-repair1-service-01/command-133.log
evidence/systems-engineer/systems-engineer-s4-repair1-service-01/command-134.log
evidence/systems-engineer/systems-engineer-s4-repair1-service-01/command-135.log
evidence/systems-engineer/systems-engineer-s4-repair1-service-01/command-136.log
evidence/systems-engineer/systems-engineer-s4-repair1-service-01/command-137.log
evidence/systems-engineer/systems-engineer-s4-repair1-service-01/command-138.log
evidence/systems-engineer/systems-engineer-s4-repair1-service-01/command-139.log
evidence/systems-engineer/systems-engineer-s4-repair1-service-01/command-140.log
evidence/systems-engineer/systems-engineer-s4-repair1-service-01/command-141.log
evidence/systems-engineer/systems-engineer-s4-repair1-service-01/command-142.log
evidence/systems-engineer/systems-engineer-s4-repair1-service-01/command-143.log
evidence/systems-engineer/systems-engineer-s4-repair1-service-01/command-144.log
evidence/systems-engineer/systems-engineer-s4-repair1-service-01/command-145.log
evidence/systems-engineer/systems-engineer-s4-repair1-service-01/command-146.log
evidence/systems-engineer/systems-engineer-s4-repair1-service-01/command-147.log
evidence/systems-engineer/systems-engineer-s4-repair1-service-01/command-148.log
evidence/systems-engineer/systems-engineer-s4-repair1-service-01/command-149.log
evidence/systems-engineer/systems-engineer-s4-repair1-service-01/command-150.log
evidence/systems-engineer/systems-engineer-s4-repair1-service-01/command-151.log
evidence/systems-engineer/systems-engineer-s4-repair1-service-01/command-152.log
evidence/systems-engineer/systems-engineer-s4-repair1-service-01/command-153.log
evidence/systems-engineer/systems-engineer-s4-repair1-service-01/command-154.log
evidence/systems-engineer/systems-engineer-s4-repair1-service-01/command-155.log
evidence/systems-engineer/systems-engineer-s4-repair1-service-01/command-156.log
evidence/systems-engineer/systems-engineer-s4-repair1-service-01/command-157.log
evidence/systems-engineer/systems-engineer-s4-repair1-service-01/command-158.log
evidence/systems-engineer/systems-engineer-s4-repair1-service-01/command-159.log
evidence/systems-engineer/systems-engineer-s4-repair1-service-01/command-160.log
evidence/systems-engineer/systems-engineer-s4-repair1-service-01/command-161.log
evidence/systems-engineer/systems-engineer-s4-repair1-service-01/command-162.log
evidence/systems-engineer/systems-engineer-s4-repair1-service-01/command-163.log
evidence/systems-engineer/systems-engineer-s4-repair1-service-01/command-164.log
evidence/systems-engineer/systems-engineer-s4-repair1-service-01/command-165.log
evidence/systems-engineer/systems-engineer-s4-repair1-service-01/command-166.log
evidence/systems-engineer/systems-engineer-s4-repair1-service-01/command-167.log
evidence/systems-engineer/systems-engineer-s4-repair1-service-01/command-168.log
evidence/systems-engineer/systems-engineer-s4-repair1-service-01/command-169.log
evidence/systems-engineer/systems-engineer-s4-repair1-service-01/command-170.log
evidence/systems-engineer/systems-engineer-s4-repair1-service-01/command-171.log
evidence/systems-engineer/systems-engineer-s4-repair1-service-01/command-172.log
evidence/systems-engineer/systems-engineer-s4-repair1-service-01/command-173.log
evidence/systems-engineer/systems-engineer-s4-repair1-service-01/command-174.log
evidence/systems-engineer/systems-engineer-s4-repair1-service-01/command-175.log
evidence/systems-engineer/systems-engineer-s4-repair1-service-01/command-176.log
evidence/systems-engineer/systems-engineer-s4-repair1-service-01/command-177.log
evidence/systems-engineer/systems-engineer-s4-repair1-service-01/command-178.log
evidence/systems-engineer/systems-engineer-s4-repair1-service-01/command-179.log
evidence/systems-engineer/systems-engineer-s4-repair1-service-01/command-180.log
evidence/systems-engineer/systems-engineer-s4-repair1-service-01/command-181.log
evidence/systems-engineer/systems-engineer-s4-repair1-service-01/command-182.log
evidence/systems-engineer/systems-engineer-s4-repair1-service-01/command-183.log
evidence/systems-engineer/systems-engineer-s4-repair1-service-01/command-184.log
evidence/systems-engineer/systems-engineer-s4-repair1-service-01/command-185.log
evidence/systems-engineer/systems-engineer-s4-repair1-service-01/command-186.log
evidence/systems-engineer/systems-engineer-s4-repair1-service-01/command-187.log
evidence/systems-engineer/systems-engineer-s4-repair1-service-01/command-188.log
evidence/systems-engineer/systems-engineer-s4-repair1-service-01/command-189.log
evidence/systems-engineer/systems-engineer-s4-repair1-service-01/command-190.log
evidence/systems-engineer/systems-engineer-s4-repair1-service-01/command-191.log
evidence/systems-engineer/systems-engineer-s4-repair1-service-01/command-192.log
evidence/systems-engineer/systems-engineer-s4-repair1-service-01/command-193.log
evidence/systems-engineer/systems-engineer-s4-repair1-service-01/command-194.log
evidence/systems-engineer/systems-engineer-s4-repair1-service-01/command-195.log
evidence/systems-engineer/systems-engineer-s4-repair1-service-01/command-196.log
evidence/systems-engineer/systems-engineer-s4-repair1-service-01/command-197.log
evidence/systems-engineer/systems-engineer-s4-repair1-service-01/command-198.log
evidence/systems-engineer/systems-engineer-s4-repair1-service-01/command-199.log
evidence/systems-engineer/systems-engineer-s4-repair1-service-01/command-200.log
evidence/systems-engineer/systems-engineer-s4-repair1-service-01/command-201.log
evidence/systems-engineer/systems-engineer-s4-repair1-service-01/command-202.log
evidence/systems-engineer/systems-engineer-s4-repair1-service-01/command-203.log
evidence/systems-engineer/systems-engineer-s4-repair1-service-01/command-204.log
evidence/systems-engineer/systems-engineer-s4-repair1-service-01/command-205.log
evidence/systems-engineer/systems-engineer-s4-repair1-service-01/command-206.log
evidence/systems-engineer/systems-engineer-s4-repair1-service-01/command-207.log
evidence/systems-engineer/systems-engineer-s4-repair1-service-01/controls.log
evidence/systems-engineer/systems-engineer-s4-repair1-service-01/controls/executed-probe.py
evidence/systems-engineer/systems-engineer-s4-repair1-service-01/controls/observations.json
evidence/systems-engineer/systems-engineer-s4-repair1-service-01/controls/summary.json
evidence/systems-engineer/systems-engineer-s4-repair1-service-01/deep.log
evidence/systems-engineer/systems-engineer-s4-repair1-service-01/deep/executed-probe.py
evidence/systems-engineer/systems-engineer-s4-repair1-service-01/deep/trace.json
evidence/systems-engineer/systems-engineer-s4-repair1-service-01/digits.json
evidence/systems-engineer/systems-engineer-s4-repair1-service-01/digits.log
evidence/systems-engineer/systems-engineer-s4-repair1-service-01/executed-driver.py
evidence/systems-engineer/systems-engineer-s4-repair1-service-01/inherited.log
evidence/systems-engineer/systems-engineer-s4-repair1-service-01/member-oracle.json
evidence/systems-engineer/systems-engineer-s4-repair1-service-01/members.log
evidence/systems-engineer/systems-engineer-s4-repair1-service-01/numbers.log
evidence/systems-engineer/systems-engineer-s4-repair1-service-01/numbers/trace.json
evidence/systems-engineer/systems-engineer-s4-repair1-service-01/runtime.json
evidence/systems-engineer/systems-engineer-s4-repair1-service-01/transitions.log
evidence/systems-engineer/systems-engineer-s4-repair1-service-01/transitions/executed-inherited-probe.py
evidence/systems-engineer/systems-engineer-s4-repair1-service-01/transitions/executed-probe.py
evidence/systems-engineer/systems-engineer-s4-repair1-service-01/transitions/trace.json
