evidence/interface-engineer/interface-engineer-s4-repair1-20261004t092409553052z/accepted-s2-file-list.log
evidence/interface-engineer/interface-engineer-s4-repair1-20261004t092409553052z/browser-report.json
evidence/interface-engineer/interface-engineer-s4-repair1-20261004t092409553052z/browser.log
evidence/interface-engineer/interface-engineer-s4-repair1-20261004t092409553052z/build-accepted-s2.log
evidence/interface-engineer/interface-engineer-s4-repair1-20261004t092409553052z/build-accepted-s3.log
evidence/interface-engineer/interface-engineer-s4-repair1-20261004t092409553052z/build-accepted.log
evidence/interface-engineer/interface-engineer-s4-repair1-20261004t092409553052z/build-current.log
evidence/interface-engineer/interface-engineer-s4-repair1-20261004t092409553052z/build-historic.log
evidence/interface-engineer/interface-engineer-s4-repair1-20261004t092409553052z/build-old-stage2.log
evidence/interface-engineer/interface-engineer-s4-repair1-20261004t092409553052z/cancelled-lookup-desktop.png
evidence/interface-engineer/interface-engineer-s4-repair1-20261004t092409553052z/cancelled-lookup-mobile.png
evidence/interface-engineer/interface-engineer-s4-repair1-20261004t092409553052z/clean-clone.log
evidence/interface-engineer/interface-engineer-s4-repair1-20261004t092409553052z/clean-detach.log
evidence/interface-engineer/interface-engineer-s4-repair1-20261004t092409553052z/cleanup-interface-engineer-s4r1-20261004t092409553052z-accepted-s2.log
evidence/interface-engineer/interface-engineer-s4-repair1-20261004t092409553052z/cleanup-interface-engineer-s4r1-20261004t092409553052z-accepted-s3.log
evidence/interface-engineer/interface-engineer-s4-repair1-20261004t092409553052z/cleanup-interface-engineer-s4r1-20261004t092409553052z-accepted.log
evidence/interface-engineer/interface-engineer-s4-repair1-20261004t092409553052z/cleanup-interface-engineer-s4r1-20261004t092409553052z-current.log
evidence/interface-engineer/interface-engineer-s4-repair1-20261004t092409553052z/cleanup-interface-engineer-s4r1-20261004t092409553052z-destination.log
evidence/interface-engineer/interface-engineer-s4-repair1-20261004t092409553052z/cleanup-interface-engineer-s4r1-20261004t092409553052z-historic.log
evidence/interface-engineer/interface-engineer-s4-repair1-20261004t092409553052z/cleanup-interface-engineer-s4r1-20261004t092409553052z-old-stage2.log
evidence/interface-engineer/interface-engineer-s4-repair1-20261004t092409553052z/cleanup-interface-engineer-s4r1-20261004t092409553052z-probe.log
evidence/interface-engineer/interface-engineer-s4-repair1-20261004t092409553052z/cleanup-network.log
evidence/interface-engineer/interface-engineer-s4-repair1-20261004t092409553052z/clone-clean-after.log
evidence/interface-engineer/interface-engineer-s4-repair1-20261004t092409553052z/clone-clean-before.log
evidence/interface-engineer/interface-engineer-s4-repair1-20261004t092409553052z/closed-day-desktop.png
evidence/interface-engineer/interface-engineer-s4-repair1-20261004t092409553052z/closed-day-mobile.png
evidence/interface-engineer/interface-engineer-s4-repair1-20261004t092409553052z/combined-conflict-desktop.png
evidence/interface-engineer/interface-engineer-s4-repair1-20261004t092409553052z/combined-conflict-mobile.png
evidence/interface-engineer/interface-engineer-s4-repair1-20261004t092409553052z/combined-uncertain-desktop.png
evidence/interface-engineer/interface-engineer-s4-repair1-20261004t092409553052z/combined-uncertain-mobile.png
evidence/interface-engineer/interface-engineer-s4-repair1-20261004t092409553052z/copy-browser-evidence.log
evidence/interface-engineer/interface-engineer-s4-repair1-20261004t092409553052z/cutoff-refusal-desktop.png
evidence/interface-engineer/interface-engineer-s4-repair1-20261004t092409553052z/cutoff-refusal-mobile.png
evidence/interface-engineer/interface-engineer-s4-repair1-20261004t092409553052z/exact-status-cancelled-desktop.png
evidence/interface-engineer/interface-engineer-s4-repair1-20261004t092409553052z/exact-status-cancelled-mobile.png
evidence/interface-engineer/interface-engineer-s4-repair1-20261004t092409553052z/exact-status-confirmed-desktop.png
evidence/interface-engineer/interface-engineer-s4-repair1-20261004t092409553052z/exact-status-confirmed-mobile.png
evidence/interface-engineer/interface-engineer-s4-repair1-20261004t092409553052z/executed-driver.py
evidence/interface-engineer/interface-engineer-s4-repair1-20261004t092409553052z/executed-probe.py
evidence/interface-engineer/interface-engineer-s4-repair1-20261004t092409553052z/final-state-accepted-s2.log
evidence/interface-engineer/interface-engineer-s4-repair1-20261004t092409553052z/final-state-accepted-s3.log
evidence/interface-engineer/interface-engineer-s4-repair1-20261004t092409553052z/final-state-accepted.log
evidence/interface-engineer/interface-engineer-s4-repair1-20261004t092409553052z/final-state-current.log
evidence/interface-engineer/interface-engineer-s4-repair1-20261004t092409553052z/final-state-destination.log
evidence/interface-engineer/interface-engineer-s4-repair1-20261004t092409553052z/final-state-historic.log
evidence/interface-engineer/interface-engineer-s4-repair1-20261004t092409553052z/final-state-old-stage2.log
evidence/interface-engineer/interface-engineer-s4-repair1-20261004t092409553052z/frozen-file-list.log
evidence/interface-engineer/interface-engineer-s4-repair1-20261004t092409553052z/frozen2-file-list.log
evidence/interface-engineer/interface-engineer-s4-repair1-20261004t092409553052z/frozen3-file-list.log
evidence/interface-engineer/interface-engineer-s4-repair1-20261004t092409553052z/health-accepted-s2.log
evidence/interface-engineer/interface-engineer-s4-repair1-20261004t092409553052z/health-accepted-s3.log
evidence/interface-engineer/interface-engineer-s4-repair1-20261004t092409553052z/health-accepted.log
evidence/interface-engineer/interface-engineer-s4-repair1-20261004t092409553052z/health-current.log
evidence/interface-engineer/interface-engineer-s4-repair1-20261004t092409553052z/health-destination.log
evidence/interface-engineer/interface-engineer-s4-repair1-20261004t092409553052z/health-historic.log
evidence/interface-engineer/interface-engineer-s4-repair1-20261004t092409553052z/health-old-stage2.log
evidence/interface-engineer/interface-engineer-s4-repair1-20261004t092409553052z/historic-file-list.log
evidence/interface-engineer/interface-engineer-s4-repair1-20261004t092409553052z/image-accepted-s2.log
evidence/interface-engineer/interface-engineer-s4-repair1-20261004t092409553052z/image-accepted-s3.log
evidence/interface-engineer/interface-engineer-s4-repair1-20261004t092409553052z/image-accepted.log
evidence/interface-engineer/interface-engineer-s4-repair1-20261004t092409553052z/image-current.log
evidence/interface-engineer/interface-engineer-s4-repair1-20261004t092409553052z/image-historic.log
evidence/interface-engineer/interface-engineer-s4-repair1-20261004t092409553052z/image-old-stage2.log
evidence/interface-engineer/interface-engineer-s4-repair1-20261004t092409553052z/inspect-accepted-s2.log
evidence/interface-engineer/interface-engineer-s4-repair1-20261004t092409553052z/inspect-accepted-s3.log
evidence/interface-engineer/interface-engineer-s4-repair1-20261004t092409553052z/inspect-accepted.log
evidence/interface-engineer/interface-engineer-s4-repair1-20261004t092409553052z/inspect-current.log
evidence/interface-engineer/interface-engineer-s4-repair1-20261004t092409553052z/inspect-destination.log
evidence/interface-engineer/interface-engineer-s4-repair1-20261004t092409553052z/inspect-historic.log
evidence/interface-engineer/interface-engineer-s4-repair1-20261004t092409553052z/inspect-old-stage2.log
evidence/interface-engineer/interface-engineer-s4-repair1-20261004t092409553052z/inspect-probe.log
evidence/interface-engineer/interface-engineer-s4-repair1-20261004t092409553052z/integral-wire-0d9007199254740993e16-desktop.png
evidence/interface-engineer/interface-engineer-s4-repair1-20261004t092409553052z/integral-wire-0d9007199254740993e16-mobile.png
evidence/interface-engineer/interface-engineer-s4-repair1-20261004t092409553052z/integral-wire-90071992547409930em1-desktop.png
evidence/interface-engineer/interface-engineer-s4-repair1-20261004t092409553052z/integral-wire-90071992547409930em1-mobile.png
evidence/interface-engineer/interface-engineer-s4-repair1-20261004t092409553052z/integral-wire-9007199254740993d0-desktop.png
evidence/interface-engineer/interface-engineer-s4-repair1-20261004t092409553052z/integral-wire-9007199254740993d0-mobile.png
evidence/interface-engineer/interface-engineer-s4-repair1-20261004t092409553052z/integral-wire-9007199254740993e0-desktop.png
evidence/interface-engineer/interface-engineer-s4-repair1-20261004t092409553052z/integral-wire-9007199254740993e0-mobile.png
evidence/interface-engineer/interface-engineer-s4-repair1-20261004t092409553052z/integral-wire-9d007199254740993Ep15-desktop.png
evidence/interface-engineer/interface-engineer-s4-repair1-20261004t092409553052z/integral-wire-9d007199254740993Ep15-mobile.png
evidence/interface-engineer/interface-engineer-s4-repair1-20261004t092409553052z/keyboard-booking-desktop.png
evidence/interface-engineer/interface-engineer-s4-repair1-20261004t092409553052z/keyboard-booking-mobile.png
evidence/interface-engineer/interface-engineer-s4-repair1-20261004t092409553052z/large-party-16-9007199254740991-desktop.png
evidence/interface-engineer/interface-engineer-s4-repair1-20261004t092409553052z/large-party-16-9007199254740991-mobile.png
evidence/interface-engineer/interface-engineer-s4-repair1-20261004t092409553052z/large-party-16-9007199254740993-desktop.png
evidence/interface-engineer/interface-engineer-s4-repair1-20261004t092409553052z/large-party-16-9007199254740993-mobile.png
evidence/interface-engineer/interface-engineer-s4-repair1-20261004t092409553052z/large-party-31-10000000000000000000-desktop.png
evidence/interface-engineer/interface-engineer-s4-repair1-20261004t092409553052z/large-party-31-10000000000000000000-mobile.png
evidence/interface-engineer/interface-engineer-s4-repair1-20261004t092409553052z/large-party-401-10000000000000000000-desktop.png
evidence/interface-engineer/interface-engineer-s4-repair1-20261004t092409553052z/large-party-401-10000000000000000000-mobile.png
evidence/interface-engineer/interface-engineer-s4-repair1-20261004t092409553052z/large-party-4301-10000000000000000000-desktop.png
evidence/interface-engineer/interface-engineer-s4-repair1-20261004t092409553052z/large-party-4301-10000000000000000000-mobile.png
evidence/interface-engineer/interface-engineer-s4-repair1-20261004t092409553052z/legacy-local-end-America-New_York-0001-01-01-desktop.png
evidence/interface-engineer/interface-engineer-s4-repair1-20261004t092409553052z/legacy-local-end-America-New_York-0001-01-01-mobile.png
evidence/interface-engineer/interface-engineer-s4-repair1-20261004t092409553052z/legacy-local-end-Europe-Berlin-0001-01-01-desktop.png
evidence/interface-engineer/interface-engineer-s4-repair1-20261004t092409553052z/legacy-local-end-Europe-Berlin-0001-01-01-mobile.png
evidence/interface-engineer/interface-engineer-s4-repair1-20261004t092409553052z/legacy-local-end-Europe-Brussels-0001-01-01-desktop.png
evidence/interface-engineer/interface-engineer-s4-repair1-20261004t092409553052z/legacy-local-end-Europe-Brussels-0001-01-01-mobile.png
evidence/interface-engineer/interface-engineer-s4-repair1-20261004t092409553052z/local-end-America-New_York-0001-01-01-desktop.png
evidence/interface-engineer/interface-engineer-s4-repair1-20261004t092409553052z/local-end-America-New_York-0001-01-01-mobile.png
evidence/interface-engineer/interface-engineer-s4-repair1-20261004t092409553052z/local-end-America-New_York-2026-03-08-desktop.png
evidence/interface-engineer/interface-engineer-s4-repair1-20261004t092409553052z/local-end-America-New_York-2026-03-08-mobile.png
evidence/interface-engineer/interface-engineer-s4-repair1-20261004t092409553052z/local-end-America-New_York-2026-11-01-desktop.png
evidence/interface-engineer/interface-engineer-s4-repair1-20261004t092409553052z/local-end-America-New_York-2026-11-01-mobile.png
evidence/interface-engineer/interface-engineer-s4-repair1-20261004t092409553052z/local-end-Europe-Berlin-0001-01-01-desktop.png
evidence/interface-engineer/interface-engineer-s4-repair1-20261004t092409553052z/local-end-Europe-Berlin-0001-01-01-mobile.png
evidence/interface-engineer/interface-engineer-s4-repair1-20261004t092409553052z/local-end-Europe-Berlin-2026-03-29-desktop.png
evidence/interface-engineer/interface-engineer-s4-repair1-20261004t092409553052z/local-end-Europe-Berlin-2026-03-29-mobile.png
evidence/interface-engineer/interface-engineer-s4-repair1-20261004t092409553052z/local-end-Europe-Berlin-2026-10-25-desktop.png
evidence/interface-engineer/interface-engineer-s4-repair1-20261004t092409553052z/local-end-Europe-Berlin-2026-10-25-mobile.png
evidence/interface-engineer/interface-engineer-s4-repair1-20261004t092409553052z/local-end-Europe-Brussels-0001-01-01-desktop.png
evidence/interface-engineer/interface-engineer-s4-repair1-20261004t092409553052z/local-end-Europe-Brussels-0001-01-01-mobile.png
evidence/interface-engineer/interface-engineer-s4-repair1-20261004t092409553052z/local-end-UTC-9999-12-31-desktop.png
evidence/interface-engineer/interface-engineer-s4-repair1-20261004t092409553052z/local-end-UTC-9999-12-31-mobile.png
evidence/interface-engineer/interface-engineer-s4-repair1-20261004t092409553052z/login-labelled-desktop.png
evidence/interface-engineer/interface-engineer-s4-repair1-20261004t092409553052z/login-labelled-mobile.png
evidence/interface-engineer/interface-engineer-s4-repair1-20261004t092409553052z/logs-interface-engineer-s4r1-20261004t092409553052z-accepted-s2.log
evidence/interface-engineer/interface-engineer-s4-repair1-20261004t092409553052z/logs-interface-engineer-s4r1-20261004t092409553052z-accepted-s3.log
evidence/interface-engineer/interface-engineer-s4-repair1-20261004t092409553052z/logs-interface-engineer-s4r1-20261004t092409553052z-accepted.log
evidence/interface-engineer/interface-engineer-s4-repair1-20261004t092409553052z/logs-interface-engineer-s4r1-20261004t092409553052z-current.log
evidence/interface-engineer/interface-engineer-s4-repair1-20261004t092409553052z/logs-interface-engineer-s4r1-20261004t092409553052z-destination.log
evidence/interface-engineer/interface-engineer-s4-repair1-20261004t092409553052z/logs-interface-engineer-s4r1-20261004t092409553052z-historic.log
evidence/interface-engineer/interface-engineer-s4-repair1-20261004t092409553052z/logs-interface-engineer-s4r1-20261004t092409553052z-old-stage2.log
evidence/interface-engineer/interface-engineer-s4-repair1-20261004t092409553052z/logs-interface-engineer-s4r1-20261004t092409553052z-probe.log
evidence/interface-engineer/interface-engineer-s4-repair1-20261004t092409553052z/mobile-keyboard-confirmed.png
evidence/interface-engineer/interface-engineer-s4-repair1-20261004t092409553052z/network-create.log
evidence/interface-engineer/interface-engineer-s4-repair1-20261004t092409553052z/network-inspect.log
evidence/interface-engineer/interface-engineer-s4-repair1-20261004t092409553052z/old-stage2-file-list.log
evidence/interface-engineer/interface-engineer-s4-repair1-20261004t092409553052z/opaque-unicode-pair-desktop.png
evidence/interface-engineer/interface-engineer-s4-repair1-20261004t092409553052z/opaque-unicode-pair-mobile.png
evidence/interface-engineer/interface-engineer-s4-repair1-20261004t092409553052z/packaged-accepted-s2.log
evidence/interface-engineer/interface-engineer-s4-repair1-20261004t092409553052z/packaged-accepted-s3.log
evidence/interface-engineer/interface-engineer-s4-repair1-20261004t092409553052z/packaged-accepted.log
evidence/interface-engineer/interface-engineer-s4-repair1-20261004t092409553052z/packaged-current.log
evidence/interface-engineer/interface-engineer-s4-repair1-20261004t092409553052z/packaged-destination.log
evidence/interface-engineer/interface-engineer-s4-repair1-20261004t092409553052z/packaged-historic.log
evidence/interface-engineer/interface-engineer-s4-repair1-20261004t092409553052z/packaged-old-stage2.log
evidence/interface-engineer/interface-engineer-s4-repair1-20261004t092409553052z/private-lookup-refusal-desktop.png
evidence/interface-engineer/interface-engineer-s4-repair1-20261004t092409553052z/private-lookup-refusal-mobile.png
evidence/interface-engineer/interface-engineer-s4-repair1-20261004t092409553052z/progress-report.json
evidence/interface-engineer/interface-engineer-s4-repair1-20261004t092409553052z/public-search-desktop.png
evidence/interface-engineer/interface-engineer-s4-repair1-20261004t092409553052z/public-search-mobile.png
evidence/interface-engineer/interface-engineer-s4-repair1-20261004t092409553052z/runtime-report.json
evidence/interface-engineer/interface-engineer-s4-repair1-20261004t092409553052z/s3-cancelled-ordered-history-desktop.png
evidence/interface-engineer/interface-engineer-s4-repair1-20261004t092409553052z/s3-cancelled-ordered-history-mobile.png
evidence/interface-engineer/interface-engineer-s4-repair1-20261004t092409553052z/s3-dst-series-refusal-America-New_York-desktop.png
evidence/interface-engineer/interface-engineer-s4-repair1-20261004t092409553052z/s3-dst-series-refusal-America-New_York-mobile.png
evidence/interface-engineer/interface-engineer-s4-repair1-20261004t092409553052z/s3-dst-series-refusal-Europe-Berlin-desktop.png
evidence/interface-engineer/interface-engineer-s4-repair1-20261004t092409553052z/s3-dst-series-refusal-Europe-Berlin-mobile.png
evidence/interface-engineer/interface-engineer-s4-repair1-20261004t092409553052z/s3-manager-private-refusal-desktop.png
evidence/interface-engineer/interface-engineer-s4-repair1-20261004t092409553052z/s3-manager-private-refusal-mobile.png
evidence/interface-engineer/interface-engineer-s4-repair1-20261004t092409553052z/s3-original-confirmation-terms-desktop.png
evidence/interface-engineer/interface-engineer-s4-repair1-20261004t092409553052z/s3-original-confirmation-terms-mobile.png
evidence/interface-engineer/interface-engineer-s4-repair1-20261004t092409553052z/s3-pair-transition-history-desktop.png
evidence/interface-engineer/interface-engineer-s4-repair1-20261004t092409553052z/s3-pair-transition-history-mobile.png
evidence/interface-engineer/interface-engineer-s4-repair1-20261004t092409553052z/s3-series-edited-recovery-desktop.png
evidence/interface-engineer/interface-engineer-s4-repair1-20261004t092409553052z/s3-series-edited-recovery-mobile.png
evidence/interface-engineer/interface-engineer-s4-repair1-20261004t092409553052z/s3-series-exception-cancelled-desktop.png
evidence/interface-engineer/interface-engineer-s4-repair1-20261004t092409553052z/s3-series-exception-cancelled-mobile.png
evidence/interface-engineer/interface-engineer-s4-repair1-20261004t092409553052z/s3-series-lost-desktop.png
evidence/interface-engineer/interface-engineer-s4-repair1-20261004t092409553052z/s3-series-lost-mobile.png
evidence/interface-engineer/interface-engineer-s4-repair1-20261004t092409553052z/s3-series-malformed-desktop.png
evidence/interface-engineer/interface-engineer-s4-repair1-20261004t092409553052z/s3-series-malformed-mobile.png
evidence/interface-engineer/interface-engineer-s4-repair1-20261004t092409553052z/s3-series-own-restaurant-labels-desktop.png
evidence/interface-engineer/interface-engineer-s4-repair1-20261004t092409553052z/s3-series-own-restaurant-labels-mobile.png
evidence/interface-engineer/interface-engineer-s4-repair1-20261004t092409553052z/s3-series-read-race-desktop.png
evidence/interface-engineer/interface-engineer-s4-repair1-20261004t092409553052z/s3-series-read-race-mobile.png
evidence/interface-engineer/interface-engineer-s4-repair1-20261004t092409553052z/s3-series-real-refusal-desktop.png
evidence/interface-engineer/interface-engineer-s4-repair1-20261004t092409553052z/s3-series-real-refusal-mobile.png
evidence/interface-engineer/interface-engineer-s4-repair1-20261004t092409553052z/s3-two-rule-refusal-desktop.png
evidence/interface-engineer/interface-engineer-s4-repair1-20261004t092409553052z/s3-two-rule-refusal-mobile.png
evidence/interface-engineer/interface-engineer-s4-repair1-20261004t092409553052z/s3-upgraded-anchor-pair-desktop.png
evidence/interface-engineer/interface-engineer-s4-repair1-20261004t092409553052z/s3-upgraded-anchor-pair-mobile.png
evidence/interface-engineer/interface-engineer-s4-repair1-20261004t092409553052z/s3-upgraded-anchor-single-desktop.png
evidence/interface-engineer/interface-engineer-s4-repair1-20261004t092409553052z/s3-upgraded-anchor-single-mobile.png
evidence/interface-engineer/interface-engineer-s4-repair1-20261004t092409553052z/s4-actual-manager-refusal-desktop.png
evidence/interface-engineer/interface-engineer-s4-repair1-20261004t092409553052z/s4-actual-manager-refusal-mobile.png
evidence/interface-engineer/interface-engineer-s4-repair1-20261004t092409553052z/s4-apply-lost-desktop.png
evidence/interface-engineer/interface-engineer-s4-repair1-20261004t092409553052z/s4-apply-lost-mobile.png
evidence/interface-engineer/interface-engineer-s4-repair1-20261004t092409553052z/s4-apply-malformed-desktop.png
evidence/interface-engineer/interface-engineer-s4-repair1-20261004t092409553052z/s4-apply-malformed-mobile.png
evidence/interface-engineer/interface-engineer-s4-repair1-20261004t092409553052z/s4-current-confirmation-read-race-desktop.png
evidence/interface-engineer/interface-engineer-s4-repair1-20261004t092409553052z/s4-current-confirmation-read-race-mobile.png
evidence/interface-engineer/interface-engineer-s4-repair1-20261004t092409553052z/s4-exact-fractional-closure-desktop.png
evidence/interface-engineer/interface-engineer-s4-repair1-20261004t092409553052z/s4-exact-fractional-closure-mobile.png
evidence/interface-engineer/interface-engineer-s4-repair1-20261004t092409553052z/s4-full-planning-bound-desktop.png
evidence/interface-engineer/interface-engineer-s4-repair1-20261004t092409553052z/s4-full-planning-bound-mobile.png
evidence/interface-engineer/interface-engineer-s4-repair1-20261004t092409553052z/s4-genuine-stage3-populated-upgrade-desktop.png
evidence/interface-engineer/interface-engineer-s4-repair1-20261004t092409553052z/s4-genuine-stage3-populated-upgrade-mobile.png
evidence/interface-engineer/interface-engineer-s4-repair1-20261004t092409553052z/s4-infeasible-preview-desktop.png
evidence/interface-engineer/interface-engineer-s4-repair1-20261004t092409553052z/s4-infeasible-preview-mobile.png
evidence/interface-engineer/interface-engineer-s4-repair1-20261004t092409553052z/s4-manager-applied-desktop.png
evidence/interface-engineer/interface-engineer-s4-repair1-20261004t092409553052z/s4-manager-applied-mobile.png
evidence/interface-engineer/interface-engineer-s4-repair1-20261004t092409553052z/s4-manager-proposed-desktop.png
evidence/interface-engineer/interface-engineer-s4-repair1-20261004t092409553052z/s4-manager-proposed-mobile.png
evidence/interface-engineer/interface-engineer-s4-repair1-20261004t092409553052z/s4-preview-lost-desktop.png
evidence/interface-engineer/interface-engineer-s4-repair1-20261004t092409553052z/s4-preview-lost-mobile.png
evidence/interface-engineer/interface-engineer-s4-repair1-20261004t092409553052z/s4-preview-malformed-desktop.png
evidence/interface-engineer/interface-engineer-s4-repair1-20261004t092409553052z/s4-preview-malformed-mobile.png
evidence/interface-engineer/interface-engineer-s4-repair1-20261004t092409553052z/s4-refused-apply-outcomes-desktop.png
evidence/interface-engineer/interface-engineer-s4-repair1-20261004t092409553052z/s4-refused-apply-outcomes-mobile.png
evidence/interface-engineer/interface-engineer-s4-repair1-20261004t092409553052z/s4-repair1-current-after-apply-desktop.png
evidence/interface-engineer/interface-engineer-s4-repair1-20261004t092409553052z/s4-repair1-current-after-apply-mobile.png
evidence/interface-engineer/interface-engineer-s4-repair1-20261004t092409553052z/s4-repair1-field-type-refusal-desktop.png
evidence/interface-engineer/interface-engineer-s4-repair1-20261004t092409553052z/s4-repair1-field-type-refusal-mobile.png
evidence/interface-engineer/interface-engineer-s4-repair1-20261004t092409553052z/s4-repair1-recovered-preview-desktop.png
evidence/interface-engineer/interface-engineer-s4-repair1-20261004t092409553052z/s4-repair1-recovered-preview-mobile.png
evidence/interface-engineer/interface-engineer-s4-repair1-20261004t092409553052z/s4-repair1-refusal-response-lost-desktop.png
evidence/interface-engineer/interface-engineer-s4-repair1-20261004t092409553052z/s4-repair1-refusal-response-lost-mobile.png
evidence/interface-engineer/interface-engineer-s4-repair1-20261004t092409553052z/s4-series-amend-exceptions-desktop.png
evidence/interface-engineer/interface-engineer-s4-repair1-20261004t092409553052z/s4-series-amend-exceptions-mobile.png
evidence/interface-engineer/interface-engineer-s4-repair1-20261004t092409553052z/s4-series-amend-lost-desktop.png
evidence/interface-engineer/interface-engineer-s4-repair1-20261004t092409553052z/s4-series-amend-lost-mobile.png
evidence/interface-engineer/interface-engineer-s4-repair1-20261004t092409553052z/s4-series-amend-malformed-desktop.png
evidence/interface-engineer/interface-engineer-s4-repair1-20261004t092409553052z/s4-series-amend-malformed-mobile.png
evidence/interface-engineer/interface-engineer-s4-repair1-20261004t092409553052z/s4-series-empty-eligible-desktop.png
evidence/interface-engineer/interface-engineer-s4-repair1-20261004t092409553052z/s4-series-empty-eligible-mobile.png
evidence/interface-engineer/interface-engineer-s4-repair1-20261004t092409553052z/s4-series-occupancy-refusal-desktop.png
evidence/interface-engineer/interface-engineer-s4-repair1-20261004t092409553052z/s4-series-occupancy-refusal-mobile.png
evidence/interface-engineer/interface-engineer-s4-repair1-20261004t092409553052z/s4-series-other-restaurant-amendment-desktop.png
evidence/interface-engineer/interface-engineer-s4-repair1-20261004t092409553052z/s4-series-other-restaurant-amendment-mobile.png
evidence/interface-engineer/interface-engineer-s4-repair1-20261004t092409553052z/s4-series-seating-repair-desktop.png
evidence/interface-engineer/interface-engineer-s4-repair1-20261004t092409553052z/s4-series-seating-repair-mobile.png
evidence/interface-engineer/interface-engineer-s4-repair1-20261004t092409553052z/s4-series-stale-refusal-desktop.png
evidence/interface-engineer/interface-engineer-s4-repair1-20261004t092409553052z/s4-series-stale-refusal-mobile.png
evidence/interface-engineer/interface-engineer-s4-repair1-20261004t092409553052z/s4-stale-plan-refusal-desktop.png
evidence/interface-engineer/interface-engineer-s4-repair1-20261004t092409553052z/s4-stale-plan-refusal-mobile.png
evidence/interface-engineer/interface-engineer-s4-repair1-20261004t092409553052z/search-race-desktop.png
evidence/interface-engineer/interface-engineer-s4-repair1-20261004t092409553052z/search-race-mobile.png
evidence/interface-engineer/interface-engineer-s4-repair1-20261004t092409553052z/signed-in-signup-desktop.png
evidence/interface-engineer/interface-engineer-s4-repair1-20261004t092409553052z/signed-in-signup-mobile.png
evidence/interface-engineer/interface-engineer-s4-repair1-20261004t092409553052z/signup-labelled-desktop.png
evidence/interface-engineer/interface-engineer-s4-repair1-20261004t092409553052z/signup-labelled-mobile.png
evidence/interface-engineer/interface-engineer-s4-repair1-20261004t092409553052z/single-confirmation-desktop.png
evidence/interface-engineer/interface-engineer-s4-repair1-20261004t092409553052z/single-confirmation-mobile.png
evidence/interface-engineer/interface-engineer-s4-repair1-20261004t092409553052z/single-conflict-desktop.png
evidence/interface-engineer/interface-engineer-s4-repair1-20261004t092409553052z/single-conflict-mobile.png
evidence/interface-engineer/interface-engineer-s4-repair1-20261004t092409553052z/single-uncertain-desktop.png
evidence/interface-engineer/interface-engineer-s4-repair1-20261004t092409553052z/single-uncertain-mobile.png
evidence/interface-engineer/interface-engineer-s4-repair1-20261004t092409553052z/source-file-list.log
evidence/interface-engineer/interface-engineer-s4-repair1-20261004t092409553052z/start-accepted-s2.log
evidence/interface-engineer/interface-engineer-s4-repair1-20261004t092409553052z/start-accepted-s3.log
evidence/interface-engineer/interface-engineer-s4-repair1-20261004t092409553052z/start-accepted.log
evidence/interface-engineer/interface-engineer-s4-repair1-20261004t092409553052z/start-current.log
evidence/interface-engineer/interface-engineer-s4-repair1-20261004t092409553052z/start-destination.log
evidence/interface-engineer/interface-engineer-s4-repair1-20261004t092409553052z/start-historic.log
evidence/interface-engineer/interface-engineer-s4-repair1-20261004t092409553052z/start-old-stage2.log
evidence/interface-engineer/interface-engineer-s4-repair1-20261004t092409553052z/unavailable-grid-desktop.png
evidence/interface-engineer/interface-engineer-s4-repair1-20261004t092409553052z/unavailable-grid-mobile.png
evidence/interface-engineer/interface-engineer-s4-repair1-20261004t092409553052z/upgrade-1-49287b4a-single-desktop.png
evidence/interface-engineer/interface-engineer-s4-repair1-20261004t092409553052z/upgrade-1-49287b4a-single-mobile.png
evidence/interface-engineer/interface-engineer-s4-repair1-20261004t092409553052z/upgrade-1-75005d57-single-desktop.png
evidence/interface-engineer/interface-engineer-s4-repair1-20261004t092409553052z/upgrade-1-75005d57-single-mobile.png
evidence/interface-engineer/interface-engineer-s4-repair1-20261004t092409553052z/upgrade-2-16aee9f0-pair-desktop.png
evidence/interface-engineer/interface-engineer-s4-repair1-20261004t092409553052z/upgrade-2-16aee9f0-pair-mobile.png
evidence/interface-engineer/interface-engineer-s4-repair1-20261004t092409553052z/upgrade-2-16aee9f0-single-desktop.png
evidence/interface-engineer/interface-engineer-s4-repair1-20261004t092409553052z/upgrade-2-16aee9f0-single-mobile.png
evidence/interface-engineer/interface-engineer-s4-repair1-20261004t092409553052z/upgrade-2-4dba1024-pair-desktop.png
evidence/interface-engineer/interface-engineer-s4-repair1-20261004t092409553052z/upgrade-2-4dba1024-pair-mobile.png
evidence/interface-engineer/interface-engineer-s4-repair1-20261004t092409553052z/upgrade-2-4dba1024-single-desktop.png
evidence/interface-engineer/interface-engineer-s4-repair1-20261004t092409553052z/upgrade-2-4dba1024-single-mobile.png
evidence/interface-engineer/interface-engineer-s4-repair1-20261004t092409553052z/upgrade-3-91e2c471-pair-desktop.png
evidence/interface-engineer/interface-engineer-s4-repair1-20261004t092409553052z/upgrade-3-91e2c471-pair-mobile.png
evidence/interface-engineer/interface-engineer-s4-repair1-20261004t092409553052z/upgrade-3-91e2c471-single-desktop.png
evidence/interface-engineer/interface-engineer-s4-repair1-20261004t092409553052z/upgrade-3-91e2c471-single-mobile.png
evidence/interface-engineer/ledger.jsonl
evidence/interface-engineer/stage-4-repair1-evidence-proof.json
evidence/interface-engineer/stage-4-repair1-final-source-proof.json
evidence/interface-engineer/stage-4-repair1-handoff.md
evidence/interface-engineer/stage-4-repair1-runner-issues.md
evidence/interface-engineer/stage-4-repair1-visual-review.json
