evidence/independent-verifier/stage-2/reconstruction-preparation-2/checks-01/source-inputs/complete-package.md:2099: new blank line at EOF.
evidence/independent-verifier/stage-2/reconstruction-preparation-2/checks-01/source-inputs/numeric-value-decision.md:16: new blank line at EOF.
evidence/independent-verifier/stage-2/reconstruction-preparation-2/checks-01/source-inputs/participant-guide.md:91: trailing whitespace.
+  checks, not the full set of tests. That is enough to wire your service up, 
evidence/independent-verifier/stage-2/reconstruction-preparation-2/checks-01/source-inputs/participant-guide.md:92: trailing whitespace.
+  but it's not meant to be a list of what will be run. Build to the specification, not the tests. 
evidence/independent-verifier/stage-2/reconstruction-preparation-2/checks-01/source-inputs/participant-guide.md:109: trailing whitespace.
+   harness and model. 
evidence/independent-verifier/stage-2/reconstruction-preparation-2/checks-01/source-inputs/participant-guide.md:111: trailing whitespace.
+   each addressing the other by `@handle`, with a reply in each direction. 
evidence/independent-verifier/stage-2/reconstruction-preparation-2/checks-01/source-inputs/participant-guide.md:120: trailing whitespace.
+Every entry that passes the gates is judged on three criteria. 
evidence/independent-verifier/stage-2/reconstruction-preparation-2/checks-01/source-inputs/participant-guide.md:141: trailing whitespace.
+Use Python 3.12+, Git, a running Docker daemon, a Band Desktop account, 
evidence/independent-verifier/stage-2/reconstruction-preparation-2/checks-01/source-inputs/participant-guide.md:143: trailing whitespace.
+runtime/model, but can also use different harnesses or models. 
evidence/independent-verifier/stage-2/reconstruction-preparation-2/checks-01/source-inputs/participant-guide.md:185: trailing whitespace.
+command line; if you choose a different path - that's perfectly fine, just be aware 
evidence/independent-verifier/stage-2/reconstruction-preparation-2/checks-01/source-inputs/participant-guide.md:188: trailing whitespace.
+`../band-work/result` is the convention for where the output of the factory resides. 
evidence/independent-verifier/stage-2/reconstruction-preparation-2/checks-01/source-inputs/participant-guide.md:207: trailing whitespace.
+credentials outside the result repository and its Git history. 
evidence/independent-verifier/stage-2/reconstruction-preparation-2/checks-01/source-inputs/participant-guide.md:211: trailing whitespace.
+Band Desktop can start a seat's runtime inside a [Docker Sandbox](https://www.docker.com/products/docker-sandboxes/) — 
evidence/independent-verifier/stage-2/reconstruction-preparation-2/checks-01/source-inputs/participant-guide.md:306: trailing whitespace.
+pip install 
evidence/independent-verifier/stage-2/reconstruction-preparation-2/checks-01/source-inputs/participant-guide.md:344: trailing whitespace.
+If you see `hello.txt` on disk then things are working and you're clear to proceed. 
evidence/independent-verifier/stage-2/reconstruction-preparation-2/checks-01/source-inputs/participant-guide.md:499: trailing whitespace.
+Once you have everything ready and you want to prepare for submission, you can give the lead the full stage sequence up front. 
evidence/independent-verifier/stage-2/reconstruction-preparation-2/checks-01/source-inputs/participant-guide.md:500: trailing whitespace.
+The example below shows one way to do this. Replace `<WORKSPACE>` with the absolute path to the folder containing your `dark-factory-wearedevs/` 
evidence/independent-verifier/stage-2/reconstruction-preparation-2/checks-01/source-inputs/participant-guide.md:552: trailing whitespace.
+IMPORTANT: The package ships only part of the tests for each challenge, so this output cannot tell 
evidence/independent-verifier/stage-2/reconstruction-preparation-2/checks-01/source-inputs/participant-guide.md:554: trailing whitespace.
+meant to give you directional guidance, but judging will be done based on a larger set of tests, and a folder 
evidence/independent-verifier/stage-2/reconstruction-preparation-2/checks-01/source-inputs/participant-guide.md:601: trailing whitespace.
+Every one of them is written in the specification you were given, and a careful reading finds them. 
evidence/independent-verifier/stage-2/reconstruction-preparation-2/checks-01/source-inputs/participant-guide.md:656: trailing whitespace.
+   and it does not matter what the **Event type** and **Sender** filters are set to. 
evidence/independent-verifier/stage-2/reconstruction-preparation-2/checks-01/source-inputs/participant-guide.md:693: trailing whitespace.
+the lablab submission page. 
evidence/independent-verifier/stage-2/reconstruction-preparation-2/checks-01/source-inputs/receipt-decision.md:10: new blank line at EOF.
evidence/independent-verifier/stage-2/reconstruction-preparation-2/checks-02/source-inputs/complete-package.md:2099: new blank line at EOF.
evidence/independent-verifier/stage-2/reconstruction-preparation-2/checks-02/source-inputs/numeric-value-decision.md:16: new blank line at EOF.
evidence/independent-verifier/stage-2/reconstruction-preparation-2/checks-02/source-inputs/participant-guide.md:91: trailing whitespace.
+  checks, not the full set of tests. That is enough to wire your service up, 
evidence/independent-verifier/stage-2/reconstruction-preparation-2/checks-02/source-inputs/participant-guide.md:92: trailing whitespace.
+  but it's not meant to be a list of what will be run. Build to the specification, not the tests. 
evidence/independent-verifier/stage-2/reconstruction-preparation-2/checks-02/source-inputs/participant-guide.md:109: trailing whitespace.
+   harness and model. 
evidence/independent-verifier/stage-2/reconstruction-preparation-2/checks-02/source-inputs/participant-guide.md:111: trailing whitespace.
+   each addressing the other by `@handle`, with a reply in each direction. 
evidence/independent-verifier/stage-2/reconstruction-preparation-2/checks-02/source-inputs/participant-guide.md:120: trailing whitespace.
+Every entry that passes the gates is judged on three criteria. 
evidence/independent-verifier/stage-2/reconstruction-preparation-2/checks-02/source-inputs/participant-guide.md:141: trailing whitespace.
+Use Python 3.12+, Git, a running Docker daemon, a Band Desktop account, 
evidence/independent-verifier/stage-2/reconstruction-preparation-2/checks-02/source-inputs/participant-guide.md:143: trailing whitespace.
+runtime/model, but can also use different harnesses or models. 
evidence/independent-verifier/stage-2/reconstruction-preparation-2/checks-02/source-inputs/participant-guide.md:185: trailing whitespace.
+command line; if you choose a different path - that's perfectly fine, just be aware 
evidence/independent-verifier/stage-2/reconstruction-preparation-2/checks-02/source-inputs/participant-guide.md:188: trailing whitespace.
+`../band-work/result` is the convention for where the output of the factory resides. 
evidence/independent-verifier/stage-2/reconstruction-preparation-2/checks-02/source-inputs/participant-guide.md:207: trailing whitespace.
+credentials outside the result repository and its Git history. 
evidence/independent-verifier/stage-2/reconstruction-preparation-2/checks-02/source-inputs/participant-guide.md:211: trailing whitespace.
+Band Desktop can start a seat's runtime inside a [Docker Sandbox](https://www.docker.com/products/docker-sandboxes/) — 
evidence/independent-verifier/stage-2/reconstruction-preparation-2/checks-02/source-inputs/participant-guide.md:306: trailing whitespace.
+pip install 
evidence/independent-verifier/stage-2/reconstruction-preparation-2/checks-02/source-inputs/participant-guide.md:344: trailing whitespace.
+If you see `hello.txt` on disk then things are working and you're clear to proceed. 
evidence/independent-verifier/stage-2/reconstruction-preparation-2/checks-02/source-inputs/participant-guide.md:499: trailing whitespace.
+Once you have everything ready and you want to prepare for submission, you can give the lead the full stage sequence up front. 
evidence/independent-verifier/stage-2/reconstruction-preparation-2/checks-02/source-inputs/participant-guide.md:500: trailing whitespace.
+The example below shows one way to do this. Replace `<WORKSPACE>` with the absolute path to the folder containing your `dark-factory-wearedevs/` 
evidence/independent-verifier/stage-2/reconstruction-preparation-2/checks-02/source-inputs/participant-guide.md:552: trailing whitespace.
+IMPORTANT: The package ships only part of the tests for each challenge, so this output cannot tell 
evidence/independent-verifier/stage-2/reconstruction-preparation-2/checks-02/source-inputs/participant-guide.md:554: trailing whitespace.
+meant to give you directional guidance, but judging will be done based on a larger set of tests, and a folder 
evidence/independent-verifier/stage-2/reconstruction-preparation-2/checks-02/source-inputs/participant-guide.md:601: trailing whitespace.
+Every one of them is written in the specification you were given, and a careful reading finds them. 
evidence/independent-verifier/stage-2/reconstruction-preparation-2/checks-02/source-inputs/participant-guide.md:656: trailing whitespace.
+   and it does not matter what the **Event type** and **Sender** filters are set to. 
evidence/independent-verifier/stage-2/reconstruction-preparation-2/checks-02/source-inputs/participant-guide.md:693: trailing whitespace.
+the lablab submission page. 
evidence/independent-verifier/stage-2/reconstruction-preparation-2/checks-02/source-inputs/receipt-decision.md:10: new blank line at EOF.
evidence/independent-verifier/stage-2/reconstruction-preparation-2/checks-03/source-inputs/complete-package.md:2099: new blank line at EOF.
evidence/independent-verifier/stage-2/reconstruction-preparation-2/checks-03/source-inputs/numeric-value-decision.md:16: new blank line at EOF.
evidence/independent-verifier/stage-2/reconstruction-preparation-2/checks-03/source-inputs/participant-guide.md:91: trailing whitespace.
+  checks, not the full set of tests. That is enough to wire your service up, 
evidence/independent-verifier/stage-2/reconstruction-preparation-2/checks-03/source-inputs/participant-guide.md:92: trailing whitespace.
+  but it's not meant to be a list of what will be run. Build to the specification, not the tests. 
evidence/independent-verifier/stage-2/reconstruction-preparation-2/checks-03/source-inputs/participant-guide.md:109: trailing whitespace.
+   harness and model. 
evidence/independent-verifier/stage-2/reconstruction-preparation-2/checks-03/source-inputs/participant-guide.md:111: trailing whitespace.
+   each addressing the other by `@handle`, with a reply in each direction. 
evidence/independent-verifier/stage-2/reconstruction-preparation-2/checks-03/source-inputs/participant-guide.md:120: trailing whitespace.
+Every entry that passes the gates is judged on three criteria. 
evidence/independent-verifier/stage-2/reconstruction-preparation-2/checks-03/source-inputs/participant-guide.md:141: trailing whitespace.
+Use Python 3.12+, Git, a running Docker daemon, a Band Desktop account, 
evidence/independent-verifier/stage-2/reconstruction-preparation-2/checks-03/source-inputs/participant-guide.md:143: trailing whitespace.
+runtime/model, but can also use different harnesses or models. 
evidence/independent-verifier/stage-2/reconstruction-preparation-2/checks-03/source-inputs/participant-guide.md:185: trailing whitespace.
+command line; if you choose a different path - that's perfectly fine, just be aware 
evidence/independent-verifier/stage-2/reconstruction-preparation-2/checks-03/source-inputs/participant-guide.md:188: trailing whitespace.
+`../band-work/result` is the convention for where the output of the factory resides. 
evidence/independent-verifier/stage-2/reconstruction-preparation-2/checks-03/source-inputs/participant-guide.md:207: trailing whitespace.
+credentials outside the result repository and its Git history. 
evidence/independent-verifier/stage-2/reconstruction-preparation-2/checks-03/source-inputs/participant-guide.md:211: trailing whitespace.
+Band Desktop can start a seat's runtime inside a [Docker Sandbox](https://www.docker.com/products/docker-sandboxes/) — 
evidence/independent-verifier/stage-2/reconstruction-preparation-2/checks-03/source-inputs/participant-guide.md:306: trailing whitespace.
+pip install 
evidence/independent-verifier/stage-2/reconstruction-preparation-2/checks-03/source-inputs/participant-guide.md:344: trailing whitespace.
+If you see `hello.txt` on disk then things are working and you're clear to proceed. 
evidence/independent-verifier/stage-2/reconstruction-preparation-2/checks-03/source-inputs/participant-guide.md:499: trailing whitespace.
+Once you have everything ready and you want to prepare for submission, you can give the lead the full stage sequence up front. 
evidence/independent-verifier/stage-2/reconstruction-preparation-2/checks-03/source-inputs/participant-guide.md:500: trailing whitespace.
+The example below shows one way to do this. Replace `<WORKSPACE>` with the absolute path to the folder containing your `dark-factory-wearedevs/` 
evidence/independent-verifier/stage-2/reconstruction-preparation-2/checks-03/source-inputs/participant-guide.md:552: trailing whitespace.
+IMPORTANT: The package ships only part of the tests for each challenge, so this output cannot tell 
evidence/independent-verifier/stage-2/reconstruction-preparation-2/checks-03/source-inputs/participant-guide.md:554: trailing whitespace.
+meant to give you directional guidance, but judging will be done based on a larger set of tests, and a folder 
evidence/independent-verifier/stage-2/reconstruction-preparation-2/checks-03/source-inputs/participant-guide.md:601: trailing whitespace.
+Every one of them is written in the specification you were given, and a careful reading finds them. 
evidence/independent-verifier/stage-2/reconstruction-preparation-2/checks-03/source-inputs/participant-guide.md:656: trailing whitespace.
+   and it does not matter what the **Event type** and **Sender** filters are set to. 
evidence/independent-verifier/stage-2/reconstruction-preparation-2/checks-03/source-inputs/participant-guide.md:693: trailing whitespace.
+the lablab submission page. 
evidence/independent-verifier/stage-2/reconstruction-preparation-2/checks-03/source-inputs/receipt-decision.md:10: new blank line at EOF.
