[
    {
        "Id": "1bdcdf54231b7d8b90409e7e21c79d74763b8880cb82d5a666b349d5580ee67d",
        "Created": "2026-10-04T09:24:54.057028422Z",
        "Path": "python",
        "Args": [
            "server.py"
        ],
        "State": {
            "Status": "running",
            "Running": true,
            "Paused": false,
            "Restarting": false,
            "OOMKilled": false,
            "Dead": false,
            "Pid": 7777,
            "ExitCode": 0,
            "Error": "",
            "StartedAt": "2026-10-04T09:24:54.077960172Z",
            "FinishedAt": "0001-01-01T00:00:00Z"
        },
        "Image": "sha256:580876a917081b9e6de0f3de6b92a29ecbbce169616334e994d67eca61e7b80e",
        "ResolvConfPath": "/var/lib/docker/containers/1bdcdf54231b7d8b90409e7e21c79d74763b8880cb82d5a666b349d5580ee67d/resolv.conf",
        "HostnamePath": "/var/lib/docker/containers/1bdcdf54231b7d8b90409e7e21c79d74763b8880cb82d5a666b349d5580ee67d/hostname",
        "HostsPath": "/var/lib/docker/containers/1bdcdf54231b7d8b90409e7e21c79d74763b8880cb82d5a666b349d5580ee67d/hosts",
        "LogPath": "/var/lib/docker/containers/1bdcdf54231b7d8b90409e7e21c79d74763b8880cb82d5a666b349d5580ee67d/1bdcdf54231b7d8b90409e7e21c79d74763b8880cb82d5a666b349d5580ee67d-json.log",
        "Name": "/interface-engineer-s4r1-20261004t092409553052z-old-stage2",
        "RestartCount": 0,
        "Driver": "overlayfs",
        "Platform": "linux",
        "MountLabel": "",
        "ProcessLabel": "",
        "AppArmorProfile": "",
        "ExecIDs": null,
        "HostConfig": {
            "Binds": null,
            "ContainerIDFile": "",
            "LogConfig": {
                "Type": "json-file",
                "Config": {}
            },
            "NetworkMode": "interface-engineer-s4r1-20261004t092409553052z",
            "PortBindings": {
                "8080/tcp": [
                    {
                        "HostIp": "",
                        "HostPort": "18254"
                    }
                ]
            },
            "RestartPolicy": {
                "Name": "no",
                "MaximumRetryCount": 0
            },
            "AutoRemove": false,
            "VolumeDriver": "",
            "VolumesFrom": null,
            "ConsoleSize": [
                0,
                0
            ],
            "CapAdd": null,
            "CapDrop": null,
            "CgroupnsMode": "private",
            "Dns": null,
            "DnsOptions": [],
            "DnsSearch": [],
            "ExtraHosts": null,
            "GroupAdd": null,
            "IpcMode": "private",
            "Cgroup": "",
            "Links": null,
            "OomScoreAdj": 0,
            "PidMode": "",
            "Privileged": false,
            "PublishAllPorts": false,
            "ReadonlyRootfs": false,
            "SecurityOpt": null,
            "UTSMode": "",
            "UsernsMode": "",
            "ShmSize": 67108864,
            "Runtime": "runc",
            "Isolation": "",
            "CpuShares": 0,
            "Memory": 2147483648,
            "NanoCpus": 2000000000,
            "CgroupParent": "",
            "BlkioWeight": 0,
            "BlkioWeightDevice": [],
            "BlkioDeviceReadBps": [],
            "BlkioDeviceWriteBps": [],
            "BlkioDeviceReadIOps": [],
            "BlkioDeviceWriteIOps": [],
            "CpuPeriod": 0,
            "CpuQuota": 0,
            "CpuRealtimePeriod": 0,
            "CpuRealtimeRuntime": 0,
            "CpusetCpus": "",
            "CpusetMems": "",
            "Devices": [],
            "DeviceCgroupRules": null,
            "DeviceRequests": null,
            "MemoryReservation": 0,
            "MemorySwap": 4294967296,
            "MemorySwappiness": null,
            "OomKillDisable": null,
            "PidsLimit": null,
            "Ulimits": null,
            "CpuCount": 0,
            "CpuPercent": 0,
            "IOMaximumIOps": 0,
            "IOMaximumBandwidth": 0,
            "MaskedPaths": [
                "/proc/acpi",
                "/proc/asound",
                "/proc/interrupts",
                "/proc/kcore",
                "/proc/keys",
                "/proc/latency_stats",
                "/proc/sched_debug",
                "/proc/scsi",
                "/proc/timer_list",
                "/proc/timer_stats",
                "/sys/devices/virtual/powercap",
                "/sys/firmware"
            ],
            "ReadonlyPaths": [
                "/proc/bus",
                "/proc/fs",
                "/proc/irq",
                "/proc/sys",
                "/proc/sysrq-trigger"
            ]
        },
        "Storage": {
            "RootFS": {
                "Snapshot": {
                    "Name": "overlayfs"
                }
            }
        },
        "Mounts": [],
        "Config": {
            "Hostname": "1bdcdf54231b",
            "Domainname": "",
            "User": "65532:65532",
            "AttachStdin": false,
            "AttachStdout": false,
            "AttachStderr": false,
            "ExposedPorts": {
                "8080/tcp": {}
            },
            "Tty": false,
            "OpenStdin": false,
            "StdinOnce": false,
            "Env": [
                "PATH=/usr/local/bin:/usr/local/sbin:/usr/local/bin:/usr/sbin:/usr/bin:/sbin:/bin",
                "LANG=C.UTF-8",
                "GPG_KEY=7169605F62C751356D054A26A821E680E5FA6305",
                "PYTHON_VERSION=3.12.15",
                "PYTHON_SHA256=c2c4321961fab0fb999d66e0cecf521c2ab3994c7992873ea99e306c1094fd5a",
                "PYTHONUNBUFFERED=1",
                "PYTHONDONTWRITEBYTECODE=1"
            ],
            "Cmd": [
                "python",
                "server.py"
            ],
            "Image": "interface-engineer-tablekeeper-old-stage2:reconstructed-20261004t092409553052z",
            "Volumes": null,
            "WorkingDir": "/app",
            "Entrypoint": null,
            "Labels": {}
        },
        "NetworkSettings": {
            "SandboxID": "5c7ed3e1b55103823d8ead071149ef5758f7375fca4e9e5b127b6f6e09b9c800",
            "SandboxKey": "/var/run/docker/netns/5c7ed3e1b551",
            "Ports": {
                "8080/tcp": []
            },
            "Networks": {
                "interface-engineer-s4r1-20261004t092409553052z": {
                    "IPAMConfig": null,
                    "Links": null,
                    "Aliases": null,
                    "DriverOpts": null,
                    "GwPriority": 0,
                    "NetworkID": "380718a04564fb123e7a29d2d91d3b4e1967b873cc6a87daffd070a9ea159ff4",
                    "EndpointID": "de1d32dd1f1a1cd021c6ea91bedca37f8802a3eb060157e9ab436add58351016",
                    "Gateway": "",
                    "IPAddress": "172.18.0.6",
                    "MacAddress": "36:c1:96:9b:87:e3",
                    "IPPrefixLen": 16,
                    "IPv6Gateway": "",
                    "GlobalIPv6Address": "",
                    "GlobalIPv6PrefixLen": 0,
                    "DNSNames": [
                        "interface-engineer-s4r1-20261004t092409553052z-old-stage2",
                        "1bdcdf54231b"
                    ]
                }
            }
        },
        "ImageManifestDescriptor": {
            "mediaType": "application/vnd.oci.image.manifest.v1+json",
            "digest": "sha256:5483a71b7b64a0efeae6a47cfacdeeef7ccdf5d65af12b555182e3d2c31bee48",
            "size": 1996,
            "platform": {
                "architecture": "arm64",
                "os": "linux"
            }
        }
    }
]
