[
    {
        "Id": "9f3bf014c803e4d1348c7246332e6935e194459517d3159bf153094047740bfd",
        "Created": "2026-10-04T09:24:35.221039135Z",
        "Path": "python",
        "Args": [
            "server.py"
        ],
        "State": {
            "Status": "running",
            "Running": true,
            "Paused": false,
            "Restarting": false,
            "OOMKilled": false,
            "Dead": false,
            "Pid": 7595,
            "ExitCode": 0,
            "Error": "",
            "StartedAt": "2026-10-04T09:24:35.240723385Z",
            "FinishedAt": "0001-01-01T00:00:00Z"
        },
        "Image": "sha256:4668725a129d03e270b04fda5a59182b20257df3293606599b633a959ef1c1da",
        "ResolvConfPath": "/var/lib/docker/containers/9f3bf014c803e4d1348c7246332e6935e194459517d3159bf153094047740bfd/resolv.conf",
        "HostnamePath": "/var/lib/docker/containers/9f3bf014c803e4d1348c7246332e6935e194459517d3159bf153094047740bfd/hostname",
        "HostsPath": "/var/lib/docker/containers/9f3bf014c803e4d1348c7246332e6935e194459517d3159bf153094047740bfd/hosts",
        "LogPath": "/var/lib/docker/containers/9f3bf014c803e4d1348c7246332e6935e194459517d3159bf153094047740bfd/9f3bf014c803e4d1348c7246332e6935e194459517d3159bf153094047740bfd-json.log",
        "Name": "/interface-engineer-s4r1-20261004t092409553052z-accepted",
        "RestartCount": 0,
        "Driver": "overlayfs",
        "Platform": "linux",
        "MountLabel": "",
        "ProcessLabel": "",
        "AppArmorProfile": "",
        "ExecIDs": null,
        "HostConfig": {
            "Binds": null,
            "ContainerIDFile": "",
            "LogConfig": {
                "Type": "json-file",
                "Config": {}
            },
            "NetworkMode": "interface-engineer-s4r1-20261004t092409553052z",
            "PortBindings": {
                "8080/tcp": [
                    {
                        "HostIp": "",
                        "HostPort": "18252"
                    }
                ]
            },
            "RestartPolicy": {
                "Name": "no",
                "MaximumRetryCount": 0
            },
            "AutoRemove": false,
            "VolumeDriver": "",
            "VolumesFrom": null,
            "ConsoleSize": [
                0,
                0
            ],
            "CapAdd": null,
            "CapDrop": null,
            "CgroupnsMode": "private",
            "Dns": null,
            "DnsOptions": [],
            "DnsSearch": [],
            "ExtraHosts": null,
            "GroupAdd": null,
            "IpcMode": "private",
            "Cgroup": "",
            "Links": null,
            "OomScoreAdj": 0,
            "PidMode": "",
            "Privileged": false,
            "PublishAllPorts": false,
            "ReadonlyRootfs": false,
            "SecurityOpt": null,
            "UTSMode": "",
            "UsernsMode": "",
            "ShmSize": 67108864,
            "Runtime": "runc",
            "Isolation": "",
            "CpuShares": 0,
            "Memory": 2147483648,
            "NanoCpus": 2000000000,
            "CgroupParent": "",
            "BlkioWeight": 0,
            "BlkioWeightDevice": [],
            "BlkioDeviceReadBps": [],
            "BlkioDeviceWriteBps": [],
            "BlkioDeviceReadIOps": [],
            "BlkioDeviceWriteIOps": [],
            "CpuPeriod": 0,
            "CpuQuota": 0,
            "CpuRealtimePeriod": 0,
            "CpuRealtimeRuntime": 0,
            "CpusetCpus": "",
            "CpusetMems": "",
            "Devices": [],
            "DeviceCgroupRules": null,
            "DeviceRequests": null,
            "MemoryReservation": 0,
            "MemorySwap": 4294967296,
            "MemorySwappiness": null,
            "OomKillDisable": null,
            "PidsLimit": null,
            "Ulimits": null,
            "CpuCount": 0,
            "CpuPercent": 0,
            "IOMaximumIOps": 0,
            "IOMaximumBandwidth": 0,
            "MaskedPaths": [
                "/proc/acpi",
                "/proc/asound",
                "/proc/interrupts",
                "/proc/kcore",
                "/proc/keys",
                "/proc/latency_stats",
                "/proc/sched_debug",
                "/proc/scsi",
                "/proc/timer_list",
                "/proc/timer_stats",
                "/sys/devices/virtual/powercap",
                "/sys/firmware"
            ],
            "ReadonlyPaths": [
                "/proc/bus",
                "/proc/fs",
                "/proc/irq",
                "/proc/sys",
                "/proc/sysrq-trigger"
            ]
        },
        "Storage": {
            "RootFS": {
                "Snapshot": {
                    "Name": "overlayfs"
                }
            }
        },
        "Mounts": [],
        "Config": {
            "Hostname": "9f3bf014c803",
            "Domainname": "",
            "User": "65532:65532",
            "AttachStdin": false,
            "AttachStdout": false,
            "AttachStderr": false,
            "ExposedPorts": {
                "8080/tcp": {}
            },
            "Tty": false,
            "OpenStdin": false,
            "StdinOnce": false,
            "Env": [
                "PATH=/usr/local/bin:/usr/local/sbin:/usr/local/bin:/usr/sbin:/usr/bin:/sbin:/bin",
                "LANG=C.UTF-8",
                "GPG_KEY=7169605F62C751356D054A26A821E680E5FA6305",
                "PYTHON_VERSION=3.12.15",
                "PYTHON_SHA256=c2c4321961fab0fb999d66e0cecf521c2ab3994c7992873ea99e306c1094fd5a",
                "PYTHONUNBUFFERED=1",
                "PYTHONDONTWRITEBYTECODE=1"
            ],
            "Cmd": [
                "python",
                "server.py"
            ],
            "Image": "interface-engineer-tablekeeper-accepted:reconstructed-20261004t092409553052z",
            "Volumes": null,
            "WorkingDir": "/app",
            "Entrypoint": null,
            "Labels": {}
        },
        "NetworkSettings": {
            "SandboxID": "dbd93d0015508a1f97f2bda2662b20bdf84a6ada67033babc751b41a8d4013a9",
            "SandboxKey": "/var/run/docker/netns/dbd93d001550",
            "Ports": {
                "8080/tcp": []
            },
            "Networks": {
                "interface-engineer-s4r1-20261004t092409553052z": {
                    "IPAMConfig": null,
                    "Links": null,
                    "Aliases": null,
                    "DriverOpts": null,
                    "GwPriority": 0,
                    "NetworkID": "380718a04564fb123e7a29d2d91d3b4e1967b873cc6a87daffd070a9ea159ff4",
                    "EndpointID": "6eaea616dda466d2458e0a8a558c4c78a74d31e0b4a9901ac3951c20eabfa256",
                    "Gateway": "",
                    "IPAddress": "172.18.0.4",
                    "MacAddress": "d6:7f:94:81:dc:18",
                    "IPPrefixLen": 16,
                    "IPv6Gateway": "",
                    "GlobalIPv6Address": "",
                    "GlobalIPv6PrefixLen": 0,
                    "DNSNames": [
                        "interface-engineer-s4r1-20261004t092409553052z-accepted",
                        "9f3bf014c803"
                    ]
                }
            }
        },
        "ImageManifestDescriptor": {
            "mediaType": "application/vnd.oci.image.manifest.v1+json",
            "digest": "sha256:5f1dd233fe2c8f91707e84d2ef9ebee7e4fc685f60e6dfd6ead63e16af1b44ee",
            "size": 1806,
            "platform": {
                "architecture": "arm64",
                "os": "linux"
            }
        }
    }
]
