[
    {
        "Id": "e7c03a7eb0243777a421631f780baadc3eb0b07e22a559304f9d82c62472d683",
        "Created": "2026-10-04T09:24:44.638722167Z",
        "Path": "python",
        "Args": [
            "server.py"
        ],
        "State": {
            "Status": "running",
            "Running": true,
            "Paused": false,
            "Restarting": false,
            "OOMKilled": false,
            "Dead": false,
            "Pid": 7686,
            "ExitCode": 0,
            "Error": "",
            "StartedAt": "2026-10-04T09:24:44.657136251Z",
            "FinishedAt": "0001-01-01T00:00:00Z"
        },
        "Image": "sha256:c62b80409afb3d77930be8c584f8322e4e98869c9a52493ad92373f9ec94f4aa",
        "ResolvConfPath": "/var/lib/docker/containers/e7c03a7eb0243777a421631f780baadc3eb0b07e22a559304f9d82c62472d683/resolv.conf",
        "HostnamePath": "/var/lib/docker/containers/e7c03a7eb0243777a421631f780baadc3eb0b07e22a559304f9d82c62472d683/hostname",
        "HostsPath": "/var/lib/docker/containers/e7c03a7eb0243777a421631f780baadc3eb0b07e22a559304f9d82c62472d683/hosts",
        "LogPath": "/var/lib/docker/containers/e7c03a7eb0243777a421631f780baadc3eb0b07e22a559304f9d82c62472d683/e7c03a7eb0243777a421631f780baadc3eb0b07e22a559304f9d82c62472d683-json.log",
        "Name": "/interface-engineer-s4r1-20261004t092409553052z-historic",
        "RestartCount": 0,
        "Driver": "overlayfs",
        "Platform": "linux",
        "MountLabel": "",
        "ProcessLabel": "",
        "AppArmorProfile": "",
        "ExecIDs": null,
        "HostConfig": {
            "Binds": null,
            "ContainerIDFile": "",
            "LogConfig": {
                "Type": "json-file",
                "Config": {}
            },
            "NetworkMode": "interface-engineer-s4r1-20261004t092409553052z",
            "PortBindings": {
                "8080/tcp": [
                    {
                        "HostIp": "",
                        "HostPort": "18253"
                    }
                ]
            },
            "RestartPolicy": {
                "Name": "no",
                "MaximumRetryCount": 0
            },
            "AutoRemove": false,
            "VolumeDriver": "",
            "VolumesFrom": null,
            "ConsoleSize": [
                0,
                0
            ],
            "CapAdd": null,
            "CapDrop": null,
            "CgroupnsMode": "private",
            "Dns": null,
            "DnsOptions": [],
            "DnsSearch": [],
            "ExtraHosts": null,
            "GroupAdd": null,
            "IpcMode": "private",
            "Cgroup": "",
            "Links": null,
            "OomScoreAdj": 0,
            "PidMode": "",
            "Privileged": false,
            "PublishAllPorts": false,
            "ReadonlyRootfs": false,
            "SecurityOpt": null,
            "UTSMode": "",
            "UsernsMode": "",
            "ShmSize": 67108864,
            "Runtime": "runc",
            "Isolation": "",
            "CpuShares": 0,
            "Memory": 2147483648,
            "NanoCpus": 2000000000,
            "CgroupParent": "",
            "BlkioWeight": 0,
            "BlkioWeightDevice": [],
            "BlkioDeviceReadBps": [],
            "BlkioDeviceWriteBps": [],
            "BlkioDeviceReadIOps": [],
            "BlkioDeviceWriteIOps": [],
            "CpuPeriod": 0,
            "CpuQuota": 0,
            "CpuRealtimePeriod": 0,
            "CpuRealtimeRuntime": 0,
            "CpusetCpus": "",
            "CpusetMems": "",
            "Devices": [],
            "DeviceCgroupRules": null,
            "DeviceRequests": null,
            "MemoryReservation": 0,
            "MemorySwap": 4294967296,
            "MemorySwappiness": null,
            "OomKillDisable": null,
            "PidsLimit": null,
            "Ulimits": null,
            "CpuCount": 0,
            "CpuPercent": 0,
            "IOMaximumIOps": 0,
            "IOMaximumBandwidth": 0,
            "MaskedPaths": [
                "/proc/acpi",
                "/proc/asound",
                "/proc/interrupts",
                "/proc/kcore",
                "/proc/keys",
                "/proc/latency_stats",
                "/proc/sched_debug",
                "/proc/scsi",
                "/proc/timer_list",
                "/proc/timer_stats",
                "/sys/devices/virtual/powercap",
                "/sys/firmware"
            ],
            "ReadonlyPaths": [
                "/proc/bus",
                "/proc/fs",
                "/proc/irq",
                "/proc/sys",
                "/proc/sysrq-trigger"
            ]
        },
        "Storage": {
            "RootFS": {
                "Snapshot": {
                    "Name": "overlayfs"
                }
            }
        },
        "Mounts": [],
        "Config": {
            "Hostname": "e7c03a7eb024",
            "Domainname": "",
            "User": "65532:65532",
            "AttachStdin": false,
            "AttachStdout": false,
            "AttachStderr": false,
            "ExposedPorts": {
                "8080/tcp": {}
            },
            "Tty": false,
            "OpenStdin": false,
            "StdinOnce": false,
            "Env": [
                "PATH=/usr/local/bin:/usr/local/sbin:/usr/local/bin:/usr/sbin:/usr/bin:/sbin:/bin",
                "LANG=C.UTF-8",
                "GPG_KEY=7169605F62C751356D054A26A821E680E5FA6305",
                "PYTHON_VERSION=3.12.15",
                "PYTHON_SHA256=c2c4321961fab0fb999d66e0cecf521c2ab3994c7992873ea99e306c1094fd5a",
                "PYTHONUNBUFFERED=1",
                "PYTHONDONTWRITEBYTECODE=1"
            ],
            "Cmd": [
                "python",
                "server.py"
            ],
            "Image": "interface-engineer-tablekeeper-historic:reconstructed-20261004t092409553052z",
            "Volumes": null,
            "WorkingDir": "/app",
            "Entrypoint": null,
            "Labels": {}
        },
        "NetworkSettings": {
            "SandboxID": "1c2f57377c35eccddb99a6fa2f9cf6759ecc8dbafa64017f6bad5b0e395ee1f8",
            "SandboxKey": "/var/run/docker/netns/1c2f57377c35",
            "Ports": {
                "8080/tcp": []
            },
            "Networks": {
                "interface-engineer-s4r1-20261004t092409553052z": {
                    "IPAMConfig": null,
                    "Links": null,
                    "Aliases": null,
                    "DriverOpts": null,
                    "GwPriority": 0,
                    "NetworkID": "380718a04564fb123e7a29d2d91d3b4e1967b873cc6a87daffd070a9ea159ff4",
                    "EndpointID": "04c95614694fc5729d8226e21fc7e44bf6698d7f26107d731698454ded1407b8",
                    "Gateway": "",
                    "IPAddress": "172.18.0.5",
                    "MacAddress": "72:81:64:5d:ee:8e",
                    "IPPrefixLen": 16,
                    "IPv6Gateway": "",
                    "GlobalIPv6Address": "",
                    "GlobalIPv6PrefixLen": 0,
                    "DNSNames": [
                        "interface-engineer-s4r1-20261004t092409553052z-historic",
                        "e7c03a7eb024"
                    ]
                }
            }
        },
        "ImageManifestDescriptor": {
            "mediaType": "application/vnd.oci.image.manifest.v1+json",
            "digest": "sha256:77fb20b7d0c02ff8eab0351f49d775666c9f9b2341530fe60ff084be88341f8e",
            "size": 1806,
            "platform": {
                "architecture": "arm64",
                "os": "linux"
            }
        }
    }
]
