commit f783598428a88d53490f68498063ed69e02201b3
Author:     Systems Engineer <systems-engineer@nightwatch-foundry.invalid>
AuthorDate: Sat Oct 3 22:40:51 2026 -0700
Commit:     Systems Engineer <systems-engineer@nightwatch-foundry.invalid>
CommitDate: Sat Oct 3 22:40:51 2026 -0700

    Reconstruct Stage 2 seating on accepted exact JSON foundation

evidence/systems-engineer/ledger.jsonl
evidence/systems-engineer/stage-1-builder-probes.py
evidence/systems-engineer/stage-2-reconstruct-arithmetic-probes.py
evidence/systems-engineer/stage-2-reconstruct-design.md
evidence/systems-engineer/systems-engineer-s2-reconstruct-direct-01/check-0.log
evidence/systems-engineer/systems-engineer-s2-reconstruct-direct-01/check-1.log
evidence/systems-engineer/systems-engineer-s2-reconstruct-direct-01/commands.json
evidence/systems-engineer/systems-engineer-s2-reconstruct-direct-01/member-oracle.json
evidence/systems-engineer/systems-engineer-s2-reconstruct-direct-02/arithmetic.json
evidence/systems-engineer/systems-engineer-s2-reconstruct-direct-02/check-0.log
evidence/systems-engineer/systems-engineer-s2-reconstruct-direct-02/check-1.log
evidence/systems-engineer/systems-engineer-s2-reconstruct-direct-02/check-2.log
evidence/systems-engineer/systems-engineer-s2-reconstruct-direct-02/commands.json
evidence/systems-engineer/systems-engineer-s2-reconstruct-direct-02/member-oracle.json
stage-2/core.py
stage-2/json_codec.py
