#0 building with "desktop-linux" instance using docker driver

#1 [internal] load build definition from Dockerfile
#1 transferring dockerfile: 179B done
#1 DONE 0.0s

#2 [internal] load metadata for docker.io/library/independent-verifier-s3-1004072505:client
#2 DONE 0.0s

#3 [internal] load .dockerignore
#3 transferring context: 2B done
#3 DONE 0.0s

#4 [1/4] FROM docker.io/library/independent-verifier-s3-1004072505:client@sha256:be9903a12d0215f32a3ed9704fed5d84c7a0e534c40ce7e9c0389e31c6ab398c
#4 resolve docker.io/library/independent-verifier-s3-1004072505:client@sha256:be9903a12d0215f32a3ed9704fed5d84c7a0e534c40ce7e9c0389e31c6ab398c done
#4 DONE 0.0s

#5 [internal] load build context
#5 transferring context: 11.26MB 0.1s done
#5 DONE 0.1s

#6 [2/4] COPY stage-1 /verifier/stage-1
#6 CACHED

#7 [3/4] COPY stage-2 /verifier/stage-2
#7 CACHED

#8 [4/4] COPY stage-3 /verifier/stage-3
#8 DONE 0.0s

#9 exporting to image
#9 exporting layers
#9 exporting layers 0.0s done
#9 exporting manifest sha256:d00a6939d9ac6905c94b3e033d11603f097a1aeabb0b3045cf991a732932359d done
#9 exporting config sha256:ac3da3d86683cc75acfdecf3ca4091fd0f61f765808517373615139c68a0b148 done
#9 exporting attestation manifest sha256:86b5ad2bfd692cdfe663cf953112d050bd50ae1a48b026209c061af707ce56e6 done
#9 exporting manifest list sha256:dd24af7579c4a1bd0b91c628665e88e3b31e452313a1c93c16291d02a41e3ae6 done
#9 naming to docker.io/library/independent-verifier-s3-1004072505:client-f9d2ea62 done
#9 unpacking to docker.io/library/independent-verifier-s3-1004072505:client-f9d2ea62 done
#9 DONE 0.0s
