#0 building with "desktop-linux" instance using docker driver

#1 [internal] load build definition from Dockerfile
#1 transferring dockerfile: 179B done
#1 DONE 0.0s

#2 [internal] load metadata for docker.io/library/independent-verifier-s3-1004072505:client
#2 DONE 0.0s

#3 [internal] load .dockerignore
#3 transferring context: 2B done
#3 DONE 0.0s

#4 [1/4] FROM docker.io/library/independent-verifier-s3-1004072505:client@sha256:be9903a12d0215f32a3ed9704fed5d84c7a0e534c40ce7e9c0389e31c6ab398c
#4 resolve docker.io/library/independent-verifier-s3-1004072505:client@sha256:be9903a12d0215f32a3ed9704fed5d84c7a0e534c40ce7e9c0389e31c6ab398c 0.0s done
#4 DONE 0.0s

#5 [internal] load build context
#5 transferring context: 11.26MB 0.1s done
#5 DONE 0.1s

#6 [2/4] COPY stage-1 /verifier/stage-1
#6 CACHED

#7 [3/4] COPY stage-2 /verifier/stage-2
#7 CACHED

#8 [4/4] COPY stage-3 /verifier/stage-3
#8 DONE 0.0s

#9 exporting to image
#9 exporting layers 0.0s done
#9 exporting manifest sha256:94d529b66b8346a4cf47a339db924f7b93f68bae92170ad296e0c76f59bfe031 done
#9 exporting config sha256:a7f4af43fbc7626cdfff3f4e6ee96c45c62db5b92d4c067f98f3f35b951112ca done
#9 exporting attestation manifest sha256:76254a75c14638e388ba065608cfb807d3ccd887738a66395b75c08c9fbdd700 done
#9 exporting manifest list sha256:6cb18a6443f8c2774ccfd430a648700116e48829eadb0715fcc7ffb479baae7c done
#9 naming to docker.io/library/independent-verifier-s3-1004072505:client-cb05cd67 done
#9 unpacking to docker.io/library/independent-verifier-s3-1004072505:client-cb05cd67 done
#9 DONE 0.0s
