[
    {
        "Id": "f360835df3e020fc138ebfef8eff86d50ad7c2ba4a1dbc3f5dd882c2432a70c8",
        "Created": "2026-10-04T04:26:18.759654218Z",
        "Path": "python",
        "Args": [
            "server.py"
        ],
        "State": {
            "Status": "running",
            "Running": true,
            "Paused": false,
            "Restarting": false,
            "OOMKilled": false,
            "Dead": false,
            "Pid": 10048,
            "ExitCode": 0,
            "Error": "",
            "StartedAt": "2026-10-04T04:26:18.776780009Z",
            "FinishedAt": "0001-01-01T00:00:00Z"
        },
        "Image": "sha256:9437e35e6b1900384c002b4b94a32d0652b5c320bab58ac996fa06700d70daf6",
        "ResolvConfPath": "/var/lib/docker/containers/f360835df3e020fc138ebfef8eff86d50ad7c2ba4a1dbc3f5dd882c2432a70c8/resolv.conf",
        "HostnamePath": "/var/lib/docker/containers/f360835df3e020fc138ebfef8eff86d50ad7c2ba4a1dbc3f5dd882c2432a70c8/hostname",
        "HostsPath": "/var/lib/docker/containers/f360835df3e020fc138ebfef8eff86d50ad7c2ba4a1dbc3f5dd882c2432a70c8/hosts",
        "LogPath": "/var/lib/docker/containers/f360835df3e020fc138ebfef8eff86d50ad7c2ba4a1dbc3f5dd882c2432a70c8/f360835df3e020fc138ebfef8eff86d50ad7c2ba4a1dbc3f5dd882c2432a70c8-json.log",
        "Name": "/independent-verifier-num-1004042616733145-base",
        "RestartCount": 0,
        "Driver": "overlayfs",
        "Platform": "linux",
        "MountLabel": "",
        "ProcessLabel": "",
        "AppArmorProfile": "",
        "ExecIDs": null,
        "HostConfig": {
            "Binds": null,
            "ContainerIDFile": "",
            "LogConfig": {
                "Type": "json-file",
                "Config": {}
            },
            "NetworkMode": "independent-verifier-num-1004042616733145-net",
            "PortBindings": {
                "18335/tcp": [
                    {
                        "HostIp": "127.0.0.1",
                        "HostPort": "18335"
                    }
                ]
            },
            "RestartPolicy": {
                "Name": "no",
                "MaximumRetryCount": 0
            },
            "AutoRemove": false,
            "VolumeDriver": "",
            "VolumesFrom": null,
            "ConsoleSize": [
                0,
                0
            ],
            "CapAdd": null,
            "CapDrop": null,
            "CgroupnsMode": "private",
            "Dns": null,
            "DnsOptions": [],
            "DnsSearch": [],
            "ExtraHosts": null,
            "GroupAdd": null,
            "IpcMode": "private",
            "Cgroup": "",
            "Links": null,
            "OomScoreAdj": 0,
            "PidMode": "",
            "Privileged": false,
            "PublishAllPorts": false,
            "ReadonlyRootfs": false,
            "SecurityOpt": null,
            "UTSMode": "",
            "UsernsMode": "",
            "ShmSize": 67108864,
            "Runtime": "runc",
            "Isolation": "",
            "CpuShares": 0,
            "Memory": 2147483648,
            "NanoCpus": 2000000000,
            "CgroupParent": "",
            "BlkioWeight": 0,
            "BlkioWeightDevice": [],
            "BlkioDeviceReadBps": [],
            "BlkioDeviceWriteBps": [],
            "BlkioDeviceReadIOps": [],
            "BlkioDeviceWriteIOps": [],
            "CpuPeriod": 0,
            "CpuQuota": 0,
            "CpuRealtimePeriod": 0,
            "CpuRealtimeRuntime": 0,
            "CpusetCpus": "",
            "CpusetMems": "",
            "Devices": [],
            "DeviceCgroupRules": null,
            "DeviceRequests": null,
            "MemoryReservation": 0,
            "MemorySwap": 4294967296,
            "MemorySwappiness": null,
            "OomKillDisable": null,
            "PidsLimit": null,
            "Ulimits": null,
            "CpuCount": 0,
            "CpuPercent": 0,
            "IOMaximumIOps": 0,
            "IOMaximumBandwidth": 0,
            "MaskedPaths": [
                "/proc/acpi",
                "/proc/asound",
                "/proc/interrupts",
                "/proc/kcore",
                "/proc/keys",
                "/proc/latency_stats",
                "/proc/sched_debug",
                "/proc/scsi",
                "/proc/timer_list",
                "/proc/timer_stats",
                "/sys/devices/virtual/powercap",
                "/sys/firmware"
            ],
            "ReadonlyPaths": [
                "/proc/bus",
                "/proc/fs",
                "/proc/irq",
                "/proc/sys",
                "/proc/sysrq-trigger"
            ]
        },
        "Storage": {
            "RootFS": {
                "Snapshot": {
                    "Name": "overlayfs"
                }
            }
        },
        "Mounts": [],
        "Config": {
            "Hostname": "f360835df3e0",
            "Domainname": "",
            "User": "65532:65532",
            "AttachStdin": false,
            "AttachStdout": false,
            "AttachStderr": false,
            "ExposedPorts": {
                "18335/tcp": {},
                "8080/tcp": {}
            },
            "Tty": false,
            "OpenStdin": false,
            "StdinOnce": false,
            "Env": [
                "PORT=18335",
                "PATH=/usr/local/bin:/usr/local/sbin:/usr/local/bin:/usr/sbin:/usr/bin:/sbin:/bin",
                "LANG=C.UTF-8",
                "GPG_KEY=7169605F62C751356D054A26A821E680E5FA6305",
                "PYTHON_VERSION=3.12.15",
                "PYTHON_SHA256=c2c4321961fab0fb999d66e0cecf521c2ab3994c7992873ea99e306c1094fd5a",
                "PYTHONUNBUFFERED=1",
                "PYTHONDONTWRITEBYTECODE=1"
            ],
            "Cmd": [
                "python",
                "server.py"
            ],
            "Image": "independent-verifier-num-1004042616733145:current",
            "Volumes": null,
            "WorkingDir": "/app",
            "Entrypoint": null,
            "Labels": {}
        },
        "NetworkSettings": {
            "SandboxID": "a946a6d7c427cc1d071328e3fe15f66aaa029f34ca58c93c8a9d658326b06108",
            "SandboxKey": "/var/run/docker/netns/a946a6d7c427",
            "Ports": {
                "18335/tcp": []
            },
            "Networks": {
                "independent-verifier-num-1004042616733145-net": {
                    "IPAMConfig": null,
                    "Links": null,
                    "Aliases": null,
                    "DriverOpts": null,
                    "GwPriority": 0,
                    "NetworkID": "138942796c637bb3ecee76ae39115e98e653a41ff150e2ec35818d5526ce4f85",
                    "EndpointID": "5e9e260e76579cbf3d42bd8b9c7ee568d5a32cc18f8142cba35d3aecfb74ea7d",
                    "Gateway": "",
                    "IPAddress": "172.18.0.2",
                    "MacAddress": "0a:84:7b:08:9a:22",
                    "IPPrefixLen": 16,
                    "IPv6Gateway": "",
                    "GlobalIPv6Address": "",
                    "GlobalIPv6PrefixLen": 0,
                    "DNSNames": [
                        "independent-verifier-num-1004042616733145-base",
                        "f360835df3e0"
                    ]
                }
            }
        },
        "ImageManifestDescriptor": {
            "mediaType": "application/vnd.oci.image.manifest.v1+json",
            "digest": "sha256:a50bf567ab390b85b7a726e8c216490b65ad0b4e54313ca49bfb56e9a9c96c61",
            "size": 1806,
            "platform": {
                "architecture": "arm64",
                "os": "linux"
            }
        }
    }
]
