#0 building with "desktop-linux" instance using docker driver

#1 [internal] load build definition from Snapshot.Probe.Dockerfile
#1 transferring dockerfile: 327B done
#1 DONE 0.0s

#2 [internal] load metadata for docker.io/library/python:3.12-slim
#2 DONE 0.2s

#3 [internal] load .dockerignore
#3 transferring context: 2B done
#3 DONE 0.0s

#4 [internal] load build context
#4 transferring context: 74.33kB done
#4 DONE 0.0s

#5 [1/3] FROM docker.io/library/python:3.12-slim@sha256:dddfd7e07f9d15aeeca61529320492139d21cac7f0070c00609243e51e4e0016
#5 resolve docker.io/library/python:3.12-slim@sha256:dddfd7e07f9d15aeeca61529320492139d21cac7f0070c00609243e51e4e0016 done
#5 DONE 0.0s

#6 [2/3] WORKDIR /verifier
#6 CACHED

#7 [3/3] COPY snapshot_probe.py snapshot_oracle.py snapshot_requirements.py semantic_probe.py semantic_oracle.py semantic_requirements.py health.py /verifier/
#7 DONE 0.0s

#8 exporting to image
#8 exporting layers 0.0s done
#8 exporting manifest sha256:ab3cbc83fa5b11618e52c1e167ac67d391277c239b718b59a1c7f4c01fbab607 done
#8 exporting config sha256:649872a47f5166109a746c87c8c1315bf5451ac620fbd436e01ca7a620184310 done
#8 exporting attestation manifest sha256:90b7a17e95d288651b2162f234b36bd1cfd0afbc542acdb88960ebcd2ce8eecb done
#8 exporting manifest list sha256:004fda137c62a9a407ff9d851058b33d4dd02651a0ff043f24b0cfb5f75e1732 done
#8 naming to docker.io/library/independent-verifier-num-1004042616733145:client done
#8 unpacking to docker.io/library/independent-verifier-num-1004042616733145:client done
#8 DONE 0.1s
