[
    {
        "Id": "sha256:9437e35e6b1900384c002b4b94a32d0652b5c320bab58ac996fa06700d70daf6",
        "RepoTags": [
            "independent-verifier-num-1004042616733145:current"
        ],
        "RepoDigests": [
            "independent-verifier-num-1004042616733145@sha256:9437e35e6b1900384c002b4b94a32d0652b5c320bab58ac996fa06700d70daf6"
        ],
        "Comment": "buildkit.dockerfile.v0",
        "Created": "2026-10-04T03:57:27.449528542Z",
        "Config": {
            "User": "65532:65532",
            "ExposedPorts": {
                "8080/tcp": {}
            },
            "Env": [
                "PATH=/usr/local/bin:/usr/local/sbin:/usr/local/bin:/usr/sbin:/usr/bin:/sbin:/bin",
                "LANG=C.UTF-8",
                "GPG_KEY=7169605F62C751356D054A26A821E680E5FA6305",
                "PYTHON_VERSION=3.12.15",
                "PYTHON_SHA256=c2c4321961fab0fb999d66e0cecf521c2ab3994c7992873ea99e306c1094fd5a",
                "PYTHONUNBUFFERED=1",
                "PYTHONDONTWRITEBYTECODE=1"
            ],
            "Cmd": [
                "python",
                "server.py"
            ],
            "WorkingDir": "/app",
            "ArgsEscaped": true
        },
        "Architecture": "arm64",
        "Os": "linux",
        "Size": 216692100,
        "RootFS": {
            "Type": "layers",
            "Layers": [
                "sha256:055ab12bd547e17a0630037f06a186cf405e3f61bb03a614562ca8f5ab52a8be",
                "sha256:eadc985f74fcca4e1a34576c6717c80f82b620b24f6521c069d5570dc035c029",
                "sha256:98a86b50fc8d9605cc0e1794cf298a62bbc8fc052b4f11ac718d6fcb48c51b90",
                "sha256:721fa33420f50f37b47e07e3680c6fdd4790bce2d11ae5d58419a7df988fccd4",
                "sha256:5f70bf18a086007016e948b04aed3b82103a36bea41755b6cddfaf10ace3c6ef",
                "sha256:2238c733c968e172a4a34c441b620334ee41f03c1c992253d0266309a1672f56",
                "sha256:c621003012bfd7b046f538c0f4b803d099edfa869db4434b4bac9c6dc0ed6b8a",
                "sha256:5f70bf18a086007016e948b04aed3b82103a36bea41755b6cddfaf10ace3c6ef"
            ]
        },
        "Metadata": {
            "LastTagTime": "2026-10-04T04:26:18.095829884Z"
        },
        "Descriptor": {
            "mediaType": "application/vnd.oci.image.index.v1+json",
            "digest": "sha256:9437e35e6b1900384c002b4b94a32d0652b5c320bab58ac996fa06700d70daf6",
            "size": 856
        },
        "Identity": {
            "Build": [
                {
                    "Ref": "rfqac5dfsjkrvnvzk75qd0ij7",
                    "CreatedAt": "2026-10-04T04:26:18.099398342Z"
                }
            ]
        }
    }
]
