[
    {
        "Id": "e9c61e550d4e102f33c3a7c41a55a4e1b33637a9119ef7acf4a584b7465ae704",
        "Created": "2026-10-04T07:03:22.220011514Z",
        "Path": "python",
        "Args": [
            "server.py"
        ],
        "State": {
            "Status": "running",
            "Running": true,
            "Paused": false,
            "Restarting": false,
            "OOMKilled": false,
            "Dead": false,
            "Pid": 5914,
            "ExitCode": 0,
            "Error": "",
            "StartedAt": "2026-10-04T07:03:22.249465305Z",
            "FinishedAt": "0001-01-01T00:00:00Z"
        },
        "Image": "sha256:5ff045fbb6f012351349ae20bce4c673e3c43bb00869650669e4e454ddda0aed",
        "ResolvConfPath": "/var/lib/docker/containers/e9c61e550d4e102f33c3a7c41a55a4e1b33637a9119ef7acf4a584b7465ae704/resolv.conf",
        "HostnamePath": "/var/lib/docker/containers/e9c61e550d4e102f33c3a7c41a55a4e1b33637a9119ef7acf4a584b7465ae704/hostname",
        "HostsPath": "/var/lib/docker/containers/e9c61e550d4e102f33c3a7c41a55a4e1b33637a9119ef7acf4a584b7465ae704/hosts",
        "LogPath": "/var/lib/docker/containers/e9c61e550d4e102f33c3a7c41a55a4e1b33637a9119ef7acf4a584b7465ae704/e9c61e550d4e102f33c3a7c41a55a4e1b33637a9119ef7acf4a584b7465ae704-json.log",
        "Name": "/systems-engineer-s3-20261004t070246911741-accepted",
        "RestartCount": 0,
        "Driver": "overlayfs",
        "Platform": "linux",
        "MountLabel": "",
        "ProcessLabel": "",
        "AppArmorProfile": "",
        "ExecIDs": null,
        "HostConfig": {
            "Binds": null,
            "ContainerIDFile": "",
            "LogConfig": {
                "Type": "json-file",
                "Config": {}
            },
            "NetworkMode": "systems-engineer-s3-20261004t070246911741-net",
            "PortBindings": {
                "18182/tcp": [
                    {
                        "HostIp": "",
                        "HostPort": "18182"
                    }
                ]
            },
            "RestartPolicy": {
                "Name": "no",
                "MaximumRetryCount": 0
            },
            "AutoRemove": false,
            "VolumeDriver": "",
            "VolumesFrom": null,
            "ConsoleSize": [
                0,
                0
            ],
            "CapAdd": null,
            "CapDrop": null,
            "CgroupnsMode": "private",
            "Dns": null,
            "DnsOptions": [],
            "DnsSearch": [],
            "ExtraHosts": null,
            "GroupAdd": null,
            "IpcMode": "private",
            "Cgroup": "",
            "Links": null,
            "OomScoreAdj": 0,
            "PidMode": "",
            "Privileged": false,
            "PublishAllPorts": false,
            "ReadonlyRootfs": false,
            "SecurityOpt": null,
            "UTSMode": "",
            "UsernsMode": "",
            "ShmSize": 67108864,
            "Runtime": "runc",
            "Isolation": "",
            "CpuShares": 0,
            "Memory": 2147483648,
            "NanoCpus": 2000000000,
            "CgroupParent": "",
            "BlkioWeight": 0,
            "BlkioWeightDevice": [],
            "BlkioDeviceReadBps": [],
            "BlkioDeviceWriteBps": [],
            "BlkioDeviceReadIOps": [],
            "BlkioDeviceWriteIOps": [],
            "CpuPeriod": 0,
            "CpuQuota": 0,
            "CpuRealtimePeriod": 0,
            "CpuRealtimeRuntime": 0,
            "CpusetCpus": "",
            "CpusetMems": "",
            "Devices": [],
            "DeviceCgroupRules": null,
            "DeviceRequests": null,
            "MemoryReservation": 0,
            "MemorySwap": 4294967296,
            "MemorySwappiness": null,
            "OomKillDisable": null,
            "PidsLimit": null,
            "Ulimits": null,
            "CpuCount": 0,
            "CpuPercent": 0,
            "IOMaximumIOps": 0,
            "IOMaximumBandwidth": 0,
            "MaskedPaths": [
                "/proc/acpi",
                "/proc/asound",
                "/proc/interrupts",
                "/proc/kcore",
                "/proc/keys",
                "/proc/latency_stats",
                "/proc/sched_debug",
                "/proc/scsi",
                "/proc/timer_list",
                "/proc/timer_stats",
                "/sys/devices/virtual/powercap",
                "/sys/firmware"
            ],
            "ReadonlyPaths": [
                "/proc/bus",
                "/proc/fs",
                "/proc/irq",
                "/proc/sys",
                "/proc/sysrq-trigger"
            ]
        },
        "Storage": {
            "RootFS": {
                "Snapshot": {
                    "Name": "overlayfs"
                }
            }
        },
        "Mounts": [],
        "Config": {
            "Hostname": "e9c61e550d4e",
            "Domainname": "",
            "User": "65532:65532",
            "AttachStdin": false,
            "AttachStdout": false,
            "AttachStderr": false,
            "ExposedPorts": {
                "18182/tcp": {},
                "8080/tcp": {}
            },
            "Tty": false,
            "OpenStdin": false,
            "StdinOnce": false,
            "Env": [
                "PORT=18182",
                "PATH=/usr/local/bin:/usr/local/sbin:/usr/local/bin:/usr/sbin:/usr/bin:/sbin:/bin",
                "LANG=C.UTF-8",
                "GPG_KEY=7169605F62C751356D054A26A821E680E5FA6305",
                "PYTHON_VERSION=3.12.15",
                "PYTHON_SHA256=c2c4321961fab0fb999d66e0cecf521c2ab3994c7992873ea99e306c1094fd5a",
                "PYTHONUNBUFFERED=1",
                "PYTHONDONTWRITEBYTECODE=1"
            ],
            "Cmd": [
                "python",
                "server.py"
            ],
            "Image": "systems-engineer-s3-20261004t070246911741:accepted",
            "Volumes": null,
            "WorkingDir": "/app",
            "Entrypoint": null,
            "Labels": {}
        },
        "NetworkSettings": {
            "SandboxID": "2d99d3571b06256f491c18c1f4bc6f6cfa8470a425802f44650c7446f3135fa7",
            "SandboxKey": "/var/run/docker/netns/2d99d3571b06",
            "Ports": {
                "18182/tcp": []
            },
            "Networks": {
                "systems-engineer-s3-20261004t070246911741-net": {
                    "IPAMConfig": null,
                    "Links": null,
                    "Aliases": null,
                    "DriverOpts": null,
                    "GwPriority": 0,
                    "NetworkID": "4654150c41d082976fc67344c984fcc8ad3ca668e43d041e6c68a215f99abaef",
                    "EndpointID": "6fc174faeaadbb5b1fcfc611f67fd1f77c159417083e0aa36561414607ebeca9",
                    "Gateway": "",
                    "IPAddress": "172.18.0.4",
                    "MacAddress": "5a:95:03:3e:d9:49",
                    "IPPrefixLen": 16,
                    "IPv6Gateway": "",
                    "GlobalIPv6Address": "",
                    "GlobalIPv6PrefixLen": 0,
                    "DNSNames": [
                        "systems-engineer-s3-20261004t070246911741-accepted",
                        "e9c61e550d4e"
                    ]
                }
            }
        },
        "ImageManifestDescriptor": {
            "mediaType": "application/vnd.oci.image.manifest.v1+json",
            "digest": "sha256:5f1dd233fe2c8f91707e84d2ef9ebee7e4fc685f60e6dfd6ead63e16af1b44ee",
            "size": 1806,
            "platform": {
                "architecture": "arm64",
                "os": "linux"
            }
        }
    }
]
