[
    {
        "Id": "3881f84dc4253d62290660e89fe15e5ff69f63ed8fc949e3b6f16160a7ab090f",
        "Created": "2026-10-04T07:04:02.760532046Z",
        "Path": "python",
        "Args": [
            "server.py"
        ],
        "State": {
            "Status": "running",
            "Running": true,
            "Paused": false,
            "Restarting": false,
            "OOMKilled": false,
            "Dead": false,
            "Pid": 6813,
            "ExitCode": 0,
            "Error": "",
            "StartedAt": "2026-10-04T07:04:02.809587754Z",
            "FinishedAt": "0001-01-01T00:00:00Z"
        },
        "Image": "sha256:0864f4e4b83c03a74d11afc39e5035106f92328a24aa16b93748bd3e463fb3fa",
        "ResolvConfPath": "/var/lib/docker/containers/3881f84dc4253d62290660e89fe15e5ff69f63ed8fc949e3b6f16160a7ab090f/resolv.conf",
        "HostnamePath": "/var/lib/docker/containers/3881f84dc4253d62290660e89fe15e5ff69f63ed8fc949e3b6f16160a7ab090f/hostname",
        "HostsPath": "/var/lib/docker/containers/3881f84dc4253d62290660e89fe15e5ff69f63ed8fc949e3b6f16160a7ab090f/hosts",
        "LogPath": "/var/lib/docker/containers/3881f84dc4253d62290660e89fe15e5ff69f63ed8fc949e3b6f16160a7ab090f/3881f84dc4253d62290660e89fe15e5ff69f63ed8fc949e3b6f16160a7ab090f-json.log",
        "Name": "/systems-engineer-s3-20261004t070246911741-accepted2",
        "RestartCount": 0,
        "Driver": "overlayfs",
        "Platform": "linux",
        "MountLabel": "",
        "ProcessLabel": "",
        "AppArmorProfile": "",
        "ExecIDs": null,
        "HostConfig": {
            "Binds": null,
            "ContainerIDFile": "",
            "LogConfig": {
                "Type": "json-file",
                "Config": {}
            },
            "NetworkMode": "systems-engineer-s3-20261004t070246911741-net",
            "PortBindings": {
                "18185/tcp": [
                    {
                        "HostIp": "",
                        "HostPort": "18185"
                    }
                ]
            },
            "RestartPolicy": {
                "Name": "no",
                "MaximumRetryCount": 0
            },
            "AutoRemove": false,
            "VolumeDriver": "",
            "VolumesFrom": null,
            "ConsoleSize": [
                0,
                0
            ],
            "CapAdd": null,
            "CapDrop": null,
            "CgroupnsMode": "private",
            "Dns": null,
            "DnsOptions": [],
            "DnsSearch": [],
            "ExtraHosts": null,
            "GroupAdd": null,
            "IpcMode": "private",
            "Cgroup": "",
            "Links": null,
            "OomScoreAdj": 0,
            "PidMode": "",
            "Privileged": false,
            "PublishAllPorts": false,
            "ReadonlyRootfs": false,
            "SecurityOpt": null,
            "UTSMode": "",
            "UsernsMode": "",
            "ShmSize": 67108864,
            "Runtime": "runc",
            "Isolation": "",
            "CpuShares": 0,
            "Memory": 2147483648,
            "NanoCpus": 2000000000,
            "CgroupParent": "",
            "BlkioWeight": 0,
            "BlkioWeightDevice": [],
            "BlkioDeviceReadBps": [],
            "BlkioDeviceWriteBps": [],
            "BlkioDeviceReadIOps": [],
            "BlkioDeviceWriteIOps": [],
            "CpuPeriod": 0,
            "CpuQuota": 0,
            "CpuRealtimePeriod": 0,
            "CpuRealtimeRuntime": 0,
            "CpusetCpus": "",
            "CpusetMems": "",
            "Devices": [],
            "DeviceCgroupRules": null,
            "DeviceRequests": null,
            "MemoryReservation": 0,
            "MemorySwap": 4294967296,
            "MemorySwappiness": null,
            "OomKillDisable": null,
            "PidsLimit": null,
            "Ulimits": null,
            "CpuCount": 0,
            "CpuPercent": 0,
            "IOMaximumIOps": 0,
            "IOMaximumBandwidth": 0,
            "MaskedPaths": [
                "/proc/acpi",
                "/proc/asound",
                "/proc/interrupts",
                "/proc/kcore",
                "/proc/keys",
                "/proc/latency_stats",
                "/proc/sched_debug",
                "/proc/scsi",
                "/proc/timer_list",
                "/proc/timer_stats",
                "/sys/devices/virtual/powercap",
                "/sys/firmware"
            ],
            "ReadonlyPaths": [
                "/proc/bus",
                "/proc/fs",
                "/proc/irq",
                "/proc/sys",
                "/proc/sysrq-trigger"
            ]
        },
        "Storage": {
            "RootFS": {
                "Snapshot": {
                    "Name": "overlayfs"
                }
            }
        },
        "Mounts": [],
        "Config": {
            "Hostname": "3881f84dc425",
            "Domainname": "",
            "User": "65532:65532",
            "AttachStdin": false,
            "AttachStdout": false,
            "AttachStderr": false,
            "ExposedPorts": {
                "18185/tcp": {},
                "8080/tcp": {}
            },
            "Tty": false,
            "OpenStdin": false,
            "StdinOnce": false,
            "Env": [
                "PORT=18185",
                "PATH=/usr/local/bin:/usr/local/sbin:/usr/local/bin:/usr/sbin:/usr/bin:/sbin:/bin",
                "LANG=C.UTF-8",
                "GPG_KEY=7169605F62C751356D054A26A821E680E5FA6305",
                "PYTHON_VERSION=3.12.15",
                "PYTHON_SHA256=c2c4321961fab0fb999d66e0cecf521c2ab3994c7992873ea99e306c1094fd5a",
                "PYTHONUNBUFFERED=1",
                "PYTHONDONTWRITEBYTECODE=1"
            ],
            "Cmd": [
                "python",
                "server.py"
            ],
            "Image": "systems-engineer-s3-20261004t070246911741:accepted2",
            "Volumes": null,
            "WorkingDir": "/app",
            "Entrypoint": null,
            "Labels": {}
        },
        "NetworkSettings": {
            "SandboxID": "6aa4c95423303ebd5393134fd4d11f060a693cb38176d54ab85f8f176598475d",
            "SandboxKey": "/var/run/docker/netns/6aa4c9542330",
            "Ports": {
                "18185/tcp": []
            },
            "Networks": {
                "systems-engineer-s3-20261004t070246911741-net": {
                    "IPAMConfig": null,
                    "Links": null,
                    "Aliases": null,
                    "DriverOpts": null,
                    "GwPriority": 0,
                    "NetworkID": "4654150c41d082976fc67344c984fcc8ad3ca668e43d041e6c68a215f99abaef",
                    "EndpointID": "e80e179e4c0e568057a5754bd16639beb7621eab4558775cf2dd7d2f226b4efa",
                    "Gateway": "",
                    "IPAddress": "172.18.0.7",
                    "MacAddress": "ba:fe:26:b5:c5:48",
                    "IPPrefixLen": 16,
                    "IPv6Gateway": "",
                    "GlobalIPv6Address": "",
                    "GlobalIPv6PrefixLen": 0,
                    "DNSNames": [
                        "systems-engineer-s3-20261004t070246911741-accepted2",
                        "3881f84dc425"
                    ]
                }
            }
        },
        "ImageManifestDescriptor": {
            "mediaType": "application/vnd.oci.image.manifest.v1+json",
            "digest": "sha256:40fe32694d54e9e343522ee67994b9b57a3baeb02251cc051dfeb0ef1f9106a7",
            "size": 1996,
            "platform": {
                "architecture": "arm64",
                "os": "linux"
            }
        }
    }
]
