#0 building with "desktop-linux" instance using docker driver

#1 [internal] load build definition from Dockerfile
#1 transferring dockerfile: 571B done
#1 DONE 0.0s

#2 [internal] load metadata for docker.io/library/python:3.12-slim-bookworm
#2 DONE 0.4s

#3 [internal] load .dockerignore
#3 transferring context: 103B done
#3 DONE 0.0s

#4 [1/6] FROM docker.io/library/python:3.12-slim-bookworm@sha256:54c85f3c47607a77f32adec749d3c81d1348bf25833671f512b26a9b6d778cb3
#4 resolve docker.io/library/python:3.12-slim-bookworm@sha256:54c85f3c47607a77f32adec749d3c81d1348bf25833671f512b26a9b6d778cb3 done
#4 DONE 0.0s

#5 [internal] load build context
#5 transferring context: 160.37kB done
#5 DONE 0.0s

#6 [2/6] RUN apt-get update     && DEBIAN_FRONTEND=noninteractive apt-get install -y --no-install-recommends tzdata     && rm -rf /var/lib/apt/lists/*
#6 CACHED

#7 [3/6] WORKDIR /app
#7 CACHED

#8 [4/6] COPY server.py core.py json_codec.py ./
#8 CACHED

#9 [5/6] COPY web ./web
#9 DONE 0.0s

#10 [6/6] RUN python -c "import ast,pathlib; [ast.parse(p.read_text()) for p in pathlib.Path('.').glob('*.py')]"
#10 DONE 0.1s

#11 exporting to image
#11 exporting layers 0.0s done
#11 exporting manifest sha256:146d042bae48ed7b1e985fdb208926ac3a2f8d4ba43d383e5303709819cec5fa done
#11 exporting config sha256:e52374665528b446225d07cc394561648da3058231404ee00ac2445ef7d36880 done
#11 exporting attestation manifest sha256:3916f828916e16607f98c9beb33bcb26caee6da004dead9b02f4832a319572a9 done
#11 exporting manifest list sha256:43f01c5e592ac3805fa06c7df1788be72f1fdff3c98a42d9beed1e6aec6ec99f done
#11 naming to docker.io/library/systems-engineer-s3-20261004t070246911741:current done
#11 unpacking to docker.io/library/systems-engineer-s3-20261004t070246911741:current done
#11 DONE 0.0s
