[
    {
        "Id": "c3fe0e6b00c4e5553ffa6736e8f32cb7c43bb4f85d92db05f8fbcc0f716533f2",
        "Created": "2026-10-04T07:03:06.646927756Z",
        "Path": "python",
        "Args": [
            "server.py"
        ],
        "State": {
            "Status": "running",
            "Running": true,
            "Paused": false,
            "Restarting": false,
            "OOMKilled": false,
            "Dead": false,
            "Pid": 5675,
            "ExitCode": 0,
            "Error": "",
            "StartedAt": "2026-10-04T07:03:06.672299423Z",
            "FinishedAt": "0001-01-01T00:00:00Z"
        },
        "Image": "sha256:43f01c5e592ac3805fa06c7df1788be72f1fdff3c98a42d9beed1e6aec6ec99f",
        "ResolvConfPath": "/var/lib/docker/containers/c3fe0e6b00c4e5553ffa6736e8f32cb7c43bb4f85d92db05f8fbcc0f716533f2/resolv.conf",
        "HostnamePath": "/var/lib/docker/containers/c3fe0e6b00c4e5553ffa6736e8f32cb7c43bb4f85d92db05f8fbcc0f716533f2/hostname",
        "HostsPath": "/var/lib/docker/containers/c3fe0e6b00c4e5553ffa6736e8f32cb7c43bb4f85d92db05f8fbcc0f716533f2/hosts",
        "LogPath": "/var/lib/docker/containers/c3fe0e6b00c4e5553ffa6736e8f32cb7c43bb4f85d92db05f8fbcc0f716533f2/c3fe0e6b00c4e5553ffa6736e8f32cb7c43bb4f85d92db05f8fbcc0f716533f2-json.log",
        "Name": "/systems-engineer-s3-20261004t070246911741-current-b",
        "RestartCount": 0,
        "Driver": "overlayfs",
        "Platform": "linux",
        "MountLabel": "",
        "ProcessLabel": "",
        "AppArmorProfile": "",
        "ExecIDs": null,
        "HostConfig": {
            "Binds": null,
            "ContainerIDFile": "",
            "LogConfig": {
                "Type": "json-file",
                "Config": {}
            },
            "NetworkMode": "systems-engineer-s3-20261004t070246911741-net",
            "PortBindings": {
                "18181/tcp": [
                    {
                        "HostIp": "",
                        "HostPort": "18181"
                    }
                ]
            },
            "RestartPolicy": {
                "Name": "no",
                "MaximumRetryCount": 0
            },
            "AutoRemove": false,
            "VolumeDriver": "",
            "VolumesFrom": null,
            "ConsoleSize": [
                0,
                0
            ],
            "CapAdd": null,
            "CapDrop": null,
            "CgroupnsMode": "private",
            "Dns": null,
            "DnsOptions": [],
            "DnsSearch": [],
            "ExtraHosts": null,
            "GroupAdd": null,
            "IpcMode": "private",
            "Cgroup": "",
            "Links": null,
            "OomScoreAdj": 0,
            "PidMode": "",
            "Privileged": false,
            "PublishAllPorts": false,
            "ReadonlyRootfs": false,
            "SecurityOpt": null,
            "UTSMode": "",
            "UsernsMode": "",
            "ShmSize": 67108864,
            "Runtime": "runc",
            "Isolation": "",
            "CpuShares": 0,
            "Memory": 2147483648,
            "NanoCpus": 2000000000,
            "CgroupParent": "",
            "BlkioWeight": 0,
            "BlkioWeightDevice": [],
            "BlkioDeviceReadBps": [],
            "BlkioDeviceWriteBps": [],
            "BlkioDeviceReadIOps": [],
            "BlkioDeviceWriteIOps": [],
            "CpuPeriod": 0,
            "CpuQuota": 0,
            "CpuRealtimePeriod": 0,
            "CpuRealtimeRuntime": 0,
            "CpusetCpus": "",
            "CpusetMems": "",
            "Devices": [],
            "DeviceCgroupRules": null,
            "DeviceRequests": null,
            "MemoryReservation": 0,
            "MemorySwap": 4294967296,
            "MemorySwappiness": null,
            "OomKillDisable": null,
            "PidsLimit": null,
            "Ulimits": null,
            "CpuCount": 0,
            "CpuPercent": 0,
            "IOMaximumIOps": 0,
            "IOMaximumBandwidth": 0,
            "MaskedPaths": [
                "/proc/acpi",
                "/proc/asound",
                "/proc/interrupts",
                "/proc/kcore",
                "/proc/keys",
                "/proc/latency_stats",
                "/proc/sched_debug",
                "/proc/scsi",
                "/proc/timer_list",
                "/proc/timer_stats",
                "/sys/devices/virtual/powercap",
                "/sys/firmware"
            ],
            "ReadonlyPaths": [
                "/proc/bus",
                "/proc/fs",
                "/proc/irq",
                "/proc/sys",
                "/proc/sysrq-trigger"
            ]
        },
        "Storage": {
            "RootFS": {
                "Snapshot": {
                    "Name": "overlayfs"
                }
            }
        },
        "Mounts": [],
        "Config": {
            "Hostname": "c3fe0e6b00c4",
            "Domainname": "",
            "User": "65532:65532",
            "AttachStdin": false,
            "AttachStdout": false,
            "AttachStderr": false,
            "ExposedPorts": {
                "18181/tcp": {},
                "8080/tcp": {}
            },
            "Tty": false,
            "OpenStdin": false,
            "StdinOnce": false,
            "Env": [
                "PORT=18181",
                "PATH=/usr/local/bin:/usr/local/sbin:/usr/local/bin:/usr/sbin:/usr/bin:/sbin:/bin",
                "LANG=C.UTF-8",
                "GPG_KEY=7169605F62C751356D054A26A821E680E5FA6305",
                "PYTHON_VERSION=3.12.15",
                "PYTHON_SHA256=c2c4321961fab0fb999d66e0cecf521c2ab3994c7992873ea99e306c1094fd5a",
                "PYTHONUNBUFFERED=1",
                "PYTHONDONTWRITEBYTECODE=1"
            ],
            "Cmd": [
                "python",
                "server.py"
            ],
            "Image": "systems-engineer-s3-20261004t070246911741:current",
            "Volumes": null,
            "WorkingDir": "/app",
            "Entrypoint": null,
            "Labels": {}
        },
        "NetworkSettings": {
            "SandboxID": "a32a69e2e68e96c75517f92c2c41500cdb818c124f3abfcf656f556b119cb1df",
            "SandboxKey": "/var/run/docker/netns/a32a69e2e68e",
            "Ports": {
                "18181/tcp": []
            },
            "Networks": {
                "systems-engineer-s3-20261004t070246911741-net": {
                    "IPAMConfig": null,
                    "Links": null,
                    "Aliases": null,
                    "DriverOpts": null,
                    "GwPriority": 0,
                    "NetworkID": "4654150c41d082976fc67344c984fcc8ad3ca668e43d041e6c68a215f99abaef",
                    "EndpointID": "93e498f59644720b6754ce72e101c32a0c3508b7d18887b90a7f7276a87a5ff5",
                    "Gateway": "",
                    "IPAddress": "172.18.0.3",
                    "MacAddress": "26:7e:28:dd:66:03",
                    "IPPrefixLen": 16,
                    "IPv6Gateway": "",
                    "GlobalIPv6Address": "",
                    "GlobalIPv6PrefixLen": 0,
                    "DNSNames": [
                        "systems-engineer-s3-20261004t070246911741-current-b",
                        "c3fe0e6b00c4"
                    ]
                }
            }
        },
        "ImageManifestDescriptor": {
            "mediaType": "application/vnd.oci.image.manifest.v1+json",
            "digest": "sha256:146d042bae48ed7b1e985fdb208926ac3a2f8d4ba43d383e5303709819cec5fa",
            "size": 1996,
            "platform": {
                "architecture": "arm64",
                "os": "linux"
            }
        }
    }
]
