#0 building with "desktop-linux" instance using docker driver

#1 [internal] load build definition from Dockerfile
#1 transferring dockerfile: 120B done
#1 DONE 0.0s

#2 [internal] load metadata for docker.io/library/systems-engineer-s3-20261004t070246911741:current
#2 DONE 0.0s

#3 [internal] load .dockerignore
#3 transferring context: 2B done
#3 DONE 0.0s

#4 [internal] load build context
#4 transferring context: 136.25kB done
#4 DONE 0.0s

#5 [1/3] FROM docker.io/library/systems-engineer-s3-20261004t070246911741:current@sha256:43f01c5e592ac3805fa06c7df1788be72f1fdff3c98a42d9beed1e6aec6ec99f
#5 resolve docker.io/library/systems-engineer-s3-20261004t070246911741:current@sha256:43f01c5e592ac3805fa06c7df1788be72f1fdff3c98a42d9beed1e6aec6ec99f done
#5 DONE 0.0s

#6 [2/3] WORKDIR /probe
#6 DONE 0.0s

#7 [3/3] COPY *.py ./
#7 DONE 0.0s

#8 exporting to image
#8 exporting layers 0.0s done
#8 exporting manifest sha256:92f1fb5975df63ade3674fbcfcc557289a609173a6439e3aaf875b87242e9e4b done
#8 exporting config sha256:929fde591f0d67dd50a7c851cd8f263eebcec3ddb723ec58feb7902846deaaf7 done
#8 exporting attestation manifest sha256:6a1ec5bc9f9ff62c92172bf81538fa22941711e603ab6560a09d4f794f0bf46e done
#8 exporting manifest list sha256:f82180385617a4a78b141b40eb5b2352f0750333570337b146692cde1494c55a done
#8 naming to docker.io/library/systems-engineer-s3-20261004t070246911741:client done
#8 unpacking to docker.io/library/systems-engineer-s3-20261004t070246911741:client done
#8 DONE 0.1s
