evidence/systems-engineer/ledger.jsonl
evidence/systems-engineer/stage-4-evidence-audit-intermediate.json
evidence/systems-engineer/stage-4-evidence-audit.json
evidence/systems-engineer/stage-4-final-source-proof.json
evidence/systems-engineer/stage-4-handoff.md
evidence/systems-engineer/systems-engineer-s4-service-02/command-000.log
evidence/systems-engineer/systems-engineer-s4-service-02/command-001.log
evidence/systems-engineer/systems-engineer-s4-service-02/command-002.log
evidence/systems-engineer/systems-engineer-s4-service-02/command-003.log
evidence/systems-engineer/systems-engineer-s4-service-02/command-004.log
evidence/systems-engineer/systems-engineer-s4-service-02/command-005.log
evidence/systems-engineer/systems-engineer-s4-service-02/command-006.log
evidence/systems-engineer/systems-engineer-s4-service-02/command-007.log
evidence/systems-engineer/systems-engineer-s4-service-02/command-008.log
evidence/systems-engineer/systems-engineer-s4-service-02/command-009.log
evidence/systems-engineer/systems-engineer-s4-service-02/command-010.log
evidence/systems-engineer/systems-engineer-s4-service-02/command-011.log
evidence/systems-engineer/systems-engineer-s4-service-02/command-012.log
evidence/systems-engineer/systems-engineer-s4-service-02/command-013.log
evidence/systems-engineer/systems-engineer-s4-service-02/command-014.log
evidence/systems-engineer/systems-engineer-s4-service-02/command-015.log
evidence/systems-engineer/systems-engineer-s4-service-02/command-016.log
evidence/systems-engineer/systems-engineer-s4-service-02/command-017.log
evidence/systems-engineer/systems-engineer-s4-service-02/command-018.log
evidence/systems-engineer/systems-engineer-s4-service-02/command-019.log
evidence/systems-engineer/systems-engineer-s4-service-02/command-020.log
evidence/systems-engineer/systems-engineer-s4-service-02/command-021.log
evidence/systems-engineer/systems-engineer-s4-service-02/command-022.log
evidence/systems-engineer/systems-engineer-s4-service-02/command-023.log
evidence/systems-engineer/systems-engineer-s4-service-02/command-024.log
evidence/systems-engineer/systems-engineer-s4-service-02/command-025.log
evidence/systems-engineer/systems-engineer-s4-service-02/command-026.log
evidence/systems-engineer/systems-engineer-s4-service-02/command-027.log
evidence/systems-engineer/systems-engineer-s4-service-02/command-028.log
evidence/systems-engineer/systems-engineer-s4-service-02/command-029.log
evidence/systems-engineer/systems-engineer-s4-service-02/command-030.log
evidence/systems-engineer/systems-engineer-s4-service-02/command-031.log
evidence/systems-engineer/systems-engineer-s4-service-02/command-032.log
evidence/systems-engineer/systems-engineer-s4-service-02/command-033.log
evidence/systems-engineer/systems-engineer-s4-service-02/command-034.log
evidence/systems-engineer/systems-engineer-s4-service-02/command-035.log
evidence/systems-engineer/systems-engineer-s4-service-02/command-036.log
evidence/systems-engineer/systems-engineer-s4-service-02/command-037.log
evidence/systems-engineer/systems-engineer-s4-service-02/command-038.log
evidence/systems-engineer/systems-engineer-s4-service-02/command-039.log
evidence/systems-engineer/systems-engineer-s4-service-02/command-040.log
evidence/systems-engineer/systems-engineer-s4-service-02/command-041.log
evidence/systems-engineer/systems-engineer-s4-service-02/command-042.log
evidence/systems-engineer/systems-engineer-s4-service-02/command-043.log
evidence/systems-engineer/systems-engineer-s4-service-02/command-044.log
evidence/systems-engineer/systems-engineer-s4-service-02/command-045.log
evidence/systems-engineer/systems-engineer-s4-service-02/command-046.log
evidence/systems-engineer/systems-engineer-s4-service-02/command-047.log
evidence/systems-engineer/systems-engineer-s4-service-02/command-048.log
evidence/systems-engineer/systems-engineer-s4-service-02/command-049.log
evidence/systems-engineer/systems-engineer-s4-service-02/command-050.log
evidence/systems-engineer/systems-engineer-s4-service-02/command-051.log
evidence/systems-engineer/systems-engineer-s4-service-02/command-052.log
evidence/systems-engineer/systems-engineer-s4-service-02/command-053.log
evidence/systems-engineer/systems-engineer-s4-service-02/command-054.log
evidence/systems-engineer/systems-engineer-s4-service-02/command-055.log
evidence/systems-engineer/systems-engineer-s4-service-02/command-056.log
evidence/systems-engineer/systems-engineer-s4-service-02/command-057.log
evidence/systems-engineer/systems-engineer-s4-service-02/command-058.log
evidence/systems-engineer/systems-engineer-s4-service-02/command-059.log
evidence/systems-engineer/systems-engineer-s4-service-02/command-060.log
evidence/systems-engineer/systems-engineer-s4-service-02/command-061.log
evidence/systems-engineer/systems-engineer-s4-service-02/command-062.log
evidence/systems-engineer/systems-engineer-s4-service-02/command-063.log
evidence/systems-engineer/systems-engineer-s4-service-02/command-064.log
evidence/systems-engineer/systems-engineer-s4-service-02/command-065.log
evidence/systems-engineer/systems-engineer-s4-service-02/command-066.log
evidence/systems-engineer/systems-engineer-s4-service-02/command-067.log
evidence/systems-engineer/systems-engineer-s4-service-02/command-068.log
evidence/systems-engineer/systems-engineer-s4-service-02/command-069.log
evidence/systems-engineer/systems-engineer-s4-service-02/command-070.log
evidence/systems-engineer/systems-engineer-s4-service-02/command-071.log
evidence/systems-engineer/systems-engineer-s4-service-02/command-072.log
evidence/systems-engineer/systems-engineer-s4-service-02/command-073.log
evidence/systems-engineer/systems-engineer-s4-service-02/command-074.log
evidence/systems-engineer/systems-engineer-s4-service-02/command-075.log
evidence/systems-engineer/systems-engineer-s4-service-02/command-076.log
evidence/systems-engineer/systems-engineer-s4-service-02/command-077.log
evidence/systems-engineer/systems-engineer-s4-service-02/command-078.log
evidence/systems-engineer/systems-engineer-s4-service-02/command-079.log
evidence/systems-engineer/systems-engineer-s4-service-02/command-080.log
evidence/systems-engineer/systems-engineer-s4-service-02/command-081.log
evidence/systems-engineer/systems-engineer-s4-service-02/command-082.log
evidence/systems-engineer/systems-engineer-s4-service-02/command-083.log
evidence/systems-engineer/systems-engineer-s4-service-02/command-084.log
evidence/systems-engineer/systems-engineer-s4-service-02/command-085.log
evidence/systems-engineer/systems-engineer-s4-service-02/command-086.log
evidence/systems-engineer/systems-engineer-s4-service-02/command-087.log
evidence/systems-engineer/systems-engineer-s4-service-02/command-088.log
evidence/systems-engineer/systems-engineer-s4-service-02/command-089.log
evidence/systems-engineer/systems-engineer-s4-service-02/command-090.log
evidence/systems-engineer/systems-engineer-s4-service-02/command-091.log
evidence/systems-engineer/systems-engineer-s4-service-02/command-092.log
evidence/systems-engineer/systems-engineer-s4-service-02/command-093.log
evidence/systems-engineer/systems-engineer-s4-service-02/command-094.log
evidence/systems-engineer/systems-engineer-s4-service-02/command-095.log
evidence/systems-engineer/systems-engineer-s4-service-02/command-096.log
evidence/systems-engineer/systems-engineer-s4-service-02/command-097.log
evidence/systems-engineer/systems-engineer-s4-service-02/command-098.log
evidence/systems-engineer/systems-engineer-s4-service-02/command-099.log
evidence/systems-engineer/systems-engineer-s4-service-02/command-100.log
evidence/systems-engineer/systems-engineer-s4-service-02/command-101.log
evidence/systems-engineer/systems-engineer-s4-service-02/command-102.log
evidence/systems-engineer/systems-engineer-s4-service-02/command-103.log
evidence/systems-engineer/systems-engineer-s4-service-02/command-104.log
evidence/systems-engineer/systems-engineer-s4-service-02/command-105.log
evidence/systems-engineer/systems-engineer-s4-service-02/command-106.log
evidence/systems-engineer/systems-engineer-s4-service-02/command-107.log
evidence/systems-engineer/systems-engineer-s4-service-02/command-108.log
evidence/systems-engineer/systems-engineer-s4-service-02/command-109.log
evidence/systems-engineer/systems-engineer-s4-service-02/command-110.log
evidence/systems-engineer/systems-engineer-s4-service-02/command-111.log
evidence/systems-engineer/systems-engineer-s4-service-02/command-112.log
evidence/systems-engineer/systems-engineer-s4-service-02/command-113.log
evidence/systems-engineer/systems-engineer-s4-service-02/command-114.log
evidence/systems-engineer/systems-engineer-s4-service-02/command-115.log
evidence/systems-engineer/systems-engineer-s4-service-02/command-116.log
evidence/systems-engineer/systems-engineer-s4-service-02/command-117.log
evidence/systems-engineer/systems-engineer-s4-service-02/command-118.log
evidence/systems-engineer/systems-engineer-s4-service-02/command-119.log
evidence/systems-engineer/systems-engineer-s4-service-02/command-120.log
evidence/systems-engineer/systems-engineer-s4-service-02/command-121.log
evidence/systems-engineer/systems-engineer-s4-service-02/command-122.log
evidence/systems-engineer/systems-engineer-s4-service-02/command-123.log
evidence/systems-engineer/systems-engineer-s4-service-02/command-124.log
evidence/systems-engineer/systems-engineer-s4-service-02/command-125.log
evidence/systems-engineer/systems-engineer-s4-service-02/command-126.log
evidence/systems-engineer/systems-engineer-s4-service-02/command-127.log
evidence/systems-engineer/systems-engineer-s4-service-02/command-128.log
evidence/systems-engineer/systems-engineer-s4-service-02/command-129.log
evidence/systems-engineer/systems-engineer-s4-service-02/command-130.log
evidence/systems-engineer/systems-engineer-s4-service-02/command-131.log
evidence/systems-engineer/systems-engineer-s4-service-02/command-132.log
evidence/systems-engineer/systems-engineer-s4-service-02/command-133.log
evidence/systems-engineer/systems-engineer-s4-service-02/command-134.log
evidence/systems-engineer/systems-engineer-s4-service-02/command-135.log
evidence/systems-engineer/systems-engineer-s4-service-02/command-136.log
evidence/systems-engineer/systems-engineer-s4-service-02/command-137.log
evidence/systems-engineer/systems-engineer-s4-service-02/command-138.log
evidence/systems-engineer/systems-engineer-s4-service-02/command-139.log
evidence/systems-engineer/systems-engineer-s4-service-02/command-140.log
evidence/systems-engineer/systems-engineer-s4-service-02/command-141.log
evidence/systems-engineer/systems-engineer-s4-service-02/command-142.log
evidence/systems-engineer/systems-engineer-s4-service-02/command-143.log
evidence/systems-engineer/systems-engineer-s4-service-02/command-144.log
evidence/systems-engineer/systems-engineer-s4-service-02/command-145.log
evidence/systems-engineer/systems-engineer-s4-service-02/command-146.log
evidence/systems-engineer/systems-engineer-s4-service-02/command-147.log
evidence/systems-engineer/systems-engineer-s4-service-02/command-148.log
evidence/systems-engineer/systems-engineer-s4-service-02/command-149.log
evidence/systems-engineer/systems-engineer-s4-service-02/command-150.log
evidence/systems-engineer/systems-engineer-s4-service-02/command-151.log
evidence/systems-engineer/systems-engineer-s4-service-02/command-152.log
evidence/systems-engineer/systems-engineer-s4-service-02/command-153.log
evidence/systems-engineer/systems-engineer-s4-service-02/command-154.log
evidence/systems-engineer/systems-engineer-s4-service-02/command-155.log
evidence/systems-engineer/systems-engineer-s4-service-02/command-156.log
evidence/systems-engineer/systems-engineer-s4-service-02/command-157.log
evidence/systems-engineer/systems-engineer-s4-service-02/command-158.log
evidence/systems-engineer/systems-engineer-s4-service-02/command-159.log
evidence/systems-engineer/systems-engineer-s4-service-02/command-160.log
evidence/systems-engineer/systems-engineer-s4-service-02/command-161.log
evidence/systems-engineer/systems-engineer-s4-service-02/command-162.log
evidence/systems-engineer/systems-engineer-s4-service-02/command-163.log
evidence/systems-engineer/systems-engineer-s4-service-02/command-164.log
evidence/systems-engineer/systems-engineer-s4-service-02/command-165.log
evidence/systems-engineer/systems-engineer-s4-service-02/command-166.log
evidence/systems-engineer/systems-engineer-s4-service-02/command-167.log
evidence/systems-engineer/systems-engineer-s4-service-02/command-168.log
evidence/systems-engineer/systems-engineer-s4-service-02/command-169.log
evidence/systems-engineer/systems-engineer-s4-service-02/command-170.log
evidence/systems-engineer/systems-engineer-s4-service-02/command-171.log
evidence/systems-engineer/systems-engineer-s4-service-02/command-172.log
evidence/systems-engineer/systems-engineer-s4-service-02/command-173.log
evidence/systems-engineer/systems-engineer-s4-service-02/command-174.log
evidence/systems-engineer/systems-engineer-s4-service-02/command-175.log
evidence/systems-engineer/systems-engineer-s4-service-02/command-176.log
evidence/systems-engineer/systems-engineer-s4-service-02/command-177.log
evidence/systems-engineer/systems-engineer-s4-service-02/command-178.log
evidence/systems-engineer/systems-engineer-s4-service-02/command-179.log
evidence/systems-engineer/systems-engineer-s4-service-02/command-180.log
evidence/systems-engineer/systems-engineer-s4-service-02/command-181.log
evidence/systems-engineer/systems-engineer-s4-service-02/command-182.log
evidence/systems-engineer/systems-engineer-s4-service-02/command-183.log
evidence/systems-engineer/systems-engineer-s4-service-02/command-184.log
evidence/systems-engineer/systems-engineer-s4-service-02/command-185.log
evidence/systems-engineer/systems-engineer-s4-service-02/command-186.log
evidence/systems-engineer/systems-engineer-s4-service-02/command-187.log
evidence/systems-engineer/systems-engineer-s4-service-02/command-188.log
evidence/systems-engineer/systems-engineer-s4-service-02/command-189.log
evidence/systems-engineer/systems-engineer-s4-service-02/command-190.log
evidence/systems-engineer/systems-engineer-s4-service-02/command-191.log
evidence/systems-engineer/systems-engineer-s4-service-02/command-192.log
evidence/systems-engineer/systems-engineer-s4-service-02/command-193.log
evidence/systems-engineer/systems-engineer-s4-service-02/command-194.log
evidence/systems-engineer/systems-engineer-s4-service-02/command-195.log
evidence/systems-engineer/systems-engineer-s4-service-02/command-196.log
evidence/systems-engineer/systems-engineer-s4-service-02/command-197.log
evidence/systems-engineer/systems-engineer-s4-service-02/command-198.log
evidence/systems-engineer/systems-engineer-s4-service-02/controls.log
evidence/systems-engineer/systems-engineer-s4-service-02/controls/executed-probe.py
evidence/systems-engineer/systems-engineer-s4-service-02/controls/observations.json
evidence/systems-engineer/systems-engineer-s4-service-02/controls/summary.json
evidence/systems-engineer/systems-engineer-s4-service-02/deep.log
evidence/systems-engineer/systems-engineer-s4-service-02/deep/executed-probe.py
evidence/systems-engineer/systems-engineer-s4-service-02/deep/trace.json
evidence/systems-engineer/systems-engineer-s4-service-02/digits.json
evidence/systems-engineer/systems-engineer-s4-service-02/digits.log
evidence/systems-engineer/systems-engineer-s4-service-02/executed-driver.py
evidence/systems-engineer/systems-engineer-s4-service-02/inherited.log
evidence/systems-engineer/systems-engineer-s4-service-02/member-oracle.json
evidence/systems-engineer/systems-engineer-s4-service-02/members.log
evidence/systems-engineer/systems-engineer-s4-service-02/numbers.log
evidence/systems-engineer/systems-engineer-s4-service-02/numbers/trace.json
evidence/systems-engineer/systems-engineer-s4-service-02/runtime.json
evidence/systems-engineer/systems-engineer-s4-service-02/transitions.log
evidence/systems-engineer/systems-engineer-s4-service-02/transitions/executed-inherited-probe.py
evidence/systems-engineer/systems-engineer-s4-service-02/transitions/executed-probe.py
evidence/systems-engineer/systems-engineer-s4-service-02/transitions/trace.json
evidence/systems-engineer/systems-engineer-s4-service-03/command-000.log
evidence/systems-engineer/systems-engineer-s4-service-03/command-001.log
evidence/systems-engineer/systems-engineer-s4-service-03/command-002.log
evidence/systems-engineer/systems-engineer-s4-service-03/command-003.log
evidence/systems-engineer/systems-engineer-s4-service-03/command-004.log
evidence/systems-engineer/systems-engineer-s4-service-03/command-005.log
evidence/systems-engineer/systems-engineer-s4-service-03/command-006.log
evidence/systems-engineer/systems-engineer-s4-service-03/command-007.log
evidence/systems-engineer/systems-engineer-s4-service-03/command-008.log
evidence/systems-engineer/systems-engineer-s4-service-03/command-009.log
evidence/systems-engineer/systems-engineer-s4-service-03/command-010.log
evidence/systems-engineer/systems-engineer-s4-service-03/command-011.log
evidence/systems-engineer/systems-engineer-s4-service-03/command-012.log
evidence/systems-engineer/systems-engineer-s4-service-03/command-013.log
evidence/systems-engineer/systems-engineer-s4-service-03/command-014.log
evidence/systems-engineer/systems-engineer-s4-service-03/command-015.log
evidence/systems-engineer/systems-engineer-s4-service-03/command-016.log
evidence/systems-engineer/systems-engineer-s4-service-03/command-017.log
evidence/systems-engineer/systems-engineer-s4-service-03/command-018.log
evidence/systems-engineer/systems-engineer-s4-service-03/command-019.log
evidence/systems-engineer/systems-engineer-s4-service-03/command-020.log
evidence/systems-engineer/systems-engineer-s4-service-03/command-021.log
evidence/systems-engineer/systems-engineer-s4-service-03/command-022.log
evidence/systems-engineer/systems-engineer-s4-service-03/command-023.log
evidence/systems-engineer/systems-engineer-s4-service-03/command-024.log
evidence/systems-engineer/systems-engineer-s4-service-03/command-025.log
evidence/systems-engineer/systems-engineer-s4-service-03/command-026.log
evidence/systems-engineer/systems-engineer-s4-service-03/command-027.log
evidence/systems-engineer/systems-engineer-s4-service-03/command-028.log
evidence/systems-engineer/systems-engineer-s4-service-03/command-029.log
evidence/systems-engineer/systems-engineer-s4-service-03/command-030.log
evidence/systems-engineer/systems-engineer-s4-service-03/command-031.log
evidence/systems-engineer/systems-engineer-s4-service-03/command-032.log
evidence/systems-engineer/systems-engineer-s4-service-03/command-033.log
evidence/systems-engineer/systems-engineer-s4-service-03/command-034.log
evidence/systems-engineer/systems-engineer-s4-service-03/command-035.log
evidence/systems-engineer/systems-engineer-s4-service-03/command-036.log
evidence/systems-engineer/systems-engineer-s4-service-03/command-037.log
evidence/systems-engineer/systems-engineer-s4-service-03/command-038.log
evidence/systems-engineer/systems-engineer-s4-service-03/command-039.log
evidence/systems-engineer/systems-engineer-s4-service-03/command-040.log
evidence/systems-engineer/systems-engineer-s4-service-03/command-041.log
evidence/systems-engineer/systems-engineer-s4-service-03/command-042.log
evidence/systems-engineer/systems-engineer-s4-service-03/command-043.log
evidence/systems-engineer/systems-engineer-s4-service-03/command-044.log
evidence/systems-engineer/systems-engineer-s4-service-03/command-045.log
evidence/systems-engineer/systems-engineer-s4-service-03/command-046.log
evidence/systems-engineer/systems-engineer-s4-service-03/command-047.log
evidence/systems-engineer/systems-engineer-s4-service-03/command-048.log
evidence/systems-engineer/systems-engineer-s4-service-03/command-049.log
evidence/systems-engineer/systems-engineer-s4-service-03/command-050.log
evidence/systems-engineer/systems-engineer-s4-service-03/command-051.log
evidence/systems-engineer/systems-engineer-s4-service-03/command-052.log
evidence/systems-engineer/systems-engineer-s4-service-03/command-053.log
evidence/systems-engineer/systems-engineer-s4-service-03/command-054.log
evidence/systems-engineer/systems-engineer-s4-service-03/command-055.log
evidence/systems-engineer/systems-engineer-s4-service-03/command-056.log
evidence/systems-engineer/systems-engineer-s4-service-03/command-057.log
evidence/systems-engineer/systems-engineer-s4-service-03/command-058.log
evidence/systems-engineer/systems-engineer-s4-service-03/command-059.log
evidence/systems-engineer/systems-engineer-s4-service-03/command-060.log
evidence/systems-engineer/systems-engineer-s4-service-03/command-061.log
evidence/systems-engineer/systems-engineer-s4-service-03/command-062.log
evidence/systems-engineer/systems-engineer-s4-service-03/command-063.log
evidence/systems-engineer/systems-engineer-s4-service-03/command-064.log
evidence/systems-engineer/systems-engineer-s4-service-03/command-065.log
evidence/systems-engineer/systems-engineer-s4-service-03/command-066.log
evidence/systems-engineer/systems-engineer-s4-service-03/command-067.log
evidence/systems-engineer/systems-engineer-s4-service-03/command-068.log
evidence/systems-engineer/systems-engineer-s4-service-03/command-069.log
evidence/systems-engineer/systems-engineer-s4-service-03/command-070.log
evidence/systems-engineer/systems-engineer-s4-service-03/command-071.log
evidence/systems-engineer/systems-engineer-s4-service-03/command-072.log
evidence/systems-engineer/systems-engineer-s4-service-03/command-073.log
evidence/systems-engineer/systems-engineer-s4-service-03/command-074.log
evidence/systems-engineer/systems-engineer-s4-service-03/command-075.log
evidence/systems-engineer/systems-engineer-s4-service-03/command-076.log
evidence/systems-engineer/systems-engineer-s4-service-03/command-077.log
evidence/systems-engineer/systems-engineer-s4-service-03/command-078.log
evidence/systems-engineer/systems-engineer-s4-service-03/command-079.log
evidence/systems-engineer/systems-engineer-s4-service-03/command-080.log
evidence/systems-engineer/systems-engineer-s4-service-03/command-081.log
evidence/systems-engineer/systems-engineer-s4-service-03/command-082.log
evidence/systems-engineer/systems-engineer-s4-service-03/command-083.log
evidence/systems-engineer/systems-engineer-s4-service-03/command-084.log
evidence/systems-engineer/systems-engineer-s4-service-03/command-085.log
evidence/systems-engineer/systems-engineer-s4-service-03/command-086.log
evidence/systems-engineer/systems-engineer-s4-service-03/command-087.log
evidence/systems-engineer/systems-engineer-s4-service-03/command-088.log
evidence/systems-engineer/systems-engineer-s4-service-03/command-089.log
evidence/systems-engineer/systems-engineer-s4-service-03/command-090.log
evidence/systems-engineer/systems-engineer-s4-service-03/command-091.log
evidence/systems-engineer/systems-engineer-s4-service-03/command-092.log
evidence/systems-engineer/systems-engineer-s4-service-03/command-093.log
evidence/systems-engineer/systems-engineer-s4-service-03/command-094.log
evidence/systems-engineer/systems-engineer-s4-service-03/command-095.log
evidence/systems-engineer/systems-engineer-s4-service-03/command-096.log
evidence/systems-engineer/systems-engineer-s4-service-03/command-097.log
evidence/systems-engineer/systems-engineer-s4-service-03/command-098.log
evidence/systems-engineer/systems-engineer-s4-service-03/command-099.log
evidence/systems-engineer/systems-engineer-s4-service-03/command-100.log
evidence/systems-engineer/systems-engineer-s4-service-03/command-101.log
evidence/systems-engineer/systems-engineer-s4-service-03/command-102.log
evidence/systems-engineer/systems-engineer-s4-service-03/command-103.log
evidence/systems-engineer/systems-engineer-s4-service-03/command-104.log
evidence/systems-engineer/systems-engineer-s4-service-03/command-105.log
evidence/systems-engineer/systems-engineer-s4-service-03/command-106.log
evidence/systems-engineer/systems-engineer-s4-service-03/command-107.log
evidence/systems-engineer/systems-engineer-s4-service-03/command-108.log
evidence/systems-engineer/systems-engineer-s4-service-03/command-109.log
evidence/systems-engineer/systems-engineer-s4-service-03/command-110.log
evidence/systems-engineer/systems-engineer-s4-service-03/command-111.log
evidence/systems-engineer/systems-engineer-s4-service-03/command-112.log
evidence/systems-engineer/systems-engineer-s4-service-03/command-113.log
evidence/systems-engineer/systems-engineer-s4-service-03/command-114.log
evidence/systems-engineer/systems-engineer-s4-service-03/command-115.log
evidence/systems-engineer/systems-engineer-s4-service-03/command-116.log
evidence/systems-engineer/systems-engineer-s4-service-03/command-117.log
evidence/systems-engineer/systems-engineer-s4-service-03/command-118.log
evidence/systems-engineer/systems-engineer-s4-service-03/command-119.log
evidence/systems-engineer/systems-engineer-s4-service-03/command-120.log
evidence/systems-engineer/systems-engineer-s4-service-03/command-121.log
evidence/systems-engineer/systems-engineer-s4-service-03/command-122.log
evidence/systems-engineer/systems-engineer-s4-service-03/command-123.log
evidence/systems-engineer/systems-engineer-s4-service-03/command-124.log
evidence/systems-engineer/systems-engineer-s4-service-03/command-125.log
evidence/systems-engineer/systems-engineer-s4-service-03/command-126.log
evidence/systems-engineer/systems-engineer-s4-service-03/command-127.log
evidence/systems-engineer/systems-engineer-s4-service-03/command-128.log
evidence/systems-engineer/systems-engineer-s4-service-03/command-129.log
evidence/systems-engineer/systems-engineer-s4-service-03/command-130.log
evidence/systems-engineer/systems-engineer-s4-service-03/command-131.log
evidence/systems-engineer/systems-engineer-s4-service-03/command-132.log
evidence/systems-engineer/systems-engineer-s4-service-03/command-133.log
evidence/systems-engineer/systems-engineer-s4-service-03/command-134.log
evidence/systems-engineer/systems-engineer-s4-service-03/command-135.log
evidence/systems-engineer/systems-engineer-s4-service-03/command-136.log
evidence/systems-engineer/systems-engineer-s4-service-03/command-137.log
evidence/systems-engineer/systems-engineer-s4-service-03/command-138.log
evidence/systems-engineer/systems-engineer-s4-service-03/command-139.log
evidence/systems-engineer/systems-engineer-s4-service-03/command-140.log
evidence/systems-engineer/systems-engineer-s4-service-03/command-141.log
evidence/systems-engineer/systems-engineer-s4-service-03/command-142.log
evidence/systems-engineer/systems-engineer-s4-service-03/command-143.log
evidence/systems-engineer/systems-engineer-s4-service-03/command-144.log
evidence/systems-engineer/systems-engineer-s4-service-03/command-145.log
evidence/systems-engineer/systems-engineer-s4-service-03/command-146.log
evidence/systems-engineer/systems-engineer-s4-service-03/command-147.log
evidence/systems-engineer/systems-engineer-s4-service-03/command-148.log
evidence/systems-engineer/systems-engineer-s4-service-03/command-149.log
evidence/systems-engineer/systems-engineer-s4-service-03/command-150.log
evidence/systems-engineer/systems-engineer-s4-service-03/command-151.log
evidence/systems-engineer/systems-engineer-s4-service-03/command-152.log
evidence/systems-engineer/systems-engineer-s4-service-03/command-153.log
evidence/systems-engineer/systems-engineer-s4-service-03/command-154.log
evidence/systems-engineer/systems-engineer-s4-service-03/command-155.log
evidence/systems-engineer/systems-engineer-s4-service-03/command-156.log
evidence/systems-engineer/systems-engineer-s4-service-03/command-157.log
evidence/systems-engineer/systems-engineer-s4-service-03/command-158.log
evidence/systems-engineer/systems-engineer-s4-service-03/command-159.log
evidence/systems-engineer/systems-engineer-s4-service-03/command-160.log
evidence/systems-engineer/systems-engineer-s4-service-03/command-161.log
evidence/systems-engineer/systems-engineer-s4-service-03/command-162.log
evidence/systems-engineer/systems-engineer-s4-service-03/command-163.log
evidence/systems-engineer/systems-engineer-s4-service-03/command-164.log
evidence/systems-engineer/systems-engineer-s4-service-03/command-165.log
evidence/systems-engineer/systems-engineer-s4-service-03/command-166.log
evidence/systems-engineer/systems-engineer-s4-service-03/command-167.log
evidence/systems-engineer/systems-engineer-s4-service-03/command-168.log
evidence/systems-engineer/systems-engineer-s4-service-03/command-169.log
evidence/systems-engineer/systems-engineer-s4-service-03/command-170.log
evidence/systems-engineer/systems-engineer-s4-service-03/command-171.log
evidence/systems-engineer/systems-engineer-s4-service-03/command-172.log
evidence/systems-engineer/systems-engineer-s4-service-03/command-173.log
evidence/systems-engineer/systems-engineer-s4-service-03/command-174.log
evidence/systems-engineer/systems-engineer-s4-service-03/command-175.log
evidence/systems-engineer/systems-engineer-s4-service-03/command-176.log
evidence/systems-engineer/systems-engineer-s4-service-03/command-177.log
evidence/systems-engineer/systems-engineer-s4-service-03/command-178.log
evidence/systems-engineer/systems-engineer-s4-service-03/command-179.log
evidence/systems-engineer/systems-engineer-s4-service-03/command-180.log
evidence/systems-engineer/systems-engineer-s4-service-03/command-181.log
evidence/systems-engineer/systems-engineer-s4-service-03/command-182.log
evidence/systems-engineer/systems-engineer-s4-service-03/command-183.log
evidence/systems-engineer/systems-engineer-s4-service-03/command-184.log
evidence/systems-engineer/systems-engineer-s4-service-03/command-185.log
evidence/systems-engineer/systems-engineer-s4-service-03/command-186.log
evidence/systems-engineer/systems-engineer-s4-service-03/command-187.log
evidence/systems-engineer/systems-engineer-s4-service-03/command-188.log
evidence/systems-engineer/systems-engineer-s4-service-03/command-189.log
evidence/systems-engineer/systems-engineer-s4-service-03/command-190.log
evidence/systems-engineer/systems-engineer-s4-service-03/command-191.log
evidence/systems-engineer/systems-engineer-s4-service-03/command-192.log
evidence/systems-engineer/systems-engineer-s4-service-03/command-193.log
evidence/systems-engineer/systems-engineer-s4-service-03/command-194.log
evidence/systems-engineer/systems-engineer-s4-service-03/command-195.log
evidence/systems-engineer/systems-engineer-s4-service-03/command-196.log
evidence/systems-engineer/systems-engineer-s4-service-03/command-197.log
evidence/systems-engineer/systems-engineer-s4-service-03/command-198.log
evidence/systems-engineer/systems-engineer-s4-service-03/controls.log
evidence/systems-engineer/systems-engineer-s4-service-03/controls/executed-probe.py
evidence/systems-engineer/systems-engineer-s4-service-03/controls/observations.json
evidence/systems-engineer/systems-engineer-s4-service-03/controls/summary.json
evidence/systems-engineer/systems-engineer-s4-service-03/deep.log
evidence/systems-engineer/systems-engineer-s4-service-03/deep/executed-probe.py
evidence/systems-engineer/systems-engineer-s4-service-03/deep/trace.json
evidence/systems-engineer/systems-engineer-s4-service-03/digits.json
evidence/systems-engineer/systems-engineer-s4-service-03/digits.log
evidence/systems-engineer/systems-engineer-s4-service-03/executed-driver.py
evidence/systems-engineer/systems-engineer-s4-service-03/inherited.log
evidence/systems-engineer/systems-engineer-s4-service-03/member-oracle.json
evidence/systems-engineer/systems-engineer-s4-service-03/members.log
evidence/systems-engineer/systems-engineer-s4-service-03/numbers.log
evidence/systems-engineer/systems-engineer-s4-service-03/numbers/trace.json
evidence/systems-engineer/systems-engineer-s4-service-03/runtime.json
evidence/systems-engineer/systems-engineer-s4-service-03/transitions.log
evidence/systems-engineer/systems-engineer-s4-service-03/transitions/executed-inherited-probe.py
evidence/systems-engineer/systems-engineer-s4-service-03/transitions/executed-probe.py
evidence/systems-engineer/systems-engineer-s4-service-03/transitions/trace.json
