#0 building with "desktop-linux" instance using docker driver

#1 [internal] load build definition from Dockerfile
#1 transferring dockerfile: 120B done
#1 DONE 0.0s

#2 [internal] load metadata for docker.io/library/systems-engineer-s3-20261004t065918530255:current
#2 DONE 0.0s

#3 [internal] load .dockerignore
#3 transferring context: 2B done
#3 DONE 0.0s

#4 [internal] load build context
#4 transferring context: 136.24kB done
#4 DONE 0.0s

#5 [1/3] FROM docker.io/library/systems-engineer-s3-20261004t065918530255:current@sha256:73bb750454441ae465c4e996b18340b601e32eebf36417805c57765a42f8a9ea
#5 resolve docker.io/library/systems-engineer-s3-20261004t065918530255:current@sha256:73bb750454441ae465c4e996b18340b601e32eebf36417805c57765a42f8a9ea done
#5 DONE 0.0s

#6 [2/3] WORKDIR /probe
#6 DONE 0.0s

#7 [3/3] COPY *.py ./
#7 DONE 0.0s

#8 exporting to image
#8 exporting layers 0.0s done
#8 exporting manifest sha256:0d0d79100bf13a7ea17ae157d106c42484b15bb4bb07e95a5f9ed31c11724f48 done
#8 exporting config sha256:dee6b6fa25859fa0143364d308f49b230c8d45d599dbc6c54b03567cf7eb04fb done
#8 exporting attestation manifest sha256:ffdb9ade9bf3be5e8210bf1d8b1299bdb71e77a311d869b619291a0a38933683 done
#8 exporting manifest list sha256:d7b89acb879f88d38740fbc2e2fafb3ddd66eb1616724ca2eb8c50cf6186982a done
#8 naming to docker.io/library/systems-engineer-s3-20261004t065918530255:client done
#8 unpacking to docker.io/library/systems-engineer-s3-20261004t065918530255:client 0.0s done
#8 DONE 0.1s
