#0 building with "desktop-linux" instance using docker driver

#1 [internal] load build definition from Dockerfile
#1 transferring dockerfile: 571B done
#1 DONE 0.0s

#2 [internal] load metadata for docker.io/library/python:3.12-slim-bookworm
#2 ...

#3 [auth] library/python:pull token for registry-1.docker.io
#3 DONE 0.0s

#2 [internal] load metadata for docker.io/library/python:3.12-slim-bookworm
#2 DONE 0.7s

#4 [internal] load .dockerignore
#4 transferring context: 103B done
#4 DONE 0.0s

#5 [1/6] FROM docker.io/library/python:3.12-slim-bookworm@sha256:54c85f3c47607a77f32adec749d3c81d1348bf25833671f512b26a9b6d778cb3
#5 resolve docker.io/library/python:3.12-slim-bookworm@sha256:54c85f3c47607a77f32adec749d3c81d1348bf25833671f512b26a9b6d778cb3 done
#5 DONE 0.0s

#6 [internal] load build context
#6 transferring context: 159.89kB done
#6 DONE 0.0s

#7 [2/6] RUN apt-get update     && DEBIAN_FRONTEND=noninteractive apt-get install -y --no-install-recommends tzdata     && rm -rf /var/lib/apt/lists/*
#7 CACHED

#8 [3/6] WORKDIR /app
#8 CACHED

#9 [4/6] COPY server.py core.py json_codec.py ./
#9 DONE 0.0s

#10 [5/6] COPY web ./web
#10 DONE 0.0s

#11 [6/6] RUN python -c "import ast,pathlib; [ast.parse(p.read_text()) for p in pathlib.Path('.').glob('*.py')]"
#11 DONE 0.1s

#12 exporting to image
#12 exporting layers 0.0s done
#12 exporting manifest sha256:baeab6188a874cf6bbd8beed9aac21e9445a4cffd2a75b13940ccbf73c43cbe0 done
#12 exporting config sha256:4bbc4c5928bc330a9e205c144ca24356a98209a69690aac4862a99e4bc0d86a7 done
#12 exporting attestation manifest sha256:a428677f4718057673755c0f78c7573ec956dae5c69a896dfa11ed90b095f599 done
#12 exporting manifest list sha256:73bb750454441ae465c4e996b18340b601e32eebf36417805c57765a42f8a9ea done
#12 naming to docker.io/library/systems-engineer-s3-20261004t065918530255:current done
#12 unpacking to docker.io/library/systems-engineer-s3-20261004t065918530255:current 0.0s done
#12 DONE 0.1s
