[
    {
        "Id": "bc29bf77092a89caeda0facad4eb0b2625b8823426250133c7f7800f91abaf81",
        "Created": "2026-10-04T07:00:36.039192714Z",
        "Path": "python",
        "Args": [
            "server.py"
        ],
        "State": {
            "Status": "running",
            "Running": true,
            "Paused": false,
            "Restarting": false,
            "OOMKilled": false,
            "Dead": false,
            "Pid": 1514,
            "ExitCode": 0,
            "Error": "",
            "StartedAt": "2026-10-04T07:00:36.071596631Z",
            "FinishedAt": "0001-01-01T00:00:00Z"
        },
        "Image": "sha256:46d39aa2478b31427138e3e66ac1588742827724a5faf6f3378590b70926cfb3",
        "ResolvConfPath": "/var/lib/docker/containers/bc29bf77092a89caeda0facad4eb0b2625b8823426250133c7f7800f91abaf81/resolv.conf",
        "HostnamePath": "/var/lib/docker/containers/bc29bf77092a89caeda0facad4eb0b2625b8823426250133c7f7800f91abaf81/hostname",
        "HostsPath": "/var/lib/docker/containers/bc29bf77092a89caeda0facad4eb0b2625b8823426250133c7f7800f91abaf81/hosts",
        "LogPath": "/var/lib/docker/containers/bc29bf77092a89caeda0facad4eb0b2625b8823426250133c7f7800f91abaf81/bc29bf77092a89caeda0facad4eb0b2625b8823426250133c7f7800f91abaf81-json.log",
        "Name": "/systems-engineer-s3-20261004t065918530255-accepted2",
        "RestartCount": 0,
        "Driver": "overlayfs",
        "Platform": "linux",
        "MountLabel": "",
        "ProcessLabel": "",
        "AppArmorProfile": "",
        "ExecIDs": null,
        "HostConfig": {
            "Binds": null,
            "ContainerIDFile": "",
            "LogConfig": {
                "Type": "json-file",
                "Config": {}
            },
            "NetworkMode": "systems-engineer-s3-20261004t065918530255-net",
            "PortBindings": {
                "18185/tcp": [
                    {
                        "HostIp": "",
                        "HostPort": "18185"
                    }
                ]
            },
            "RestartPolicy": {
                "Name": "no",
                "MaximumRetryCount": 0
            },
            "AutoRemove": false,
            "VolumeDriver": "",
            "VolumesFrom": null,
            "ConsoleSize": [
                0,
                0
            ],
            "CapAdd": null,
            "CapDrop": null,
            "CgroupnsMode": "private",
            "Dns": null,
            "DnsOptions": [],
            "DnsSearch": [],
            "ExtraHosts": null,
            "GroupAdd": null,
            "IpcMode": "private",
            "Cgroup": "",
            "Links": null,
            "OomScoreAdj": 0,
            "PidMode": "",
            "Privileged": false,
            "PublishAllPorts": false,
            "ReadonlyRootfs": false,
            "SecurityOpt": null,
            "UTSMode": "",
            "UsernsMode": "",
            "ShmSize": 67108864,
            "Runtime": "runc",
            "Isolation": "",
            "CpuShares": 0,
            "Memory": 2147483648,
            "NanoCpus": 2000000000,
            "CgroupParent": "",
            "BlkioWeight": 0,
            "BlkioWeightDevice": [],
            "BlkioDeviceReadBps": [],
            "BlkioDeviceWriteBps": [],
            "BlkioDeviceReadIOps": [],
            "BlkioDeviceWriteIOps": [],
            "CpuPeriod": 0,
            "CpuQuota": 0,
            "CpuRealtimePeriod": 0,
            "CpuRealtimeRuntime": 0,
            "CpusetCpus": "",
            "CpusetMems": "",
            "Devices": [],
            "DeviceCgroupRules": null,
            "DeviceRequests": null,
            "MemoryReservation": 0,
            "MemorySwap": 4294967296,
            "MemorySwappiness": null,
            "OomKillDisable": null,
            "PidsLimit": null,
            "Ulimits": null,
            "CpuCount": 0,
            "CpuPercent": 0,
            "IOMaximumIOps": 0,
            "IOMaximumBandwidth": 0,
            "MaskedPaths": [
                "/proc/acpi",
                "/proc/asound",
                "/proc/interrupts",
                "/proc/kcore",
                "/proc/keys",
                "/proc/latency_stats",
                "/proc/sched_debug",
                "/proc/scsi",
                "/proc/timer_list",
                "/proc/timer_stats",
                "/sys/devices/virtual/powercap",
                "/sys/firmware"
            ],
            "ReadonlyPaths": [
                "/proc/bus",
                "/proc/fs",
                "/proc/irq",
                "/proc/sys",
                "/proc/sysrq-trigger"
            ]
        },
        "Storage": {
            "RootFS": {
                "Snapshot": {
                    "Name": "overlayfs"
                }
            }
        },
        "Mounts": [],
        "Config": {
            "Hostname": "bc29bf77092a",
            "Domainname": "",
            "User": "65532:65532",
            "AttachStdin": false,
            "AttachStdout": false,
            "AttachStderr": false,
            "ExposedPorts": {
                "18185/tcp": {},
                "8080/tcp": {}
            },
            "Tty": false,
            "OpenStdin": false,
            "StdinOnce": false,
            "Env": [
                "PORT=18185",
                "PATH=/usr/local/bin:/usr/local/sbin:/usr/local/bin:/usr/sbin:/usr/bin:/sbin:/bin",
                "LANG=C.UTF-8",
                "GPG_KEY=7169605F62C751356D054A26A821E680E5FA6305",
                "PYTHON_VERSION=3.12.15",
                "PYTHON_SHA256=c2c4321961fab0fb999d66e0cecf521c2ab3994c7992873ea99e306c1094fd5a",
                "PYTHONUNBUFFERED=1",
                "PYTHONDONTWRITEBYTECODE=1"
            ],
            "Cmd": [
                "python",
                "server.py"
            ],
            "Image": "systems-engineer-s3-20261004t065918530255:accepted2",
            "Volumes": null,
            "WorkingDir": "/app",
            "Entrypoint": null,
            "Labels": {}
        },
        "NetworkSettings": {
            "SandboxID": "d76c15fa3e7a0ec1c6ad36881db971208b5a3f25bbe7324450616d0453c6e7aa",
            "SandboxKey": "/var/run/docker/netns/d76c15fa3e7a",
            "Ports": {
                "18185/tcp": []
            },
            "Networks": {
                "systems-engineer-s3-20261004t065918530255-net": {
                    "IPAMConfig": null,
                    "Links": null,
                    "Aliases": null,
                    "DriverOpts": null,
                    "GwPriority": 0,
                    "NetworkID": "67219c58143e1b85f9e8831170029bcc5d7c1cc6451db6fb98bcfbd27775ca80",
                    "EndpointID": "1ec88a9d46a72d8617a5fe67d4aa4611cfee260836969e4dfc0a0889243a5e17",
                    "Gateway": "",
                    "IPAddress": "172.18.0.7",
                    "MacAddress": "16:d0:cc:07:79:11",
                    "IPPrefixLen": 16,
                    "IPv6Gateway": "",
                    "GlobalIPv6Address": "",
                    "GlobalIPv6PrefixLen": 0,
                    "DNSNames": [
                        "systems-engineer-s3-20261004t065918530255-accepted2",
                        "bc29bf77092a"
                    ]
                }
            }
        },
        "ImageManifestDescriptor": {
            "mediaType": "application/vnd.oci.image.manifest.v1+json",
            "digest": "sha256:40fe32694d54e9e343522ee67994b9b57a3baeb02251cc051dfeb0ef1f9106a7",
            "size": 1996,
            "platform": {
                "architecture": "arm64",
                "os": "linux"
            }
        }
    }
]
