#0 building with "desktop-linux" instance using docker driver

#1 [internal] load build definition from Probe.Dockerfile
#1 transferring dockerfile: 313B done
#1 DONE 0.0s

#2 [internal] load metadata for docker.io/library/python:3.12-slim
#2 DONE 0.7s

#3 [internal] load .dockerignore
#3 transferring context: 2B done
#3 DONE 0.0s

#4 [internal] load build context
#4 transferring context: 91.83kB done
#4 DONE 0.0s

#5 [1/4] FROM docker.io/library/python:3.12-slim@sha256:dddfd7e07f9d15aeeca61529320492139d21cac7f0070c00609243e51e4e0016
#5 resolve docker.io/library/python:3.12-slim@sha256:dddfd7e07f9d15aeeca61529320492139d21cac7f0070c00609243e51e4e0016 0.0s done
#5 sha256:aadd712613b67e03507e67bcdcd78607aa7f5cc935cadcb0b412abf686baee2c 248B / 248B 0.1s done
#5 sha256:50a64a4cd155959e7a3ac95351be73becf56d98fc496a7d1dd4f2f8e5876c098 0B / 12.06MB 0.3s
#5 sha256:bd52add1124e6215f0397d7f29ec8de44d5689b13c1445fc072db18079d2343d 0B / 4.61MB 0.2s
#5 sha256:bd36565c0fdebaf0f3af5c3b4ce610ca085ced32e9e9da850d95912f5f18f47b 0B / 30.19MB 0.2s
#5 sha256:50a64a4cd155959e7a3ac95351be73becf56d98fc496a7d1dd4f2f8e5876c098 1.05MB / 12.06MB 0.6s
#5 sha256:50a64a4cd155959e7a3ac95351be73becf56d98fc496a7d1dd4f2f8e5876c098 2.10MB / 12.06MB 0.9s
#5 sha256:bd52add1124e6215f0397d7f29ec8de44d5689b13c1445fc072db18079d2343d 1.05MB / 4.61MB 1.1s
#5 sha256:50a64a4cd155959e7a3ac95351be73becf56d98fc496a7d1dd4f2f8e5876c098 3.15MB / 12.06MB 1.5s
#5 sha256:bd52add1124e6215f0397d7f29ec8de44d5689b13c1445fc072db18079d2343d 2.10MB / 4.61MB 1.5s
#5 sha256:bd36565c0fdebaf0f3af5c3b4ce610ca085ced32e9e9da850d95912f5f18f47b 2.10MB / 30.19MB 1.5s
#5 sha256:50a64a4cd155959e7a3ac95351be73becf56d98fc496a7d1dd4f2f8e5876c098 4.19MB / 12.06MB 2.0s
#5 sha256:bd52add1124e6215f0397d7f29ec8de44d5689b13c1445fc072db18079d2343d 3.15MB / 4.61MB 2.1s
#5 sha256:50a64a4cd155959e7a3ac95351be73becf56d98fc496a7d1dd4f2f8e5876c098 5.24MB / 12.06MB 2.4s
#5 sha256:bd52add1124e6215f0397d7f29ec8de44d5689b13c1445fc072db18079d2343d 4.19MB / 4.61MB 2.6s
#5 sha256:bd36565c0fdebaf0f3af5c3b4ce610ca085ced32e9e9da850d95912f5f18f47b 4.19MB / 30.19MB 2.6s
#5 sha256:bd52add1124e6215f0397d7f29ec8de44d5689b13c1445fc072db18079d2343d 4.61MB / 4.61MB 2.8s done
#5 sha256:50a64a4cd155959e7a3ac95351be73becf56d98fc496a7d1dd4f2f8e5876c098 6.29MB / 12.06MB 3.0s
#5 sha256:50a64a4cd155959e7a3ac95351be73becf56d98fc496a7d1dd4f2f8e5876c098 7.34MB / 12.06MB 3.6s
#5 sha256:bd36565c0fdebaf0f3af5c3b4ce610ca085ced32e9e9da850d95912f5f18f47b 6.29MB / 30.19MB 3.8s
#5 sha256:50a64a4cd155959e7a3ac95351be73becf56d98fc496a7d1dd4f2f8e5876c098 8.39MB / 12.06MB 4.1s
#5 sha256:50a64a4cd155959e7a3ac95351be73becf56d98fc496a7d1dd4f2f8e5876c098 9.44MB / 12.06MB 4.5s
#5 sha256:bd36565c0fdebaf0f3af5c3b4ce610ca085ced32e9e9da850d95912f5f18f47b 8.39MB / 30.19MB 4.5s
#5 sha256:50a64a4cd155959e7a3ac95351be73becf56d98fc496a7d1dd4f2f8e5876c098 10.49MB / 12.06MB 4.8s
#5 sha256:50a64a4cd155959e7a3ac95351be73becf56d98fc496a7d1dd4f2f8e5876c098 11.53MB / 12.06MB 5.1s
#5 sha256:50a64a4cd155959e7a3ac95351be73becf56d98fc496a7d1dd4f2f8e5876c098 12.06MB / 12.06MB 5.2s done
#5 sha256:bd36565c0fdebaf0f3af5c3b4ce610ca085ced32e9e9da850d95912f5f18f47b 10.49MB / 30.19MB 5.3s
#5 sha256:bd36565c0fdebaf0f3af5c3b4ce610ca085ced32e9e9da850d95912f5f18f47b 12.58MB / 30.19MB 5.7s
#5 sha256:bd36565c0fdebaf0f3af5c3b4ce610ca085ced32e9e9da850d95912f5f18f47b 14.68MB / 30.19MB 6.0s
#5 sha256:bd36565c0fdebaf0f3af5c3b4ce610ca085ced32e9e9da850d95912f5f18f47b 16.78MB / 30.19MB 6.3s
#5 sha256:bd36565c0fdebaf0f3af5c3b4ce610ca085ced32e9e9da850d95912f5f18f47b 18.87MB / 30.19MB 6.6s
#5 sha256:bd36565c0fdebaf0f3af5c3b4ce610ca085ced32e9e9da850d95912f5f18f47b 20.97MB / 30.19MB 6.9s
#5 sha256:bd36565c0fdebaf0f3af5c3b4ce610ca085ced32e9e9da850d95912f5f18f47b 23.07MB / 30.19MB 7.2s
#5 sha256:bd36565c0fdebaf0f3af5c3b4ce610ca085ced32e9e9da850d95912f5f18f47b 25.17MB / 30.19MB 7.5s
#5 sha256:bd36565c0fdebaf0f3af5c3b4ce610ca085ced32e9e9da850d95912f5f18f47b 27.26MB / 30.19MB 7.8s
#5 sha256:bd36565c0fdebaf0f3af5c3b4ce610ca085ced32e9e9da850d95912f5f18f47b 29.36MB / 30.19MB 8.1s
#5 sha256:bd36565c0fdebaf0f3af5c3b4ce610ca085ced32e9e9da850d95912f5f18f47b 30.19MB / 30.19MB 8.3s done
#5 extracting sha256:bd36565c0fdebaf0f3af5c3b4ce610ca085ced32e9e9da850d95912f5f18f47b
#5 extracting sha256:bd36565c0fdebaf0f3af5c3b4ce610ca085ced32e9e9da850d95912f5f18f47b 0.3s done
#5 DONE 8.7s

#5 [1/4] FROM docker.io/library/python:3.12-slim@sha256:dddfd7e07f9d15aeeca61529320492139d21cac7f0070c00609243e51e4e0016
#5 extracting sha256:bd52add1124e6215f0397d7f29ec8de44d5689b13c1445fc072db18079d2343d 0.1s done
#5 extracting sha256:50a64a4cd155959e7a3ac95351be73becf56d98fc496a7d1dd4f2f8e5876c098 0.1s done
#5 DONE 8.9s

#5 [1/4] FROM docker.io/library/python:3.12-slim@sha256:dddfd7e07f9d15aeeca61529320492139d21cac7f0070c00609243e51e4e0016
#5 extracting sha256:aadd712613b67e03507e67bcdcd78607aa7f5cc935cadcb0b412abf686baee2c done
#5 DONE 8.9s

#6 [2/4] RUN apt-get update && apt-get install -y --no-install-recommends tzdata && rm -rf /var/lib/apt/lists/*
#6 0.161 Hit:1 http://deb.debian.org/debian trixie InRelease
#6 0.161 Get:2 http://deb.debian.org/debian trixie-updates InRelease [47.3 kB]
#6 0.162 Get:3 http://deb.debian.org/debian-security trixie-security InRelease [43.4 kB]
#6 0.173 Get:4 http://deb.debian.org/debian trixie/main arm64 Packages [9614 kB]
#6 2.632 Get:5 http://deb.debian.org/debian trixie-updates/main arm64 Packages [4424 B]
#6 2.632 Get:6 http://deb.debian.org/debian-security trixie-security/main arm64 Packages [265 kB]
#6 3.132 Fetched 9974 kB in 3s (3277 kB/s)
#6 3.132 Reading package lists...
#6 3.338 Reading package lists...
#6 3.541 Building dependency tree...
#6 3.594 Reading state information...
#6 3.675 tzdata is already the newest version (2026c-0+deb13u1).
#6 3.675 0 upgraded, 0 newly installed, 0 to remove and 1 not upgraded.
#6 DONE 3.7s

#7 [3/4] WORKDIR /verifier
#7 DONE 0.0s

#8 [4/4] COPY requirements.py probe.py health.py /verifier/
#8 DONE 0.0s

#9 exporting to image
#9 exporting layers 0.0s done
#9 exporting manifest sha256:616f410d093c9192bb0f70aab0d4267508c234d957a158a1e51cb74cd6ca96bf done
#9 exporting config sha256:9209da34af2eed19fdfa3fc93ce56ba60871ceb030d6c99894e315186453c5ff done
#9 exporting attestation manifest sha256:8ad3bcc786fac39be142f680cc34f9d5d49b24b824f73568642ef440e242dcf9 done
#9 exporting manifest list sha256:ed14941c0a4172097b9883cf31bc214e7d1235d2714b10b21413018c8da989e6 done
#9 naming to docker.io/library/independent-verifier-s1-439b04e62325-20261004t003241:probe-runner done
#9 unpacking to docker.io/library/independent-verifier-s1-439b04e62325-20261004t003241:probe-runner 0.0s done
#9 DONE 0.1s
