[
    {
        "Name": "independent-verifier-s1-439b04e62325-20261004t003241-net",
        "Id": "96f5ce56bcdb7da9a2ea4c41fc3c17aeb9780348348d223db133684892f239ab",
        "Created": "2026-10-04T00:32:57.134010215Z",
        "Scope": "local",
        "Driver": "bridge",
        "EnableIPv4": true,
        "EnableIPv6": false,
        "IPAM": {
            "Driver": "default",
            "Options": {},
            "Config": [
                {
                    "Subnet": "172.18.0.0/16",
                    "Gateway": "172.18.0.1"
                }
            ]
        },
        "Internal": true,
        "Attachable": false,
        "Ingress": false,
        "ConfigFrom": {
            "Network": ""
        },
        "ConfigOnly": false,
        "Options": {
            "com.docker.network.enable_ipv4": "true",
            "com.docker.network.enable_ipv6": "false"
        },
        "Labels": {},
        "Containers": {
            "3c9091285aa9e012b3ed07bc3bfebc430968f4b4e714bb9cc7fd11fd078adde4": {
                "Name": "independent-verifier-s1-439b04e62325-20261004t003241-source",
                "EndpointID": "0a90bd43cece51602f02c87b2097f5169bd5181e7fc818eb528f7374062487e7",
                "MacAddress": "1a:af:ad:be:98:98",
                "IPv4Address": "172.18.0.2/16",
                "IPv6Address": ""
            },
            "79f2621ffb1dc8bdd064a273f43459132ecca1c87a02576c57858bf06a8616fb": {
                "Name": "independent-verifier-s1-439b04e62325-20261004t003241-peer",
                "EndpointID": "09985ed9c42409538259f0951c2f84d79309371e524237356db84f3fce5f3175",
                "MacAddress": "f2:9e:82:6c:ab:30",
                "IPv4Address": "172.18.0.3/16",
                "IPv6Address": ""
            }
        },
        "Status": {
            "IPAM": {
                "Subnets": {
                    "172.18.0.0/16": {
                        "IPsInUse": 5,
                        "DynamicIPsAvailable": 65531
                    }
                }
            }
        }
    }
]
