[
    {
        "Id": "3c9091285aa9e012b3ed07bc3bfebc430968f4b4e714bb9cc7fd11fd078adde4",
        "Created": "2026-10-04T00:32:57.163008965Z",
        "Path": "python",
        "Args": [
            "server.py"
        ],
        "State": {
            "Status": "running",
            "Running": true,
            "Paused": false,
            "Restarting": false,
            "OOMKilled": false,
            "Dead": false,
            "Pid": 786,
            "ExitCode": 0,
            "Error": "",
            "StartedAt": "2026-10-04T00:32:57.187420048Z",
            "FinishedAt": "0001-01-01T00:00:00Z"
        },
        "Image": "sha256:934fbf00afb5b3d3f9edc88ee659212adb1f44fa16be01502883e15709e5d503",
        "ResolvConfPath": "/var/lib/docker/containers/3c9091285aa9e012b3ed07bc3bfebc430968f4b4e714bb9cc7fd11fd078adde4/resolv.conf",
        "HostnamePath": "/var/lib/docker/containers/3c9091285aa9e012b3ed07bc3bfebc430968f4b4e714bb9cc7fd11fd078adde4/hostname",
        "HostsPath": "/var/lib/docker/containers/3c9091285aa9e012b3ed07bc3bfebc430968f4b4e714bb9cc7fd11fd078adde4/hosts",
        "LogPath": "/var/lib/docker/containers/3c9091285aa9e012b3ed07bc3bfebc430968f4b4e714bb9cc7fd11fd078adde4/3c9091285aa9e012b3ed07bc3bfebc430968f4b4e714bb9cc7fd11fd078adde4-json.log",
        "Name": "/independent-verifier-s1-439b04e62325-20261004t003241-source",
        "RestartCount": 0,
        "Driver": "overlayfs",
        "Platform": "linux",
        "MountLabel": "",
        "ProcessLabel": "",
        "AppArmorProfile": "",
        "ExecIDs": null,
        "HostConfig": {
            "Binds": null,
            "ContainerIDFile": "",
            "LogConfig": {
                "Type": "json-file",
                "Config": {}
            },
            "NetworkMode": "independent-verifier-s1-439b04e62325-20261004t003241-net",
            "PortBindings": {
                "18309/tcp": [
                    {
                        "HostIp": "127.0.0.1",
                        "HostPort": "18300"
                    }
                ]
            },
            "RestartPolicy": {
                "Name": "no",
                "MaximumRetryCount": 0
            },
            "AutoRemove": false,
            "VolumeDriver": "",
            "VolumesFrom": null,
            "ConsoleSize": [
                0,
                0
            ],
            "CapAdd": null,
            "CapDrop": null,
            "CgroupnsMode": "private",
            "Dns": null,
            "DnsOptions": [],
            "DnsSearch": [],
            "ExtraHosts": null,
            "GroupAdd": null,
            "IpcMode": "private",
            "Cgroup": "",
            "Links": null,
            "OomScoreAdj": 0,
            "PidMode": "",
            "Privileged": false,
            "PublishAllPorts": false,
            "ReadonlyRootfs": false,
            "SecurityOpt": null,
            "UTSMode": "",
            "UsernsMode": "",
            "ShmSize": 67108864,
            "Runtime": "runc",
            "Isolation": "",
            "CpuShares": 0,
            "Memory": 2147483648,
            "NanoCpus": 2000000000,
            "CgroupParent": "",
            "BlkioWeight": 0,
            "BlkioWeightDevice": [],
            "BlkioDeviceReadBps": [],
            "BlkioDeviceWriteBps": [],
            "BlkioDeviceReadIOps": [],
            "BlkioDeviceWriteIOps": [],
            "CpuPeriod": 0,
            "CpuQuota": 0,
            "CpuRealtimePeriod": 0,
            "CpuRealtimeRuntime": 0,
            "CpusetCpus": "",
            "CpusetMems": "",
            "Devices": [],
            "DeviceCgroupRules": null,
            "DeviceRequests": null,
            "MemoryReservation": 0,
            "MemorySwap": 4294967296,
            "MemorySwappiness": null,
            "OomKillDisable": null,
            "PidsLimit": null,
            "Ulimits": null,
            "CpuCount": 0,
            "CpuPercent": 0,
            "IOMaximumIOps": 0,
            "IOMaximumBandwidth": 0,
            "MaskedPaths": [
                "/proc/acpi",
                "/proc/asound",
                "/proc/interrupts",
                "/proc/kcore",
                "/proc/keys",
                "/proc/latency_stats",
                "/proc/sched_debug",
                "/proc/scsi",
                "/proc/timer_list",
                "/proc/timer_stats",
                "/sys/devices/virtual/powercap",
                "/sys/firmware"
            ],
            "ReadonlyPaths": [
                "/proc/bus",
                "/proc/fs",
                "/proc/irq",
                "/proc/sys",
                "/proc/sysrq-trigger"
            ]
        },
        "Storage": {
            "RootFS": {
                "Snapshot": {
                    "Name": "overlayfs"
                }
            }
        },
        "Mounts": [],
        "Config": {
            "Hostname": "3c9091285aa9",
            "Domainname": "",
            "User": "65532:65532",
            "AttachStdin": false,
            "AttachStdout": false,
            "AttachStderr": false,
            "ExposedPorts": {
                "18309/tcp": {},
                "8080/tcp": {}
            },
            "Tty": false,
            "OpenStdin": false,
            "StdinOnce": false,
            "Env": [
                "PORT=18309",
                "PATH=/usr/local/bin:/usr/local/sbin:/usr/local/bin:/usr/sbin:/usr/bin:/sbin:/bin",
                "LANG=C.UTF-8",
                "GPG_KEY=7169605F62C751356D054A26A821E680E5FA6305",
                "PYTHON_VERSION=3.12.15",
                "PYTHON_SHA256=c2c4321961fab0fb999d66e0cecf521c2ab3994c7992873ea99e306c1094fd5a",
                "PYTHONUNBUFFERED=1",
                "PYTHONDONTWRITEBYTECODE=1"
            ],
            "Cmd": [
                "python",
                "server.py"
            ],
            "Image": "independent-verifier-s1-439b04e62325-20261004t003241:candidate",
            "Volumes": null,
            "WorkingDir": "/app",
            "Entrypoint": null,
            "Labels": {}
        },
        "NetworkSettings": {
            "SandboxID": "7c3305daff8538f198caec8e6b6bfa9e3b97a4b5c978c7988d38f21c568a31cf",
            "SandboxKey": "/var/run/docker/netns/7c3305daff85",
            "Ports": {
                "18309/tcp": []
            },
            "Networks": {
                "independent-verifier-s1-439b04e62325-20261004t003241-net": {
                    "IPAMConfig": null,
                    "Links": null,
                    "Aliases": null,
                    "DriverOpts": null,
                    "GwPriority": 0,
                    "NetworkID": "96f5ce56bcdb7da9a2ea4c41fc3c17aeb9780348348d223db133684892f239ab",
                    "EndpointID": "0a90bd43cece51602f02c87b2097f5169bd5181e7fc818eb528f7374062487e7",
                    "Gateway": "",
                    "IPAddress": "172.18.0.2",
                    "MacAddress": "1a:af:ad:be:98:98",
                    "IPPrefixLen": 16,
                    "IPv6Gateway": "",
                    "GlobalIPv6Address": "",
                    "GlobalIPv6PrefixLen": 0,
                    "DNSNames": [
                        "independent-verifier-s1-439b04e62325-20261004t003241-source",
                        "3c9091285aa9"
                    ]
                }
            }
        },
        "ImageManifestDescriptor": {
            "mediaType": "application/vnd.oci.image.manifest.v1+json",
            "digest": "sha256:26f834bbd0dc37fafe1f3fa9619158dace896f3ef9e2acc6200f5da38fb25f76",
            "size": 1805,
            "platform": {
                "architecture": "arm64",
                "os": "linux"
            }
        }
    }
]
