#0 building with "desktop-linux" instance using docker driver

#1 [internal] load build definition from Browser.Dockerfile
#1 transferring dockerfile: 419B done
#1 DONE 0.0s

#2 [internal] load metadata for docker.io/library/python:3.12-slim
#2 DONE 0.2s

#3 [internal] load .dockerignore
#3 transferring context: 2B done
#3 DONE 0.0s

#4 [1/7] FROM docker.io/library/python:3.12-slim@sha256:dddfd7e07f9d15aeeca61529320492139d21cac7f0070c00609243e51e4e0016
#4 resolve docker.io/library/python:3.12-slim@sha256:dddfd7e07f9d15aeeca61529320492139d21cac7f0070c00609243e51e4e0016 done
#4 DONE 0.0s

#5 [internal] load build context
#5 transferring context: 998.53kB 0.0s done
#5 DONE 0.0s

#6 [2/7] RUN pip install --no-cache-dir playwright==1.63.0 && playwright install --with-deps chromium
#6 CACHED

#7 [3/7] RUN apt-get update && apt-get install -y --no-install-recommends tzdata && rm -rf /var/lib/apt/lists/*
#7 CACHED

#8 [4/7] WORKDIR /verifier
#8 CACHED

#9 [5/7] COPY stage-2/*.py /verifier/stage-2/
#9 DONE 0.0s

#10 [6/7] COPY stage-1/*.py /verifier/stage-1/
#10 DONE 0.0s

#11 [7/7] WORKDIR /verifier/stage-2
#11 DONE 0.0s

#12 exporting to image
#12 exporting layers 0.0s done
#12 exporting manifest sha256:1069cff569b5acac2227ec12991790e4c43e161c1746f7ec91359e629ae0ba1d done
#12 exporting config sha256:fb96d12939e2e4db9a93aa86b6feb35f604889107b24fb5e908f523ab90098f9 done
#12 exporting attestation manifest sha256:024b8a836f95a9cec2e6702028ae6663d31d39b8f586b2a60c323773b15ef5fe done
#12 exporting manifest list sha256:9aab4a8130139ea7cf81dd405e66adc88ca1222c442427149622dcb733bf2db3 done
#12 naming to docker.io/library/independent-verifier-c2-1004060100:client done
#12 unpacking to docker.io/library/independent-verifier-c2-1004060100:client 0.0s done
#12 DONE 0.1s
