#0 building with "desktop-linux" instance using docker driver

#1 [internal] load build definition from Dockerfile
#1 transferring dockerfile: 571B done
#1 DONE 0.0s

#2 [internal] load metadata for docker.io/library/python:3.12-slim-bookworm
#2 ...

#3 [auth] library/python:pull token for registry-1.docker.io
#3 DONE 0.0s

#2 [internal] load metadata for docker.io/library/python:3.12-slim-bookworm
#2 DONE 0.7s

#4 [internal] load .dockerignore
#4 transferring context: 103B done
#4 DONE 0.0s

#5 [1/6] FROM docker.io/library/python:3.12-slim-bookworm@sha256:54c85f3c47607a77f32adec749d3c81d1348bf25833671f512b26a9b6d778cb3
#5 resolve docker.io/library/python:3.12-slim-bookworm@sha256:54c85f3c47607a77f32adec749d3c81d1348bf25833671f512b26a9b6d778cb3 0.0s done
#5 DONE 0.0s

#6 [internal] load build context
#6 transferring context: 115.10kB done
#6 DONE 0.0s

#7 [2/6] RUN apt-get update     && DEBIAN_FRONTEND=noninteractive apt-get install -y --no-install-recommends tzdata     && rm -rf /var/lib/apt/lists/*
#7 CACHED

#8 [3/6] WORKDIR /app
#8 CACHED

#9 [4/6] COPY server.py core.py json_codec.py ./
#9 CACHED

#10 [5/6] COPY web ./web
#10 CACHED

#11 [6/6] RUN python -c "import ast,pathlib; [ast.parse(p.read_text()) for p in pathlib.Path('.').glob('*.py')]"
#11 CACHED

#12 exporting to image
#12 exporting layers done
#12 exporting manifest sha256:40fe32694d54e9e343522ee67994b9b57a3baeb02251cc051dfeb0ef1f9106a7 done
#12 exporting config sha256:543636dbec19aefcd77aff1807ea7fd0e89b764b1309ded25e05ddc08cbd7457 done
#12 exporting attestation manifest sha256:a7dc1d94dc4c16460998149a144e335caee679ad6a28b04e7c7cea9c4e5233e8 done
#12 exporting manifest list sha256:051dcc415a2617758d709964473e2a12d4ca6e4653ca6194f648dd194808f2e0 done
#12 naming to docker.io/library/independent-verifier-c2-1004060100:current done
#12 unpacking to docker.io/library/independent-verifier-c2-1004060100:current done
#12 DONE 0.0s
