[
    {
        "Id": "79a6fee6c0cd4aaca840627900b504baecf7e00bea4b3f530bf815c2a6a21c22",
        "Created": "2026-10-04T06:01:27.906177179Z",
        "Path": "python",
        "Args": [
            "server.py"
        ],
        "State": {
            "Status": "running",
            "Running": true,
            "Paused": false,
            "Restarting": false,
            "OOMKilled": false,
            "Dead": false,
            "Pid": 1135,
            "ExitCode": 0,
            "Error": "",
            "StartedAt": "2026-10-04T06:01:27.925629679Z",
            "FinishedAt": "0001-01-01T00:00:00Z"
        },
        "Image": "sha256:8711d6904bd23fe87d0ed4e3e90022a2e7ec2737f6b0e7e85cfb230e372df42f",
        "ResolvConfPath": "/var/lib/docker/containers/79a6fee6c0cd4aaca840627900b504baecf7e00bea4b3f530bf815c2a6a21c22/resolv.conf",
        "HostnamePath": "/var/lib/docker/containers/79a6fee6c0cd4aaca840627900b504baecf7e00bea4b3f530bf815c2a6a21c22/hostname",
        "HostsPath": "/var/lib/docker/containers/79a6fee6c0cd4aaca840627900b504baecf7e00bea4b3f530bf815c2a6a21c22/hosts",
        "LogPath": "/var/lib/docker/containers/79a6fee6c0cd4aaca840627900b504baecf7e00bea4b3f530bf815c2a6a21c22/79a6fee6c0cd4aaca840627900b504baecf7e00bea4b3f530bf815c2a6a21c22-json.log",
        "Name": "/independent-verifier-c2-1004060100-legacy-s1",
        "RestartCount": 0,
        "Driver": "overlayfs",
        "Platform": "linux",
        "MountLabel": "",
        "ProcessLabel": "",
        "AppArmorProfile": "",
        "ExecIDs": null,
        "HostConfig": {
            "Binds": null,
            "ContainerIDFile": "",
            "LogConfig": {
                "Type": "json-file",
                "Config": {}
            },
            "NetworkMode": "independent-verifier-c2-1004060100-net",
            "PortBindings": {
                "18312/tcp": [
                    {
                        "HostIp": "127.0.0.1",
                        "HostPort": "18304"
                    }
                ]
            },
            "RestartPolicy": {
                "Name": "no",
                "MaximumRetryCount": 0
            },
            "AutoRemove": false,
            "VolumeDriver": "",
            "VolumesFrom": null,
            "ConsoleSize": [
                0,
                0
            ],
            "CapAdd": null,
            "CapDrop": null,
            "CgroupnsMode": "private",
            "Dns": null,
            "DnsOptions": [],
            "DnsSearch": [],
            "ExtraHosts": null,
            "GroupAdd": null,
            "IpcMode": "private",
            "Cgroup": "",
            "Links": null,
            "OomScoreAdj": 0,
            "PidMode": "",
            "Privileged": false,
            "PublishAllPorts": false,
            "ReadonlyRootfs": false,
            "SecurityOpt": null,
            "UTSMode": "",
            "UsernsMode": "",
            "ShmSize": 67108864,
            "Runtime": "runc",
            "Isolation": "",
            "CpuShares": 0,
            "Memory": 2147483648,
            "NanoCpus": 2000000000,
            "CgroupParent": "",
            "BlkioWeight": 0,
            "BlkioWeightDevice": [],
            "BlkioDeviceReadBps": [],
            "BlkioDeviceWriteBps": [],
            "BlkioDeviceReadIOps": [],
            "BlkioDeviceWriteIOps": [],
            "CpuPeriod": 0,
            "CpuQuota": 0,
            "CpuRealtimePeriod": 0,
            "CpuRealtimeRuntime": 0,
            "CpusetCpus": "",
            "CpusetMems": "",
            "Devices": [],
            "DeviceCgroupRules": null,
            "DeviceRequests": null,
            "MemoryReservation": 0,
            "MemorySwap": 4294967296,
            "MemorySwappiness": null,
            "OomKillDisable": null,
            "PidsLimit": null,
            "Ulimits": null,
            "CpuCount": 0,
            "CpuPercent": 0,
            "IOMaximumIOps": 0,
            "IOMaximumBandwidth": 0,
            "MaskedPaths": [
                "/proc/acpi",
                "/proc/asound",
                "/proc/interrupts",
                "/proc/kcore",
                "/proc/keys",
                "/proc/latency_stats",
                "/proc/sched_debug",
                "/proc/scsi",
                "/proc/timer_list",
                "/proc/timer_stats",
                "/sys/devices/virtual/powercap",
                "/sys/firmware"
            ],
            "ReadonlyPaths": [
                "/proc/bus",
                "/proc/fs",
                "/proc/irq",
                "/proc/sys",
                "/proc/sysrq-trigger"
            ]
        },
        "Storage": {
            "RootFS": {
                "Snapshot": {
                    "Name": "overlayfs"
                }
            }
        },
        "Mounts": [],
        "Config": {
            "Hostname": "79a6fee6c0cd",
            "Domainname": "",
            "User": "65532:65532",
            "AttachStdin": false,
            "AttachStdout": false,
            "AttachStderr": false,
            "ExposedPorts": {
                "18312/tcp": {},
                "8080/tcp": {}
            },
            "Tty": false,
            "OpenStdin": false,
            "StdinOnce": false,
            "Env": [
                "PORT=18312",
                "PATH=/usr/local/bin:/usr/local/sbin:/usr/local/bin:/usr/sbin:/usr/bin:/sbin:/bin",
                "LANG=C.UTF-8",
                "GPG_KEY=7169605F62C751356D054A26A821E680E5FA6305",
                "PYTHON_VERSION=3.12.15",
                "PYTHON_SHA256=c2c4321961fab0fb999d66e0cecf521c2ab3994c7992873ea99e306c1094fd5a",
                "PYTHONUNBUFFERED=1",
                "PYTHONDONTWRITEBYTECODE=1"
            ],
            "Cmd": [
                "python",
                "server.py"
            ],
            "Image": "independent-verifier-c2-1004060100:legacy-s1",
            "Volumes": null,
            "WorkingDir": "/app",
            "Entrypoint": null,
            "Labels": {}
        },
        "NetworkSettings": {
            "SandboxID": "b2e0711aa26a29824379c5d453076eb01ad7183276cce16894cbca3e3252cd7e",
            "SandboxKey": "/var/run/docker/netns/b2e0711aa26a",
            "Ports": {
                "18312/tcp": []
            },
            "Networks": {
                "independent-verifier-c2-1004060100-net": {
                    "IPAMConfig": null,
                    "Links": null,
                    "Aliases": null,
                    "DriverOpts": null,
                    "GwPriority": 0,
                    "NetworkID": "73889e66cf8b70095c8818a8fa990cf17bb4407dda0d4be16acecfde73edefbc",
                    "EndpointID": "260912769fb93dfcc3985f508b7881d467a1a4eaa1398b13ca9b27555e84089a",
                    "Gateway": "",
                    "IPAddress": "172.18.0.5",
                    "MacAddress": "f2:d5:dc:ad:dc:5b",
                    "IPPrefixLen": 16,
                    "IPv6Gateway": "",
                    "GlobalIPv6Address": "",
                    "GlobalIPv6PrefixLen": 0,
                    "DNSNames": [
                        "independent-verifier-c2-1004060100-legacy-s1",
                        "79a6fee6c0cd"
                    ]
                }
            }
        },
        "ImageManifestDescriptor": {
            "mediaType": "application/vnd.oci.image.manifest.v1+json",
            "digest": "sha256:77fb20b7d0c02ff8eab0351f49d775666c9f9b2341530fe60ff084be88341f8e",
            "size": 1806,
            "platform": {
                "architecture": "arm64",
                "os": "linux"
            }
        }
    }
]
