[
    {
        "Id": "9c9f117eb801c3a9f80f0cce3e07a56f525cef1d78824fd29bcda2ffac5a5179",
        "Created": "2026-10-04T06:01:40.902179295Z",
        "Path": "python",
        "Args": [
            "server.py"
        ],
        "State": {
            "Status": "running",
            "Running": true,
            "Paused": false,
            "Restarting": false,
            "OOMKilled": false,
            "Dead": false,
            "Pid": 1437,
            "ExitCode": 0,
            "Error": "",
            "StartedAt": "2026-10-04T06:01:40.922158879Z",
            "FinishedAt": "0001-01-01T00:00:00Z"
        },
        "Image": "sha256:12402f560e3495bdb3d5834a80b880899f2722f4d8ff793a440c84da2cae8878",
        "ResolvConfPath": "/var/lib/docker/containers/9c9f117eb801c3a9f80f0cce3e07a56f525cef1d78824fd29bcda2ffac5a5179/resolv.conf",
        "HostnamePath": "/var/lib/docker/containers/9c9f117eb801c3a9f80f0cce3e07a56f525cef1d78824fd29bcda2ffac5a5179/hostname",
        "HostsPath": "/var/lib/docker/containers/9c9f117eb801c3a9f80f0cce3e07a56f525cef1d78824fd29bcda2ffac5a5179/hosts",
        "LogPath": "/var/lib/docker/containers/9c9f117eb801c3a9f80f0cce3e07a56f525cef1d78824fd29bcda2ffac5a5179/9c9f117eb801c3a9f80f0cce3e07a56f525cef1d78824fd29bcda2ffac5a5179-json.log",
        "Name": "/independent-verifier-c2-1004060100-legacy-s2",
        "RestartCount": 0,
        "Driver": "overlayfs",
        "Platform": "linux",
        "MountLabel": "",
        "ProcessLabel": "",
        "AppArmorProfile": "",
        "ExecIDs": null,
        "HostConfig": {
            "Binds": null,
            "ContainerIDFile": "",
            "LogConfig": {
                "Type": "json-file",
                "Config": {}
            },
            "NetworkMode": "independent-verifier-c2-1004060100-net",
            "PortBindings": {
                "18314/tcp": [
                    {
                        "HostIp": "127.0.0.1",
                        "HostPort": "18306"
                    }
                ]
            },
            "RestartPolicy": {
                "Name": "no",
                "MaximumRetryCount": 0
            },
            "AutoRemove": false,
            "VolumeDriver": "",
            "VolumesFrom": null,
            "ConsoleSize": [
                0,
                0
            ],
            "CapAdd": null,
            "CapDrop": null,
            "CgroupnsMode": "private",
            "Dns": null,
            "DnsOptions": [],
            "DnsSearch": [],
            "ExtraHosts": null,
            "GroupAdd": null,
            "IpcMode": "private",
            "Cgroup": "",
            "Links": null,
            "OomScoreAdj": 0,
            "PidMode": "",
            "Privileged": false,
            "PublishAllPorts": false,
            "ReadonlyRootfs": false,
            "SecurityOpt": null,
            "UTSMode": "",
            "UsernsMode": "",
            "ShmSize": 67108864,
            "Runtime": "runc",
            "Isolation": "",
            "CpuShares": 0,
            "Memory": 2147483648,
            "NanoCpus": 2000000000,
            "CgroupParent": "",
            "BlkioWeight": 0,
            "BlkioWeightDevice": [],
            "BlkioDeviceReadBps": [],
            "BlkioDeviceWriteBps": [],
            "BlkioDeviceReadIOps": [],
            "BlkioDeviceWriteIOps": [],
            "CpuPeriod": 0,
            "CpuQuota": 0,
            "CpuRealtimePeriod": 0,
            "CpuRealtimeRuntime": 0,
            "CpusetCpus": "",
            "CpusetMems": "",
            "Devices": [],
            "DeviceCgroupRules": null,
            "DeviceRequests": null,
            "MemoryReservation": 0,
            "MemorySwap": 4294967296,
            "MemorySwappiness": null,
            "OomKillDisable": null,
            "PidsLimit": null,
            "Ulimits": null,
            "CpuCount": 0,
            "CpuPercent": 0,
            "IOMaximumIOps": 0,
            "IOMaximumBandwidth": 0,
            "MaskedPaths": [
                "/proc/acpi",
                "/proc/asound",
                "/proc/interrupts",
                "/proc/kcore",
                "/proc/keys",
                "/proc/latency_stats",
                "/proc/sched_debug",
                "/proc/scsi",
                "/proc/timer_list",
                "/proc/timer_stats",
                "/sys/devices/virtual/powercap",
                "/sys/firmware"
            ],
            "ReadonlyPaths": [
                "/proc/bus",
                "/proc/fs",
                "/proc/irq",
                "/proc/sys",
                "/proc/sysrq-trigger"
            ]
        },
        "Storage": {
            "RootFS": {
                "Snapshot": {
                    "Name": "overlayfs"
                }
            }
        },
        "Mounts": [],
        "Config": {
            "Hostname": "9c9f117eb801",
            "Domainname": "",
            "User": "65532:65532",
            "AttachStdin": false,
            "AttachStdout": false,
            "AttachStderr": false,
            "ExposedPorts": {
                "18314/tcp": {},
                "8080/tcp": {}
            },
            "Tty": false,
            "OpenStdin": false,
            "StdinOnce": false,
            "Env": [
                "PORT=18314",
                "PATH=/usr/local/bin:/usr/local/sbin:/usr/local/bin:/usr/sbin:/usr/bin:/sbin:/bin",
                "LANG=C.UTF-8",
                "GPG_KEY=7169605F62C751356D054A26A821E680E5FA6305",
                "PYTHON_VERSION=3.12.15",
                "PYTHON_SHA256=c2c4321961fab0fb999d66e0cecf521c2ab3994c7992873ea99e306c1094fd5a",
                "PYTHONUNBUFFERED=1",
                "PYTHONDONTWRITEBYTECODE=1"
            ],
            "Cmd": [
                "python",
                "server.py"
            ],
            "Image": "independent-verifier-c2-1004060100:legacy-s2",
            "Volumes": null,
            "WorkingDir": "/app",
            "Entrypoint": null,
            "Labels": {}
        },
        "NetworkSettings": {
            "SandboxID": "e7b353e1223f3ce8c73001450c9926b8082b4f977e18e5353179f8c41ad11637",
            "SandboxKey": "/var/run/docker/netns/e7b353e1223f",
            "Ports": {
                "18314/tcp": []
            },
            "Networks": {
                "independent-verifier-c2-1004060100-net": {
                    "IPAMConfig": null,
                    "Links": null,
                    "Aliases": null,
                    "DriverOpts": null,
                    "GwPriority": 0,
                    "NetworkID": "73889e66cf8b70095c8818a8fa990cf17bb4407dda0d4be16acecfde73edefbc",
                    "EndpointID": "581e11608de914fdef9af51936cb847dc0e1ebd0e7cbcfefb2046d6b21f7ea34",
                    "Gateway": "",
                    "IPAddress": "172.18.0.7",
                    "MacAddress": "2e:ad:b3:98:c8:6b",
                    "IPPrefixLen": 16,
                    "IPv6Gateway": "",
                    "GlobalIPv6Address": "",
                    "GlobalIPv6PrefixLen": 0,
                    "DNSNames": [
                        "independent-verifier-c2-1004060100-legacy-s2",
                        "9c9f117eb801"
                    ]
                }
            }
        },
        "ImageManifestDescriptor": {
            "mediaType": "application/vnd.oci.image.manifest.v1+json",
            "digest": "sha256:6a21c74eab0495d778a126e3b228542ff702c1744f7bc82adfd09d71780b60ed",
            "size": 1996,
            "platform": {
                "architecture": "arm64",
                "os": "linux"
            }
        }
    }
]
