{"candidate": "f783598428a88d53490f68498063ed69e02201b3", "passed": 43, "total": 43, "assertions": 793, "seconds": 34.37, "direct_http_operations": 288, "browser_originated_requests": 460, "forwarded_fetch_operations": 27}
PASS transport-public
PASS authentication-keyboard
PASS single-book-lookup-cancel
PASS lookup-status-exact
PASS out-of-order-search
PASS single-conflict
PASS combined-conflict
PASS lost-single
PASS lost-combined
PASS genuine-stage1-upgrade
PASS combined-occupancy
PASS changed-retry-form
PASS empty-unavailable-lookup
PASS lookup-race-privacy-cutoff
PASS auth-inputs-loading
PASS concurrent-pair-transport
PASS party-safe-boundary
PASS party-above-safe-integer
PASS party-31-digits
PASS party-401-digits
PASS party-4301-digits
PASS huge-decimal-transport
PASS exact-numeric-keyboard-corrupt-response
PASS local-end-berlin-historic
PASS local-end-brussels-historic
PASS local-end-new-york-historic
PASS local-end-berlin-fall-back
PASS local-end-new-york-fall-back
PASS local-end-berlin-spring
PASS local-end-new-york-spring
PASS local-end-last-calendar-date
PASS local-end-legacy-berlin
PASS local-end-legacy-brussels
PASS local-end-legacy-new-york
PASS integral-wire-9007199254740993.0
PASS integral-wire-9007199254740993e0
PASS integral-wire-90071992547409930e-1
PASS integral-wire-9.007199254740993E+15
PASS integral-wire-0.9007199254740993e16
PASS opaque-unicode-identifiers
PASS upgrade-historic-stage1
PASS upgrade-old-stage2-single
PASS upgrade-old-stage2-pair
