[
    {
        "Id": "131967427ea4e8035b5dcc3c3366de99e201acec9603d8edd0e73691c1990fb5",
        "Created": "2026-10-04T05:43:54.916792501Z",
        "Path": "python",
        "Args": [
            "server.py"
        ],
        "State": {
            "Status": "running",
            "Running": true,
            "Paused": false,
            "Restarting": false,
            "OOMKilled": false,
            "Dead": false,
            "Pid": 1936,
            "ExitCode": 0,
            "Error": "",
            "StartedAt": "2026-10-04T05:43:54.938890834Z",
            "FinishedAt": "0001-01-01T00:00:00Z"
        },
        "Image": "sha256:b1849d76040e3d4773c6cabe898c74b5b86f49ae5ce1014c3040bf80d570db81",
        "ResolvConfPath": "/var/lib/docker/containers/131967427ea4e8035b5dcc3c3366de99e201acec9603d8edd0e73691c1990fb5/resolv.conf",
        "HostnamePath": "/var/lib/docker/containers/131967427ea4e8035b5dcc3c3366de99e201acec9603d8edd0e73691c1990fb5/hostname",
        "HostsPath": "/var/lib/docker/containers/131967427ea4e8035b5dcc3c3366de99e201acec9603d8edd0e73691c1990fb5/hosts",
        "LogPath": "/var/lib/docker/containers/131967427ea4e8035b5dcc3c3366de99e201acec9603d8edd0e73691c1990fb5/131967427ea4e8035b5dcc3c3366de99e201acec9603d8edd0e73691c1990fb5-json.log",
        "Name": "/interface-engineer-s2r-20261004t054351394649z-current",
        "RestartCount": 0,
        "Driver": "overlayfs",
        "Platform": "linux",
        "MountLabel": "",
        "ProcessLabel": "",
        "AppArmorProfile": "",
        "ExecIDs": null,
        "HostConfig": {
            "Binds": null,
            "ContainerIDFile": "",
            "LogConfig": {
                "Type": "json-file",
                "Config": {}
            },
            "NetworkMode": "interface-engineer-s2r-20261004t054351394649z",
            "PortBindings": {
                "9090/tcp": [
                    {
                        "HostIp": "",
                        "HostPort": "18250"
                    }
                ]
            },
            "RestartPolicy": {
                "Name": "no",
                "MaximumRetryCount": 0
            },
            "AutoRemove": false,
            "VolumeDriver": "",
            "VolumesFrom": null,
            "ConsoleSize": [
                0,
                0
            ],
            "CapAdd": null,
            "CapDrop": null,
            "CgroupnsMode": "private",
            "Dns": null,
            "DnsOptions": [],
            "DnsSearch": [],
            "ExtraHosts": null,
            "GroupAdd": null,
            "IpcMode": "private",
            "Cgroup": "",
            "Links": null,
            "OomScoreAdj": 0,
            "PidMode": "",
            "Privileged": false,
            "PublishAllPorts": false,
            "ReadonlyRootfs": false,
            "SecurityOpt": null,
            "UTSMode": "",
            "UsernsMode": "",
            "ShmSize": 67108864,
            "Runtime": "runc",
            "Isolation": "",
            "CpuShares": 0,
            "Memory": 2147483648,
            "NanoCpus": 2000000000,
            "CgroupParent": "",
            "BlkioWeight": 0,
            "BlkioWeightDevice": [],
            "BlkioDeviceReadBps": [],
            "BlkioDeviceWriteBps": [],
            "BlkioDeviceReadIOps": [],
            "BlkioDeviceWriteIOps": [],
            "CpuPeriod": 0,
            "CpuQuota": 0,
            "CpuRealtimePeriod": 0,
            "CpuRealtimeRuntime": 0,
            "CpusetCpus": "",
            "CpusetMems": "",
            "Devices": [],
            "DeviceCgroupRules": null,
            "DeviceRequests": null,
            "MemoryReservation": 0,
            "MemorySwap": 4294967296,
            "MemorySwappiness": null,
            "OomKillDisable": null,
            "PidsLimit": null,
            "Ulimits": null,
            "CpuCount": 0,
            "CpuPercent": 0,
            "IOMaximumIOps": 0,
            "IOMaximumBandwidth": 0,
            "MaskedPaths": [
                "/proc/acpi",
                "/proc/asound",
                "/proc/interrupts",
                "/proc/kcore",
                "/proc/keys",
                "/proc/latency_stats",
                "/proc/sched_debug",
                "/proc/scsi",
                "/proc/timer_list",
                "/proc/timer_stats",
                "/sys/devices/virtual/powercap",
                "/sys/firmware"
            ],
            "ReadonlyPaths": [
                "/proc/bus",
                "/proc/fs",
                "/proc/irq",
                "/proc/sys",
                "/proc/sysrq-trigger"
            ]
        },
        "Storage": {
            "RootFS": {
                "Snapshot": {
                    "Name": "overlayfs"
                }
            }
        },
        "Mounts": [],
        "Config": {
            "Hostname": "131967427ea4",
            "Domainname": "",
            "User": "65532:65532",
            "AttachStdin": false,
            "AttachStdout": false,
            "AttachStderr": false,
            "ExposedPorts": {
                "8080/tcp": {},
                "9090/tcp": {}
            },
            "Tty": false,
            "OpenStdin": false,
            "StdinOnce": false,
            "Env": [
                "PORT=9090",
                "PATH=/usr/local/bin:/usr/local/sbin:/usr/local/bin:/usr/sbin:/usr/bin:/sbin:/bin",
                "LANG=C.UTF-8",
                "GPG_KEY=7169605F62C751356D054A26A821E680E5FA6305",
                "PYTHON_VERSION=3.12.15",
                "PYTHON_SHA256=c2c4321961fab0fb999d66e0cecf521c2ab3994c7992873ea99e306c1094fd5a",
                "PYTHONUNBUFFERED=1",
                "PYTHONDONTWRITEBYTECODE=1"
            ],
            "Cmd": [
                "python",
                "server.py"
            ],
            "Image": "interface-engineer-tablekeeper-current:reconstructed-20261004t054351394649z",
            "Volumes": null,
            "WorkingDir": "/app",
            "Entrypoint": null,
            "Labels": {}
        },
        "NetworkSettings": {
            "SandboxID": "871c25d5a87f51c802c9665f5343741fe2060326114825b020d8d4ab33978d80",
            "SandboxKey": "/var/run/docker/netns/871c25d5a87f",
            "Ports": {
                "9090/tcp": []
            },
            "Networks": {
                "interface-engineer-s2r-20261004t054351394649z": {
                    "IPAMConfig": null,
                    "Links": null,
                    "Aliases": null,
                    "DriverOpts": null,
                    "GwPriority": 0,
                    "NetworkID": "dfc439ee4bd9fad0c0d2e975d5f9cd3de8d372761727778e5ef5467f2ee9402b",
                    "EndpointID": "bcf00ba76c4f32aaabd8ddbe7b198309e87acd64208e8ef39e13010e949a6a17",
                    "Gateway": "",
                    "IPAddress": "172.18.0.2",
                    "MacAddress": "fe:b2:ea:d3:0d:99",
                    "IPPrefixLen": 16,
                    "IPv6Gateway": "",
                    "GlobalIPv6Address": "",
                    "GlobalIPv6PrefixLen": 0,
                    "DNSNames": [
                        "interface-engineer-s2r-20261004t054351394649z-current",
                        "131967427ea4"
                    ]
                }
            }
        },
        "ImageManifestDescriptor": {
            "mediaType": "application/vnd.oci.image.manifest.v1+json",
            "digest": "sha256:40fe32694d54e9e343522ee67994b9b57a3baeb02251cc051dfeb0ef1f9106a7",
            "size": 1996,
            "platform": {
                "architecture": "arm64",
                "os": "linux"
            }
        }
    }
]
