commit 9f0d3150c934a2090c42667cb0ee0bb672c64325
Author:     Interface Engineer <interface-engineer@nightwatch-foundry.invalid>
AuthorDate: Sat Oct 3 23:56:19 2026 -0700
Commit:     Interface Engineer <interface-engineer@nightwatch-foundry.invalid>
CommitDate: Sat Oct 3 23:56:19 2026 -0700

    Add Stage 3 diner terms history and recurring recovery

 .../node.log                                       |    3 +
 .../preflight.json                                 |   29 +
 .../node.log                                       |    1 +
 .../preflight.json                                 |   38 +
 .../prior-own-cleanup.log                          |    0
 evidence/interface-engineer/ledger.jsonl           |    1 +
 .../interface-engineer/stage-3-browser-probe.py    | 1049 ++++++++++++++++++++
 .../interface-engineer/stage-3-container-check.py  |  145 +++
 .../stage-3-interface-handoff.md                   |   13 +
 evidence/interface-engineer/stage-3-state-map.md   |   18 +
 stage-3/RUN.md                                     |   39 +-
 stage-3/web/app.css                                |   18 +
 stage-3/web/app.js                                 |  123 ++-
 stage-3/web/index.html                             |    2 +-
 14 files changed, 1459 insertions(+), 20 deletions(-)
