commit 182582c41d21a23d8ccd95688fa7f1afa0437460
Author:     Interface Engineer <interface-engineer@nightwatch-foundry.invalid>
AuthorDate: Sat Oct 3 20:38:17 2026 -0700
Commit:     Interface Engineer <interface-engineer@nightwatch-foundry.invalid>
CommitDate: Sat Oct 3 20:38:17 2026 -0700

    Repair own adapter parallel probe helper name

evidence/independent-verifier/ledger.jsonl
evidence/independent-verifier/stage-1/Semantic.Probe.Dockerfile
evidence/independent-verifier/stage-1/candidate-6-preparation/PREPARATION.md
evidence/independent-verifier/stage-1/candidate-6-preparation/artifact-manifest.json
evidence/independent-verifier/stage-1/candidate-6-preparation/coverage-prepared.csv
evidence/independent-verifier/stage-1/candidate-6-preparation/coverage-summary.json
evidence/independent-verifier/stage-1/candidate-6-preparation/execution-guard.json
evidence/independent-verifier/stage-1/candidate-6-preparation/execution-guard.log
evidence/independent-verifier/stage-1/candidate-6-preparation/intake.json
evidence/independent-verifier/stage-1/candidate-6-preparation/oracle-self-check.json
evidence/independent-verifier/stage-1/candidate-6-preparation/planned-probe-bindings.json
evidence/independent-verifier/stage-1/candidate-6-preparation/preparation-seal.json
evidence/independent-verifier/stage-1/candidate-6-preparation/preparation-validation.json
evidence/independent-verifier/stage-1/candidate-6-preparation/raw-fixture-validation.json
evidence/independent-verifier/stage-1/candidate-6-preparation/seal-orchestration-error-01.log
evidence/independent-verifier/stage-1/candidate-6-preparation/source-inputs.json
evidence/independent-verifier/stage-1/candidate-6-preparation/source-inputs/PRODUCT_ACCEPTANCE.md
evidence/independent-verifier/stage-1/candidate-6-preparation/source-inputs/TK-20261004-S1-independent-verifier-CANDIDATE-6-PREP.delivery.json
evidence/independent-verifier/stage-1/candidate-6-preparation/source-inputs/TK-20261004-S1-independent-verifier-CANDIDATE-6-PREP.txt
evidence/independent-verifier/stage-1/candidate-6-preparation/source-inputs/json-number-semantics-decision.md
evidence/independent-verifier/stage-1/candidate-6-preparation/source-inputs/participant-guide.md
evidence/independent-verifier/stage-1/candidate-6-preparation/source-inputs/stage-1.md
evidence/independent-verifier/stage-1/candidate-6-preparation/syntax-check.json
evidence/independent-verifier/stage-1/candidate-6-preparation/whitespace-authored.log
evidence/independent-verifier/stage-1/candidate-6-preparation/whitespace-check.json
evidence/independent-verifier/stage-1/candidate-6-preparation/whitespace-original.log
evidence/independent-verifier/stage-1/semantic_oracle.py
evidence/independent-verifier/stage-1/semantic_prepare.py
evidence/independent-verifier/stage-1/semantic_probe.py
evidence/independent-verifier/stage-1/semantic_requirements.py
evidence/independent-verifier/stage-1/semantic_runtime.py
evidence/independent-verifier/stage-1/semantic_validate_preparation.py
evidence/interface-engineer/stage-1-json-adapter-probe.py
