#0 building with "desktop-linux" instance using docker driver

#1 [internal] load build definition from Dockerfile
#1 transferring dockerfile: 556B done
#1 DONE 0.0s

#2 [internal] load metadata for docker.io/library/python:3.12-slim-bookworm
#2 ...

#3 [auth] library/python:pull token for registry-1.docker.io
#3 DONE 0.0s

#2 [internal] load metadata for docker.io/library/python:3.12-slim-bookworm
#2 DONE 0.7s

#4 [internal] load .dockerignore
#4 transferring context: 89B done
#4 DONE 0.0s

#5 [1/5] FROM docker.io/library/python:3.12-slim-bookworm@sha256:54c85f3c47607a77f32adec749d3c81d1348bf25833671f512b26a9b6d778cb3
#5 resolve docker.io/library/python:3.12-slim-bookworm@sha256:54c85f3c47607a77f32adec749d3c81d1348bf25833671f512b26a9b6d778cb3 done
#5 DONE 0.0s

#6 [internal] load build context
#6 transferring context: 55.07kB done
#6 DONE 0.0s

#7 [2/5] RUN apt-get update     && DEBIAN_FRONTEND=noninteractive apt-get install -y --no-install-recommends tzdata     && rm -rf /var/lib/apt/lists/*
#7 CACHED

#8 [3/5] WORKDIR /app
#8 CACHED

#9 [4/5] COPY server.py core.py json_codec.py ./
#9 DONE 0.0s

#10 [5/5] RUN python -c "import ast,pathlib; [ast.parse(p.read_text()) for p in pathlib.Path('.').glob('*.py')]"
#10 DONE 0.1s

#11 exporting to image
#11 exporting layers 0.0s done
#11 exporting manifest sha256:a50bf567ab390b85b7a726e8c216490b65ad0b4e54313ca49bfb56e9a9c96c61 done
#11 exporting config sha256:1ff7de01af897ac4a7f3b6d5a842c3825ecc729c3b84d5a5dc2dcc773c2c34bc done
#11 exporting attestation manifest sha256:6511c72affacf4c927ee1bf6d9999cf53d00ccccd10581b03442a529f05816cc done
#11 exporting manifest list sha256:81fd683dbd39dd83d1f11148dfc91824232508a239ae9408e334c1a50c20ec46 done
#11 naming to docker.io/library/systems-engineer-tablekeeper-s1:json-20261004t035724175728 done
#11 unpacking to docker.io/library/systems-engineer-tablekeeper-s1:json-20261004t035724175728 0.0s done
#11 DONE 0.1s
