[
    {
        "Id": "4f36ff2d60df5a81f7edf076d8034380af00b4fa13d488b41fbfe00c6c5d321a",
        "Created": "2026-10-04T03:58:12.412512924Z",
        "Path": "python",
        "Args": [
            "server.py"
        ],
        "State": {
            "Status": "running",
            "Running": true,
            "Paused": false,
            "Restarting": false,
            "OOMKilled": false,
            "Dead": false,
            "Pid": 1309,
            "ExitCode": 0,
            "Error": "",
            "StartedAt": "2026-10-04T03:58:12.436752091Z",
            "FinishedAt": "0001-01-01T00:00:00Z"
        },
        "Image": "sha256:440e7089d1a26120a53002009c13bc6380992bc01e644a5596e900e4c687095f",
        "ResolvConfPath": "/var/lib/docker/containers/4f36ff2d60df5a81f7edf076d8034380af00b4fa13d488b41fbfe00c6c5d321a/resolv.conf",
        "HostnamePath": "/var/lib/docker/containers/4f36ff2d60df5a81f7edf076d8034380af00b4fa13d488b41fbfe00c6c5d321a/hostname",
        "HostsPath": "/var/lib/docker/containers/4f36ff2d60df5a81f7edf076d8034380af00b4fa13d488b41fbfe00c6c5d321a/hosts",
        "LogPath": "/var/lib/docker/containers/4f36ff2d60df5a81f7edf076d8034380af00b4fa13d488b41fbfe00c6c5d321a/4f36ff2d60df5a81f7edf076d8034380af00b4fa13d488b41fbfe00c6c5d321a-json.log",
        "Name": "/systems-engineer-json-20261004t035724175728-old",
        "RestartCount": 0,
        "Driver": "overlayfs",
        "Platform": "linux",
        "MountLabel": "",
        "ProcessLabel": "",
        "AppArmorProfile": "",
        "ExecIDs": null,
        "HostConfig": {
            "Binds": null,
            "ContainerIDFile": "",
            "LogConfig": {
                "Type": "json-file",
                "Config": {}
            },
            "NetworkMode": "systems-engineer-json-20261004t035724175728-net",
            "PortBindings": {
                "18143/tcp": [
                    {
                        "HostIp": "",
                        "HostPort": "18143"
                    }
                ]
            },
            "RestartPolicy": {
                "Name": "no",
                "MaximumRetryCount": 0
            },
            "AutoRemove": false,
            "VolumeDriver": "",
            "VolumesFrom": null,
            "ConsoleSize": [
                0,
                0
            ],
            "CapAdd": null,
            "CapDrop": null,
            "CgroupnsMode": "private",
            "Dns": null,
            "DnsOptions": [],
            "DnsSearch": [],
            "ExtraHosts": null,
            "GroupAdd": null,
            "IpcMode": "private",
            "Cgroup": "",
            "Links": null,
            "OomScoreAdj": 0,
            "PidMode": "",
            "Privileged": false,
            "PublishAllPorts": false,
            "ReadonlyRootfs": false,
            "SecurityOpt": null,
            "UTSMode": "",
            "UsernsMode": "",
            "ShmSize": 67108864,
            "Runtime": "runc",
            "Isolation": "",
            "CpuShares": 0,
            "Memory": 2147483648,
            "NanoCpus": 2000000000,
            "CgroupParent": "",
            "BlkioWeight": 0,
            "BlkioWeightDevice": [],
            "BlkioDeviceReadBps": [],
            "BlkioDeviceWriteBps": [],
            "BlkioDeviceReadIOps": [],
            "BlkioDeviceWriteIOps": [],
            "CpuPeriod": 0,
            "CpuQuota": 0,
            "CpuRealtimePeriod": 0,
            "CpuRealtimeRuntime": 0,
            "CpusetCpus": "",
            "CpusetMems": "",
            "Devices": [],
            "DeviceCgroupRules": null,
            "DeviceRequests": null,
            "MemoryReservation": 0,
            "MemorySwap": 4294967296,
            "MemorySwappiness": null,
            "OomKillDisable": null,
            "PidsLimit": null,
            "Ulimits": null,
            "CpuCount": 0,
            "CpuPercent": 0,
            "IOMaximumIOps": 0,
            "IOMaximumBandwidth": 0,
            "MaskedPaths": [
                "/proc/acpi",
                "/proc/asound",
                "/proc/interrupts",
                "/proc/kcore",
                "/proc/keys",
                "/proc/latency_stats",
                "/proc/sched_debug",
                "/proc/scsi",
                "/proc/timer_list",
                "/proc/timer_stats",
                "/sys/devices/virtual/powercap",
                "/sys/firmware"
            ],
            "ReadonlyPaths": [
                "/proc/bus",
                "/proc/fs",
                "/proc/irq",
                "/proc/sys",
                "/proc/sysrq-trigger"
            ]
        },
        "Storage": {
            "RootFS": {
                "Snapshot": {
                    "Name": "overlayfs"
                }
            }
        },
        "Mounts": [],
        "Config": {
            "Hostname": "4f36ff2d60df",
            "Domainname": "",
            "User": "65532:65532",
            "AttachStdin": false,
            "AttachStdout": false,
            "AttachStderr": false,
            "ExposedPorts": {
                "18143/tcp": {},
                "8080/tcp": {}
            },
            "Tty": false,
            "OpenStdin": false,
            "StdinOnce": false,
            "Env": [
                "PORT=18143",
                "PATH=/usr/local/bin:/usr/local/sbin:/usr/local/bin:/usr/sbin:/usr/bin:/sbin:/bin",
                "LANG=C.UTF-8",
                "GPG_KEY=7169605F62C751356D054A26A821E680E5FA6305",
                "PYTHON_VERSION=3.12.15",
                "PYTHON_SHA256=c2c4321961fab0fb999d66e0cecf521c2ab3994c7992873ea99e306c1094fd5a",
                "PYTHONUNBUFFERED=1",
                "PYTHONDONTWRITEBYTECODE=1"
            ],
            "Cmd": [
                "python",
                "server.py"
            ],
            "Image": "systems-engineer-tablekeeper-s1:json-20261004t035724175728-old",
            "Volumes": null,
            "WorkingDir": "/app",
            "Entrypoint": null,
            "Labels": {}
        },
        "NetworkSettings": {
            "SandboxID": "8dfc4ad39df3386810bd392889732370ff7950c0c8bef6bb0dc1cbb8c10d2ade",
            "SandboxKey": "/var/run/docker/netns/8dfc4ad39df3",
            "Ports": {
                "18143/tcp": []
            },
            "Networks": {
                "systems-engineer-json-20261004t035724175728-net": {
                    "IPAMConfig": null,
                    "Links": null,
                    "Aliases": null,
                    "DriverOpts": null,
                    "GwPriority": 0,
                    "NetworkID": "26e0abbb8877dd4c10c542643eda00cf1bebbde7ed89e22fa7013c556d299d7a",
                    "EndpointID": "7657c618461120b191a308fc1faa4b1253311ed6d332ce108359ff3c6ed94fbc",
                    "Gateway": "",
                    "IPAddress": "172.18.0.5",
                    "MacAddress": "32:72:40:a5:d8:c8",
                    "IPPrefixLen": 16,
                    "IPv6Gateway": "",
                    "GlobalIPv6Address": "",
                    "GlobalIPv6PrefixLen": 0,
                    "DNSNames": [
                        "systems-engineer-json-20261004t035724175728-old",
                        "4f36ff2d60df"
                    ]
                }
            }
        },
        "ImageManifestDescriptor": {
            "mediaType": "application/vnd.oci.image.manifest.v1+json",
            "digest": "sha256:e41c91bad5d6badb939e88127fcdeaf6d7b050fe6803c78b691e1de763109de2",
            "size": 1806,
            "platform": {
                "architecture": "arm64",
                "os": "linux"
            }
        }
    }
]
