#0 building with "desktop-linux" instance using docker driver

#1 [internal] load build definition from Dockerfile
#1 transferring dockerfile: 129B done
#1 DONE 0.0s

#2 [internal] load metadata for docker.io/library/systems-engineer-tablekeeper-s1:json-20261004t035724175728
#2 DONE 0.0s

#3 [internal] load .dockerignore
#3 transferring context: 2B done
#3 DONE 0.0s

#4 [internal] load build context
#4 transferring context: 75.33kB done
#4 DONE 0.0s

#5 [1/3] FROM docker.io/library/systems-engineer-tablekeeper-s1:json-20261004t035724175728@sha256:81fd683dbd39dd83d1f11148dfc91824232508a239ae9408e334c1a50c20ec46
#5 resolve docker.io/library/systems-engineer-tablekeeper-s1:json-20261004t035724175728@sha256:81fd683dbd39dd83d1f11148dfc91824232508a239ae9408e334c1a50c20ec46 done
#5 DONE 0.0s

#6 [2/3] WORKDIR /probe
#6 DONE 0.0s

#7 [3/3] COPY *.py ./
#7 DONE 0.0s

#8 exporting to image
#8 exporting layers 0.0s done
#8 exporting manifest sha256:03f3a6a617a91f7e0234718eb5c9dec0eba7a68b71d69ff874db66d86fb20dc9 done
#8 exporting config sha256:4e3aa013b122cb5064a03f7d3e6d24e5d592961a98ead7beb708b0d9c3bd827d done
#8 exporting attestation manifest sha256:295645ad5a28ca972aa538fdade4f784acf897d69b550f695bd6210284915ae0 done
#8 exporting manifest list sha256:0897e300e4f0a21644033d79235c2b6c9d699cededa70d30911d1ab0874842f6 done
#8 naming to docker.io/library/systems-engineer-json-client:20261004t035724175728 done
#8 unpacking to docker.io/library/systems-engineer-json-client:20261004t035724175728 done
#8 DONE 0.0s
