#0 building with "desktop-linux" instance using docker driver

#1 [internal] load build definition from Dockerfile
#1 transferring dockerfile: 556B done
#1 DONE 0.0s

#2 [internal] load metadata for docker.io/library/python:3.12-slim-bookworm
#2 DONE 0.4s

#3 [internal] load .dockerignore
#3 transferring context: 89B done
#3 DONE 0.0s

#4 [1/5] FROM docker.io/library/python:3.12-slim-bookworm@sha256:54c85f3c47607a77f32adec749d3c81d1348bf25833671f512b26a9b6d778cb3
#4 resolve docker.io/library/python:3.12-slim-bookworm@sha256:54c85f3c47607a77f32adec749d3c81d1348bf25833671f512b26a9b6d778cb3 0.0s done
#4 DONE 0.0s

#5 [internal] load build context
#5 transferring context: 53.38kB done
#5 DONE 0.0s

#6 [2/5] RUN apt-get update     && DEBIAN_FRONTEND=noninteractive apt-get install -y --no-install-recommends tzdata     && rm -rf /var/lib/apt/lists/*
#6 CACHED

#7 [3/5] WORKDIR /app
#7 CACHED

#8 [4/5] COPY server.py core.py json_codec.py ./
#8 DONE 0.0s

#9 [5/5] RUN python -c "import ast,pathlib; [ast.parse(p.read_text()) for p in pathlib.Path('.').glob('*.py')]"
#9 DONE 0.2s

#10 exporting to image
#10 exporting layers 0.0s done
#10 exporting manifest sha256:b42742f1a6f3f49b27bf7e1a7c03dc8c24fea5ebfbb6bc01e663deaf2d1e9760 done
#10 exporting config sha256:9a3556c68567cfa57c9ce67da1b22f42ba41fb5da6cd79c43091b7c115968410 done
#10 exporting attestation manifest sha256:2f56d763f3d41c69e5f820a827d8c08719bf939f52eda09a36dcc188e84a28d0 done
#10 exporting manifest list sha256:eda172ca6b13c854834a2363d598bd19bb46ea8402cd0f09af14caf0035f9a53 done
#10 naming to docker.io/library/interface-engineer-tablekeeper-s1:json-adapter-20261004t033825025000z done
#10 unpacking to docker.io/library/interface-engineer-tablekeeper-s1:json-adapter-20261004t033825025000z done
#10 DONE 0.1s
