#0 building with "desktop-linux" instance using docker driver

#1 [internal] load build definition from Probe.Dockerfile
#1 transferring dockerfile: 329B done
#1 DONE 0.0s

#2 [internal] load metadata for docker.io/library/python:3.12-slim
#2 DONE 0.2s

#3 [internal] load .dockerignore
#3 transferring context: 2B done
#3 DONE 0.0s

#4 [internal] load build context
#4 transferring context: 104.29kB done
#4 DONE 0.0s

#5 [1/4] FROM docker.io/library/python:3.12-slim@sha256:dddfd7e07f9d15aeeca61529320492139d21cac7f0070c00609243e51e4e0016
#5 resolve docker.io/library/python:3.12-slim@sha256:dddfd7e07f9d15aeeca61529320492139d21cac7f0070c00609243e51e4e0016 0.0s done
#5 DONE 0.0s

#6 [2/4] RUN apt-get update && apt-get install -y --no-install-recommends tzdata && rm -rf /var/lib/apt/lists/*
#6 CACHED

#7 [3/4] WORKDIR /verifier
#7 CACHED

#8 [4/4] COPY requirements.py probe.py health.py supplemental.py /verifier/
#8 DONE 0.0s

#9 exporting to image
#9 exporting layers 0.0s done
#9 exporting manifest sha256:c13de5e86cebfddeaa68ac15bea929be20089feda8db2abd4d5bd49f3ab4c6cc done
#9 exporting config sha256:7d504d4a69b75dbc1f7b1487d7c6f820203bcd0eaf4020733d955061584f3862 done
#9 exporting attestation manifest sha256:6ab15fdc60b009d53f3a26862807a5be5a9858c807e8c9c0653c6976ec16e6f9 done
#9 exporting manifest list sha256:ee7c960195c400f7abc631f91e5d866604648991999fa3b909bd1f0473e6e362 done
#9 naming to docker.io/library/independent-verifier-s1-439b04e62325-20261004t003624:probe-runner done
#9 unpacking to docker.io/library/independent-verifier-s1-439b04e62325-20261004t003624:probe-runner done
#9 DONE 0.0s
