#0 building with "desktop-linux" instance using docker driver

#1 [internal] load build definition from Dockerfile
#1 transferring dockerfile: 542B done
#1 DONE 0.0s

#2 [internal] load metadata for docker.io/library/python:3.12-slim-bookworm
#2 DONE 0.4s

#3 [internal] load .dockerignore
#3 transferring context: 74B done
#3 DONE 0.0s

#4 [1/5] FROM docker.io/library/python:3.12-slim-bookworm@sha256:54c85f3c47607a77f32adec749d3c81d1348bf25833671f512b26a9b6d778cb3
#4 resolve docker.io/library/python:3.12-slim-bookworm@sha256:54c85f3c47607a77f32adec749d3c81d1348bf25833671f512b26a9b6d778cb3 done
#4 DONE 0.0s

#5 [internal] load build context
#5 transferring context: 37.55kB 0.0s done
#5 DONE 0.0s

#6 [2/5] RUN apt-get update     && DEBIAN_FRONTEND=noninteractive apt-get install -y --no-install-recommends tzdata     && rm -rf /var/lib/apt/lists/*
#6 CACHED

#7 [3/5] WORKDIR /app
#7 CACHED

#8 [4/5] COPY server.py core.py ./
#8 CACHED

#9 [5/5] RUN python -c "import ast,pathlib; [ast.parse(p.read_text()) for p in pathlib.Path('.').glob('*.py')]"
#9 CACHED

#10 exporting to image
#10 exporting layers done
#10 exporting manifest sha256:26f834bbd0dc37fafe1f3fa9619158dace896f3ef9e2acc6200f5da38fb25f76 done
#10 exporting config sha256:076d79196e03a186e2f3fd72c4c3d4373db9fd1c5a82205ad8e18d05e7c8a749 done
#10 exporting attestation manifest sha256:4ec49da96f1b3ddbc1d2c55942cc23b2f7bc6a52f2ca6edd3241ed1e3ec7f809 done
#10 exporting manifest list sha256:78bf8b4d35df332dabbde12031a955718927dc91e17562af01576ed21dfec3d9 done
#10 naming to docker.io/library/independent-verifier-s1-439b04e62325-20261004t003624:candidate done
#10 unpacking to docker.io/library/independent-verifier-s1-439b04e62325-20261004t003624:candidate done
#10 DONE 0.0s
