[
    {
        "Id": "d79b279d254af4e6f5edb37e7a1ac2e3d65086f8a5c0d46031ae6151cc485aec",
        "Created": "2026-10-04T00:36:26.59767384Z",
        "Path": "python",
        "Args": [
            "server.py"
        ],
        "State": {
            "Status": "running",
            "Running": true,
            "Paused": false,
            "Restarting": false,
            "OOMKilled": false,
            "Dead": false,
            "Pid": 5731,
            "ExitCode": 0,
            "Error": "",
            "StartedAt": "2026-10-04T00:36:26.61901234Z",
            "FinishedAt": "0001-01-01T00:00:00Z"
        },
        "Image": "sha256:78bf8b4d35df332dabbde12031a955718927dc91e17562af01576ed21dfec3d9",
        "ResolvConfPath": "/var/lib/docker/containers/d79b279d254af4e6f5edb37e7a1ac2e3d65086f8a5c0d46031ae6151cc485aec/resolv.conf",
        "HostnamePath": "/var/lib/docker/containers/d79b279d254af4e6f5edb37e7a1ac2e3d65086f8a5c0d46031ae6151cc485aec/hostname",
        "HostsPath": "/var/lib/docker/containers/d79b279d254af4e6f5edb37e7a1ac2e3d65086f8a5c0d46031ae6151cc485aec/hosts",
        "LogPath": "/var/lib/docker/containers/d79b279d254af4e6f5edb37e7a1ac2e3d65086f8a5c0d46031ae6151cc485aec/d79b279d254af4e6f5edb37e7a1ac2e3d65086f8a5c0d46031ae6151cc485aec-json.log",
        "Name": "/independent-verifier-s1-439b04e62325-20261004t003624-source",
        "RestartCount": 0,
        "Driver": "overlayfs",
        "Platform": "linux",
        "MountLabel": "",
        "ProcessLabel": "",
        "AppArmorProfile": "",
        "ExecIDs": null,
        "HostConfig": {
            "Binds": null,
            "ContainerIDFile": "",
            "LogConfig": {
                "Type": "json-file",
                "Config": {}
            },
            "NetworkMode": "independent-verifier-s1-439b04e62325-20261004t003624-net",
            "PortBindings": {
                "18309/tcp": [
                    {
                        "HostIp": "127.0.0.1",
                        "HostPort": "18300"
                    }
                ]
            },
            "RestartPolicy": {
                "Name": "no",
                "MaximumRetryCount": 0
            },
            "AutoRemove": false,
            "VolumeDriver": "",
            "VolumesFrom": null,
            "ConsoleSize": [
                0,
                0
            ],
            "CapAdd": null,
            "CapDrop": null,
            "CgroupnsMode": "private",
            "Dns": null,
            "DnsOptions": [],
            "DnsSearch": [],
            "ExtraHosts": null,
            "GroupAdd": null,
            "IpcMode": "private",
            "Cgroup": "",
            "Links": null,
            "OomScoreAdj": 0,
            "PidMode": "",
            "Privileged": false,
            "PublishAllPorts": false,
            "ReadonlyRootfs": false,
            "SecurityOpt": null,
            "UTSMode": "",
            "UsernsMode": "",
            "ShmSize": 67108864,
            "Runtime": "runc",
            "Isolation": "",
            "CpuShares": 0,
            "Memory": 2147483648,
            "NanoCpus": 2000000000,
            "CgroupParent": "",
            "BlkioWeight": 0,
            "BlkioWeightDevice": [],
            "BlkioDeviceReadBps": [],
            "BlkioDeviceWriteBps": [],
            "BlkioDeviceReadIOps": [],
            "BlkioDeviceWriteIOps": [],
            "CpuPeriod": 0,
            "CpuQuota": 0,
            "CpuRealtimePeriod": 0,
            "CpuRealtimeRuntime": 0,
            "CpusetCpus": "",
            "CpusetMems": "",
            "Devices": [],
            "DeviceCgroupRules": null,
            "DeviceRequests": null,
            "MemoryReservation": 0,
            "MemorySwap": 4294967296,
            "MemorySwappiness": null,
            "OomKillDisable": null,
            "PidsLimit": null,
            "Ulimits": null,
            "CpuCount": 0,
            "CpuPercent": 0,
            "IOMaximumIOps": 0,
            "IOMaximumBandwidth": 0,
            "MaskedPaths": [
                "/proc/acpi",
                "/proc/asound",
                "/proc/interrupts",
                "/proc/kcore",
                "/proc/keys",
                "/proc/latency_stats",
                "/proc/sched_debug",
                "/proc/scsi",
                "/proc/timer_list",
                "/proc/timer_stats",
                "/sys/devices/virtual/powercap",
                "/sys/firmware"
            ],
            "ReadonlyPaths": [
                "/proc/bus",
                "/proc/fs",
                "/proc/irq",
                "/proc/sys",
                "/proc/sysrq-trigger"
            ]
        },
        "Storage": {
            "RootFS": {
                "Snapshot": {
                    "Name": "overlayfs"
                }
            }
        },
        "Mounts": [],
        "Config": {
            "Hostname": "d79b279d254a",
            "Domainname": "",
            "User": "65532:65532",
            "AttachStdin": false,
            "AttachStdout": false,
            "AttachStderr": false,
            "ExposedPorts": {
                "18309/tcp": {},
                "8080/tcp": {}
            },
            "Tty": false,
            "OpenStdin": false,
            "StdinOnce": false,
            "Env": [
                "PORT=18309",
                "PATH=/usr/local/bin:/usr/local/sbin:/usr/local/bin:/usr/sbin:/usr/bin:/sbin:/bin",
                "LANG=C.UTF-8",
                "GPG_KEY=7169605F62C751356D054A26A821E680E5FA6305",
                "PYTHON_VERSION=3.12.15",
                "PYTHON_SHA256=c2c4321961fab0fb999d66e0cecf521c2ab3994c7992873ea99e306c1094fd5a",
                "PYTHONUNBUFFERED=1",
                "PYTHONDONTWRITEBYTECODE=1"
            ],
            "Cmd": [
                "python",
                "server.py"
            ],
            "Image": "independent-verifier-s1-439b04e62325-20261004t003624:candidate",
            "Volumes": null,
            "WorkingDir": "/app",
            "Entrypoint": null,
            "Labels": {}
        },
        "NetworkSettings": {
            "SandboxID": "9d64157e7887600e8d1bd8b65441daf6603ee9a4283756c2fa7341be8e8d8045",
            "SandboxKey": "/var/run/docker/netns/9d64157e7887",
            "Ports": {
                "18309/tcp": []
            },
            "Networks": {
                "independent-verifier-s1-439b04e62325-20261004t003624-net": {
                    "IPAMConfig": null,
                    "Links": null,
                    "Aliases": null,
                    "DriverOpts": null,
                    "GwPriority": 0,
                    "NetworkID": "8393ded0882157d7bcb1839f2d3db2b40fe2aeafd6eabcd6beab2e00dc6f4943",
                    "EndpointID": "f244e176710d0465577b19ef233f6fd68a48462c2a5103554e5c6463d00d5bfb",
                    "Gateway": "",
                    "IPAddress": "172.18.0.2",
                    "MacAddress": "ba:db:b1:22:f3:3c",
                    "IPPrefixLen": 16,
                    "IPv6Gateway": "",
                    "GlobalIPv6Address": "",
                    "GlobalIPv6PrefixLen": 0,
                    "DNSNames": [
                        "independent-verifier-s1-439b04e62325-20261004t003624-source",
                        "d79b279d254a"
                    ]
                }
            }
        },
        "ImageManifestDescriptor": {
            "mediaType": "application/vnd.oci.image.manifest.v1+json",
            "digest": "sha256:26f834bbd0dc37fafe1f3fa9619158dace896f3ef9e2acc6200f5da38fb25f76",
            "size": 1805,
            "platform": {
                "architecture": "arm64",
                "os": "linux"
            }
        }
    }
]
