[
    {
        "Id": "7222abd0aa557bc13a48441aa96520d2387e1b97ee6f11eecf3695f779d94a4c",
        "Created": "2026-10-04T01:24:00.478194259Z",
        "Path": "python",
        "Args": [
            "server.py"
        ],
        "State": {
            "Status": "running",
            "Running": true,
            "Paused": false,
            "Restarting": false,
            "OOMKilled": false,
            "Dead": false,
            "Pid": 3255,
            "ExitCode": 0,
            "Error": "",
            "StartedAt": "2026-10-04T01:24:00.500577134Z",
            "FinishedAt": "0001-01-01T00:00:00Z"
        },
        "Image": "sha256:c5f1ae9ec27b89cd801c09fc3ad0b03f21a65f21c68240a2f512a73ab405218f",
        "ResolvConfPath": "/var/lib/docker/containers/7222abd0aa557bc13a48441aa96520d2387e1b97ee6f11eecf3695f779d94a4c/resolv.conf",
        "HostnamePath": "/var/lib/docker/containers/7222abd0aa557bc13a48441aa96520d2387e1b97ee6f11eecf3695f779d94a4c/hostname",
        "HostsPath": "/var/lib/docker/containers/7222abd0aa557bc13a48441aa96520d2387e1b97ee6f11eecf3695f779d94a4c/hosts",
        "LogPath": "/var/lib/docker/containers/7222abd0aa557bc13a48441aa96520d2387e1b97ee6f11eecf3695f779d94a4c/7222abd0aa557bc13a48441aa96520d2387e1b97ee6f11eecf3695f779d94a4c-json.log",
        "Name": "/independent-verifier-s1-2a4b0408a345-20261004t012358-source",
        "RestartCount": 0,
        "Driver": "overlayfs",
        "Platform": "linux",
        "MountLabel": "",
        "ProcessLabel": "",
        "AppArmorProfile": "",
        "ExecIDs": null,
        "HostConfig": {
            "Binds": null,
            "ContainerIDFile": "",
            "LogConfig": {
                "Type": "json-file",
                "Config": {}
            },
            "NetworkMode": "independent-verifier-s1-2a4b0408a345-20261004t012358-net",
            "PortBindings": {
                "18309/tcp": [
                    {
                        "HostIp": "127.0.0.1",
                        "HostPort": "18300"
                    }
                ]
            },
            "RestartPolicy": {
                "Name": "no",
                "MaximumRetryCount": 0
            },
            "AutoRemove": false,
            "VolumeDriver": "",
            "VolumesFrom": null,
            "ConsoleSize": [
                0,
                0
            ],
            "CapAdd": null,
            "CapDrop": null,
            "CgroupnsMode": "private",
            "Dns": null,
            "DnsOptions": [],
            "DnsSearch": [],
            "ExtraHosts": null,
            "GroupAdd": null,
            "IpcMode": "private",
            "Cgroup": "",
            "Links": null,
            "OomScoreAdj": 0,
            "PidMode": "",
            "Privileged": false,
            "PublishAllPorts": false,
            "ReadonlyRootfs": false,
            "SecurityOpt": null,
            "UTSMode": "",
            "UsernsMode": "",
            "ShmSize": 67108864,
            "Runtime": "runc",
            "Isolation": "",
            "CpuShares": 0,
            "Memory": 2147483648,
            "NanoCpus": 2000000000,
            "CgroupParent": "",
            "BlkioWeight": 0,
            "BlkioWeightDevice": [],
            "BlkioDeviceReadBps": [],
            "BlkioDeviceWriteBps": [],
            "BlkioDeviceReadIOps": [],
            "BlkioDeviceWriteIOps": [],
            "CpuPeriod": 0,
            "CpuQuota": 0,
            "CpuRealtimePeriod": 0,
            "CpuRealtimeRuntime": 0,
            "CpusetCpus": "",
            "CpusetMems": "",
            "Devices": [],
            "DeviceCgroupRules": null,
            "DeviceRequests": null,
            "MemoryReservation": 0,
            "MemorySwap": 4294967296,
            "MemorySwappiness": null,
            "OomKillDisable": null,
            "PidsLimit": null,
            "Ulimits": null,
            "CpuCount": 0,
            "CpuPercent": 0,
            "IOMaximumIOps": 0,
            "IOMaximumBandwidth": 0,
            "MaskedPaths": [
                "/proc/acpi",
                "/proc/asound",
                "/proc/interrupts",
                "/proc/kcore",
                "/proc/keys",
                "/proc/latency_stats",
                "/proc/sched_debug",
                "/proc/scsi",
                "/proc/timer_list",
                "/proc/timer_stats",
                "/sys/devices/virtual/powercap",
                "/sys/firmware"
            ],
            "ReadonlyPaths": [
                "/proc/bus",
                "/proc/fs",
                "/proc/irq",
                "/proc/sys",
                "/proc/sysrq-trigger"
            ]
        },
        "Storage": {
            "RootFS": {
                "Snapshot": {
                    "Name": "overlayfs"
                }
            }
        },
        "Mounts": [],
        "Config": {
            "Hostname": "7222abd0aa55",
            "Domainname": "",
            "User": "65532:65532",
            "AttachStdin": false,
            "AttachStdout": false,
            "AttachStderr": false,
            "ExposedPorts": {
                "18309/tcp": {},
                "8080/tcp": {}
            },
            "Tty": false,
            "OpenStdin": false,
            "StdinOnce": false,
            "Env": [
                "PORT=18309",
                "PATH=/usr/local/bin:/usr/local/sbin:/usr/local/bin:/usr/sbin:/usr/bin:/sbin:/bin",
                "LANG=C.UTF-8",
                "GPG_KEY=7169605F62C751356D054A26A821E680E5FA6305",
                "PYTHON_VERSION=3.12.15",
                "PYTHON_SHA256=c2c4321961fab0fb999d66e0cecf521c2ab3994c7992873ea99e306c1094fd5a",
                "PYTHONUNBUFFERED=1",
                "PYTHONDONTWRITEBYTECODE=1"
            ],
            "Cmd": [
                "python",
                "server.py"
            ],
            "Image": "independent-verifier-s1-2a4b0408a345-20261004t012358:candidate",
            "Volumes": null,
            "WorkingDir": "/app",
            "Entrypoint": null,
            "Labels": {}
        },
        "NetworkSettings": {
            "SandboxID": "4027bf153206ba3d980d8a4627821d7d06a67895faedb3c5531a5e96e38a1bad",
            "SandboxKey": "/var/run/docker/netns/4027bf153206",
            "Ports": {
                "18309/tcp": []
            },
            "Networks": {
                "independent-verifier-s1-2a4b0408a345-20261004t012358-net": {
                    "IPAMConfig": null,
                    "Links": null,
                    "Aliases": null,
                    "DriverOpts": null,
                    "GwPriority": 0,
                    "NetworkID": "35269c9d1ed01971a0892f8be200c018238d8aca5e3b034683f03628474f0b21",
                    "EndpointID": "de92be8aa5ddf91cef3f3433865e2caf2fbcb4a1cc558ac9627ff15f6d89f94e",
                    "Gateway": "",
                    "IPAddress": "172.18.0.2",
                    "MacAddress": "86:5d:33:98:6f:e3",
                    "IPPrefixLen": 16,
                    "IPv6Gateway": "",
                    "GlobalIPv6Address": "",
                    "GlobalIPv6PrefixLen": 0,
                    "DNSNames": [
                        "independent-verifier-s1-2a4b0408a345-20261004t012358-source",
                        "7222abd0aa55"
                    ]
                }
            }
        },
        "ImageManifestDescriptor": {
            "mediaType": "application/vnd.oci.image.manifest.v1+json",
            "digest": "sha256:916afbb3ebc8eacbfa550429a7be8fc81c1765771422990b3759ddeb84095c65",
            "size": 1806,
            "platform": {
                "architecture": "arm64",
                "os": "linux"
            }
        }
    }
]
