#0 building with "desktop-linux" instance using docker driver

#1 [internal] load build definition from Dockerfile
#1 transferring dockerfile: 542B done
#1 DONE 0.0s

#2 [internal] load metadata for docker.io/library/python:3.12-slim-bookworm
#2 DONE 0.4s

#3 [internal] load .dockerignore
#3 transferring context: 74B done
#3 DONE 0.0s

#4 [1/5] FROM docker.io/library/python:3.12-slim-bookworm@sha256:54c85f3c47607a77f32adec749d3c81d1348bf25833671f512b26a9b6d778cb3
#4 resolve docker.io/library/python:3.12-slim-bookworm@sha256:54c85f3c47607a77f32adec749d3c81d1348bf25833671f512b26a9b6d778cb3 done
#4 DONE 0.0s

#5 [internal] load build context
#5 transferring context: 40.71kB done
#5 DONE 0.0s

#6 [2/5] RUN apt-get update     && DEBIAN_FRONTEND=noninteractive apt-get install -y --no-install-recommends tzdata     && rm -rf /var/lib/apt/lists/*
#6 CACHED

#7 [3/5] WORKDIR /app
#7 CACHED

#8 [4/5] COPY server.py core.py ./
#8 CACHED

#9 [5/5] RUN python -c "import ast,pathlib; [ast.parse(p.read_text()) for p in pathlib.Path('.').glob('*.py')]"
#9 CACHED

#10 exporting to image
#10 exporting layers done
#10 exporting manifest sha256:77fb20b7d0c02ff8eab0351f49d775666c9f9b2341530fe60ff084be88341f8e done
#10 exporting config sha256:88745d8a4844b8f1655872f9a1e3319c746cbbe18b227bf00c4b0dd5bd817060 done
#10 exporting attestation manifest sha256:b235a58e98b8e5c5af5204d7655349074be8aa3a27f0821cfabfc94f77af5c84 done
#10 exporting manifest list sha256:8f5e1d8867e6d7b56d584749b5771d27e90ffa6472bcb1702c7809770fbe89e3 done
#10 naming to docker.io/library/independent-verifier-s1-2a4b0408a345-20261004t012358:legacy done
#10 unpacking to docker.io/library/independent-verifier-s1-2a4b0408a345-20261004t012358:legacy done
#10 DONE 0.0s
