#0 building with "desktop-linux" instance using docker driver

#1 [internal] load build definition from Browser.Dockerfile
#1 transferring dockerfile: 419B done
#1 DONE 0.0s

#2 [auth] library/python:pull token for registry-1.docker.io
#2 DONE 0.0s

#3 [internal] load metadata for docker.io/library/python:3.12-slim
#3 DONE 0.6s

#4 [internal] load .dockerignore
#4 transferring context: 2B done
#4 DONE 0.0s

#5 [1/7] FROM docker.io/library/python:3.12-slim@sha256:dddfd7e07f9d15aeeca61529320492139d21cac7f0070c00609243e51e4e0016
#5 resolve docker.io/library/python:3.12-slim@sha256:dddfd7e07f9d15aeeca61529320492139d21cac7f0070c00609243e51e4e0016 0.0s done
#5 DONE 0.0s

#6 [internal] load build context
#6 transferring context: 100.62kB 0.0s done
#6 DONE 0.0s

#7 [3/7] RUN apt-get update && apt-get install -y --no-install-recommends tzdata && rm -rf /var/lib/apt/lists/*
#7 CACHED

#8 [2/7] RUN pip install --no-cache-dir playwright==1.63.0 && playwright install --with-deps chromium
#8 CACHED

#9 [4/7] WORKDIR /verifier
#9 CACHED

#10 [5/7] COPY stage-2/*.py /verifier/stage-2/
#10 DONE 0.0s

#11 [6/7] COPY stage-1/*.py /verifier/stage-1/
#11 DONE 0.0s

#12 [7/7] WORKDIR /verifier/stage-2
#12 DONE 0.0s

#13 exporting to image
#13 exporting layers 0.0s done
#13 exporting manifest sha256:7e032fe2e2ce2475c4f88b7c332442f72527669e0d816ab215661d4dddddafe0 done
#13 exporting config sha256:f703d5e7a0675611f013ab02505a99167916eb2a88edb2b1b02c96f5dafd0207 done
#13 exporting attestation manifest sha256:1f379bef59e5e0c8d7a5e46c40bdf8f896f0a10cd1446a2f40bb2c90ea7896d9 done
#13 exporting manifest list sha256:2e812f7f79778b4c7bd1312a8243d93581cfeb059466e77dda0344cd29caf4fe done
#13 naming to docker.io/library/independent-verifier-s2:prepared-runner-03 done
#13 unpacking to docker.io/library/independent-verifier-s2:prepared-runner-03 0.0s done
#13 DONE 0.1s
