#0 building with "desktop-linux" instance using docker driver

#1 [internal] load build definition from Browser.Dockerfile
#1 transferring dockerfile: 419B done
#1 DONE 0.0s

#2 [internal] load metadata for docker.io/library/python:3.12-slim
#2 DONE 0.2s

#3 [internal] load .dockerignore
#3 transferring context: 2B done
#3 DONE 0.0s

#4 [1/7] FROM docker.io/library/python:3.12-slim@sha256:dddfd7e07f9d15aeeca61529320492139d21cac7f0070c00609243e51e4e0016
#4 resolve docker.io/library/python:3.12-slim@sha256:dddfd7e07f9d15aeeca61529320492139d21cac7f0070c00609243e51e4e0016 0.0s done
#4 DONE 0.0s

#5 [internal] load build context
#5 transferring context: 34.43kB 0.0s done
#5 DONE 0.0s

#6 [3/7] RUN apt-get update && apt-get install -y --no-install-recommends tzdata && rm -rf /var/lib/apt/lists/*
#6 CACHED

#7 [2/7] RUN pip install --no-cache-dir playwright==1.63.0 && playwright install --with-deps chromium
#7 CACHED

#8 [4/7] WORKDIR /verifier
#8 CACHED

#9 [5/7] COPY stage-2/*.py /verifier/stage-2/
#9 DONE 0.0s

#10 [6/7] COPY stage-1/*.py /verifier/stage-1/
#10 DONE 0.0s

#11 [7/7] WORKDIR /verifier/stage-2
#11 DONE 0.0s

#12 exporting to image
#12 exporting layers 0.0s done
#12 exporting manifest sha256:ccc07f7f7b9073babfc4dc028a3465b8d5dbdb5f46ffa1f790f7c1f44d06c4f3 done
#12 exporting config sha256:6cf84d82cf2224903daa30bfbae2d36b4fb4e56bd21efa13cdf078d412d42675 done
#12 exporting attestation manifest sha256:2c0e1dedb949df0257074e9ea82fa24ba17fefa2720cda09d183c78895eda704 done
#12 exporting manifest list sha256:4883b4677b10ddeb5b63b56e7ac9c231ded6ef4e13dd28f81f91feabef2da906 done
#12 naming to docker.io/library/independent-verifier-s2:prepared-runner-02 done
#12 unpacking to docker.io/library/independent-verifier-s2:prepared-runner-02 0.0s done
#12 DONE 0.1s
