#0 building with "desktop-linux" instance using docker driver

#1 [internal] load build definition from Dockerfile
#1 transferring dockerfile: 210B done
#1 DONE 0.0s

#2 [internal] load metadata for docker.io/library/independent-verifier-s4-1004095136:client
#2 DONE 0.0s

#3 [internal] load .dockerignore
#3 transferring context: 2B done
#3 DONE 0.0s

#4 [1/5] FROM docker.io/library/independent-verifier-s4-1004095136:client@sha256:2a56848199b867aca32b02eb632232cdcf52f542f5a1fbfe871580e120ca36d9
#4 resolve docker.io/library/independent-verifier-s4-1004095136:client@sha256:2a56848199b867aca32b02eb632232cdcf52f542f5a1fbfe871580e120ca36d9 done
#4 DONE 0.0s

#5 [internal] load build context
#5 transferring context: 11.82MB 0.1s done
#5 DONE 0.1s

#6 [3/5] COPY stage-2 /verifier/stage-2
#6 CACHED

#7 [2/5] COPY stage-1 /verifier/stage-1
#7 CACHED

#8 [4/5] COPY stage-3 /verifier/stage-3
#8 CACHED

#9 [5/5] COPY stage-4 /verifier/stage-4
#9 DONE 0.0s

#10 exporting to image
#10 exporting layers 0.0s done
#10 exporting manifest sha256:473a4e82a67cef7521f7a99ac31e93ecb86c56491ba15b17452e3d075d1f48b6 done
#10 exporting config sha256:1ca99014b12d7abda51e637d35e86946558bf3306d784d2067c769f419fde78e done
#10 exporting attestation manifest sha256:b6c1b7f652177d71c2194af56042e9215ccaaddb10e7ce896510bcc72d0f0ac2 done
#10 exporting manifest list sha256:7e3fe9cbf7f8207714c28f87f537421a32807cfb06d406d6b36df169ea5de91d done
#10 naming to docker.io/library/independent-verifier-s4-1004095136:client-0ede4583 done
#10 unpacking to docker.io/library/independent-verifier-s4-1004095136:client-0ede4583 done
#10 DONE 0.1s
