100644 blob c6ed67b99ea171b7392f06ea39d9754d7adcbbe3	architecture.json
100644 blob a641566611008ad0b8e6d4eadc609dd4c59315a3	evidence/coordinator/append_event.py
100644 blob 7554c7e5090dc524af45a80fbed9f0a9954dd0b6	evidence/coordinator/freeze_stage.py
100644 blob 52024d6706698a67d1b8c31cf6c0228479881399	evidence/coordinator/handoffs/TK-20261004-S1-independent-verifier-A.txt
100644 blob 3d6e3f346afd0f256bab428ce43d6ef986d4cc24	evidence/coordinator/handoffs/TK-20261004-S1-independent-verifier-CANDIDATE-1.txt
100644 blob 96f8a5cedfb219909269b4023e00bba33223d505	evidence/coordinator/handoffs/TK-20261004-S1-independent-verifier-CANDIDATE-2.txt
100644 blob f8f6b7e40611409f75447164a68db115df4a33e5	evidence/coordinator/handoffs/TK-20261004-S1-interface-engineer-A.txt
100644 blob 152502174c9392e471d8466a688e6d66f91fad4c	evidence/coordinator/handoffs/TK-20261004-S1-systems-engineer-A.txt
100644 blob 763db93004d7068f265b33272553473960230d88	evidence/coordinator/handoffs/TK-20261004-S1-systems-engineer-TIMESTAMP-3.txt
100644 blob bc72b1953f4fa645c45a2788b2b063f8925ab54f	evidence/coordinator/initialize_ledger.py
100644 blob f7379b3e869f2f2bd3e19f4a4a619f40df97bdd1	evidence/coordinator/operator-facts.md
100644 blob f5af7ab18d41a6d1947732dc681bd793063186c3	evidence/coordinator/requirements-ledger.csv
100644 blob fb14109a7199a286d3e1f8419771863bc6507cb6	evidence/coordinator/requirements-ledger.md
100644 blob a3b6cf81ac3e26b356e0967c2164cc0152597dd5	evidence/coordinator/run-budget.json
100644 blob 0503ffe57e57e4dbcbcafd930476f4adb747fb35	evidence/coordinator/run-ledger.jsonl
100644 blob 5cdf1da17620aef587d5904ad90af8cc1d6c902c	evidence/coordinator/source-provenance.json
100644 blob c92a0aed71c054e4df5ad427087d0407407ee73a	evidence/coordinator/stage-1-diagnostic-report.json
100644 blob c628696f1ae48da5ed324d09598b7417f1f6b146	evidence/coordinator/timestamp-representation-decision.md
100644 blob be9e1efbe990bd711bd3392594e736007dcfe65c	evidence/independent-verifier/ledger.jsonl
100644 blob 820ecfc820cdc57175e8f23f4e36764d9722dbbe	evidence/independent-verifier/stage-1/PREPARATION.md
100644 blob 678f57b88a390f632132733701ce098e1a50f9eb	evidence/independent-verifier/stage-1/Probe.Dockerfile
100644 blob 8530a807131abade7d9bc4f9b76fc0b00b4e4644	evidence/independent-verifier/stage-1/TIMESTAMP-INTERPRETATION-PREPARATION.md
100644 blob fc3e9da16b7a4ad4dff4e0e9f5e1827a2bd43149	evidence/independent-verifier/stage-1/calendar_edges.py
100644 blob 53504fc4a1a34a7878a4a6c2293565555aaca5f3	evidence/independent-verifier/stage-1/candidate-1/VERDICT.md
100644 blob 19c1b07efb19d0ab4faa89b481617dca0be8bbce	evidence/independent-verifier/stage-1/candidate-1/artifact-manifest.json
100644 blob eeaa2ddbbde7100572819fa53f35fb0e8879abad	evidence/independent-verifier/stage-1/candidate-1/committed-history.txt
100644 blob 1439a97e28809e7bf4124a6e6b9961a8ce332b02	evidence/independent-verifier/stage-1/candidate-1/committed-tree.txt
100644 blob dc1727a65773d2c32cc82902199eb50e98314912	evidence/independent-verifier/stage-1/candidate-1/coverage.csv
100644 blob 25aa27c606374d0b8a30ba379fc713ae722ac602	evidence/independent-verifier/stage-1/candidate-1/official/report.json
100644 blob 20eab55ba1d01f0948d272cf1a83a7f97d6c9dc5	evidence/independent-verifier/stage-1/candidate-1/official/stage-1.counts.json
100644 blob efc3fe858369218664530f8d014befe302af7388	evidence/independent-verifier/stage-1/candidate-1/official/stage-1.log
100644 blob 113b657a723d9a2313b38b91853f84d8aaa3880f	evidence/independent-verifier/stage-1/candidate-1/official/stage-2.counts.json
100644 blob 81ff79d6a80b8c1ba66a83accab4312d02f1f8eb	evidence/independent-verifier/stage-1/candidate-1/official/stage-2.log
100644 blob 57972f66c0de4fbb356b7eb7766d54f510ed48bb	evidence/independent-verifier/stage-1/candidate-1/preflight/RUN-reviewed-source.md
100644 blob 3010d3b30b735b8aa6d35928d85baa40ef59603e	evidence/independent-verifier/stage-1/candidate-1/preflight/command-000.log
100644 blob 3529171eea2a05450e2c32bf59b8fa0861d77a3a	evidence/independent-verifier/stage-1/candidate-1/preflight/command-001.log
100644 blob e69de29bb2d1d6434b8b29ae775ad8c2e48c5391	evidence/independent-verifier/stage-1/candidate-1/preflight/command-002.log
100644 blob 7551129d151221d52374edffd2e98436e831f993	evidence/independent-verifier/stage-1/candidate-1/preflight/command-003.log
100644 blob 1439a97e28809e7bf4124a6e6b9961a8ce332b02	evidence/independent-verifier/stage-1/candidate-1/preflight/command-004.log
100644 blob bad6eba06870c7211e82b14a8562f1593103a4be	evidence/independent-verifier/stage-1/candidate-1/preflight/commands.json
100644 blob 7d84ae5ca9593e230223ccff8b51846a3e5ba0f0	evidence/independent-verifier/stage-1/candidate-1/preflight/preflight.json
100644 blob 57972f66c0de4fbb356b7eb7766d54f510ed48bb	evidence/independent-verifier/stage-1/candidate-1/runtime-01/RUN-reviewed-source.md
100644 blob 018ef8cf6cf5bb613b4b5ace43655907d5df17ad	evidence/independent-verifier/stage-1/candidate-1/runtime-01/command-000.log
100644 blob 3529171eea2a05450e2c32bf59b8fa0861d77a3a	evidence/independent-verifier/stage-1/candidate-1/runtime-01/command-001.log
100644 blob e69de29bb2d1d6434b8b29ae775ad8c2e48c5391	evidence/independent-verifier/stage-1/candidate-1/runtime-01/command-002.log
100644 blob 7551129d151221d52374edffd2e98436e831f993	evidence/independent-verifier/stage-1/candidate-1/runtime-01/command-003.log
100644 blob 1439a97e28809e7bf4124a6e6b9961a8ce332b02	evidence/independent-verifier/stage-1/candidate-1/runtime-01/command-004.log
100644 blob 043f2d02401528225addb4348e0179282997f1ae	evidence/independent-verifier/stage-1/candidate-1/runtime-01/command-005.log
100644 blob bef1df7856be862f7f5c93671ae35a5bbedfcdd4	evidence/independent-verifier/stage-1/candidate-1/runtime-01/command-006.log
100644 blob 7dfa305fe93e1a75180509500a840d63d386f2fc	evidence/independent-verifier/stage-1/candidate-1/runtime-01/command-007.log
100644 blob 66ba451117cb2bf7934617a6e6309c695f818aa2	evidence/independent-verifier/stage-1/candidate-1/runtime-01/command-008.log
100644 blob 5ead737351f3772862f1d44d4bf249471ca5883e	evidence/independent-verifier/stage-1/candidate-1/runtime-01/command-009.log
100644 blob 00ee51cb1ed853859caedfa8270e3632efc19d99	evidence/independent-verifier/stage-1/candidate-1/runtime-01/command-010.log
100644 blob d59405783e1f926cfb5a48c1e70feb9c12754392	evidence/independent-verifier/stage-1/candidate-1/runtime-01/command-011.log
100644 blob be1639a86db6a7ad605df3f1e37184f0ba4c97ba	evidence/independent-verifier/stage-1/candidate-1/runtime-01/command-012.log
100644 blob cee7414015adad840337181764b42a47875904a5	evidence/independent-verifier/stage-1/candidate-1/runtime-01/command-013.log
100644 blob 406fc948cabfbb2f360ade76ba71884324eeaa3a	evidence/independent-verifier/stage-1/candidate-1/runtime-01/command-014.log
100644 blob 3a4b330ac3605571af7d43c2d55f731d123bf15c	evidence/independent-verifier/stage-1/candidate-1/runtime-01/command-015.log
100644 blob 5260ca2622b78349e6fdc9f48d033a066615bc5d	evidence/independent-verifier/stage-1/candidate-1/runtime-01/command-016.log
100644 blob ceccf6cf57c119d166f8a5aaa6a8b18b1ecf9a35	evidence/independent-verifier/stage-1/candidate-1/runtime-01/command-017.log
100644 blob ab9b853fcf22a4ce624810b9c1293d550252b6cc	evidence/independent-verifier/stage-1/candidate-1/runtime-01/command-018.log
100644 blob 19a9a20caef141c119f68ddce78f2410162263d8	evidence/independent-verifier/stage-1/candidate-1/runtime-01/commands.json
100644 blob 4947bad433d9fa807b54c1c3ee96be33a4cc0c3b	evidence/independent-verifier/stage-1/candidate-1/runtime-01/preflight.json
100644 blob 3e6785ac03e291aa2b3252a4874086959fd96696	evidence/independent-verifier/stage-1/candidate-1/runtime-01/probes/assertions.json
100644 blob 79be7ad240c2e0fb1c5cfd35b0c25febb3282e15	evidence/independent-verifier/stage-1/candidate-1/runtime-01/probes/concurrency-timing.json
100644 blob acb67b22b5e6aaac99c23da2c923ea899faf94d1	evidence/independent-verifier/stage-1/candidate-1/runtime-01/probes/coverage.csv
100644 blob e750c539e03c01eb31f76b640408205a1a872999	evidence/independent-verifier/stage-1/candidate-1/runtime-01/probes/operations.jsonl
100644 blob 4a4076ebd64fa339ceed2226862e76632b77caa3	evidence/independent-verifier/stage-1/candidate-1/runtime-01/probes/randomized-occupancy-trace.json
100644 blob 999d3988ae4db0990eb32497438674459d0ebdc4	evidence/independent-verifier/stage-1/candidate-1/runtime-01/probes/summary.json
100644 blob 57972f66c0de4fbb356b7eb7766d54f510ed48bb	evidence/independent-verifier/stage-1/candidate-1/runtime-02/RUN-reviewed-source.md
100644 blob 7637eeadc53a36e49b08c5b7a12e03f0ba7e32c3	evidence/independent-verifier/stage-1/candidate-1/runtime-02/command-000.log
100644 blob 3529171eea2a05450e2c32bf59b8fa0861d77a3a	evidence/independent-verifier/stage-1/candidate-1/runtime-02/command-001.log
100644 blob e69de29bb2d1d6434b8b29ae775ad8c2e48c5391	evidence/independent-verifier/stage-1/candidate-1/runtime-02/command-002.log
100644 blob 7551129d151221d52374edffd2e98436e831f993	evidence/independent-verifier/stage-1/candidate-1/runtime-02/command-003.log
100644 blob 1439a97e28809e7bf4124a6e6b9961a8ce332b02	evidence/independent-verifier/stage-1/candidate-1/runtime-02/command-004.log
100644 blob 619c5ce5c423910e4b1ab3b386776e4c4436f43a	evidence/independent-verifier/stage-1/candidate-1/runtime-02/command-005.log
100644 blob 5b1c861f6f5068b20f8ea841f38a18f1fe92d624	evidence/independent-verifier/stage-1/candidate-1/runtime-02/command-006.log
100644 blob 79d59959e32facea87cdb050b49ce0a22eae7aa6	evidence/independent-verifier/stage-1/candidate-1/runtime-02/command-007.log
100644 blob 8ed0b16068c8fa0753be53b883373b46a3215509	evidence/independent-verifier/stage-1/candidate-1/runtime-02/command-008.log
100644 blob 05bd1f822177f4ca90673b9396b5bb55394a4242	evidence/independent-verifier/stage-1/candidate-1/runtime-02/command-009.log
100644 blob 6c7d9c062b043f48cfc432e2de5054a8b121e2b2	evidence/independent-verifier/stage-1/candidate-1/runtime-02/command-010.log
100644 blob 081e633ed35322ad2d2864d6367a9589f937a34c	evidence/independent-verifier/stage-1/candidate-1/runtime-02/command-011.log
100644 blob 22eae4043a5ca77de4bbd72b182e855983ddd2de	evidence/independent-verifier/stage-1/candidate-1/runtime-02/command-012.log
100644 blob 9c5927c4ffc3e95184298ee0fc2ef1379388b843	evidence/independent-verifier/stage-1/candidate-1/runtime-02/command-013.log
100644 blob fb216cdaf7367322762f7cfe7272d688acccf9cc	evidence/independent-verifier/stage-1/candidate-1/runtime-02/command-014.log
100644 blob d11f9edf45e752d05842b291856e06107fb58a4d	evidence/independent-verifier/stage-1/candidate-1/runtime-02/command-015.log
100644 blob 9c217645ee1cd45083a71d4463b068a43ce96c3f	evidence/independent-verifier/stage-1/candidate-1/runtime-02/command-016.log
100644 blob f353b3ef158630034d7c7b577564bf3d7b40f64b	evidence/independent-verifier/stage-1/candidate-1/runtime-02/command-017.log
100644 blob 4f6ac88147be8f54e7490a1d87dd26908deda0f2	evidence/independent-verifier/stage-1/candidate-1/runtime-02/command-018.log
100644 blob 69aa5f6c6da6f82ed4c653076d9aa2ab65c08b28	evidence/independent-verifier/stage-1/candidate-1/runtime-02/commands.json
100644 blob d4e011999d1a1b17e8bb84df95fffea64abf93b3	evidence/independent-verifier/stage-1/candidate-1/runtime-02/preflight.json
100644 blob 07523ecca2284c2c15a89c1e2f17e76a32292ff5	evidence/independent-verifier/stage-1/candidate-1/runtime-02/probes/assertions.json
100644 blob 78c296c86c28a1f26bae74b6bb1ea1fba1a86b24	evidence/independent-verifier/stage-1/candidate-1/runtime-02/probes/concurrency-timing.json
100644 blob ad5a158ff480048d2ec3f6debe1289b9d92550df	evidence/independent-verifier/stage-1/candidate-1/runtime-02/probes/coverage.csv
100644 blob 1dd63c19c02b53688a69cf1e8b44a35cc77a5210	evidence/independent-verifier/stage-1/candidate-1/runtime-02/probes/operations.jsonl
100644 blob 4a4076ebd64fa339ceed2226862e76632b77caa3	evidence/independent-verifier/stage-1/candidate-1/runtime-02/probes/randomized-occupancy-trace.json
100644 blob c1d9645e9d68d61347b9266177b28247534ea081	evidence/independent-verifier/stage-1/candidate-1/runtime-02/probes/summary.json
100644 blob 57972f66c0de4fbb356b7eb7766d54f510ed48bb	evidence/independent-verifier/stage-1/candidate-1/runtime-03/RUN-reviewed-source.md
100644 blob 3647634499deef23b8acb9cc24ef3f1c5d9b2536	evidence/independent-verifier/stage-1/candidate-1/runtime-03/cleanup.json
100644 blob c378efc96b0fded8dc88e11b2e8d0d3574c29757	evidence/independent-verifier/stage-1/candidate-1/runtime-03/command-000.log
100644 blob 3529171eea2a05450e2c32bf59b8fa0861d77a3a	evidence/independent-verifier/stage-1/candidate-1/runtime-03/command-001.log
100644 blob e69de29bb2d1d6434b8b29ae775ad8c2e48c5391	evidence/independent-verifier/stage-1/candidate-1/runtime-03/command-002.log
100644 blob 7551129d151221d52374edffd2e98436e831f993	evidence/independent-verifier/stage-1/candidate-1/runtime-03/command-003.log
100644 blob 1439a97e28809e7bf4124a6e6b9961a8ce332b02	evidence/independent-verifier/stage-1/candidate-1/runtime-03/command-004.log
100644 blob d0b56997927fd9d36a3d2d071c3b1ffa476ec334	evidence/independent-verifier/stage-1/candidate-1/runtime-03/command-005.log
100644 blob 74b2c28beadd32c64d4a96f4abe958c8f8a0fafe	evidence/independent-verifier/stage-1/candidate-1/runtime-03/command-006.log
100644 blob 6bd28a87ee3e5746ff2a06bbec6ef224a956383f	evidence/independent-verifier/stage-1/candidate-1/runtime-03/command-007.log
100644 blob fe90a757ed44b06f61db34816a470719fe53e62e	evidence/independent-verifier/stage-1/candidate-1/runtime-03/command-008.log
100644 blob 4a0919837edacc7d983ce7039de62922542c9418	evidence/independent-verifier/stage-1/candidate-1/runtime-03/command-009.log
100644 blob 4efcc532346823a2c21c434181b47cc079eb6d42	evidence/independent-verifier/stage-1/candidate-1/runtime-03/command-010.log
100644 blob c3f77db42e6417b1f21402b08e00abce07f09d6f	evidence/independent-verifier/stage-1/candidate-1/runtime-03/command-011.log
100644 blob 21ac2f959261b2f235e017ee3ea0274e708177f0	evidence/independent-verifier/stage-1/candidate-1/runtime-03/command-012.log
100644 blob 29dad55f6208d1752de5dabd9b3a9b9d59ec090e	evidence/independent-verifier/stage-1/candidate-1/runtime-03/command-013.log
100644 blob 519677c75393ef666f50c02ccb4e53a1dda1ff8a	evidence/independent-verifier/stage-1/candidate-1/runtime-03/command-014.log
100644 blob 36e43a83c58ea3d596eed77130dc1cc695a3bd59	evidence/independent-verifier/stage-1/candidate-1/runtime-03/commands.json
100644 blob fd3d25ce4cfa407a77f3d6ff47c965053a30f6fd	evidence/independent-verifier/stage-1/candidate-1/runtime-03/extra-client.log
100644 blob 95faa935b093d2971ec6990250c4d60818b77c58	evidence/independent-verifier/stage-1/candidate-1/runtime-03/extra-command.json
100644 blob bf8afe51992f8c42348e4507f4b71535877b5f24	evidence/independent-verifier/stage-1/candidate-1/runtime-03/preflight.json
100644 blob 7521cfa231faf052c8a8b20db40b15cd5f265c66	evidence/independent-verifier/stage-1/candidate-1/runtime-03/probes-extra/assertions.json
100644 blob 0637a088a01e8ddab3bf3fa98dbe804cbde1a0dc	evidence/independent-verifier/stage-1/candidate-1/runtime-03/probes-extra/concurrency-timing.json
100644 blob a3920cdd39b22758c2b343c07511e788af0706d7	evidence/independent-verifier/stage-1/candidate-1/runtime-03/probes-extra/coverage.csv
100644 blob a47c9cca170946289bab90fc7af4781c82ba6e18	evidence/independent-verifier/stage-1/candidate-1/runtime-03/probes-extra/operations.jsonl
100644 blob 20da2a5a142eb6c96111a928d9f78874b2bb2b93	evidence/independent-verifier/stage-1/candidate-1/runtime-03/probes-extra/summary.json
100644 blob a14f6d9725ddab8b5d66ed9cdff3ab7d43c2e034	evidence/independent-verifier/stage-1/candidate-1/runtime-03/reproductions-client.log
100644 blob 7c0a405a1e884db6e5a27c678ba5fe916ae38f06	evidence/independent-verifier/stage-1/candidate-1/runtime-03/reproductions-command.json
100644 blob 7462c32c36d464de822176ae6e487db378eda44a	evidence/independent-verifier/stage-1/candidate-1/runtime-03/reproductions/assertions.json
100644 blob 0637a088a01e8ddab3bf3fa98dbe804cbde1a0dc	evidence/independent-verifier/stage-1/candidate-1/runtime-03/reproductions/concurrency-timing.json
100644 blob 449100a1fae8e3800f112d27b96a4b763e68b1c6	evidence/independent-verifier/stage-1/candidate-1/runtime-03/reproductions/coverage.csv
100644 blob cdbcd6e96d7009a8ddd6cffd1c4b8fd7c55752a4	evidence/independent-verifier/stage-1/candidate-1/runtime-03/reproductions/operations.jsonl
100644 blob 2a1d081321571c47723e5a3b841641389a49c6a2	evidence/independent-verifier/stage-1/candidate-1/runtime-03/reproductions/summary.json
100644 blob af4c5a035bdfd697a979188b9e03cbd8496570e6	evidence/independent-verifier/stage-1/candidate-1/runtime-audit.json
100644 blob 002c056efa2a9a872bb03a5d6d0282f4960d3e37	evidence/independent-verifier/stage-1/candidate-1/summary.json
100644 blob d5b6251a61266aa49e1fcaaaaa3288f9a5ba85f0	evidence/independent-verifier/stage-1/candidate-2/VERDICT.md
100644 blob 18de590f12f68f4e48eae37246ab4a1a8da0766c	evidence/independent-verifier/stage-1/candidate-2/artifact-manifest.json
100644 blob 266b47412b6b572a3dba7169d60106f92bf847c2	evidence/independent-verifier/stage-1/candidate-2/committed-history.txt
100644 blob 33c2981c0f26b735db16e565ae737d7befeac39c	evidence/independent-verifier/stage-1/candidate-2/committed-tree.txt
100644 blob 95f96ed882a048f7f97f3125b68175d9eec238e2	evidence/independent-verifier/stage-1/candidate-2/coverage.csv
100644 blob d44d7c9af6adb62f2d15dde78f1639dbc618e500	evidence/independent-verifier/stage-1/candidate-2/official/report.json
100644 blob 20eab55ba1d01f0948d272cf1a83a7f97d6c9dc5	evidence/independent-verifier/stage-1/candidate-2/official/stage-1.counts.json
100644 blob 9c0730c0a19e864106ba4f85e1dc787d4182b5c7	evidence/independent-verifier/stage-1/candidate-2/official/stage-1.log
100644 blob 113b657a723d9a2313b38b91853f84d8aaa3880f	evidence/independent-verifier/stage-1/candidate-2/official/stage-2.counts.json
100644 blob 30407da13fd7fda6c45aa4f92ebfaf6d539fef50	evidence/independent-verifier/stage-1/candidate-2/official/stage-2.log
100644 blob 57972f66c0de4fbb356b7eb7766d54f510ed48bb	evidence/independent-verifier/stage-1/candidate-2/preflight/RUN-reviewed-source.md
100644 blob 761c6cf20db82840e7e428787412bff0c5a38147	evidence/independent-verifier/stage-1/candidate-2/preflight/command-000.log
100644 blob 37964602e438566d2615e71119bb122f22ab8072	evidence/independent-verifier/stage-1/candidate-2/preflight/command-001.log
100644 blob e69de29bb2d1d6434b8b29ae775ad8c2e48c5391	evidence/independent-verifier/stage-1/candidate-2/preflight/command-002.log
100644 blob 266b47412b6b572a3dba7169d60106f92bf847c2	evidence/independent-verifier/stage-1/candidate-2/preflight/command-003.log
100644 blob 33c2981c0f26b735db16e565ae737d7befeac39c	evidence/independent-verifier/stage-1/candidate-2/preflight/command-004.log
100644 blob 895cb405d8a66984f0d46e6e6e75a309afa2982b	evidence/independent-verifier/stage-1/candidate-2/preflight/commands.json
100644 blob 4988cee50567e8303faa0933b67ecfdf18ecd7b8	evidence/independent-verifier/stage-1/candidate-2/preflight/preflight.json
100644 blob 57972f66c0de4fbb356b7eb7766d54f510ed48bb	evidence/independent-verifier/stage-1/candidate-2/runtime-01/RUN-reviewed-source.md
100644 blob e0b17a9f574cc7025ccaf535dd8756087d432484	evidence/independent-verifier/stage-1/candidate-2/runtime-01/calendar-client.log
100644 blob b17564d62e676c5a99ef46381618fab8a4cfc381	evidence/independent-verifier/stage-1/candidate-2/runtime-01/calendar/assertions.json
100644 blob 0637a088a01e8ddab3bf3fa98dbe804cbde1a0dc	evidence/independent-verifier/stage-1/candidate-2/runtime-01/calendar/concurrency-timing.json
100644 blob 857b4c9d03f9cd881fc0ee9257bf15b5eafa2069	evidence/independent-verifier/stage-1/candidate-2/runtime-01/calendar/coverage.csv
100644 blob a95c2d23202fa2c68fb25e3ab480636ffe749d6a	evidence/independent-verifier/stage-1/candidate-2/runtime-01/calendar/operations.jsonl
100644 blob bbdb57b66139652e61d4b5a16e6afbc5b018e477	evidence/independent-verifier/stage-1/candidate-2/runtime-01/calendar/summary.json
100644 blob 17d5e88d38d84b981ea98282637548cb21989058	evidence/independent-verifier/stage-1/candidate-2/runtime-01/command-000.log
100644 blob 37964602e438566d2615e71119bb122f22ab8072	evidence/independent-verifier/stage-1/candidate-2/runtime-01/command-001.log
100644 blob e69de29bb2d1d6434b8b29ae775ad8c2e48c5391	evidence/independent-verifier/stage-1/candidate-2/runtime-01/command-002.log
100644 blob 77899d951c405b81eb37a04d25cedce8b87924ec	evidence/independent-verifier/stage-1/candidate-2/runtime-01/command-003.log
100644 blob 33c2981c0f26b735db16e565ae737d7befeac39c	evidence/independent-verifier/stage-1/candidate-2/runtime-01/command-004.log
100644 blob 832bbcf3fc9ffa3a757d3572ca64b067022bc2be	evidence/independent-verifier/stage-1/candidate-2/runtime-01/command-005.log
100644 blob bdb1bd8e8171eecd8979088c3306a3485c1dfbc2	evidence/independent-verifier/stage-1/candidate-2/runtime-01/command-006.log
100644 blob f4969e2cf7f3b467f07e7d19cf228f6e0fa86e81	evidence/independent-verifier/stage-1/candidate-2/runtime-01/command-007.log
100644 blob 03af8580b32b690b6e3b26a304e4bc4fa5154b28	evidence/independent-verifier/stage-1/candidate-2/runtime-01/command-008.log
100644 blob 8829d4dba6743c0f33cb1a1905bb37baa302082a	evidence/independent-verifier/stage-1/candidate-2/runtime-01/command-009.log
100644 blob d85f9ad3a8719416e5940ec19b8216bde4fbd1e8	evidence/independent-verifier/stage-1/candidate-2/runtime-01/command-010.log
100644 blob 6414615524c4ceeb9b0989c728ee867135685a46	evidence/independent-verifier/stage-1/candidate-2/runtime-01/command-011.log
100644 blob d4ba0e1efd16f35252568e892d03529dfe9e4ab1	evidence/independent-verifier/stage-1/candidate-2/runtime-01/command-012.log
100644 blob 847162b4c28af95510615a90980c4a038e676282	evidence/independent-verifier/stage-1/candidate-2/runtime-01/command-013.log
100644 blob 9ef44bae65bb22553c0563f8aced569aeebe360f	evidence/independent-verifier/stage-1/candidate-2/runtime-01/command-014.log
100644 blob 15bc7a39e9ce9d058955995b4765d02216b6a6f7	evidence/independent-verifier/stage-1/candidate-2/runtime-01/command-015.log
100644 blob ade269328e8d6b7708ac794941a438ebbaf1240b	evidence/independent-verifier/stage-1/candidate-2/runtime-01/commands.json
100644 blob 6481f9913bf586373af35fd96d5f897827b45d95	evidence/independent-verifier/stage-1/candidate-2/runtime-01/extra-commands.json
100644 blob 72a74eb670701e859f77dda1e2a4de9e215fb420	evidence/independent-verifier/stage-1/candidate-2/runtime-01/independent-verifier-s1-dd644198b6c0-20261004t005004-peer-cleanup.log
100644 blob 4abfd1c52b0364cff2e2029038a4127ec0a21d41	evidence/independent-verifier/stage-1/candidate-2/runtime-01/independent-verifier-s1-dd644198b6c0-20261004t005004-source-cleanup.log
100644 blob 3a32d6510a71da30bbca87e4f401df8af9abf760	evidence/independent-verifier/stage-1/candidate-2/runtime-01/network-cleanup.log
100644 blob 3876feda462779a28d4a5d04ed10af88b733a66d	evidence/independent-verifier/stage-1/candidate-2/runtime-01/preflight.json
100644 blob 5e84a49ccfb345c2ca623584c9515555a503018c	evidence/independent-verifier/stage-1/candidate-2/runtime-01/probes/assertions.json
100644 blob 27e1051f90171f7d7ca477d2db8873c595274158	evidence/independent-verifier/stage-1/candidate-2/runtime-01/probes/concurrency-timing.json
100644 blob 32b5b240e425483974d58d6b74746ee4a83ce088	evidence/independent-verifier/stage-1/candidate-2/runtime-01/probes/coverage.csv
100644 blob d558757493025fbd5d718bf3a47e05be755d9702	evidence/independent-verifier/stage-1/candidate-2/runtime-01/probes/operations.jsonl
100644 blob 4a4076ebd64fa339ceed2226862e76632b77caa3	evidence/independent-verifier/stage-1/candidate-2/runtime-01/probes/randomized-occupancy-trace.json
100644 blob c6ae03034d9e34f2d6933303d7a33a1eb7e3f4d5	evidence/independent-verifier/stage-1/candidate-2/runtime-01/probes/summary.json
100644 blob c4325cd0bc7d19553235700e34573f7f1a558992	evidence/independent-verifier/stage-1/candidate-2/runtime-01/reproductions-client.log
100644 blob a6d8fc7a11b488dc18f6b89c4e9046735b9e6f33	evidence/independent-verifier/stage-1/candidate-2/runtime-01/reproductions/assertions.json
100644 blob 0637a088a01e8ddab3bf3fa98dbe804cbde1a0dc	evidence/independent-verifier/stage-1/candidate-2/runtime-01/reproductions/concurrency-timing.json
100644 blob 3874059be24f70205b27b53d0c1ad4c39790a738	evidence/independent-verifier/stage-1/candidate-2/runtime-01/reproductions/coverage.csv
100644 blob 1d6d49f9648af62b9e5389e2f4ca55c60440ffe5	evidence/independent-verifier/stage-1/candidate-2/runtime-01/reproductions/operations.jsonl
100644 blob beaa4dfe4253fad80b14a12ddd17e0fc5477b25a	evidence/independent-verifier/stage-1/candidate-2/runtime-01/reproductions/summary.json
100644 blob 57972f66c0de4fbb356b7eb7766d54f510ed48bb	evidence/independent-verifier/stage-1/candidate-2/runtime-02/RUN-reviewed-source.md
100644 blob d2dbb591ae2194dd0c5b62fc197a28c4045f4bcd	evidence/independent-verifier/stage-1/candidate-2/runtime-02/calendar-minimal-client.log
100644 blob fe1c74f4bafbbb13fd3257c1b50d0d50423605a6	evidence/independent-verifier/stage-1/candidate-2/runtime-02/calendar-minimal/assertions.json
100644 blob 0637a088a01e8ddab3bf3fa98dbe804cbde1a0dc	evidence/independent-verifier/stage-1/candidate-2/runtime-02/calendar-minimal/concurrency-timing.json
100644 blob 64362b88c8d9e4f8fe230d3560d14244deaf1988	evidence/independent-verifier/stage-1/candidate-2/runtime-02/calendar-minimal/coverage.csv
100644 blob 75450aef405753a70c9aecfd69d6092a596b68c3	evidence/independent-verifier/stage-1/candidate-2/runtime-02/calendar-minimal/operations.jsonl
100644 blob 21f7a5f264b55c4958c6fcd6706e5c40bcf6fcf6	evidence/independent-verifier/stage-1/candidate-2/runtime-02/calendar-minimal/summary.json
100644 blob 154e768fd078f3123010940160661a32999cac90	evidence/independent-verifier/stage-1/candidate-2/runtime-02/command-000.log
100644 blob 37964602e438566d2615e71119bb122f22ab8072	evidence/independent-verifier/stage-1/candidate-2/runtime-02/command-001.log
100644 blob e69de29bb2d1d6434b8b29ae775ad8c2e48c5391	evidence/independent-verifier/stage-1/candidate-2/runtime-02/command-002.log
100644 blob 97864ee2d1c4acd68bdc046da908b0a286820d1b	evidence/independent-verifier/stage-1/candidate-2/runtime-02/command-003.log
100644 blob 33c2981c0f26b735db16e565ae737d7befeac39c	evidence/independent-verifier/stage-1/candidate-2/runtime-02/command-004.log
100644 blob 3a73eb5911e530f7822f149259b3cd0b96f5c6f1	evidence/independent-verifier/stage-1/candidate-2/runtime-02/command-005.log
100644 blob 82a53a7534984947c2224a0bb9ee4a8b6f4b85ae	evidence/independent-verifier/stage-1/candidate-2/runtime-02/command-006.log
100644 blob 8d057c45535028333a2312f3dd892e13c0e4f420	evidence/independent-verifier/stage-1/candidate-2/runtime-02/command-007.log
100644 blob 14d4f8a06d4560a9cf213868f20396c18733715f	evidence/independent-verifier/stage-1/candidate-2/runtime-02/command-008.log
100644 blob d1e648f4b97a22f0ec904ddfc6b62d317b094bb4	evidence/independent-verifier/stage-1/candidate-2/runtime-02/command-009.log
100644 blob c412824d8f68d98ffc30d1f713ec08ea9b73b562	evidence/independent-verifier/stage-1/candidate-2/runtime-02/command-010.log
100644 blob 2c86f04d53bfb1df7e8694e51324f7992b5cf97b	evidence/independent-verifier/stage-1/candidate-2/runtime-02/command-011.log
100644 blob 4a95fcc5a91611970db5a8754f3fe835e37f866b	evidence/independent-verifier/stage-1/candidate-2/runtime-02/command-012.log
100644 blob b04f0946569e7d1fc89bb74823f5362887b538d4	evidence/independent-verifier/stage-1/candidate-2/runtime-02/command-013.log
100644 blob 49bd1b0ece7fb78ec0b91211a24e0962de58bd02	evidence/independent-verifier/stage-1/candidate-2/runtime-02/command-014.log
100644 blob abc13dbec1949d72fbb0db214204b8eb20fbb80d	evidence/independent-verifier/stage-1/candidate-2/runtime-02/commands.json
100644 blob e2e189303ddffe5db9d6c6bb7cea49a6324c05f3	evidence/independent-verifier/stage-1/candidate-2/runtime-02/extra-commands.json
100644 blob 681de718e5aa1815c8b44917499945a65af1fa18	evidence/independent-verifier/stage-1/candidate-2/runtime-02/independent-verifier-s1-dd644198b6c0-20261004t005121-peer-cleanup.log
100644 blob b88e4f72d08e56cd006fddc1c532f086c7cf5b32	evidence/independent-verifier/stage-1/candidate-2/runtime-02/independent-verifier-s1-dd644198b6c0-20261004t005121-source-cleanup.log
100644 blob 1412ad4b115d401456f0e0b22e75d91fe6a9b7c9	evidence/independent-verifier/stage-1/candidate-2/runtime-02/network-cleanup.log
100644 blob eb890d03b75965987eecb75c30e383952e474e8b	evidence/independent-verifier/stage-1/candidate-2/runtime-02/preflight.json
100644 blob 57972f66c0de4fbb356b7eb7766d54f510ed48bb	evidence/independent-verifier/stage-1/candidate-2/runtime-03/RUN-reviewed-source.md
100644 blob 89c34c695b136516e8e51e00a92b0d8a0f62f6aa	evidence/independent-verifier/stage-1/candidate-2/runtime-03/command-000.log
100644 blob 37964602e438566d2615e71119bb122f22ab8072	evidence/independent-verifier/stage-1/candidate-2/runtime-03/command-001.log
100644 blob e69de29bb2d1d6434b8b29ae775ad8c2e48c5391	evidence/independent-verifier/stage-1/candidate-2/runtime-03/command-002.log
100644 blob 97864ee2d1c4acd68bdc046da908b0a286820d1b	evidence/independent-verifier/stage-1/candidate-2/runtime-03/command-003.log
100644 blob 33c2981c0f26b735db16e565ae737d7befeac39c	evidence/independent-verifier/stage-1/candidate-2/runtime-03/command-004.log
100644 blob 8c6f32bf794415763e500724ccd39d82f7a7737d	evidence/independent-verifier/stage-1/candidate-2/runtime-03/command-005.log
100644 blob f97e87496a3dc7f9dac53f699aa599c91ff89cf4	evidence/independent-verifier/stage-1/candidate-2/runtime-03/command-006.log
100644 blob fb102388e0475320ae03699fb4eb211d3d4029c6	evidence/independent-verifier/stage-1/candidate-2/runtime-03/command-007.log
100644 blob 4ab43a657289b0a140154e44635b79e05b820f9c	evidence/independent-verifier/stage-1/candidate-2/runtime-03/command-008.log
100644 blob 82da14d2fb1c4c02dab6c399d8e0dda29f5150be	evidence/independent-verifier/stage-1/candidate-2/runtime-03/command-009.log
100644 blob 6893f3256a4695490b1b8cb9781db3301430fb39	evidence/independent-verifier/stage-1/candidate-2/runtime-03/command-010.log
100644 blob fc7150dd65bd1514f6c6786c48585ce08b567b82	evidence/independent-verifier/stage-1/candidate-2/runtime-03/command-011.log
100644 blob 0e6f32f7529b4112684f67d2cf588ba7fa523321	evidence/independent-verifier/stage-1/candidate-2/runtime-03/command-012.log
100644 blob 37b30fb9b32544db44fdf5fb35c8e44d581f64bf	evidence/independent-verifier/stage-1/candidate-2/runtime-03/command-013.log
100644 blob a2bbeba6ae69afbc8a1cbe3d182d733fdc036da9	evidence/independent-verifier/stage-1/candidate-2/runtime-03/command-014.log
100644 blob e106708ac625cbc3c27a913eac5382a893c82d51	evidence/independent-verifier/stage-1/candidate-2/runtime-03/commands.json
100644 blob a5e48bb759d676ac88d5280600e067e69bc49f13	evidence/independent-verifier/stage-1/candidate-2/runtime-03/extra-commands.json
100644 blob 1f005ed5be9d6e14d8bee6914fbb5aee3747fdd6	evidence/independent-verifier/stage-1/candidate-2/runtime-03/independent-verifier-s1-dd644198b6c0-20261004t005400-peer-cleanup.log
100644 blob e023a8fca95b397bb7e6a0632ee083378b94c50c	evidence/independent-verifier/stage-1/candidate-2/runtime-03/independent-verifier-s1-dd644198b6c0-20261004t005400-source-cleanup.log
100644 blob 717a697bb5362021d32c38c1ef2ca65540fdd8f2	evidence/independent-verifier/stage-1/candidate-2/runtime-03/network-cleanup.log
100644 blob 233558ebe04ccc3729f44f9716f77f9aa0d2625c	evidence/independent-verifier/stage-1/candidate-2/runtime-03/preflight.json
100644 blob 1e37b3bf6b0836c97ca6fa9ecc4bf880d1dac2a9	evidence/independent-verifier/stage-1/candidate-2/runtime-03/race50-client.log
100644 blob 121b1b1231e51ca4e6494d2390d835b6fbe8aaf1	evidence/independent-verifier/stage-1/candidate-2/runtime-03/race50/assertions.json
100644 blob 58f6e9bb32a90da1cd28887b087373e64ba3448a	evidence/independent-verifier/stage-1/candidate-2/runtime-03/race50/concurrency-timing.json
100644 blob 8e6cfe7f78f378c26149de8367271a84e73174b7	evidence/independent-verifier/stage-1/candidate-2/runtime-03/race50/coverage.csv
100644 blob baed06cc2f09066faf0745f2dd9db2b1c4ff5e44	evidence/independent-verifier/stage-1/candidate-2/runtime-03/race50/operations.jsonl
100644 blob b7e94ba2d93e97aa127a4fe5a55b5104ed3640cc	evidence/independent-verifier/stage-1/candidate-2/runtime-03/race50/summary.json
100644 blob 1951c8006f8a7f5d543a4d24510b4d8d003d5e14	evidence/independent-verifier/stage-1/candidate-2/runtime-03/runner-refresh.log
100644 blob 0a6e13500956313b783234dcdf058910c5f4f5a4	evidence/independent-verifier/stage-1/candidate-2/runtime-audit.json
100644 blob 8239ceaee69044e9ae8e6c233ca3dcf40af93073	evidence/independent-verifier/stage-1/candidate-2/source-audit.json
100644 blob 96f8a5cedfb219909269b4023e00bba33223d505	evidence/independent-verifier/stage-1/candidate-2/source-inputs/candidate-handoff.txt
100644 blob a6ebc6ba27d95f38175b929bf93b3867468cf8f9	evidence/independent-verifier/stage-1/candidate-2/source-inputs/intake-record.jsonl
100644 blob 471c0b89b1350af45e96151f29436ae6d8cb51e1	evidence/independent-verifier/stage-1/candidate-2/source-inputs/intake-tree.txt
100644 blob f8f6b7e40611409f75447164a68db115df4a33e5	evidence/independent-verifier/stage-1/candidate-2/source-inputs/interface-handoff.txt
100644 blob 5505f7ecc5231dad7ca1d30ff2ba8ec26a2507f2	evidence/independent-verifier/stage-1/candidate-2/source-inputs/interface.md
100644 blob 152502174c9392e471d8466a688e6d66f91fad4c	evidence/independent-verifier/stage-1/candidate-2/source-inputs/systems-handoff.txt
100644 blob ef957a12fdd54ac227cee5f2445ceff542deaf6b	evidence/independent-verifier/stage-1/candidate-2/source-inputs/systems.md
100644 blob 907664e50ed984f1fa16fe1d528ba52c3ccf6cd0	evidence/independent-verifier/stage-1/candidate-2/summary.json
100644 blob 0b19740df99db61f4426485217cf868f3e94d937	evidence/independent-verifier/stage-1/candidate1_report.py
100644 blob 7df1183e24f1a609b4cfe7834634ecde06edd7b6	evidence/independent-verifier/stage-1/candidate2_extra.py
100644 blob cf22f0be679a70169ae5f47d6f309d550287c3a3	evidence/independent-verifier/stage-1/candidate2_finalize.py
100644 blob 24f171ec83c763f91fef996b406e45bc94bd6c8c	evidence/independent-verifier/stage-1/candidate2_report.py
100644 blob 15de1dbc95357982a52c43459283d855ad26d2d5	evidence/independent-verifier/stage-1/coverage-prepared.csv
100644 blob cad9d952107664cfafccecad937f7eb285b25450	evidence/independent-verifier/stage-1/health.py
100644 blob f808e586f6360889d6f82d4184cbb031fd003ce5	evidence/independent-verifier/stage-1/probe-review.py
100644 blob 8d98f9e8fd180f9c1472917b22324ff19a469490	evidence/independent-verifier/stage-1/probe.py
100644 blob abee2ae0dfcbbfcb758425fa92b9884d87e4f1ad	evidence/independent-verifier/stage-1/race50.py
100644 blob 8d525b704730a9ce78fb8dce1237906c4343cd36	evidence/independent-verifier/stage-1/reproduce.py
100644 blob 2c339ff8c4389f7a7708b1b960f6e06048e0ce48	evidence/independent-verifier/stage-1/reproduce_calendar.py
100644 blob 0239f55fe576c3e71a6c0304fe15beeb1b129715	evidence/independent-verifier/stage-1/requirements.py
100644 blob 4da74f9b537a97a611d840693eb55134d6fd50d8	evidence/independent-verifier/stage-1/runtime.py
100644 blob 712f1a61da7370c8483a7eaeedfed0df6cf5f778	evidence/independent-verifier/stage-1/source-manifest.json
100644 blob 1ba773638b68e5b28b7c1bafbc0f189d5633f21c	evidence/independent-verifier/stage-1/supplemental.py
100644 blob c628696f1ae48da5ed324d09598b7417f1f6b146	evidence/independent-verifier/stage-1/timestamp-interpretation-input.md
100644 blob 78ebcbcd74d3e7cc40ba5eef0a6d2f21de0c03dc	evidence/independent-verifier/stage-1/wire_oracle.py
100644 blob 4db396515820030a15839d4001d042f01355330e	evidence/interface-engineer/interface-engineer-s1-20261004T002131890279Z/build.log
100644 blob ebf30e9285f57545a0d43630e9e3cf1266fd2ad2	evidence/interface-engineer/interface-engineer-s1-20261004T002131890279Z/cleanup.log
100644 blob 4d670a10dc16aa4a9ebb99eb74079b7ff74ba14f	evidence/interface-engineer/interface-engineer-s1-20261004T002131890279Z/container-limits.json
100644 blob 726fbef4d309edc6244f39aa42c86a50ffde9b24	evidence/interface-engineer/interface-engineer-s1-20261004T002131890279Z/probe.json
100644 blob 89e0fb3a86e3db83b75c034044d5f57dc95ae7e6	evidence/interface-engineer/interface-engineer-s1-20261004T002131890279Z/run.json
100644 blob b2868b8ca316fc9a7d5b702ddfa1b467858cb3fe	evidence/interface-engineer/interface-engineer-s1-20261004T002131890279Z/service.log
100644 blob 3e1f56b3a3e128cd451064b11cdcecd3b484a8e4	evidence/interface-engineer/interface-engineer-s1-20261004T002131890279Z/start.log
100644 blob c25b31377d65855f088eddc1eecde7c6f7c81aef	evidence/interface-engineer/interface-engineer-s1-20261004T002535279440Z/build.log
100644 blob 0769d04af83438d9303661216f2274705afe7092	evidence/interface-engineer/interface-engineer-s1-20261004T002535279440Z/cleanup.log
100644 blob 4d670a10dc16aa4a9ebb99eb74079b7ff74ba14f	evidence/interface-engineer/interface-engineer-s1-20261004T002535279440Z/container-limits.json
100644 blob 0b953d80562bd76e0f60853fcaa9432c5cf38c58	evidence/interface-engineer/interface-engineer-s1-20261004T002535279440Z/image-source-sha256.json
100644 blob 3c0479891d8fba662a214530e5a7cbf931aae481	evidence/interface-engineer/interface-engineer-s1-20261004T002535279440Z/probe.json
100644 blob 6afb4152c2dd0b1bda0734123d512378eed51b86	evidence/interface-engineer/interface-engineer-s1-20261004T002535279440Z/run.json
100644 blob b2868b8ca316fc9a7d5b702ddfa1b467858cb3fe	evidence/interface-engineer/interface-engineer-s1-20261004T002535279440Z/service.log
100644 blob 3a54672790a84276bddb2d4ed6f5e48d33333d62	evidence/interface-engineer/interface-engineer-s1-20261004T002535279440Z/start.log
100644 blob 7d9fca9756458d2e7e5f9ba75161bdd07ed28e5e	evidence/interface-engineer/interface-engineer-s1-20261004T004209079869Z/build.log
100644 blob 858e4f491b0754286f1355fe3d813fc09d4bf270	evidence/interface-engineer/interface-engineer-s1-20261004T004209079869Z/cleanup.log
100644 blob 4d670a10dc16aa4a9ebb99eb74079b7ff74ba14f	evidence/interface-engineer/interface-engineer-s1-20261004T004209079869Z/container-limits.json
100644 blob 6f3a133664039088cbf30421c7198061b19a5d90	evidence/interface-engineer/interface-engineer-s1-20261004T004209079869Z/image-source-sha256.json
100644 blob 7bce2a182ac0fc52ad0e27759e6f4bd41852d347	evidence/interface-engineer/interface-engineer-s1-20261004T004209079869Z/probe.json
100644 blob dad69f691cf509f782fd83be03ff54291d80d232	evidence/interface-engineer/interface-engineer-s1-20261004T004209079869Z/run.json
100644 blob b2868b8ca316fc9a7d5b702ddfa1b467858cb3fe	evidence/interface-engineer/interface-engineer-s1-20261004T004209079869Z/service.log
100644 blob 92b703745adffd1470a453aabde1858e81750067	evidence/interface-engineer/interface-engineer-s1-20261004T004209079869Z/start.log
100644 blob 885de7e20c5167159028d6a28dc273106c3d2881	evidence/interface-engineer/ledger.jsonl
100644 blob e6db9ad3a3b057852cba35b83e2ec9a429e1555d	evidence/interface-engineer/stage-1-container-check.py
100644 blob cf2a17fd664cfc215fbeafa88b92cc9ea29fa3e9	evidence/interface-engineer/stage-1-integration-handoff.md
100644 blob 3a0603b167b5fee153af09b99fa2e8c8b32b55a6	evidence/interface-engineer/stage-1-repair-01-check.md
100644 blob 5505f7ecc5231dad7ca1d30ff2ba8ec26a2507f2	evidence/interface-engineer/stage-1-source-provenance.md
100644 blob 0403c2a628e21be5ae5fa215ba04cddb6dab098b	evidence/interface-engineer/stage-1-state-map.md
100644 blob 50df71e2b3191b60c04057584371c6ad4e445cc2	evidence/interface-engineer/stage-1-transport-probe.py
100644 blob 28f5d0cc38b407b8808d8289cad2699cf61b46ea	evidence/systems-engineer/stage-1-build-01.log
100644 blob 00acb7fb276631ddee80f338c3a218ff4dde2263	evidence/systems-engineer/stage-1-builder-probes-01.log
100644 blob 477d3bdb4751f38bb40f84563554ed9204fd1164	evidence/systems-engineer/stage-1-builder-probes-02.log
100644 blob d58e4676cca1fe52b40c6237c2529073e0f3d48a	evidence/systems-engineer/stage-1-builder-probes.py
100644 blob 38e7880edd6c3f7243d0caf01e137129708b42ad	evidence/systems-engineer/stage-1-builder-report.md
100644 blob d9ce2495c15110b652a4fd560eec8b8cacffa725	evidence/systems-engineer/stage-1-calendar-build-02.log
100644 blob 73cfc87c3279c8658a2d36f8ade9e5a94aef5920	evidence/systems-engineer/stage-1-calendar-final-regression-02.log
100644 blob 67ab2c87215b7d070df6a30b89f0c5d96f39949c	evidence/systems-engineer/stage-1-calendar-http-02.log
100644 blob 0208743211f0396bfaaf464b802f3a15142680f8	evidence/systems-engineer/stage-1-calendar-regression-02.log
100644 blob 4586b710859f499ed78bb5528d6342648cb73333	evidence/systems-engineer/stage-1-calendar-repair-02.md
100644 blob f62c2c2b0c9cbc3b8701698e1cdf9b6a194291d2	evidence/systems-engineer/stage-1-calendar-reproduction-02.log
100644 blob ce70f3758603f1575fb89e41de2e72af8f24ca0f	evidence/systems-engineer/stage-1-calendar-runtime-02.log
100644 blob 8ac47e3b301ba6851687bbf639f2db35664996d5	evidence/systems-engineer/stage-1-container-settings-01.log
100644 blob 4df2d461c65403f7170735847e01fbe6bbe47351	evidence/systems-engineer/stage-1-http-probes-01.log
100644 blob e4ba093ad055b96373bd9fd56161c251634c5147	evidence/systems-engineer/stage-1-http-probes-02.log
100644 blob b931427c77d0be30e90d633901460ac417720189	evidence/systems-engineer/stage-1-invariants.md
100644 blob e80519808d99a0576263db3eb1524256e19c80f7	evidence/systems-engineer/stage-1-rejection-reproduction-01.log
100644 blob 09e71b88c2f1903526190bd7cdb43654ad29488c	evidence/systems-engineer/stage-1-repair-01.md
100644 blob 9662d18ab4c3fc0c32a6d5007f24c734594a19c2	evidence/systems-engineer/stage-1-repair-build-01.log
100644 blob fb77c0c73e1ea5ccbe4d675c66c8d17abb2eba18	evidence/systems-engineer/stage-1-repair-http-01.log
100644 blob bdee5bc28303fa0466ca17da13cfe14140072327	evidence/systems-engineer/stage-1-repair-regression-01.log
100644 blob 100fad7d4dd72440e8c7252e377205f7caf41c94	evidence/systems-engineer/stage-1-repair-runtime-01.log
100644 blob 18b63c47be6d003302d145457148a8a93070f48d	evidence/systems-engineer/stage-1-source-provenance.md
100644 blob 9f58f25636492dd0bc74cba35ead9b4b18ac54cf	evidence/systems-engineer/stage-1-timestamp-build-03.log
100644 blob ba2e6fd55b87b641db7661e71a12e8b888f93f21	evidence/systems-engineer/stage-1-timestamp-final-regression-03.log
100644 blob 5fa3d1206fa420d027b44d423e0dc0817f156190	evidence/systems-engineer/stage-1-timestamp-http-03.log
100644 blob bc8592801d6c77d209b56620cbc190bca3f07a5f	evidence/systems-engineer/stage-1-timestamp-regression-03.log
100644 blob 2ecc86de6409e27f11ccfcaf119b1091ca349532	evidence/systems-engineer/stage-1-timestamp-repair-03.md
100644 blob 603770766a72daa55a357d0eaab06fbf37d1bea4	evidence/systems-engineer/stage-1-timestamp-reproduction-03.log
100644 blob 138521ddfb6a4f33b584ad3b660cc51d34834cd7	evidence/systems-engineer/stage-1-timestamp-runtime-03.log
100644 blob b681349d68c385f9bbdacc068dfa8c323b0b905e	mandates/foundry-coordinator.md
100644 blob 78c7e15cb5de495253430b26fbf78cb68f97ebe0	mandates/independent-verifier.md
100644 blob 00cbc2ad50f29c1c7d4f8e1068ce237741f1ea1c	mandates/interface-engineer.md
100644 blob 7147a59c8404db493fab0ea1d2babc82a7a46109	mandates/systems-engineer.md
100644 blob 2644ee1c271e9eda96fa7492237c21ddf0e145cb	plan.md
100644 blob 30246a5f06db4da78802fce176ab7157a73ff6d2	stage-1/.dockerignore
100644 blob 37558f372cac89bc2747ec31596fbd20c9a8dfba	stage-1/Dockerfile
100644 blob 57972f66c0de4fbb356b7eb7766d54f510ed48bb	stage-1/RUN.md
100644 blob 1d974370b601f29bf628f532c3b86d3292fb8bc2	stage-1/core.py
100644 blob 8e497599c85a2b68f103d3f0947b6e540e85dfa6	stage-1/server.py
