#0 building with "desktop-linux" instance using docker driver

#1 [internal] load build definition from Dockerfile
#1 transferring dockerfile: 179B done
#1 DONE 0.0s

#2 [internal] load metadata for docker.io/library/independent-verifier-s3-1004072505:client
#2 DONE 0.0s

#3 [internal] load .dockerignore
#3 transferring context: 2B done
#3 DONE 0.0s

#4 [1/4] FROM docker.io/library/independent-verifier-s3-1004072505:client@sha256:be9903a12d0215f32a3ed9704fed5d84c7a0e534c40ce7e9c0389e31c6ab398c
#4 resolve docker.io/library/independent-verifier-s3-1004072505:client@sha256:be9903a12d0215f32a3ed9704fed5d84c7a0e534c40ce7e9c0389e31c6ab398c done
#4 DONE 0.0s

#5 [internal] load build context
#5 transferring context: 1.31MB 0.0s done
#5 DONE 0.0s

#6 [3/4] COPY stage-2 /verifier/stage-2
#6 CACHED

#7 [2/4] COPY stage-1 /verifier/stage-1
#7 CACHED

#8 [4/4] COPY stage-3 /verifier/stage-3
#8 CACHED

#9 exporting to image
#9 exporting layers done
#9 exporting manifest sha256:a8763eb6510f95c24110d86fd0d6646717ea2d63aad23da5a213ae8563601548 done
#9 exporting config sha256:4ab8c81381902e861ae350cfb46b92ba38aa44440d781f30a92d324680520a16 done
#9 exporting attestation manifest sha256:6f47696afadd81f7a858055acc173bd775bbf4cd4ce02e41c84bb53dd4f68a61 done
#9 exporting manifest list sha256:1d970eca5c57affabc340afd5a16e291a88f1f26143ae2dc6750f72541da7c87 done
#9 naming to docker.io/library/independent-verifier-s3-1004072505:client-96a8e68a done
#9 unpacking to docker.io/library/independent-verifier-s3-1004072505:client-96a8e68a done
#9 DONE 0.0s
