#0 building with "desktop-linux" instance using docker driver

#1 [internal] load build definition from Dockerfile
#1 transferring dockerfile: 542B done
#1 DONE 0.0s

#2 [internal] load metadata for docker.io/library/python:3.12-slim-bookworm
#2 DONE 0.2s

#3 [internal] load .dockerignore
#3 transferring context: 74B done
#3 DONE 0.0s

#4 [1/5] FROM docker.io/library/python:3.12-slim-bookworm@sha256:54c85f3c47607a77f32adec749d3c81d1348bf25833671f512b26a9b6d778cb3
#4 resolve docker.io/library/python:3.12-slim-bookworm@sha256:54c85f3c47607a77f32adec749d3c81d1348bf25833671f512b26a9b6d778cb3 done
#4 DONE 0.0s

#5 [internal] load build context
#5 transferring context: 42.58kB done
#5 DONE 0.0s

#6 [2/5] RUN apt-get update     && DEBIAN_FRONTEND=noninteractive apt-get install -y --no-install-recommends tzdata     && rm -rf /var/lib/apt/lists/*
#6 CACHED

#7 [4/5] COPY server.py core.py ./
#7 CACHED

#8 [3/5] WORKDIR /app
#8 CACHED

#9 [5/5] RUN python -c "import ast,pathlib; [ast.parse(p.read_text()) for p in pathlib.Path('.').glob('*.py')]"
#9 CACHED

#10 exporting to image
#10 exporting layers done
#10 exporting manifest sha256:e41c91bad5d6badb939e88127fcdeaf6d7b050fe6803c78b691e1de763109de2 done
#10 exporting config sha256:c7e6f20a5dd371b26a7ea3d5b65954729cc2fbedb9681bb660799ef8c6031c09 done
#10 exporting attestation manifest sha256:ed194bf2c02c73e542fc46fa6e571c867fd788d2105322f75abe3d4c6e5a62b8 done
#10 exporting manifest list sha256:fc9fbd7e31e5fea30e1634180e24a55167345d75d2065bdf9bc7c07e8e28e8b4 done
#10 naming to docker.io/library/interface-engineer-tablekeeper-s1:json-old1-20261004t035748160052z done
#10 unpacking to docker.io/library/interface-engineer-tablekeeper-s1:json-old1-20261004t035748160052z done
#10 DONE 0.0s
