#0 building with "desktop-linux" instance using docker driver

#1 [internal] load build definition from Dockerfile
#1 transferring dockerfile: 556B done
#1 DONE 0.0s

#2 [internal] load metadata for docker.io/library/python:3.12-slim-bookworm
#2 DONE 0.2s

#3 [internal] load .dockerignore
#3 transferring context: 89B done
#3 DONE 0.0s

#4 [1/5] FROM docker.io/library/python:3.12-slim-bookworm@sha256:54c85f3c47607a77f32adec749d3c81d1348bf25833671f512b26a9b6d778cb3
#4 resolve docker.io/library/python:3.12-slim-bookworm@sha256:54c85f3c47607a77f32adec749d3c81d1348bf25833671f512b26a9b6d778cb3 done
#4 DONE 0.0s

#5 [internal] load build context
#5 transferring context: 55.07kB done
#5 DONE 0.0s

#6 [4/5] COPY server.py core.py json_codec.py ./
#6 CACHED

#7 [2/5] RUN apt-get update     && DEBIAN_FRONTEND=noninteractive apt-get install -y --no-install-recommends tzdata     && rm -rf /var/lib/apt/lists/*
#7 CACHED

#8 [3/5] WORKDIR /app
#8 CACHED

#9 [5/5] RUN python -c "import ast,pathlib; [ast.parse(p.read_text()) for p in pathlib.Path('.').glob('*.py')]"
#9 CACHED

#10 exporting to image
#10 exporting layers done
#10 exporting manifest sha256:a50bf567ab390b85b7a726e8c216490b65ad0b4e54313ca49bfb56e9a9c96c61 done
#10 exporting config sha256:1ff7de01af897ac4a7f3b6d5a842c3825ecc729c3b84d5a5dc2dcc773c2c34bc done
#10 exporting attestation manifest sha256:2625f5b554626a6888567ad0617588f7652a9e4fc58cacc85d1c6e8684e76589 done
#10 exporting manifest list sha256:08890fac03f55221e2a9b23d95e4b6b3dd36ccce96deaf723cbb8c458bc94524 done
#10 naming to docker.io/library/interface-engineer-tablekeeper-s1:json-20261004t035748160052z done
#10 unpacking to docker.io/library/interface-engineer-tablekeeper-s1:json-20261004t035748160052z done
#10 DONE 0.0s
