#0 building with "desktop-linux" instance using docker driver

#1 [internal] load build definition from Dockerfile
#1 transferring dockerfile: 287B done
#1 DONE 0.0s

#2 [internal] load metadata for docker.io/library/python:3.12-slim-bookworm
#2 ...

#3 [auth] library/python:pull token for registry-1.docker.io
#3 DONE 0.0s

#2 [internal] load metadata for docker.io/library/python:3.12-slim-bookworm
#2 DONE 1.0s

#4 [internal] load .dockerignore
#4 transferring context: 2B done
#4 DONE 0.0s

#5 [1/3] FROM docker.io/library/python:3.12-slim-bookworm@sha256:54c85f3c47607a77f32adec749d3c81d1348bf25833671f512b26a9b6d778cb3
#5 resolve docker.io/library/python:3.12-slim-bookworm@sha256:54c85f3c47607a77f32adec749d3c81d1348bf25833671f512b26a9b6d778cb3 0.0s done
#5 CACHED

#6 [internal] load build context
#6 transferring context: 20.85kB done
#6 DONE 0.0s

#7 [2/3] WORKDIR /probe
#7 DONE 0.0s

#8 [3/3] COPY json_codec.py probes.py ./
#8 DONE 0.0s

#9 exporting to image
#9 exporting layers 0.0s done
#9 exporting manifest sha256:99b08899b6fb3365b8961c34574c62d799bd7e33263edaf76645295bee494961 done
#9 exporting config sha256:308315d8e3bb4d2fbeb576b546e31a8a86be7d6d51ecb8536fd0b931d0596a0a done
#9 exporting attestation manifest sha256:9fd75b9ba5521c29cd0ec177a596ad87ec7de1bbd392829c1060a4814a8379d8 done
#9 exporting manifest list sha256:5c53c55a05531c1f557b7d81803c91c74d3f1e9af2c545792f64bb6a31d3291c done
#9 naming to docker.io/library/systems-engineer-json-codec:20261004t032958055068 done
#9 unpacking to docker.io/library/systems-engineer-json-codec:20261004t032958055068 done
#9 DONE 0.0s
