#0 building with "desktop-linux" instance using docker driver

#1 [internal] load build definition from Semantic.Probe.Dockerfile
#1 transferring dockerfile: 265B done
#1 DONE 0.0s

#2 [internal] load metadata for docker.io/library/python:3.12-slim
#2 DONE 0.2s

#3 [internal] load .dockerignore
#3 transferring context: 2B done
#3 DONE 0.0s

#4 [internal] load build context
#4 transferring context: 47.17kB done
#4 DONE 0.0s

#5 [1/3] FROM docker.io/library/python:3.12-slim@sha256:dddfd7e07f9d15aeeca61529320492139d21cac7f0070c00609243e51e4e0016
#5 resolve docker.io/library/python:3.12-slim@sha256:dddfd7e07f9d15aeeca61529320492139d21cac7f0070c00609243e51e4e0016 done
#5 DONE 0.0s

#6 [2/3] WORKDIR /verifier
#6 CACHED

#7 [3/3] COPY semantic_probe.py semantic_oracle.py semantic_requirements.py health.py /verifier/
#7 CACHED

#8 exporting to image
#8 exporting layers done
#8 exporting manifest sha256:23df33bc2ad3a08e1a93370595033fcdd10443785451d7b1f4c7cfa817249e27 done
#8 exporting config sha256:0a465cd38ad990df066dc2c2ee141bd8c9b3e26673d559a53799288f0fcd41be done
#8 exporting attestation manifest sha256:ad9f6dbb233588741d4819ccd2dfa7a1ebaaa6fed50d41a456bb08cae1d41550 done
#8 exporting manifest list sha256:4c7d22b43c4657eb617ca5315f72062f39bbef1fb3ca6576b34968fb8044f09a done
#8 naming to docker.io/library/independent-verifier-num-1004050900510466:client done
#8 unpacking to docker.io/library/independent-verifier-num-1004050900510466:client done
#8 DONE 0.0s
