[
    {
        "Id": "sha256:b577cad122a86e37dbddc48008d584a484058176748319d507958be7f8a45c6a",
        "RepoTags": [
            "independent-verifier-num-1004050900510466:current"
        ],
        "RepoDigests": [
            "independent-verifier-num-1004050900510466@sha256:b577cad122a86e37dbddc48008d584a484058176748319d507958be7f8a45c6a"
        ],
        "Comment": "buildkit.dockerfile.v0",
        "Created": "2026-10-04T04:42:01.558705125Z",
        "Config": {
            "User": "65532:65532",
            "ExposedPorts": {
                "8080/tcp": {}
            },
            "Env": [
                "PATH=/usr/local/bin:/usr/local/sbin:/usr/local/bin:/usr/sbin:/usr/bin:/sbin:/bin",
                "LANG=C.UTF-8",
                "GPG_KEY=7169605F62C751356D054A26A821E680E5FA6305",
                "PYTHON_VERSION=3.12.15",
                "PYTHON_SHA256=c2c4321961fab0fb999d66e0cecf521c2ab3994c7992873ea99e306c1094fd5a",
                "PYTHONUNBUFFERED=1",
                "PYTHONDONTWRITEBYTECODE=1"
            ],
            "Cmd": [
                "python",
                "server.py"
            ],
            "WorkingDir": "/app",
            "ArgsEscaped": true
        },
        "Architecture": "arm64",
        "Os": "linux",
        "Size": 216696841,
        "RootFS": {
            "Type": "layers",
            "Layers": [
                "sha256:055ab12bd547e17a0630037f06a186cf405e3f61bb03a614562ca8f5ab52a8be",
                "sha256:eadc985f74fcca4e1a34576c6717c80f82b620b24f6521c069d5570dc035c029",
                "sha256:98a86b50fc8d9605cc0e1794cf298a62bbc8fc052b4f11ac718d6fcb48c51b90",
                "sha256:721fa33420f50f37b47e07e3680c6fdd4790bce2d11ae5d58419a7df988fccd4",
                "sha256:5f70bf18a086007016e948b04aed3b82103a36bea41755b6cddfaf10ace3c6ef",
                "sha256:2238c733c968e172a4a34c441b620334ee41f03c1c992253d0266309a1672f56",
                "sha256:7395278599492943dfba5c8c4eeb96be57b0e91fac23748bd327a7e2305975ce",
                "sha256:5f70bf18a086007016e948b04aed3b82103a36bea41755b6cddfaf10ace3c6ef"
            ]
        },
        "Metadata": {
            "LastTagTime": "2026-10-04T05:09:02.028188588Z"
        },
        "Descriptor": {
            "mediaType": "application/vnd.oci.image.index.v1+json",
            "digest": "sha256:b577cad122a86e37dbddc48008d584a484058176748319d507958be7f8a45c6a",
            "size": 856
        },
        "Identity": {
            "Build": [
                {
                    "Ref": "6pxzi9h4zj3lvijlcfhkt3oos",
                    "CreatedAt": "2026-10-04T05:09:02.032353046Z"
                }
            ]
        }
    }
]
