[
    {
        "Id": "1f5571a1dc68eed7be0b3f73f327b6c03f7f34bc06ec395ca2c4e46c1d7bf68e",
        "Created": "2026-10-04T05:09:22.8087575Z",
        "Path": "python",
        "Args": [
            "server.py"
        ],
        "State": {
            "Status": "running",
            "Running": true,
            "Paused": false,
            "Restarting": false,
            "OOMKilled": false,
            "Dead": false,
            "Pid": 5245,
            "ExitCode": 0,
            "Error": "",
            "StartedAt": "2026-10-04T05:09:22.825632917Z",
            "FinishedAt": "0001-01-01T00:00:00Z"
        },
        "Image": "sha256:366fe793fc0940f4414915620a8b361f17b5f8e47df9597af88b5f871a60f4a0",
        "ResolvConfPath": "/var/lib/docker/containers/1f5571a1dc68eed7be0b3f73f327b6c03f7f34bc06ec395ca2c4e46c1d7bf68e/resolv.conf",
        "HostnamePath": "/var/lib/docker/containers/1f5571a1dc68eed7be0b3f73f327b6c03f7f34bc06ec395ca2c4e46c1d7bf68e/hostname",
        "HostsPath": "/var/lib/docker/containers/1f5571a1dc68eed7be0b3f73f327b6c03f7f34bc06ec395ca2c4e46c1d7bf68e/hosts",
        "LogPath": "/var/lib/docker/containers/1f5571a1dc68eed7be0b3f73f327b6c03f7f34bc06ec395ca2c4e46c1d7bf68e/1f5571a1dc68eed7be0b3f73f327b6c03f7f34bc06ec395ca2c4e46c1d7bf68e-json.log",
        "Name": "/independent-verifier-num-1004050900510466-legacy",
        "RestartCount": 0,
        "Driver": "overlayfs",
        "Platform": "linux",
        "MountLabel": "",
        "ProcessLabel": "",
        "AppArmorProfile": "",
        "ExecIDs": null,
        "HostConfig": {
            "Binds": null,
            "ContainerIDFile": "",
            "LogConfig": {
                "Type": "json-file",
                "Config": {}
            },
            "NetworkMode": "independent-verifier-num-1004050900510466-net",
            "PortBindings": {
                "18338/tcp": [
                    {
                        "HostIp": "127.0.0.1",
                        "HostPort": "18338"
                    }
                ]
            },
            "RestartPolicy": {
                "Name": "no",
                "MaximumRetryCount": 0
            },
            "AutoRemove": false,
            "VolumeDriver": "",
            "VolumesFrom": null,
            "ConsoleSize": [
                0,
                0
            ],
            "CapAdd": null,
            "CapDrop": null,
            "CgroupnsMode": "private",
            "Dns": null,
            "DnsOptions": [],
            "DnsSearch": [],
            "ExtraHosts": null,
            "GroupAdd": null,
            "IpcMode": "private",
            "Cgroup": "",
            "Links": null,
            "OomScoreAdj": 0,
            "PidMode": "",
            "Privileged": false,
            "PublishAllPorts": false,
            "ReadonlyRootfs": false,
            "SecurityOpt": null,
            "UTSMode": "",
            "UsernsMode": "",
            "ShmSize": 67108864,
            "Runtime": "runc",
            "Isolation": "",
            "CpuShares": 0,
            "Memory": 2147483648,
            "NanoCpus": 2000000000,
            "CgroupParent": "",
            "BlkioWeight": 0,
            "BlkioWeightDevice": [],
            "BlkioDeviceReadBps": [],
            "BlkioDeviceWriteBps": [],
            "BlkioDeviceReadIOps": [],
            "BlkioDeviceWriteIOps": [],
            "CpuPeriod": 0,
            "CpuQuota": 0,
            "CpuRealtimePeriod": 0,
            "CpuRealtimeRuntime": 0,
            "CpusetCpus": "",
            "CpusetMems": "",
            "Devices": [],
            "DeviceCgroupRules": null,
            "DeviceRequests": null,
            "MemoryReservation": 0,
            "MemorySwap": 4294967296,
            "MemorySwappiness": null,
            "OomKillDisable": null,
            "PidsLimit": null,
            "Ulimits": null,
            "CpuCount": 0,
            "CpuPercent": 0,
            "IOMaximumIOps": 0,
            "IOMaximumBandwidth": 0,
            "MaskedPaths": [
                "/proc/acpi",
                "/proc/asound",
                "/proc/interrupts",
                "/proc/kcore",
                "/proc/keys",
                "/proc/latency_stats",
                "/proc/sched_debug",
                "/proc/scsi",
                "/proc/timer_list",
                "/proc/timer_stats",
                "/sys/devices/virtual/powercap",
                "/sys/firmware"
            ],
            "ReadonlyPaths": [
                "/proc/bus",
                "/proc/fs",
                "/proc/irq",
                "/proc/sys",
                "/proc/sysrq-trigger"
            ]
        },
        "Storage": {
            "RootFS": {
                "Snapshot": {
                    "Name": "overlayfs"
                }
            }
        },
        "Mounts": [],
        "Config": {
            "Hostname": "1f5571a1dc68",
            "Domainname": "",
            "User": "65532:65532",
            "AttachStdin": false,
            "AttachStdout": false,
            "AttachStderr": false,
            "ExposedPorts": {
                "18338/tcp": {},
                "8080/tcp": {}
            },
            "Tty": false,
            "OpenStdin": false,
            "StdinOnce": false,
            "Env": [
                "PORT=18338",
                "PATH=/usr/local/bin:/usr/local/sbin:/usr/local/bin:/usr/sbin:/usr/bin:/sbin:/bin",
                "LANG=C.UTF-8",
                "GPG_KEY=7169605F62C751356D054A26A821E680E5FA6305",
                "PYTHON_VERSION=3.12.15",
                "PYTHON_SHA256=c2c4321961fab0fb999d66e0cecf521c2ab3994c7992873ea99e306c1094fd5a",
                "PYTHONUNBUFFERED=1",
                "PYTHONDONTWRITEBYTECODE=1"
            ],
            "Cmd": [
                "python",
                "server.py"
            ],
            "Image": "independent-verifier-num-1004050900510466:legacy",
            "Volumes": null,
            "WorkingDir": "/app",
            "Entrypoint": null,
            "Labels": {}
        },
        "NetworkSettings": {
            "SandboxID": "3f0d812ba538fb1ce08912d4b9d30a4a9bf3678772e4185fef02ee166e12a911",
            "SandboxKey": "/var/run/docker/netns/3f0d812ba538",
            "Ports": {
                "18338/tcp": []
            },
            "Networks": {
                "independent-verifier-num-1004050900510466-net": {
                    "IPAMConfig": null,
                    "Links": null,
                    "Aliases": null,
                    "DriverOpts": null,
                    "GwPriority": 0,
                    "NetworkID": "51a6443c151e5a813b81fb60560d68fdc1c6a561f4c7e2e774f039d01b97f1a9",
                    "EndpointID": "30f57ad460f5298dcd52966c57eb1822d27a15d231820249f6e5cfbc95b66fe3",
                    "Gateway": "",
                    "IPAddress": "172.18.0.5",
                    "MacAddress": "9e:d8:a9:56:0e:bd",
                    "IPPrefixLen": 16,
                    "IPv6Gateway": "",
                    "GlobalIPv6Address": "",
                    "GlobalIPv6PrefixLen": 0,
                    "DNSNames": [
                        "independent-verifier-num-1004050900510466-legacy",
                        "1f5571a1dc68"
                    ]
                }
            }
        },
        "ImageManifestDescriptor": {
            "mediaType": "application/vnd.oci.image.manifest.v1+json",
            "digest": "sha256:77fb20b7d0c02ff8eab0351f49d775666c9f9b2341530fe60ff084be88341f8e",
            "size": 1806,
            "platform": {
                "architecture": "arm64",
                "os": "linux"
            }
        }
    }
]
