[
    {
        "Id": "5513b9e482726db2ae9f8a7c1c199e470c361b58fa2bdfd6f322f3c0dbd03f02",
        "Created": "2026-10-04T05:09:09.742324842Z",
        "Path": "python",
        "Args": [
            "server.py"
        ],
        "State": {
            "Status": "running",
            "Running": true,
            "Paused": false,
            "Restarting": false,
            "OOMKilled": false,
            "Dead": false,
            "Pid": 4950,
            "ExitCode": 0,
            "Error": "",
            "StartedAt": "2026-10-04T05:09:09.767214383Z",
            "FinishedAt": "0001-01-01T00:00:00Z"
        },
        "Image": "sha256:b577cad122a86e37dbddc48008d584a484058176748319d507958be7f8a45c6a",
        "ResolvConfPath": "/var/lib/docker/containers/5513b9e482726db2ae9f8a7c1c199e470c361b58fa2bdfd6f322f3c0dbd03f02/resolv.conf",
        "HostnamePath": "/var/lib/docker/containers/5513b9e482726db2ae9f8a7c1c199e470c361b58fa2bdfd6f322f3c0dbd03f02/hostname",
        "HostsPath": "/var/lib/docker/containers/5513b9e482726db2ae9f8a7c1c199e470c361b58fa2bdfd6f322f3c0dbd03f02/hosts",
        "LogPath": "/var/lib/docker/containers/5513b9e482726db2ae9f8a7c1c199e470c361b58fa2bdfd6f322f3c0dbd03f02/5513b9e482726db2ae9f8a7c1c199e470c361b58fa2bdfd6f322f3c0dbd03f02-json.log",
        "Name": "/independent-verifier-num-1004050900510466-peer",
        "RestartCount": 0,
        "Driver": "overlayfs",
        "Platform": "linux",
        "MountLabel": "",
        "ProcessLabel": "",
        "AppArmorProfile": "",
        "ExecIDs": null,
        "HostConfig": {
            "Binds": null,
            "ContainerIDFile": "",
            "LogConfig": {
                "Type": "json-file",
                "Config": {}
            },
            "NetworkMode": "independent-verifier-num-1004050900510466-net",
            "PortBindings": {
                "8080/tcp": [
                    {
                        "HostIp": "127.0.0.1",
                        "HostPort": "18336"
                    }
                ]
            },
            "RestartPolicy": {
                "Name": "no",
                "MaximumRetryCount": 0
            },
            "AutoRemove": false,
            "VolumeDriver": "",
            "VolumesFrom": null,
            "ConsoleSize": [
                0,
                0
            ],
            "CapAdd": null,
            "CapDrop": null,
            "CgroupnsMode": "private",
            "Dns": null,
            "DnsOptions": [],
            "DnsSearch": [],
            "ExtraHosts": null,
            "GroupAdd": null,
            "IpcMode": "private",
            "Cgroup": "",
            "Links": null,
            "OomScoreAdj": 0,
            "PidMode": "",
            "Privileged": false,
            "PublishAllPorts": false,
            "ReadonlyRootfs": false,
            "SecurityOpt": null,
            "UTSMode": "",
            "UsernsMode": "",
            "ShmSize": 67108864,
            "Runtime": "runc",
            "Isolation": "",
            "CpuShares": 0,
            "Memory": 2147483648,
            "NanoCpus": 2000000000,
            "CgroupParent": "",
            "BlkioWeight": 0,
            "BlkioWeightDevice": [],
            "BlkioDeviceReadBps": [],
            "BlkioDeviceWriteBps": [],
            "BlkioDeviceReadIOps": [],
            "BlkioDeviceWriteIOps": [],
            "CpuPeriod": 0,
            "CpuQuota": 0,
            "CpuRealtimePeriod": 0,
            "CpuRealtimeRuntime": 0,
            "CpusetCpus": "",
            "CpusetMems": "",
            "Devices": [],
            "DeviceCgroupRules": null,
            "DeviceRequests": null,
            "MemoryReservation": 0,
            "MemorySwap": 4294967296,
            "MemorySwappiness": null,
            "OomKillDisable": null,
            "PidsLimit": null,
            "Ulimits": null,
            "CpuCount": 0,
            "CpuPercent": 0,
            "IOMaximumIOps": 0,
            "IOMaximumBandwidth": 0,
            "MaskedPaths": [
                "/proc/acpi",
                "/proc/asound",
                "/proc/interrupts",
                "/proc/kcore",
                "/proc/keys",
                "/proc/latency_stats",
                "/proc/sched_debug",
                "/proc/scsi",
                "/proc/timer_list",
                "/proc/timer_stats",
                "/sys/devices/virtual/powercap",
                "/sys/firmware"
            ],
            "ReadonlyPaths": [
                "/proc/bus",
                "/proc/fs",
                "/proc/irq",
                "/proc/sys",
                "/proc/sysrq-trigger"
            ]
        },
        "Storage": {
            "RootFS": {
                "Snapshot": {
                    "Name": "overlayfs"
                }
            }
        },
        "Mounts": [],
        "Config": {
            "Hostname": "5513b9e48272",
            "Domainname": "",
            "User": "65532:65532",
            "AttachStdin": false,
            "AttachStdout": false,
            "AttachStderr": false,
            "ExposedPorts": {
                "8080/tcp": {}
            },
            "Tty": false,
            "OpenStdin": false,
            "StdinOnce": false,
            "Env": [
                "PATH=/usr/local/bin:/usr/local/sbin:/usr/local/bin:/usr/sbin:/usr/bin:/sbin:/bin",
                "LANG=C.UTF-8",
                "GPG_KEY=7169605F62C751356D054A26A821E680E5FA6305",
                "PYTHON_VERSION=3.12.15",
                "PYTHON_SHA256=c2c4321961fab0fb999d66e0cecf521c2ab3994c7992873ea99e306c1094fd5a",
                "PYTHONUNBUFFERED=1",
                "PYTHONDONTWRITEBYTECODE=1"
            ],
            "Cmd": [
                "python",
                "server.py"
            ],
            "Image": "independent-verifier-num-1004050900510466:current",
            "Volumes": null,
            "WorkingDir": "/app",
            "Entrypoint": null,
            "Labels": {}
        },
        "NetworkSettings": {
            "SandboxID": "e56d8118f43646a644e2574df8368f155b8fa0c12c2a2562a04031a00e0c8785",
            "SandboxKey": "/var/run/docker/netns/e56d8118f436",
            "Ports": {
                "8080/tcp": []
            },
            "Networks": {
                "independent-verifier-num-1004050900510466-net": {
                    "IPAMConfig": null,
                    "Links": null,
                    "Aliases": null,
                    "DriverOpts": null,
                    "GwPriority": 0,
                    "NetworkID": "51a6443c151e5a813b81fb60560d68fdc1c6a561f4c7e2e774f039d01b97f1a9",
                    "EndpointID": "0407d225b93ac36a433043c50a70a9b9dcb6c0fbf50a4b5b38ff622f9c6d812a",
                    "Gateway": "",
                    "IPAddress": "172.18.0.3",
                    "MacAddress": "12:a2:8d:d8:c5:bb",
                    "IPPrefixLen": 16,
                    "IPv6Gateway": "",
                    "GlobalIPv6Address": "",
                    "GlobalIPv6PrefixLen": 0,
                    "DNSNames": [
                        "independent-verifier-num-1004050900510466-peer",
                        "5513b9e48272"
                    ]
                }
            }
        },
        "ImageManifestDescriptor": {
            "mediaType": "application/vnd.oci.image.manifest.v1+json",
            "digest": "sha256:5f1dd233fe2c8f91707e84d2ef9ebee7e4fc685f60e6dfd6ead63e16af1b44ee",
            "size": 1806,
            "platform": {
                "architecture": "arm64",
                "os": "linux"
            }
        }
    }
]
