#0 building with "desktop-linux" instance using docker driver

#1 [internal] load build definition from Dockerfile
#1 transferring dockerfile: 296B done
#1 DONE 0.0s

#2 [internal] load metadata for docker.io/library/python:3.12-slim-bookworm
#2 DONE 0.2s

#3 [internal] load .dockerignore
#3 transferring context: 2B done
#3 DONE 0.0s

#4 [internal] load build context
#4 transferring context: 28.67kB done
#4 DONE 0.0s

#5 [1/3] FROM docker.io/library/python:3.12-slim-bookworm@sha256:54c85f3c47607a77f32adec749d3c81d1348bf25833671f512b26a9b6d778cb3
#5 resolve docker.io/library/python:3.12-slim-bookworm@sha256:54c85f3c47607a77f32adec749d3c81d1348bf25833671f512b26a9b6d778cb3 0.0s done
#5 DONE 0.0s

#6 [2/3] WORKDIR /probe
#6 CACHED

#7 [3/3] COPY json_codec.py probes.py depth.py ./
#7 DONE 0.0s

#8 exporting to image
#8 exporting layers 0.0s done
#8 exporting manifest sha256:76ab28080e83a09d50ffc1b2226ec6b741f9a4dbc410afa868b1e968fb77ac5d done
#8 exporting config sha256:8bf0cfaae276be05e49063b416c80a3b8c6c8a4374980dca50c68e12b89761fc done
#8 exporting attestation manifest sha256:ceceeb8c3e3ea92e0ee41fee9278ab5917c60055df249da5d92c8be77dde0951 done
#8 exporting manifest list sha256:bd04bd492ef297bbdc95904299d6aa5fc5c81583cfe0bd30af083e468f8e7447 done
#8 naming to docker.io/library/systems-engineer-json-codec:20261004t033746086869 done
#8 unpacking to docker.io/library/systems-engineer-json-codec:20261004t033746086869 done
#8 DONE 0.0s
