#0 building with "desktop-linux" instance using docker driver

#1 [internal] load build definition from Dockerfile
#1 transferring dockerfile: 571B done
#1 DONE 0.0s

#2 [auth] library/python:pull token for registry-1.docker.io
#2 DONE 0.0s

#3 [internal] load metadata for docker.io/library/python:3.12-slim-bookworm
#3 DONE 0.8s

#4 [internal] load .dockerignore
#4 transferring context: 103B done
#4 DONE 0.0s

#5 [1/6] FROM docker.io/library/python:3.12-slim-bookworm@sha256:54c85f3c47607a77f32adec749d3c81d1348bf25833671f512b26a9b6d778cb3
#5 resolve docker.io/library/python:3.12-slim-bookworm@sha256:54c85f3c47607a77f32adec749d3c81d1348bf25833671f512b26a9b6d778cb3 done
#5 DONE 0.0s

#6 [internal] load build context
#6 transferring context: 115.10kB done
#6 DONE 0.0s

#7 [4/6] COPY server.py core.py json_codec.py ./
#7 CACHED

#8 [5/6] COPY web ./web
#8 CACHED

#9 [2/6] RUN apt-get update     && DEBIAN_FRONTEND=noninteractive apt-get install -y --no-install-recommends tzdata     && rm -rf /var/lib/apt/lists/*
#9 CACHED

#10 [3/6] WORKDIR /app
#10 CACHED

#11 [6/6] RUN python -c "import ast,pathlib; [ast.parse(p.read_text()) for p in pathlib.Path('.').glob('*.py')]"
#11 CACHED

#12 exporting to image
#12 exporting layers done
#12 exporting manifest sha256:40fe32694d54e9e343522ee67994b9b57a3baeb02251cc051dfeb0ef1f9106a7 done
#12 exporting config sha256:543636dbec19aefcd77aff1807ea7fd0e89b764b1309ded25e05ddc08cbd7457 done
#12 exporting attestation manifest sha256:fb7e37c3913592bfef865cc4b16a1a9cfabb357544eafe54aeaf40c2ac06ac35 done
#12 exporting manifest list sha256:55e9b614105cb3d80953c8af6668534206a2f61044776b968df11e70722d9d78 done
#12 naming to docker.io/library/interface-engineer-tablekeeper-current:reconstructed-20261004t054725205604z done
#12 unpacking to docker.io/library/interface-engineer-tablekeeper-current:reconstructed-20261004t054725205604z done
#12 DONE 0.0s
