{"candidate": "04f7371dd8208c2be0b4981d8b281983b81b2cdc", "passed": 84, "total": 84, "assertions": 1660, "seconds": 133.399, "direct_http_operations": 681, "browser_originated_requests": 1333, "forwarded_fetch_operations": 103}
PASS transport-public
PASS authentication-keyboard
PASS single-book-lookup-cancel
PASS lookup-status-exact
PASS out-of-order-search
PASS single-conflict
PASS combined-conflict
PASS lost-single
PASS lost-combined
PASS genuine-stage1-upgrade
PASS combined-occupancy
PASS changed-retry-form
PASS empty-unavailable-lookup
PASS lookup-race-privacy-cutoff
PASS auth-inputs-loading
PASS concurrent-pair-transport
PASS party-safe-boundary
PASS party-above-safe-integer
PASS party-31-digits
PASS party-401-digits
PASS party-4301-digits
PASS huge-decimal-transport
PASS exact-numeric-keyboard-corrupt-response
PASS local-end-berlin-historic
PASS local-end-brussels-historic
PASS local-end-new-york-historic
PASS local-end-berlin-fall-back
PASS local-end-new-york-fall-back
PASS local-end-berlin-spring
PASS local-end-new-york-spring
PASS local-end-last-calendar-date
PASS local-end-legacy-berlin
PASS local-end-legacy-brussels
PASS local-end-legacy-new-york
PASS integral-wire-9007199254740993.0
PASS integral-wire-9007199254740993e0
PASS integral-wire-90071992547409930e-1
PASS integral-wire-9.007199254740993E+15
PASS integral-wire-0.9007199254740993e16
PASS opaque-unicode-identifiers
PASS upgrade-historic-stage1
PASS upgrade-old-stage2-single
PASS upgrade-old-stage2-pair
PASS stage3-policy-history-product
PASS stage3-manager-privacy
PASS stage3-independent-explanations
PASS stage3-series-keyboard
PASS stage3-series-committed-loss
PASS stage3-series-malformed-response
PASS stage3-series-real-refusal
PASS stage3-series-changed-identity
PASS stage3-pair-transition-history
PASS stage3-series-read-race
PASS stage3-series-restaurant-labels
PASS stage3-series-dst-berlin
PASS stage3-series-dst-new-york
PASS stage3-accepted-stage1-upgrade-adoption
PASS stage3-historic-stage1-upgrade-adoption
PASS stage3-accepted-stage2-upgrade-adoption
PASS stage3-accepted-stage2-pair-upgrade-adoption
PASS stage4-manager-product
PASS stage4-manager-stale
PASS stage4-manager-infeasible
PASS stage4-preview-committed-loss
PASS stage4-preview-malformed-response
PASS stage4-apply-committed-loss
PASS stage4-apply-malformed-response
PASS stage4-apply-current-raw-upgrade
PASS stage4-manager-permissions-validation-edited
PASS stage4-closure-exact-boundaries
PASS stage4-planning-full-bound-oracle
PASS stage4-series-amend-product
PASS stage4-series-amend-committed-loss
PASS stage4-series-amend-malformed-response
PASS stage4-series-amend-occupancy-refusal
PASS stage4-series-amend-stale
PASS stage4-series-empty-eligible
PASS stage4-series-seating-repair
PASS stage4-accepted-stage3-single-upgrade
PASS stage4-accepted-stage3-pair-upgrade
PASS stage4-accepted-stage3-populated-bridge
PASS stage4-apply-refused-outcomes
PASS stage4-current-confirmation-read-race
PASS stage4-series-other-restaurant-amendment
