[
    {
        "Id": "a993ecc15ede3600a49669cecaf7e5542801fd898f85bb07994d1d301fdde7fe",
        "Created": "2026-10-04T08:44:02.608523672Z",
        "Path": "python",
        "Args": [
            "server.py"
        ],
        "State": {
            "Status": "running",
            "Running": true,
            "Paused": false,
            "Restarting": false,
            "OOMKilled": false,
            "Dead": false,
            "Pid": 21504,
            "ExitCode": 0,
            "Error": "",
            "StartedAt": "2026-10-04T08:44:02.632516172Z",
            "FinishedAt": "0001-01-01T00:00:00Z"
        },
        "Image": "sha256:cb684c2be98ba3b07482c7f995dcb8bca63517d972b5d5df7bf6c6ed75719c89",
        "ResolvConfPath": "/var/lib/docker/containers/a993ecc15ede3600a49669cecaf7e5542801fd898f85bb07994d1d301fdde7fe/resolv.conf",
        "HostnamePath": "/var/lib/docker/containers/a993ecc15ede3600a49669cecaf7e5542801fd898f85bb07994d1d301fdde7fe/hostname",
        "HostsPath": "/var/lib/docker/containers/a993ecc15ede3600a49669cecaf7e5542801fd898f85bb07994d1d301fdde7fe/hosts",
        "LogPath": "/var/lib/docker/containers/a993ecc15ede3600a49669cecaf7e5542801fd898f85bb07994d1d301fdde7fe/a993ecc15ede3600a49669cecaf7e5542801fd898f85bb07994d1d301fdde7fe-json.log",
        "Name": "/interface-engineer-s4-20261004t084356191794z-current",
        "RestartCount": 0,
        "Driver": "overlayfs",
        "Platform": "linux",
        "MountLabel": "",
        "ProcessLabel": "",
        "AppArmorProfile": "",
        "ExecIDs": null,
        "HostConfig": {
            "Binds": null,
            "ContainerIDFile": "",
            "LogConfig": {
                "Type": "json-file",
                "Config": {}
            },
            "NetworkMode": "interface-engineer-s4-20261004t084356191794z",
            "PortBindings": {
                "9090/tcp": [
                    {
                        "HostIp": "",
                        "HostPort": "18250"
                    }
                ]
            },
            "RestartPolicy": {
                "Name": "no",
                "MaximumRetryCount": 0
            },
            "AutoRemove": false,
            "VolumeDriver": "",
            "VolumesFrom": null,
            "ConsoleSize": [
                0,
                0
            ],
            "CapAdd": null,
            "CapDrop": null,
            "CgroupnsMode": "private",
            "Dns": null,
            "DnsOptions": [],
            "DnsSearch": [],
            "ExtraHosts": null,
            "GroupAdd": null,
            "IpcMode": "private",
            "Cgroup": "",
            "Links": null,
            "OomScoreAdj": 0,
            "PidMode": "",
            "Privileged": false,
            "PublishAllPorts": false,
            "ReadonlyRootfs": false,
            "SecurityOpt": null,
            "UTSMode": "",
            "UsernsMode": "",
            "ShmSize": 67108864,
            "Runtime": "runc",
            "Isolation": "",
            "CpuShares": 0,
            "Memory": 2147483648,
            "NanoCpus": 2000000000,
            "CgroupParent": "",
            "BlkioWeight": 0,
            "BlkioWeightDevice": [],
            "BlkioDeviceReadBps": [],
            "BlkioDeviceWriteBps": [],
            "BlkioDeviceReadIOps": [],
            "BlkioDeviceWriteIOps": [],
            "CpuPeriod": 0,
            "CpuQuota": 0,
            "CpuRealtimePeriod": 0,
            "CpuRealtimeRuntime": 0,
            "CpusetCpus": "",
            "CpusetMems": "",
            "Devices": [],
            "DeviceCgroupRules": null,
            "DeviceRequests": null,
            "MemoryReservation": 0,
            "MemorySwap": 4294967296,
            "MemorySwappiness": null,
            "OomKillDisable": null,
            "PidsLimit": null,
            "Ulimits": null,
            "CpuCount": 0,
            "CpuPercent": 0,
            "IOMaximumIOps": 0,
            "IOMaximumBandwidth": 0,
            "MaskedPaths": [
                "/proc/acpi",
                "/proc/asound",
                "/proc/interrupts",
                "/proc/kcore",
                "/proc/keys",
                "/proc/latency_stats",
                "/proc/sched_debug",
                "/proc/scsi",
                "/proc/timer_list",
                "/proc/timer_stats",
                "/sys/devices/virtual/powercap",
                "/sys/firmware"
            ],
            "ReadonlyPaths": [
                "/proc/bus",
                "/proc/fs",
                "/proc/irq",
                "/proc/sys",
                "/proc/sysrq-trigger"
            ]
        },
        "Storage": {
            "RootFS": {
                "Snapshot": {
                    "Name": "overlayfs"
                }
            }
        },
        "Mounts": [],
        "Config": {
            "Hostname": "a993ecc15ede",
            "Domainname": "",
            "User": "65532:65532",
            "AttachStdin": false,
            "AttachStdout": false,
            "AttachStderr": false,
            "ExposedPorts": {
                "8080/tcp": {},
                "9090/tcp": {}
            },
            "Tty": false,
            "OpenStdin": false,
            "StdinOnce": false,
            "Env": [
                "PORT=9090",
                "PATH=/usr/local/bin:/usr/local/sbin:/usr/local/bin:/usr/sbin:/usr/bin:/sbin:/bin",
                "LANG=C.UTF-8",
                "GPG_KEY=7169605F62C751356D054A26A821E680E5FA6305",
                "PYTHON_VERSION=3.12.15",
                "PYTHON_SHA256=c2c4321961fab0fb999d66e0cecf521c2ab3994c7992873ea99e306c1094fd5a",
                "PYTHONUNBUFFERED=1",
                "PYTHONDONTWRITEBYTECODE=1"
            ],
            "Cmd": [
                "python",
                "server.py"
            ],
            "Image": "interface-engineer-tablekeeper-current:reconstructed-20261004t084356191794z",
            "Volumes": null,
            "WorkingDir": "/app",
            "Entrypoint": null,
            "Labels": {}
        },
        "NetworkSettings": {
            "SandboxID": "d59092d917b3438e2f5ae0ad555bc7d63ae3852dd7a604633b49ac5db2dcb725",
            "SandboxKey": "/var/run/docker/netns/d59092d917b3",
            "Ports": {
                "9090/tcp": []
            },
            "Networks": {
                "interface-engineer-s4-20261004t084356191794z": {
                    "IPAMConfig": null,
                    "Links": null,
                    "Aliases": null,
                    "DriverOpts": null,
                    "GwPriority": 0,
                    "NetworkID": "f322f28fc7aacb14af720ee1db39d909fe5b965d65980f626f45b38d2572270d",
                    "EndpointID": "503d74b997de24853df037226442743587e31448dcb62f4f65bfaaa5cca19304",
                    "Gateway": "",
                    "IPAddress": "172.18.0.2",
                    "MacAddress": "32:2f:d2:5b:df:b8",
                    "IPPrefixLen": 16,
                    "IPv6Gateway": "",
                    "GlobalIPv6Address": "",
                    "GlobalIPv6PrefixLen": 0,
                    "DNSNames": [
                        "interface-engineer-s4-20261004t084356191794z-current",
                        "a993ecc15ede"
                    ]
                }
            }
        },
        "ImageManifestDescriptor": {
            "mediaType": "application/vnd.oci.image.manifest.v1+json",
            "digest": "sha256:f33c0684211ad1d0c8a9d630eedb33a542036f1f41aa62a17d80d2a65a07d177",
            "size": 1996,
            "platform": {
                "architecture": "arm64",
                "os": "linux"
            }
        }
    }
]
