[
    {
        "Id": "704ea1807bd017ee627628519c389bf6358775e4c1f6abc14a46fc32b8da28a8",
        "Created": "2026-10-04T08:44:21.471491917Z",
        "Path": "python",
        "Args": [
            "server.py"
        ],
        "State": {
            "Status": "running",
            "Running": true,
            "Paused": false,
            "Restarting": false,
            "OOMKilled": false,
            "Dead": false,
            "Pid": 21689,
            "ExitCode": 0,
            "Error": "",
            "StartedAt": "2026-10-04T08:44:21.493214167Z",
            "FinishedAt": "0001-01-01T00:00:00Z"
        },
        "Image": "sha256:4dc592493cc9778c7bb700c9d11d4113fff40ed2f73cb18bcbee276f1ef891be",
        "ResolvConfPath": "/var/lib/docker/containers/704ea1807bd017ee627628519c389bf6358775e4c1f6abc14a46fc32b8da28a8/resolv.conf",
        "HostnamePath": "/var/lib/docker/containers/704ea1807bd017ee627628519c389bf6358775e4c1f6abc14a46fc32b8da28a8/hostname",
        "HostsPath": "/var/lib/docker/containers/704ea1807bd017ee627628519c389bf6358775e4c1f6abc14a46fc32b8da28a8/hosts",
        "LogPath": "/var/lib/docker/containers/704ea1807bd017ee627628519c389bf6358775e4c1f6abc14a46fc32b8da28a8/704ea1807bd017ee627628519c389bf6358775e4c1f6abc14a46fc32b8da28a8-json.log",
        "Name": "/interface-engineer-s4-20261004t084356191794z-accepted",
        "RestartCount": 0,
        "Driver": "overlayfs",
        "Platform": "linux",
        "MountLabel": "",
        "ProcessLabel": "",
        "AppArmorProfile": "",
        "ExecIDs": null,
        "HostConfig": {
            "Binds": null,
            "ContainerIDFile": "",
            "LogConfig": {
                "Type": "json-file",
                "Config": {}
            },
            "NetworkMode": "interface-engineer-s4-20261004t084356191794z",
            "PortBindings": {
                "8080/tcp": [
                    {
                        "HostIp": "",
                        "HostPort": "18252"
                    }
                ]
            },
            "RestartPolicy": {
                "Name": "no",
                "MaximumRetryCount": 0
            },
            "AutoRemove": false,
            "VolumeDriver": "",
            "VolumesFrom": null,
            "ConsoleSize": [
                0,
                0
            ],
            "CapAdd": null,
            "CapDrop": null,
            "CgroupnsMode": "private",
            "Dns": null,
            "DnsOptions": [],
            "DnsSearch": [],
            "ExtraHosts": null,
            "GroupAdd": null,
            "IpcMode": "private",
            "Cgroup": "",
            "Links": null,
            "OomScoreAdj": 0,
            "PidMode": "",
            "Privileged": false,
            "PublishAllPorts": false,
            "ReadonlyRootfs": false,
            "SecurityOpt": null,
            "UTSMode": "",
            "UsernsMode": "",
            "ShmSize": 67108864,
            "Runtime": "runc",
            "Isolation": "",
            "CpuShares": 0,
            "Memory": 2147483648,
            "NanoCpus": 2000000000,
            "CgroupParent": "",
            "BlkioWeight": 0,
            "BlkioWeightDevice": [],
            "BlkioDeviceReadBps": [],
            "BlkioDeviceWriteBps": [],
            "BlkioDeviceReadIOps": [],
            "BlkioDeviceWriteIOps": [],
            "CpuPeriod": 0,
            "CpuQuota": 0,
            "CpuRealtimePeriod": 0,
            "CpuRealtimeRuntime": 0,
            "CpusetCpus": "",
            "CpusetMems": "",
            "Devices": [],
            "DeviceCgroupRules": null,
            "DeviceRequests": null,
            "MemoryReservation": 0,
            "MemorySwap": 4294967296,
            "MemorySwappiness": null,
            "OomKillDisable": null,
            "PidsLimit": null,
            "Ulimits": null,
            "CpuCount": 0,
            "CpuPercent": 0,
            "IOMaximumIOps": 0,
            "IOMaximumBandwidth": 0,
            "MaskedPaths": [
                "/proc/acpi",
                "/proc/asound",
                "/proc/interrupts",
                "/proc/kcore",
                "/proc/keys",
                "/proc/latency_stats",
                "/proc/sched_debug",
                "/proc/scsi",
                "/proc/timer_list",
                "/proc/timer_stats",
                "/sys/devices/virtual/powercap",
                "/sys/firmware"
            ],
            "ReadonlyPaths": [
                "/proc/bus",
                "/proc/fs",
                "/proc/irq",
                "/proc/sys",
                "/proc/sysrq-trigger"
            ]
        },
        "Storage": {
            "RootFS": {
                "Snapshot": {
                    "Name": "overlayfs"
                }
            }
        },
        "Mounts": [],
        "Config": {
            "Hostname": "704ea1807bd0",
            "Domainname": "",
            "User": "65532:65532",
            "AttachStdin": false,
            "AttachStdout": false,
            "AttachStderr": false,
            "ExposedPorts": {
                "8080/tcp": {}
            },
            "Tty": false,
            "OpenStdin": false,
            "StdinOnce": false,
            "Env": [
                "PATH=/usr/local/bin:/usr/local/sbin:/usr/local/bin:/usr/sbin:/usr/bin:/sbin:/bin",
                "LANG=C.UTF-8",
                "GPG_KEY=7169605F62C751356D054A26A821E680E5FA6305",
                "PYTHON_VERSION=3.12.15",
                "PYTHON_SHA256=c2c4321961fab0fb999d66e0cecf521c2ab3994c7992873ea99e306c1094fd5a",
                "PYTHONUNBUFFERED=1",
                "PYTHONDONTWRITEBYTECODE=1"
            ],
            "Cmd": [
                "python",
                "server.py"
            ],
            "Image": "interface-engineer-tablekeeper-accepted:reconstructed-20261004t084356191794z",
            "Volumes": null,
            "WorkingDir": "/app",
            "Entrypoint": null,
            "Labels": {}
        },
        "NetworkSettings": {
            "SandboxID": "483a1fdf266f992fe6b61c208cfbdb9327866fc78af66607de26e28e5797f4c5",
            "SandboxKey": "/var/run/docker/netns/483a1fdf266f",
            "Ports": {
                "8080/tcp": []
            },
            "Networks": {
                "interface-engineer-s4-20261004t084356191794z": {
                    "IPAMConfig": null,
                    "Links": null,
                    "Aliases": null,
                    "DriverOpts": null,
                    "GwPriority": 0,
                    "NetworkID": "f322f28fc7aacb14af720ee1db39d909fe5b965d65980f626f45b38d2572270d",
                    "EndpointID": "52ea57c70d37a118d331efa4f06f6dcce7ffb6d95d83848ff53f8060b27c758a",
                    "Gateway": "",
                    "IPAddress": "172.18.0.4",
                    "MacAddress": "92:24:6a:ea:86:c8",
                    "IPPrefixLen": 16,
                    "IPv6Gateway": "",
                    "GlobalIPv6Address": "",
                    "GlobalIPv6PrefixLen": 0,
                    "DNSNames": [
                        "interface-engineer-s4-20261004t084356191794z-accepted",
                        "704ea1807bd0"
                    ]
                }
            }
        },
        "ImageManifestDescriptor": {
            "mediaType": "application/vnd.oci.image.manifest.v1+json",
            "digest": "sha256:5f1dd233fe2c8f91707e84d2ef9ebee7e4fc685f60e6dfd6ead63e16af1b44ee",
            "size": 1806,
            "platform": {
                "architecture": "arm64",
                "os": "linux"
            }
        }
    }
]
