[
    {
        "Id": "bac4d3046e0818840af03fd5fdccad8a0f5575556d9636ad49bc2cd9c34607b3",
        "Created": "2026-10-04T09:52:11.757720875Z",
        "Path": "python",
        "Args": [
            "server.py"
        ],
        "State": {
            "Status": "running",
            "Running": true,
            "Paused": false,
            "Restarting": false,
            "OOMKilled": false,
            "Dead": false,
            "Pid": 1138,
            "ExitCode": 0,
            "Error": "",
            "StartedAt": "2026-10-04T09:52:11.776798917Z",
            "FinishedAt": "0001-01-01T00:00:00Z"
        },
        "Image": "sha256:f071f5d2f52d02726a353ba3df1c98e68af4001e2e9de0a8bf396d13b738cecc",
        "ResolvConfPath": "/var/lib/docker/containers/bac4d3046e0818840af03fd5fdccad8a0f5575556d9636ad49bc2cd9c34607b3/resolv.conf",
        "HostnamePath": "/var/lib/docker/containers/bac4d3046e0818840af03fd5fdccad8a0f5575556d9636ad49bc2cd9c34607b3/hostname",
        "HostsPath": "/var/lib/docker/containers/bac4d3046e0818840af03fd5fdccad8a0f5575556d9636ad49bc2cd9c34607b3/hosts",
        "LogPath": "/var/lib/docker/containers/bac4d3046e0818840af03fd5fdccad8a0f5575556d9636ad49bc2cd9c34607b3/bac4d3046e0818840af03fd5fdccad8a0f5575556d9636ad49bc2cd9c34607b3-json.log",
        "Name": "/independent-verifier-s4-1004095136-accepted-s1",
        "RestartCount": 0,
        "Driver": "overlayfs",
        "Platform": "linux",
        "MountLabel": "",
        "ProcessLabel": "",
        "AppArmorProfile": "",
        "ExecIDs": null,
        "HostConfig": {
            "Binds": null,
            "ContainerIDFile": "",
            "LogConfig": {
                "Type": "json-file",
                "Config": {}
            },
            "NetworkMode": "independent-verifier-s4-1004095136-net",
            "PortBindings": {
                "18312/tcp": [
                    {
                        "HostIp": "127.0.0.1",
                        "HostPort": "18304"
                    }
                ]
            },
            "RestartPolicy": {
                "Name": "no",
                "MaximumRetryCount": 0
            },
            "AutoRemove": false,
            "VolumeDriver": "",
            "VolumesFrom": null,
            "ConsoleSize": [
                0,
                0
            ],
            "CapAdd": null,
            "CapDrop": null,
            "CgroupnsMode": "private",
            "Dns": null,
            "DnsOptions": [],
            "DnsSearch": [],
            "ExtraHosts": null,
            "GroupAdd": null,
            "IpcMode": "private",
            "Cgroup": "",
            "Links": null,
            "OomScoreAdj": 0,
            "PidMode": "",
            "Privileged": false,
            "PublishAllPorts": false,
            "ReadonlyRootfs": false,
            "SecurityOpt": null,
            "UTSMode": "",
            "UsernsMode": "",
            "ShmSize": 67108864,
            "Runtime": "runc",
            "Isolation": "",
            "CpuShares": 0,
            "Memory": 2147483648,
            "NanoCpus": 2000000000,
            "CgroupParent": "",
            "BlkioWeight": 0,
            "BlkioWeightDevice": [],
            "BlkioDeviceReadBps": [],
            "BlkioDeviceWriteBps": [],
            "BlkioDeviceReadIOps": [],
            "BlkioDeviceWriteIOps": [],
            "CpuPeriod": 0,
            "CpuQuota": 0,
            "CpuRealtimePeriod": 0,
            "CpuRealtimeRuntime": 0,
            "CpusetCpus": "",
            "CpusetMems": "",
            "Devices": [],
            "DeviceCgroupRules": null,
            "DeviceRequests": null,
            "MemoryReservation": 0,
            "MemorySwap": 4294967296,
            "MemorySwappiness": null,
            "OomKillDisable": null,
            "PidsLimit": null,
            "Ulimits": null,
            "CpuCount": 0,
            "CpuPercent": 0,
            "IOMaximumIOps": 0,
            "IOMaximumBandwidth": 0,
            "MaskedPaths": [
                "/proc/acpi",
                "/proc/asound",
                "/proc/interrupts",
                "/proc/kcore",
                "/proc/keys",
                "/proc/latency_stats",
                "/proc/sched_debug",
                "/proc/scsi",
                "/proc/timer_list",
                "/proc/timer_stats",
                "/sys/devices/virtual/powercap",
                "/sys/firmware"
            ],
            "ReadonlyPaths": [
                "/proc/bus",
                "/proc/fs",
                "/proc/irq",
                "/proc/sys",
                "/proc/sysrq-trigger"
            ]
        },
        "Storage": {
            "RootFS": {
                "Snapshot": {
                    "Name": "overlayfs"
                }
            }
        },
        "Mounts": [],
        "Config": {
            "Hostname": "bac4d3046e08",
            "Domainname": "",
            "User": "65532:65532",
            "AttachStdin": false,
            "AttachStdout": false,
            "AttachStderr": false,
            "ExposedPorts": {
                "18312/tcp": {},
                "8080/tcp": {}
            },
            "Tty": false,
            "OpenStdin": false,
            "StdinOnce": false,
            "Env": [
                "PORT=18312",
                "PATH=/usr/local/bin:/usr/local/sbin:/usr/local/bin:/usr/sbin:/usr/bin:/sbin:/bin",
                "LANG=C.UTF-8",
                "GPG_KEY=7169605F62C751356D054A26A821E680E5FA6305",
                "PYTHON_VERSION=3.12.15",
                "PYTHON_SHA256=c2c4321961fab0fb999d66e0cecf521c2ab3994c7992873ea99e306c1094fd5a",
                "PYTHONUNBUFFERED=1",
                "PYTHONDONTWRITEBYTECODE=1"
            ],
            "Cmd": [
                "python",
                "server.py"
            ],
            "Image": "independent-verifier-s4-1004095136:accepted-s1",
            "Volumes": null,
            "WorkingDir": "/app",
            "Entrypoint": null,
            "Labels": {}
        },
        "NetworkSettings": {
            "SandboxID": "25d15c66aee0fc117ca9929673ea8e39a94f8b97f77f5e891e71af2dd56167f4",
            "SandboxKey": "/var/run/docker/netns/25d15c66aee0",
            "Ports": {
                "18312/tcp": []
            },
            "Networks": {
                "independent-verifier-s4-1004095136-net": {
                    "IPAMConfig": null,
                    "Links": null,
                    "Aliases": null,
                    "DriverOpts": null,
                    "GwPriority": 0,
                    "NetworkID": "93c27295015751f906a0549e49611d605a0c4bc5e71e3002955ad411e7f731c4",
                    "EndpointID": "c27c56cde662263c437093d33c3eb620c10262a20af351e2dc23c60fe5c6ba5a",
                    "Gateway": "",
                    "IPAddress": "172.18.0.5",
                    "MacAddress": "2a:e5:35:0c:7a:ab",
                    "IPPrefixLen": 16,
                    "IPv6Gateway": "",
                    "GlobalIPv6Address": "",
                    "GlobalIPv6PrefixLen": 0,
                    "DNSNames": [
                        "independent-verifier-s4-1004095136-accepted-s1",
                        "bac4d3046e08"
                    ]
                }
            }
        },
        "ImageManifestDescriptor": {
            "mediaType": "application/vnd.oci.image.manifest.v1+json",
            "digest": "sha256:5f1dd233fe2c8f91707e84d2ef9ebee7e4fc685f60e6dfd6ead63e16af1b44ee",
            "size": 1806,
            "platform": {
                "architecture": "arm64",
                "os": "linux"
            }
        }
    }
]
