#0 building with "desktop-linux" instance using docker driver

#1 [internal] load build definition from Dockerfile
#1 transferring dockerfile: 541B done
#1 DONE 0.0s

#2 [internal] load metadata for docker.io/library/python:3.12-slim
#2 DONE 0.2s

#3 [internal] load .dockerignore
#3 transferring context: 2B done
#3 DONE 0.0s

#4 [ 1/10] FROM docker.io/library/python:3.12-slim@sha256:dddfd7e07f9d15aeeca61529320492139d21cac7f0070c00609243e51e4e0016
#4 resolve docker.io/library/python:3.12-slim@sha256:dddfd7e07f9d15aeeca61529320492139d21cac7f0070c00609243e51e4e0016 0.0s done
#4 DONE 0.0s

#5 [internal] load build context
#5 transferring context: 1.66MB 0.0s done
#5 DONE 0.0s

#6 [ 3/10] RUN apt-get update && apt-get install -y --no-install-recommends tzdata && rm -rf /var/lib/apt/lists/*
#6 CACHED

#7 [ 4/10] WORKDIR /verifier
#7 CACHED

#8 [ 5/10] COPY stage-2/*.py /verifier/stage-2/
#8 CACHED

#9 [ 2/10] RUN pip install --no-cache-dir playwright==1.63.0 && playwright install --with-deps chromium
#9 CACHED

#10 [ 6/10] COPY stage-1/*.py /verifier/stage-1/
#10 CACHED

#11 [ 7/10] WORKDIR /verifier/stage-2
#11 CACHED

#12 [ 8/10] COPY stage-3/*.py /verifier/stage-3/
#12 CACHED

#13 [ 9/10] COPY stage-4/*.py /verifier/stage-4/
#13 DONE 0.0s

#14 [10/10] COPY stage-4/repair-1/*.py /verifier/stage-4/repair-1/
#14 DONE 0.0s

#15 exporting to image
#15 exporting layers 0.0s done
#15 exporting manifest sha256:201879c1f12c23065911ec7fcd7d0be323cf495ca1f96c105c94e0714134d2d8 done
#15 exporting config sha256:f47ebb66d4ff22451d9cf0b32d2f383c107d61e5aedcab2d45e928e22e44102b done
#15 exporting attestation manifest sha256:d271314b660a0e2d949533efd84ee70e4a71495cd97da767cef0ac0e6dd1bc4f
#15 exporting attestation manifest sha256:d271314b660a0e2d949533efd84ee70e4a71495cd97da767cef0ac0e6dd1bc4f done
#15 exporting manifest list sha256:2a56848199b867aca32b02eb632232cdcf52f542f5a1fbfe871580e120ca36d9 done
#15 naming to docker.io/library/independent-verifier-s4-1004095136:client done
#15 unpacking to docker.io/library/independent-verifier-s4-1004095136:client 0.0s done
#15 DONE 0.1s
