#0 building with "desktop-linux" instance using docker driver

#1 [internal] load build definition from Dockerfile
#1 transferring dockerfile: 571B done
#1 DONE 0.0s

#2 [internal] load metadata for docker.io/library/python:3.12-slim-bookworm
#2 ...

#3 [auth] library/python:pull token for registry-1.docker.io
#3 DONE 0.0s

#2 [internal] load metadata for docker.io/library/python:3.12-slim-bookworm
#2 DONE 0.7s

#4 [internal] load .dockerignore
#4 transferring context: 103B done
#4 DONE 0.0s

#5 [1/6] FROM docker.io/library/python:3.12-slim-bookworm@sha256:54c85f3c47607a77f32adec749d3c81d1348bf25833671f512b26a9b6d778cb3
#5 resolve docker.io/library/python:3.12-slim-bookworm@sha256:54c85f3c47607a77f32adec749d3c81d1348bf25833671f512b26a9b6d778cb3 done
#5 DONE 0.0s

#6 [internal] load build context
#6 transferring context: 208.34kB done
#6 DONE 0.0s

#7 [3/6] WORKDIR /app
#7 CACHED

#8 [5/6] COPY web ./web
#8 CACHED

#9 [2/6] RUN apt-get update     && DEBIAN_FRONTEND=noninteractive apt-get install -y --no-install-recommends tzdata     && rm -rf /var/lib/apt/lists/*
#9 CACHED

#10 [4/6] COPY server.py core.py json_codec.py ./
#10 CACHED

#11 [6/6] RUN python -c "import ast,pathlib; [ast.parse(p.read_text()) for p in pathlib.Path('.').glob('*.py')]"
#11 CACHED

#12 exporting to image
#12 exporting layers done
#12 exporting manifest sha256:6bc07a02d924e3ff9a2e530006f09930d1be06c7919f1145b1446a5ec7940819 done
#12 exporting config sha256:c432a490ad950f8b3b1216aec76066688559a33b6b7933ae434ce568ab00f143 done
#12 exporting attestation manifest sha256:7e4da9bd860d489597e49ca247105850d4267c16da494e34c83a89b429257571 done
#12 exporting manifest list sha256:65f6b3ec816adb003d96d720add26f8d9e379e0da97740bf77ebb3a5a5975123 done
#12 naming to docker.io/library/independent-verifier-s4-1004095136:current done
#12 unpacking to docker.io/library/independent-verifier-s4-1004095136:current done
#12 DONE 0.0s
