[
    {
        "Id": "sha256:1385487cb4624540202dce8484357d3e1375f90ac2b5366975cdefff41afd127",
        "RepoTags": [
            "independent-verifier-s4-1004095136:legacy-s2"
        ],
        "RepoDigests": [
            "independent-verifier-s4-1004095136@sha256:1385487cb4624540202dce8484357d3e1375f90ac2b5366975cdefff41afd127"
        ],
        "Comment": "buildkit.dockerfile.v0",
        "Created": "2026-10-04T01:52:29.369452218Z",
        "Config": {
            "User": "65532:65532",
            "ExposedPorts": {
                "8080/tcp": {}
            },
            "Env": [
                "PATH=/usr/local/bin:/usr/local/sbin:/usr/local/bin:/usr/sbin:/usr/bin:/sbin:/bin",
                "LANG=C.UTF-8",
                "GPG_KEY=7169605F62C751356D054A26A821E680E5FA6305",
                "PYTHON_VERSION=3.12.15",
                "PYTHON_SHA256=c2c4321961fab0fb999d66e0cecf521c2ab3994c7992873ea99e306c1094fd5a",
                "PYTHONUNBUFFERED=1",
                "PYTHONDONTWRITEBYTECODE=1"
            ],
            "Cmd": [
                "python",
                "server.py"
            ],
            "WorkingDir": "/app",
            "ArgsEscaped": true
        },
        "Architecture": "arm64",
        "Os": "linux",
        "Size": 216760338,
        "RootFS": {
            "Type": "layers",
            "Layers": [
                "sha256:055ab12bd547e17a0630037f06a186cf405e3f61bb03a614562ca8f5ab52a8be",
                "sha256:eadc985f74fcca4e1a34576c6717c80f82b620b24f6521c069d5570dc035c029",
                "sha256:98a86b50fc8d9605cc0e1794cf298a62bbc8fc052b4f11ac718d6fcb48c51b90",
                "sha256:721fa33420f50f37b47e07e3680c6fdd4790bce2d11ae5d58419a7df988fccd4",
                "sha256:5f70bf18a086007016e948b04aed3b82103a36bea41755b6cddfaf10ace3c6ef",
                "sha256:2238c733c968e172a4a34c441b620334ee41f03c1c992253d0266309a1672f56",
                "sha256:1cbc8d47ca02c95c87e74ba8cb93324fbe69afdbe2c8ac1b54cb0f368be01ce9",
                "sha256:a9c16a2c0090926d0ddc2f22fd549e4f75398dded974c39192e8f1012aaf5368",
                "sha256:5f70bf18a086007016e948b04aed3b82103a36bea41755b6cddfaf10ace3c6ef"
            ]
        },
        "Metadata": {
            "LastTagTime": "2026-10-04T09:51:49.773531629Z"
        },
        "Descriptor": {
            "mediaType": "application/vnd.oci.image.index.v1+json",
            "digest": "sha256:1385487cb4624540202dce8484357d3e1375f90ac2b5366975cdefff41afd127",
            "size": 856
        },
        "Identity": {
            "Build": [
                {
                    "Ref": "semfsrjt87pi0vml9ndnh3g4m",
                    "CreatedAt": "2026-10-04T09:51:49.776227004Z"
                }
            ]
        }
    }
]
