candidate-1
initial-1
seal_initial1.py
stage3_artifact_audit.py
stage3_assemble.py
stage3_bind.py
stage3_browser.py
stage3_browser_binding.py
stage3_browser_extra.py
stage3_cleanup.py
stage3_closures.py
stage3_direct.py
stage3_direct_run.py
stage3_execute.py
stage3_finalize.py
stage3_inherited.py
stage3_legacy.py
stage3_metrics.py
stage3_oracle.py
stage3_prepare.py
stage3_probe.py
stage3_read_races.py
stage3_requirements.py
stage3_review.py
stage3_runtime.py
stage3_seal.py
stage3_source_audit.py
stage3_supplement.py
stage3_trace.py
