[
    {
        "Id": "770f955cbd67b075b7f1e1b5957b89565dad91feb6bfba82a790fbc6defa272c",
        "Created": "2026-10-04T09:52:05.174926094Z",
        "Path": "python",
        "Args": [
            "server.py"
        ],
        "State": {
            "Status": "running",
            "Running": true,
            "Paused": false,
            "Restarting": false,
            "OOMKilled": false,
            "Dead": false,
            "Pid": 986,
            "ExitCode": 0,
            "Error": "",
            "StartedAt": "2026-10-04T09:52:05.192426094Z",
            "FinishedAt": "0001-01-01T00:00:00Z"
        },
        "Image": "sha256:65f6b3ec816adb003d96d720add26f8d9e379e0da97740bf77ebb3a5a5975123",
        "ResolvConfPath": "/var/lib/docker/containers/770f955cbd67b075b7f1e1b5957b89565dad91feb6bfba82a790fbc6defa272c/resolv.conf",
        "HostnamePath": "/var/lib/docker/containers/770f955cbd67b075b7f1e1b5957b89565dad91feb6bfba82a790fbc6defa272c/hostname",
        "HostsPath": "/var/lib/docker/containers/770f955cbd67b075b7f1e1b5957b89565dad91feb6bfba82a790fbc6defa272c/hosts",
        "LogPath": "/var/lib/docker/containers/770f955cbd67b075b7f1e1b5957b89565dad91feb6bfba82a790fbc6defa272c/770f955cbd67b075b7f1e1b5957b89565dad91feb6bfba82a790fbc6defa272c-json.log",
        "Name": "/independent-verifier-s4-1004095136-third",
        "RestartCount": 0,
        "Driver": "overlayfs",
        "Platform": "linux",
        "MountLabel": "",
        "ProcessLabel": "",
        "AppArmorProfile": "",
        "ExecIDs": null,
        "HostConfig": {
            "Binds": null,
            "ContainerIDFile": "",
            "LogConfig": {
                "Type": "json-file",
                "Config": {}
            },
            "NetworkMode": "independent-verifier-s4-1004095136-net",
            "PortBindings": {
                "18311/tcp": [
                    {
                        "HostIp": "127.0.0.1",
                        "HostPort": "18303"
                    }
                ]
            },
            "RestartPolicy": {
                "Name": "no",
                "MaximumRetryCount": 0
            },
            "AutoRemove": false,
            "VolumeDriver": "",
            "VolumesFrom": null,
            "ConsoleSize": [
                0,
                0
            ],
            "CapAdd": null,
            "CapDrop": null,
            "CgroupnsMode": "private",
            "Dns": null,
            "DnsOptions": [],
            "DnsSearch": [],
            "ExtraHosts": null,
            "GroupAdd": null,
            "IpcMode": "private",
            "Cgroup": "",
            "Links": null,
            "OomScoreAdj": 0,
            "PidMode": "",
            "Privileged": false,
            "PublishAllPorts": false,
            "ReadonlyRootfs": false,
            "SecurityOpt": null,
            "UTSMode": "",
            "UsernsMode": "",
            "ShmSize": 67108864,
            "Runtime": "runc",
            "Isolation": "",
            "CpuShares": 0,
            "Memory": 2147483648,
            "NanoCpus": 2000000000,
            "CgroupParent": "",
            "BlkioWeight": 0,
            "BlkioWeightDevice": [],
            "BlkioDeviceReadBps": [],
            "BlkioDeviceWriteBps": [],
            "BlkioDeviceReadIOps": [],
            "BlkioDeviceWriteIOps": [],
            "CpuPeriod": 0,
            "CpuQuota": 0,
            "CpuRealtimePeriod": 0,
            "CpuRealtimeRuntime": 0,
            "CpusetCpus": "",
            "CpusetMems": "",
            "Devices": [],
            "DeviceCgroupRules": null,
            "DeviceRequests": null,
            "MemoryReservation": 0,
            "MemorySwap": 4294967296,
            "MemorySwappiness": null,
            "OomKillDisable": null,
            "PidsLimit": null,
            "Ulimits": null,
            "CpuCount": 0,
            "CpuPercent": 0,
            "IOMaximumIOps": 0,
            "IOMaximumBandwidth": 0,
            "MaskedPaths": [
                "/proc/acpi",
                "/proc/asound",
                "/proc/interrupts",
                "/proc/kcore",
                "/proc/keys",
                "/proc/latency_stats",
                "/proc/sched_debug",
                "/proc/scsi",
                "/proc/timer_list",
                "/proc/timer_stats",
                "/sys/devices/virtual/powercap",
                "/sys/firmware"
            ],
            "ReadonlyPaths": [
                "/proc/bus",
                "/proc/fs",
                "/proc/irq",
                "/proc/sys",
                "/proc/sysrq-trigger"
            ]
        },
        "Storage": {
            "RootFS": {
                "Snapshot": {
                    "Name": "overlayfs"
                }
            }
        },
        "Mounts": [],
        "Config": {
            "Hostname": "770f955cbd67",
            "Domainname": "",
            "User": "65532:65532",
            "AttachStdin": false,
            "AttachStdout": false,
            "AttachStderr": false,
            "ExposedPorts": {
                "18311/tcp": {},
                "8080/tcp": {}
            },
            "Tty": false,
            "OpenStdin": false,
            "StdinOnce": false,
            "Env": [
                "PORT=18311",
                "PATH=/usr/local/bin:/usr/local/sbin:/usr/local/bin:/usr/sbin:/usr/bin:/sbin:/bin",
                "LANG=C.UTF-8",
                "GPG_KEY=7169605F62C751356D054A26A821E680E5FA6305",
                "PYTHON_VERSION=3.12.15",
                "PYTHON_SHA256=c2c4321961fab0fb999d66e0cecf521c2ab3994c7992873ea99e306c1094fd5a",
                "PYTHONUNBUFFERED=1",
                "PYTHONDONTWRITEBYTECODE=1"
            ],
            "Cmd": [
                "python",
                "server.py"
            ],
            "Image": "independent-verifier-s4-1004095136:current",
            "Volumes": null,
            "WorkingDir": "/app",
            "Entrypoint": null,
            "Labels": {}
        },
        "NetworkSettings": {
            "SandboxID": "2a37391fbb649e4ff8f31ea5087626abad5c144e2424df6b002655204074222f",
            "SandboxKey": "/var/run/docker/netns/2a37391fbb64",
            "Ports": {
                "18311/tcp": []
            },
            "Networks": {
                "independent-verifier-s4-1004095136-net": {
                    "IPAMConfig": null,
                    "Links": null,
                    "Aliases": null,
                    "DriverOpts": null,
                    "GwPriority": 0,
                    "NetworkID": "93c27295015751f906a0549e49611d605a0c4bc5e71e3002955ad411e7f731c4",
                    "EndpointID": "3efa81c01cb4b4f41a0df09d7999c7b9b8268e0256cd96d8cc136bb9b4de00e9",
                    "Gateway": "",
                    "IPAddress": "172.18.0.4",
                    "MacAddress": "e2:a7:ca:82:45:13",
                    "IPPrefixLen": 16,
                    "IPv6Gateway": "",
                    "GlobalIPv6Address": "",
                    "GlobalIPv6PrefixLen": 0,
                    "DNSNames": [
                        "independent-verifier-s4-1004095136-third",
                        "770f955cbd67"
                    ]
                }
            }
        },
        "ImageManifestDescriptor": {
            "mediaType": "application/vnd.oci.image.manifest.v1+json",
            "digest": "sha256:6bc07a02d924e3ff9a2e530006f09930d1be06c7919f1145b1446a5ec7940819",
            "size": 1996,
            "platform": {
                "architecture": "arm64",
                "os": "linux"
            }
        }
    }
]
