{"rows": 1265, "verified": 1226, "failed": 17, "unverified": 22, "failed_ids": ["TK1-decimal-limit-slot_minutes", "TK1-decimal-limit-reservation_duration_minutes", "TK1-decimal-limit-cancellation_cutoff_minutes", "TK1-decimal-limit-capacity", "TK1-decimal-limit-query", "TK2-integer-single-unsafe-capacity-display", "TK2-integer-single-unsafe-lookup-display", "TK2-integer-single-scientific-capacity-display", "TK2-integer-single-scientific-lookup-display", "TK2-integer-single-overflow-search-input", "TK2-integer-pair-unsafe-capacity-display", "TK2-integer-pair-unsafe-lookup-display", "TK2-integer-pair-scientific-capacity-display", "TK2-integer-pair-scientific-lookup-display", "TK2-integer-pair-overflow-search-input", "TK2-historical-Europe-Berlin-end-display", "TK2-historical-Europe-Brussels-end-display"]}
TK2-lookup-confirmed-exact An active reservation's status text is exactly confirmed.
TK2-lookup-cancelled-exact A cancelled reservation's status text is exactly cancelled.
TK2-lookup-cutoff A confirmed cutoff refusal displays reservation-error and retains current reservation truth.
TK2-upgrade-browser-lookup The retained original reference still works in the lookup screen.
TK2-integer-single-overflow-query The actual browser emits that exact value as plain decimal query digits, without rounding or exponent notation.
TK2-integer-single-overflow-grid The fitting singleton/pair cell is available for the exact searched party size.
TK2-integer-single-overflow-prefill The booking party input is prefilled with the exact searched integer, without Number rounding.
TK2-integer-single-overflow-body The emitted request party_size is a JSON numeric value equal to the exact entered integer, not a rounded value or string.
TK2-integer-single-overflow-success The valid fitting exact-party request receives successful authoritative confirmation.
TK2-integer-single-overflow-stored The server's reservation lookup preserves the exact integer party_size.
TK2-integer-single-overflow-repeat-identity Unchanged large-integer resubmission retains the exact parsed JSON value and idempotency key; key order and whitespace remain immaterial.
TK2-integer-single-overflow-repeat-reference Unchanged large-integer resubmission recovers the same original reference with 200.
TK2-integer-single-overflow-one-record An unchanged large-integer resubmission leaves exactly one owned reservation.
TK2-integer-pair-overflow-query The actual browser emits that exact value as plain decimal query digits, without rounding or exponent notation.
TK2-integer-pair-overflow-grid The fitting singleton/pair cell is available for the exact searched party size.
TK2-integer-pair-overflow-prefill The booking party input is prefilled with the exact searched integer, without Number rounding.
TK2-integer-pair-overflow-body The emitted request party_size is a JSON numeric value equal to the exact entered integer, not a rounded value or string.
TK2-integer-pair-overflow-success The valid fitting exact-party request receives successful authoritative confirmation.
TK2-integer-pair-overflow-stored The server's reservation lookup preserves the exact integer party_size.
TK2-integer-pair-overflow-repeat-identity Unchanged large-integer resubmission retains the exact parsed JSON value and idempotency key; key order and whitespace remain immaterial.
TK2-integer-pair-overflow-repeat-reference Unchanged large-integer resubmission recovers the same original reference with 200.
TK2-integer-pair-overflow-one-record An unchanged large-integer resubmission leaves exactly one owned reservation.
