#0 building with "desktop-linux" instance using docker driver

#1 [internal] load build definition from Browser.Dockerfile
#1 transferring dockerfile: 419B done
#1 DONE 0.0s

#2 [internal] load metadata for docker.io/library/python:3.12-slim
#2 DONE 0.2s

#3 [internal] load .dockerignore
#3 transferring context: 2B done
#3 DONE 0.0s

#4 [1/7] FROM docker.io/library/python:3.12-slim@sha256:dddfd7e07f9d15aeeca61529320492139d21cac7f0070c00609243e51e4e0016
#4 resolve docker.io/library/python:3.12-slim@sha256:dddfd7e07f9d15aeeca61529320492139d21cac7f0070c00609243e51e4e0016 done
#4 DONE 0.0s

#5 [internal] load build context
#5 transferring context: 8.61kB 0.0s done
#5 DONE 0.0s

#6 [2/7] RUN pip install --no-cache-dir playwright==1.63.0 && playwright install --with-deps chromium
#6 CACHED

#7 [3/7] RUN apt-get update && apt-get install -y --no-install-recommends tzdata && rm -rf /var/lib/apt/lists/*
#7 CACHED

#8 [4/7] WORKDIR /verifier
#8 CACHED

#9 [5/7] COPY stage-2/*.py /verifier/stage-2/
#9 DONE 0.0s

#10 [6/7] COPY stage-1/*.py /verifier/stage-1/
#10 DONE 0.0s

#11 [7/7] WORKDIR /verifier/stage-2
#11 DONE 0.0s

#12 exporting to image
#12 exporting layers 0.0s done
#12 exporting manifest sha256:ba89bf096d74ff52dd636115bdf8d1cbaf00e23ffcdcf0ec0828c6389fdf373f done
#12 exporting config sha256:315e52a2cccbc5a109db5351722503c82ae4f8d8aecacbbe6301a8f706b82e0e done
#12 exporting attestation manifest sha256:dfe6f1b12542488823583de5d1e68b479cacbac2a5d4e551ec842815172ffd20 done
#12 exporting manifest list sha256:c624fec860c662e4a82c1e3662e376f22ff8f00de5e1e43e962b65d5f352d194 done
#12 naming to docker.io/library/independent-verifier-s2:review-runner-07 done
#12 unpacking to docker.io/library/independent-verifier-s2:review-runner-07 0.0s done
#12 DONE 0.1s
