#0 building with "desktop-linux" instance using docker driver

#1 [internal] load build definition from Dockerfile
#1 transferring dockerfile: 542B done
#1 DONE 0.0s

#2 [auth] library/python:pull token for registry-1.docker.io
#2 DONE 0.0s

#3 [internal] load metadata for docker.io/library/python:3.12-slim-bookworm
#3 DONE 0.9s

#4 [internal] load .dockerignore
#4 transferring context: 74B done
#4 DONE 0.0s

#5 [1/5] FROM docker.io/library/python:3.12-slim-bookworm@sha256:54c85f3c47607a77f32adec749d3c81d1348bf25833671f512b26a9b6d778cb3
#5 resolve docker.io/library/python:3.12-slim-bookworm@sha256:54c85f3c47607a77f32adec749d3c81d1348bf25833671f512b26a9b6d778cb3 done
#5 DONE 0.0s

#6 [internal] load build context
#6 transferring context: 59B done
#6 DONE 0.0s

#7 [2/5] RUN apt-get update     && DEBIAN_FRONTEND=noninteractive apt-get install -y --no-install-recommends tzdata     && rm -rf /var/lib/apt/lists/*
#7 CACHED

#8 [3/5] WORKDIR /app
#8 CACHED

#9 [4/5] COPY server.py core.py ./
#9 CACHED

#10 [5/5] RUN python -c "import ast,pathlib; [ast.parse(p.read_text()) for p in pathlib.Path('.').glob('*.py')]"
#10 CACHED

#11 exporting to image
#11 exporting layers done
#11 exporting manifest sha256:916afbb3ebc8eacbfa550429a7be8fc81c1765771422990b3759ddeb84095c65 done
#11 exporting config sha256:2c5ec26409b278cceddd6848c47213a5610743d3b83c4966fe8b61cba7211510 done
#11 exporting attestation manifest sha256:bef00aafe210c2cedaa96f11043849f11b557a64471f30341cb2da3300f20b10 done
#11 exporting manifest list sha256:45c5f9567c8681db223362e1a26f7f0de389fa6c8615470fe34b75e33e291830 done
#11 naming to docker.io/library/interface-engineer-tablekeeper-s1:20261004t012257494925z done
#11 unpacking to docker.io/library/interface-engineer-tablekeeper-s1:20261004t012257494925z done
#11 DONE 0.0s
