[
    {
        "Id": "7c1126bc8103b0b213df9a73f393b1da839224d487daba0d20af89f3dcd2368d",
        "Created": "2026-10-04T02:06:44.050360127Z",
        "Path": "python",
        "Args": [
            "server.py"
        ],
        "State": {
            "Status": "running",
            "Running": true,
            "Paused": false,
            "Restarting": false,
            "OOMKilled": false,
            "Dead": false,
            "Pid": 13621,
            "ExitCode": 0,
            "Error": "",
            "StartedAt": "2026-10-04T02:06:44.078378002Z",
            "FinishedAt": "0001-01-01T00:00:00Z"
        },
        "Image": "sha256:c53ac81606284b4327cba4b0962a5e7f267793663bdc14210723abc82ca1e1a9",
        "ResolvConfPath": "/var/lib/docker/containers/7c1126bc8103b0b213df9a73f393b1da839224d487daba0d20af89f3dcd2368d/resolv.conf",
        "HostnamePath": "/var/lib/docker/containers/7c1126bc8103b0b213df9a73f393b1da839224d487daba0d20af89f3dcd2368d/hostname",
        "HostsPath": "/var/lib/docker/containers/7c1126bc8103b0b213df9a73f393b1da839224d487daba0d20af89f3dcd2368d/hosts",
        "LogPath": "/var/lib/docker/containers/7c1126bc8103b0b213df9a73f393b1da839224d487daba0d20af89f3dcd2368d/7c1126bc8103b0b213df9a73f393b1da839224d487daba0d20af89f3dcd2368d-json.log",
        "Name": "/independent-verifier-s2-4b92041057be-20261004t020635-stage1",
        "RestartCount": 0,
        "Driver": "overlayfs",
        "Platform": "linux",
        "MountLabel": "",
        "ProcessLabel": "",
        "AppArmorProfile": "",
        "ExecIDs": null,
        "HostConfig": {
            "Binds": null,
            "ContainerIDFile": "",
            "LogConfig": {
                "Type": "json-file",
                "Config": {}
            },
            "NetworkMode": "independent-verifier-s2-4b92041057be-20261004t020635-net",
            "PortBindings": {
                "18310/tcp": [
                    {
                        "HostIp": "127.0.0.1",
                        "HostPort": "18302"
                    }
                ]
            },
            "RestartPolicy": {
                "Name": "no",
                "MaximumRetryCount": 0
            },
            "AutoRemove": false,
            "VolumeDriver": "",
            "VolumesFrom": null,
            "ConsoleSize": [
                0,
                0
            ],
            "CapAdd": null,
            "CapDrop": null,
            "CgroupnsMode": "private",
            "Dns": null,
            "DnsOptions": [],
            "DnsSearch": [],
            "ExtraHosts": null,
            "GroupAdd": null,
            "IpcMode": "private",
            "Cgroup": "",
            "Links": null,
            "OomScoreAdj": 0,
            "PidMode": "",
            "Privileged": false,
            "PublishAllPorts": false,
            "ReadonlyRootfs": false,
            "SecurityOpt": null,
            "UTSMode": "",
            "UsernsMode": "",
            "ShmSize": 67108864,
            "Runtime": "runc",
            "Isolation": "",
            "CpuShares": 0,
            "Memory": 2147483648,
            "NanoCpus": 2000000000,
            "CgroupParent": "",
            "BlkioWeight": 0,
            "BlkioWeightDevice": [],
            "BlkioDeviceReadBps": [],
            "BlkioDeviceWriteBps": [],
            "BlkioDeviceReadIOps": [],
            "BlkioDeviceWriteIOps": [],
            "CpuPeriod": 0,
            "CpuQuota": 0,
            "CpuRealtimePeriod": 0,
            "CpuRealtimeRuntime": 0,
            "CpusetCpus": "",
            "CpusetMems": "",
            "Devices": [],
            "DeviceCgroupRules": null,
            "DeviceRequests": null,
            "MemoryReservation": 0,
            "MemorySwap": 4294967296,
            "MemorySwappiness": null,
            "OomKillDisable": null,
            "PidsLimit": null,
            "Ulimits": null,
            "CpuCount": 0,
            "CpuPercent": 0,
            "IOMaximumIOps": 0,
            "IOMaximumBandwidth": 0,
            "MaskedPaths": [
                "/proc/acpi",
                "/proc/asound",
                "/proc/interrupts",
                "/proc/kcore",
                "/proc/keys",
                "/proc/latency_stats",
                "/proc/sched_debug",
                "/proc/scsi",
                "/proc/timer_list",
                "/proc/timer_stats",
                "/sys/devices/virtual/powercap",
                "/sys/firmware"
            ],
            "ReadonlyPaths": [
                "/proc/bus",
                "/proc/fs",
                "/proc/irq",
                "/proc/sys",
                "/proc/sysrq-trigger"
            ]
        },
        "Storage": {
            "RootFS": {
                "Snapshot": {
                    "Name": "overlayfs"
                }
            }
        },
        "Mounts": [],
        "Config": {
            "Hostname": "7c1126bc8103",
            "Domainname": "",
            "User": "65532:65532",
            "AttachStdin": false,
            "AttachStdout": false,
            "AttachStderr": false,
            "ExposedPorts": {
                "18310/tcp": {},
                "8080/tcp": {}
            },
            "Tty": false,
            "OpenStdin": false,
            "StdinOnce": false,
            "Env": [
                "PORT=18310",
                "PATH=/usr/local/bin:/usr/local/sbin:/usr/local/bin:/usr/sbin:/usr/bin:/sbin:/bin",
                "LANG=C.UTF-8",
                "GPG_KEY=7169605F62C751356D054A26A821E680E5FA6305",
                "PYTHON_VERSION=3.12.15",
                "PYTHON_SHA256=c2c4321961fab0fb999d66e0cecf521c2ab3994c7992873ea99e306c1094fd5a",
                "PYTHONUNBUFFERED=1",
                "PYTHONDONTWRITEBYTECODE=1"
            ],
            "Cmd": [
                "python",
                "server.py"
            ],
            "Image": "independent-verifier-s2-4b92041057be-20261004t020635:stage1-frozen",
            "Volumes": null,
            "WorkingDir": "/app",
            "Entrypoint": null,
            "Labels": {}
        },
        "NetworkSettings": {
            "SandboxID": "bf859f5387c561e3a05126beb789b2e4ddd1a332eae16ef0c670e60853645113",
            "SandboxKey": "/var/run/docker/netns/bf859f5387c5",
            "Ports": {
                "18310/tcp": []
            },
            "Networks": {
                "independent-verifier-s2-4b92041057be-20261004t020635-net": {
                    "IPAMConfig": null,
                    "Links": null,
                    "Aliases": null,
                    "DriverOpts": null,
                    "GwPriority": 0,
                    "NetworkID": "4be1e5967573a560c229f6eb6dadc04f9fcb334099f32115bfd0a9096c2f7fea",
                    "EndpointID": "d462243c60f46db673ab647b5445c93e84fbf18fb74fe4c192a78a5ec7bc4703",
                    "Gateway": "",
                    "IPAddress": "172.18.0.4",
                    "MacAddress": "e6:30:78:16:cc:33",
                    "IPPrefixLen": 16,
                    "IPv6Gateway": "",
                    "GlobalIPv6Address": "",
                    "GlobalIPv6PrefixLen": 0,
                    "DNSNames": [
                        "independent-verifier-s2-4b92041057be-20261004t020635-stage1",
                        "7c1126bc8103"
                    ]
                }
            }
        },
        "ImageManifestDescriptor": {
            "mediaType": "application/vnd.oci.image.manifest.v1+json",
            "digest": "sha256:916afbb3ebc8eacbfa550429a7be8fc81c1765771422990b3759ddeb84095c65",
            "size": 1806,
            "platform": {
                "architecture": "arm64",
                "os": "linux"
            }
        }
    }
]
