#0 building with "desktop-linux" instance using docker driver

#1 [internal] load build definition from Browser.Dockerfile
#1 transferring dockerfile: 419B done
#1 DONE 0.0s

#2 [internal] load metadata for docker.io/library/python:3.12-slim
#2 DONE 0.2s

#3 [internal] load .dockerignore
#3 transferring context: 2B done
#3 DONE 0.0s

#4 [1/7] FROM docker.io/library/python:3.12-slim@sha256:dddfd7e07f9d15aeeca61529320492139d21cac7f0070c00609243e51e4e0016
#4 resolve docker.io/library/python:3.12-slim@sha256:dddfd7e07f9d15aeeca61529320492139d21cac7f0070c00609243e51e4e0016 done
#4 DONE 0.0s

#5 [internal] load build context
#5 transferring context: 1.65kB 0.0s done
#5 DONE 0.0s

#6 [5/7] COPY stage-2/*.py /verifier/stage-2/
#6 CACHED

#7 [4/7] WORKDIR /verifier
#7 CACHED

#8 [2/7] RUN pip install --no-cache-dir playwright==1.63.0 && playwright install --with-deps chromium
#8 CACHED

#9 [3/7] RUN apt-get update && apt-get install -y --no-install-recommends tzdata && rm -rf /var/lib/apt/lists/*
#9 CACHED

#10 [6/7] COPY stage-1/*.py /verifier/stage-1/
#10 CACHED

#11 [7/7] WORKDIR /verifier/stage-2
#11 CACHED

#12 exporting to image
#12 exporting layers done
#12 exporting manifest sha256:7e032fe2e2ce2475c4f88b7c332442f72527669e0d816ab215661d4dddddafe0 done
#12 exporting config sha256:f703d5e7a0675611f013ab02505a99167916eb2a88edb2b1b02c96f5dafd0207 done
#12 exporting attestation manifest sha256:c96c05f3acf854f8115bbe060a62bba67c11661b7028140e2dcb603fd683126e done
#12 exporting manifest list sha256:f74a82c6b836c8cc06e4004069026d73d43340af900efc79f402e003736ab48d done
#12 naming to docker.io/library/independent-verifier-s2-4b92041057be-20261004t020635:browser-runner done
#12 unpacking to docker.io/library/independent-verifier-s2-4b92041057be-20261004t020635:browser-runner done
#12 DONE 0.0s
