[
    {
        "Id": "sha256:2320085873379fe9f8209c73bb28528e0adb8ff83b0a95c7ea0f70e5305cd7a9",
        "RepoTags": [
            "independent-verifier-s4-1004090705:client"
        ],
        "RepoDigests": [
            "independent-verifier-s4-1004090705@sha256:2320085873379fe9f8209c73bb28528e0adb8ff83b0a95c7ea0f70e5305cd7a9"
        ],
        "Comment": "buildkit.dockerfile.v0",
        "Created": "2026-10-04T09:07:20.163068005Z",
        "Config": {
            "Env": [
                "PATH=/usr/local/bin:/usr/local/sbin:/usr/local/bin:/usr/sbin:/usr/bin:/sbin:/bin",
                "LANG=C.UTF-8",
                "GPG_KEY=7169605F62C751356D054A26A821E680E5FA6305",
                "PYTHON_VERSION=3.12.15",
                "PYTHON_SHA256=c2c4321961fab0fb999d66e0cecf521c2ab3994c7992873ea99e306c1094fd5a"
            ],
            "Entrypoint": [
                "python",
                "browser.py"
            ],
            "WorkingDir": "/verifier/stage-2"
        },
        "Architecture": "arm64",
        "Os": "linux",
        "Size": 1932913188,
        "RootFS": {
            "Type": "layers",
            "Layers": [
                "sha256:8227a1264c7ff2f8bd125b585e62c1cec77dd2099c985c33e08d34292d06144f",
                "sha256:8e2be503717272d4f4f0e02e726fa56ede53bceb1951faa0a968b4a7a64b56e3",
                "sha256:fcda622f7893cdd820b98f1cc0bd608bf43a10bb9bfc9bc09a71033d64c68944",
                "sha256:3171a6e7233900b64eba1aeb29207d880671af8cee44163aa9f97331b3821b61",
                "sha256:b70bf816ecc045bc82cf09938bd246c7e8ce0ca78c1148d877b118c075aa9341",
                "sha256:8a8e51e2137e8cc647771127e6d2ac201147885c7d484616815da45717edd8a4",
                "sha256:f79b562f5b44bf46308c02a2684854d00a7caf99502c79756d65d3e0eb9cb2c5",
                "sha256:49f83ce50631e24bafd2d208b58bc95a2f9a9784855f71012b648adf23936b4a",
                "sha256:488007e45c418b7f9d1a0b4520592e82be81916a34dded51e805ebdc47fab650",
                "sha256:5f70bf18a086007016e948b04aed3b82103a36bea41755b6cddfaf10ace3c6ef",
                "sha256:7a7f6d4d93ef16c7e6c9360d1457f5760916205b436a06d9e5cc0323eb498613",
                "sha256:f66effb43790e07f10925a506a37a0445b507e518afe462530d8de67f25875c4"
            ]
        },
        "Metadata": {
            "LastTagTime": "2026-10-04T09:07:20.204073088Z"
        },
        "Descriptor": {
            "mediaType": "application/vnd.oci.image.index.v1+json",
            "digest": "sha256:2320085873379fe9f8209c73bb28528e0adb8ff83b0a95c7ea0f70e5305cd7a9",
            "size": 856
        },
        "Identity": {
            "Build": [
                {
                    "Ref": "uqsyg5oxong2efulaog4saj2y",
                    "CreatedAt": "2026-10-04T09:07:20.216623588Z"
                }
            ]
        }
    }
]
