#0 building with "desktop-linux" instance using docker driver

#1 [internal] load build definition from Dockerfile
#1 transferring dockerfile: 486B done
#1 DONE 0.0s

#2 [internal] load metadata for docker.io/library/python:3.12-slim
#2 DONE 0.2s

#3 [internal] load .dockerignore
#3 transferring context: 2B done
#3 DONE 0.0s

#4 [1/9] FROM docker.io/library/python:3.12-slim@sha256:dddfd7e07f9d15aeeca61529320492139d21cac7f0070c00609243e51e4e0016
#4 resolve docker.io/library/python:3.12-slim@sha256:dddfd7e07f9d15aeeca61529320492139d21cac7f0070c00609243e51e4e0016 0.0s done
#4 DONE 0.0s

#5 [internal] load build context
#5 transferring context: 1.54MB 0.0s done
#5 DONE 0.0s

#6 [2/9] RUN pip install --no-cache-dir playwright==1.63.0 && playwright install --with-deps chromium
#6 CACHED

#7 [3/9] RUN apt-get update && apt-get install -y --no-install-recommends tzdata && rm -rf /var/lib/apt/lists/*
#7 CACHED

#8 [5/9] COPY stage-2/*.py /verifier/stage-2/
#8 CACHED

#9 [6/9] COPY stage-1/*.py /verifier/stage-1/
#9 CACHED

#10 [4/9] WORKDIR /verifier
#10 CACHED

#11 [7/9] WORKDIR /verifier/stage-2
#11 CACHED

#12 [8/9] COPY stage-3/*.py /verifier/stage-3/
#12 DONE 0.0s

#13 [9/9] COPY stage-4/*.py /verifier/stage-4/
#13 DONE 0.0s

#14 exporting to image
#14 exporting layers 0.0s done
#14 exporting manifest sha256:7a7983bae6bdc7e786dedd95e3fe11572d42a3f2bb7b39b7633abb2b5a812570 done
#14 exporting config sha256:4803f27d6357b4642a2f5545d8d4896e1c8e5dfbcd11aef29784eea93f42d6d8 done
#14 exporting attestation manifest sha256:558f12553e7189453afb6974934378ae094d0a31f8cce539f60b145d0a93bd0c
#14 exporting attestation manifest sha256:558f12553e7189453afb6974934378ae094d0a31f8cce539f60b145d0a93bd0c done
#14 exporting manifest list sha256:2320085873379fe9f8209c73bb28528e0adb8ff83b0a95c7ea0f70e5305cd7a9 done
#14 naming to docker.io/library/independent-verifier-s4-1004090705:client done
#14 unpacking to docker.io/library/independent-verifier-s4-1004090705:client 0.0s done
#14 DONE 0.1s
