Candidate5.Probe.Dockerfile
Candidate7.Probe.Dockerfile
Decoder.Probe.Dockerfile
LegacyCurrent.Probe.Dockerfile
Nesting.Probe.Dockerfile
OpaqueId.Probe.Dockerfile
PREPARATION.md
Probe.Dockerfile
Semantic.Probe.Dockerfile
Snapshot.Probe.Dockerfile
TIMESTAMP-INTERPRETATION-PREPARATION.md
audit_shared_index.py
calendar_edges.py
candidate-1
candidate-2
candidate-3-large-minutes
candidate-3
candidate-4-supplemental-decimal
candidate-4
candidate-5-numeric-source-audit
candidate-5-supplemental-fraction
candidate-5
candidate-6-nesting-preparation
candidate-6-opaque-id-preparation
candidate-6-preparation
candidate-6-provenance-module-audit
candidate-6-snapshot-preparation
candidate-6
candidate-7-final-seal.json
candidate-7-preparation
candidate-7
candidate1_report.py
candidate2_extra.py
candidate2_finalize.py
candidate2_report.py
candidate3_extra.py
candidate3_report.py
candidate4_extra.py
candidate4_large.py
candidate4_report.py
candidate5_assess.py
candidate5_decimal_run.py
candidate5_extra.py
candidate5_finalize.py
candidate5_private_audit.py
candidate5_runtime.py
candidate5_source.py
candidate6_artifact_audit.py
candidate6_assess.py
candidate6_source.py
candidate7_artifact_audit.py
candidate7_assess.py
candidate7_execute.py
candidate7_extra.py
candidate7_runtime.py
candidate7_source.py
coverage-prepared.csv
coverage_metadata.py
coverage_metadata_audit.py
decimal_probe.py
decimal_requirements.py
decoder_oracle.py
decoder_prepare.py
decoder_probe.py
decoder_requirements.py
decoder_runtime.py
deep_race_c7.py
deep_race_c7_run.py
finalize_candidate4.py
fractional_party_finish.py
fractional_party_probe.py
fractional_party_report.py
fractional_party_requirements.py
fractional_party_run.py
health.py
large_minutes.py
large_minutes_report.py
large_minutes_run.py
legacy_current_run.py
legacy_receipts.py
legacy_receipts_current.py
nesting_input.py
nesting_prepare.py
nesting_probe.py
nesting_requirements.py
numeric_forms.py
numeric_forms_current.py
numeric_forms_current_run.py
numeric_forms_run.py
numeric_requirements.py
numeric_source_audit.py
opaque_id_prepare.py
opaque_id_probe.py
opaque_id_requirements.py
prepare_candidate3_report.py
probe-review.py
probe.py
race50.py
reproduce.py
reproduce_calendar.py
requirements.py
runtime.py
semantic_oracle.py
semantic_prepare.py
semantic_probe.py
semantic_requirements.py
semantic_runtime.py
semantic_validate_preparation.py
snapshot_oracle.py
snapshot_prepare.py
snapshot_probe.py
snapshot_requirements.py
source-manifest.json
supplemental.py
timestamp-interpretation-input.md
very_deep_probe.py
very_deep_probe_c7.py
very_deep_run.py
very_deep_run_c7.py
wire_oracle.py
