#0 building with "desktop-linux" instance using docker driver

#1 [internal] load build definition from Dockerfile
#1 transferring dockerfile: 129B done
#1 DONE 0.0s

#2 [internal] load metadata for docker.io/library/systems-engineer-tablekeeper-s1:json-20261004t040043485682
#2 DONE 0.0s

#3 [internal] load .dockerignore
#3 transferring context: 2B done
#3 DONE 0.0s

#4 [1/3] FROM docker.io/library/systems-engineer-tablekeeper-s1:json-20261004t040043485682@sha256:e84435e7048666224b36d3d8784d0e5c8545cbe9168def24876caa18a0646ae3
#4 resolve docker.io/library/systems-engineer-tablekeeper-s1:json-20261004t040043485682@sha256:e84435e7048666224b36d3d8784d0e5c8545cbe9168def24876caa18a0646ae3 done
#4 DONE 0.0s

#5 [internal] load build context
#5 transferring context: 77.83kB done
#5 DONE 0.0s

#6 [2/3] WORKDIR /probe
#6 CACHED

#7 [3/3] COPY *.py ./
#7 DONE 0.0s

#8 exporting to image
#8 exporting layers 0.0s done
#8 exporting manifest sha256:2e03196b666fd69dc2934c62ff8f4e95978fbb2d9684e1ac1a3c03cf0fb32c9f done
#8 exporting config sha256:7b6369bad9cff4c4267bb7c25ba908153d8952e36617b0b4a9c796c7178a7ffd done
#8 exporting attestation manifest sha256:c96a39ab369a07e5152bd3d1c734cdd7eb054d016c747d428fd39622e715cbac done
#8 exporting manifest list sha256:86ea3add8cf3be4ddcf00f4972388b1cf7a8c703c8b5b462d05faf73cb2eb4aa done
#8 naming to docker.io/library/systems-engineer-json-client:20261004t040043485682 done
#8 unpacking to docker.io/library/systems-engineer-json-client:20261004t040043485682 done
#8 DONE 0.0s
