[
    {
        "Id": "40871d1f2ed28b3e035e6973e96d6f1efcb9f6dd7717d63543a23ee81c732dee",
        "Created": "2026-10-04T04:01:30.279405377Z",
        "Path": "python",
        "Args": [
            "server.py"
        ],
        "State": {
            "Status": "running",
            "Running": true,
            "Paused": false,
            "Restarting": false,
            "OOMKilled": false,
            "Dead": false,
            "Pid": 4197,
            "ExitCode": 0,
            "Error": "",
            "StartedAt": "2026-10-04T04:01:30.303489877Z",
            "FinishedAt": "0001-01-01T00:00:00Z"
        },
        "Image": "sha256:76484302ad885d03511bb0993e6175a9d59fd05379798e2ff4c18e0a4be38977",
        "ResolvConfPath": "/var/lib/docker/containers/40871d1f2ed28b3e035e6973e96d6f1efcb9f6dd7717d63543a23ee81c732dee/resolv.conf",
        "HostnamePath": "/var/lib/docker/containers/40871d1f2ed28b3e035e6973e96d6f1efcb9f6dd7717d63543a23ee81c732dee/hostname",
        "HostsPath": "/var/lib/docker/containers/40871d1f2ed28b3e035e6973e96d6f1efcb9f6dd7717d63543a23ee81c732dee/hosts",
        "LogPath": "/var/lib/docker/containers/40871d1f2ed28b3e035e6973e96d6f1efcb9f6dd7717d63543a23ee81c732dee/40871d1f2ed28b3e035e6973e96d6f1efcb9f6dd7717d63543a23ee81c732dee-json.log",
        "Name": "/systems-engineer-json-20261004t040043485682-old",
        "RestartCount": 0,
        "Driver": "overlayfs",
        "Platform": "linux",
        "MountLabel": "",
        "ProcessLabel": "",
        "AppArmorProfile": "",
        "ExecIDs": null,
        "HostConfig": {
            "Binds": null,
            "ContainerIDFile": "",
            "LogConfig": {
                "Type": "json-file",
                "Config": {}
            },
            "NetworkMode": "systems-engineer-json-20261004t040043485682-net",
            "PortBindings": {
                "18143/tcp": [
                    {
                        "HostIp": "",
                        "HostPort": "18143"
                    }
                ]
            },
            "RestartPolicy": {
                "Name": "no",
                "MaximumRetryCount": 0
            },
            "AutoRemove": false,
            "VolumeDriver": "",
            "VolumesFrom": null,
            "ConsoleSize": [
                0,
                0
            ],
            "CapAdd": null,
            "CapDrop": null,
            "CgroupnsMode": "private",
            "Dns": null,
            "DnsOptions": [],
            "DnsSearch": [],
            "ExtraHosts": null,
            "GroupAdd": null,
            "IpcMode": "private",
            "Cgroup": "",
            "Links": null,
            "OomScoreAdj": 0,
            "PidMode": "",
            "Privileged": false,
            "PublishAllPorts": false,
            "ReadonlyRootfs": false,
            "SecurityOpt": null,
            "UTSMode": "",
            "UsernsMode": "",
            "ShmSize": 67108864,
            "Runtime": "runc",
            "Isolation": "",
            "CpuShares": 0,
            "Memory": 2147483648,
            "NanoCpus": 2000000000,
            "CgroupParent": "",
            "BlkioWeight": 0,
            "BlkioWeightDevice": [],
            "BlkioDeviceReadBps": [],
            "BlkioDeviceWriteBps": [],
            "BlkioDeviceReadIOps": [],
            "BlkioDeviceWriteIOps": [],
            "CpuPeriod": 0,
            "CpuQuota": 0,
            "CpuRealtimePeriod": 0,
            "CpuRealtimeRuntime": 0,
            "CpusetCpus": "",
            "CpusetMems": "",
            "Devices": [],
            "DeviceCgroupRules": null,
            "DeviceRequests": null,
            "MemoryReservation": 0,
            "MemorySwap": 4294967296,
            "MemorySwappiness": null,
            "OomKillDisable": null,
            "PidsLimit": null,
            "Ulimits": null,
            "CpuCount": 0,
            "CpuPercent": 0,
            "IOMaximumIOps": 0,
            "IOMaximumBandwidth": 0,
            "MaskedPaths": [
                "/proc/acpi",
                "/proc/asound",
                "/proc/interrupts",
                "/proc/kcore",
                "/proc/keys",
                "/proc/latency_stats",
                "/proc/sched_debug",
                "/proc/scsi",
                "/proc/timer_list",
                "/proc/timer_stats",
                "/sys/devices/virtual/powercap",
                "/sys/firmware"
            ],
            "ReadonlyPaths": [
                "/proc/bus",
                "/proc/fs",
                "/proc/irq",
                "/proc/sys",
                "/proc/sysrq-trigger"
            ]
        },
        "Storage": {
            "RootFS": {
                "Snapshot": {
                    "Name": "overlayfs"
                }
            }
        },
        "Mounts": [],
        "Config": {
            "Hostname": "40871d1f2ed2",
            "Domainname": "",
            "User": "65532:65532",
            "AttachStdin": false,
            "AttachStdout": false,
            "AttachStderr": false,
            "ExposedPorts": {
                "18143/tcp": {},
                "8080/tcp": {}
            },
            "Tty": false,
            "OpenStdin": false,
            "StdinOnce": false,
            "Env": [
                "PORT=18143",
                "PATH=/usr/local/bin:/usr/local/sbin:/usr/local/bin:/usr/sbin:/usr/bin:/sbin:/bin",
                "LANG=C.UTF-8",
                "GPG_KEY=7169605F62C751356D054A26A821E680E5FA6305",
                "PYTHON_VERSION=3.12.15",
                "PYTHON_SHA256=c2c4321961fab0fb999d66e0cecf521c2ab3994c7992873ea99e306c1094fd5a",
                "PYTHONUNBUFFERED=1",
                "PYTHONDONTWRITEBYTECODE=1"
            ],
            "Cmd": [
                "python",
                "server.py"
            ],
            "Image": "systems-engineer-tablekeeper-s1:json-20261004t040043485682-old",
            "Volumes": null,
            "WorkingDir": "/app",
            "Entrypoint": null,
            "Labels": {}
        },
        "NetworkSettings": {
            "SandboxID": "006a0ca372860b188263e364f78afc2a4858dfb5f08c24606a679a63aedaee04",
            "SandboxKey": "/var/run/docker/netns/006a0ca37286",
            "Ports": {
                "18143/tcp": []
            },
            "Networks": {
                "systems-engineer-json-20261004t040043485682-net": {
                    "IPAMConfig": null,
                    "Links": null,
                    "Aliases": null,
                    "DriverOpts": null,
                    "GwPriority": 0,
                    "NetworkID": "8ff8d482daf9aec0237b59643eee24db21f845af6072eff80787927129bc3768",
                    "EndpointID": "6d459bd9f26b591fa25d3a1d1a52fe3ecfb532bbc8de72c1b265d8c438379a53",
                    "Gateway": "",
                    "IPAddress": "172.18.0.5",
                    "MacAddress": "fe:5f:22:af:51:ac",
                    "IPPrefixLen": 16,
                    "IPv6Gateway": "",
                    "GlobalIPv6Address": "",
                    "GlobalIPv6PrefixLen": 0,
                    "DNSNames": [
                        "systems-engineer-json-20261004t040043485682-old",
                        "40871d1f2ed2"
                    ]
                }
            }
        },
        "ImageManifestDescriptor": {
            "mediaType": "application/vnd.oci.image.manifest.v1+json",
            "digest": "sha256:e41c91bad5d6badb939e88127fcdeaf6d7b050fe6803c78b691e1de763109de2",
            "size": 1806,
            "platform": {
                "architecture": "arm64",
                "os": "linux"
            }
        }
    }
]
