[
    {
        "Id": "ac39d7c34aed64f0bc0e7f1fec396e35717583b7ea4cc22917ffaf4e014824f4",
        "Created": "2026-10-04T04:01:02.196917003Z",
        "Path": "python",
        "Args": [
            "server.py"
        ],
        "State": {
            "Status": "running",
            "Running": true,
            "Paused": false,
            "Restarting": false,
            "OOMKilled": false,
            "Dead": false,
            "Pid": 3957,
            "ExitCode": 0,
            "Error": "",
            "StartedAt": "2026-10-04T04:01:02.218960669Z",
            "FinishedAt": "0001-01-01T00:00:00Z"
        },
        "Image": "sha256:e84435e7048666224b36d3d8784d0e5c8545cbe9168def24876caa18a0646ae3",
        "ResolvConfPath": "/var/lib/docker/containers/ac39d7c34aed64f0bc0e7f1fec396e35717583b7ea4cc22917ffaf4e014824f4/resolv.conf",
        "HostnamePath": "/var/lib/docker/containers/ac39d7c34aed64f0bc0e7f1fec396e35717583b7ea4cc22917ffaf4e014824f4/hostname",
        "HostsPath": "/var/lib/docker/containers/ac39d7c34aed64f0bc0e7f1fec396e35717583b7ea4cc22917ffaf4e014824f4/hosts",
        "LogPath": "/var/lib/docker/containers/ac39d7c34aed64f0bc0e7f1fec396e35717583b7ea4cc22917ffaf4e014824f4/ac39d7c34aed64f0bc0e7f1fec396e35717583b7ea4cc22917ffaf4e014824f4-json.log",
        "Name": "/systems-engineer-json-20261004t040043485682-b",
        "RestartCount": 0,
        "Driver": "overlayfs",
        "Platform": "linux",
        "MountLabel": "",
        "ProcessLabel": "",
        "AppArmorProfile": "",
        "ExecIDs": null,
        "HostConfig": {
            "Binds": null,
            "ContainerIDFile": "",
            "LogConfig": {
                "Type": "json-file",
                "Config": {}
            },
            "NetworkMode": "systems-engineer-json-20261004t040043485682-net",
            "PortBindings": {
                "18141/tcp": [
                    {
                        "HostIp": "",
                        "HostPort": "18141"
                    }
                ]
            },
            "RestartPolicy": {
                "Name": "no",
                "MaximumRetryCount": 0
            },
            "AutoRemove": false,
            "VolumeDriver": "",
            "VolumesFrom": null,
            "ConsoleSize": [
                0,
                0
            ],
            "CapAdd": null,
            "CapDrop": null,
            "CgroupnsMode": "private",
            "Dns": null,
            "DnsOptions": [],
            "DnsSearch": [],
            "ExtraHosts": null,
            "GroupAdd": null,
            "IpcMode": "private",
            "Cgroup": "",
            "Links": null,
            "OomScoreAdj": 0,
            "PidMode": "",
            "Privileged": false,
            "PublishAllPorts": false,
            "ReadonlyRootfs": false,
            "SecurityOpt": null,
            "UTSMode": "",
            "UsernsMode": "",
            "ShmSize": 67108864,
            "Runtime": "runc",
            "Isolation": "",
            "CpuShares": 0,
            "Memory": 2147483648,
            "NanoCpus": 2000000000,
            "CgroupParent": "",
            "BlkioWeight": 0,
            "BlkioWeightDevice": [],
            "BlkioDeviceReadBps": [],
            "BlkioDeviceWriteBps": [],
            "BlkioDeviceReadIOps": [],
            "BlkioDeviceWriteIOps": [],
            "CpuPeriod": 0,
            "CpuQuota": 0,
            "CpuRealtimePeriod": 0,
            "CpuRealtimeRuntime": 0,
            "CpusetCpus": "",
            "CpusetMems": "",
            "Devices": [],
            "DeviceCgroupRules": null,
            "DeviceRequests": null,
            "MemoryReservation": 0,
            "MemorySwap": 4294967296,
            "MemorySwappiness": null,
            "OomKillDisable": null,
            "PidsLimit": null,
            "Ulimits": null,
            "CpuCount": 0,
            "CpuPercent": 0,
            "IOMaximumIOps": 0,
            "IOMaximumBandwidth": 0,
            "MaskedPaths": [
                "/proc/acpi",
                "/proc/asound",
                "/proc/interrupts",
                "/proc/kcore",
                "/proc/keys",
                "/proc/latency_stats",
                "/proc/sched_debug",
                "/proc/scsi",
                "/proc/timer_list",
                "/proc/timer_stats",
                "/sys/devices/virtual/powercap",
                "/sys/firmware"
            ],
            "ReadonlyPaths": [
                "/proc/bus",
                "/proc/fs",
                "/proc/irq",
                "/proc/sys",
                "/proc/sysrq-trigger"
            ]
        },
        "Storage": {
            "RootFS": {
                "Snapshot": {
                    "Name": "overlayfs"
                }
            }
        },
        "Mounts": [],
        "Config": {
            "Hostname": "ac39d7c34aed",
            "Domainname": "",
            "User": "65532:65532",
            "AttachStdin": false,
            "AttachStdout": false,
            "AttachStderr": false,
            "ExposedPorts": {
                "18141/tcp": {},
                "8080/tcp": {}
            },
            "Tty": false,
            "OpenStdin": false,
            "StdinOnce": false,
            "Env": [
                "PORT=18141",
                "PATH=/usr/local/bin:/usr/local/sbin:/usr/local/bin:/usr/sbin:/usr/bin:/sbin:/bin",
                "LANG=C.UTF-8",
                "GPG_KEY=7169605F62C751356D054A26A821E680E5FA6305",
                "PYTHON_VERSION=3.12.15",
                "PYTHON_SHA256=c2c4321961fab0fb999d66e0cecf521c2ab3994c7992873ea99e306c1094fd5a",
                "PYTHONUNBUFFERED=1",
                "PYTHONDONTWRITEBYTECODE=1"
            ],
            "Cmd": [
                "python",
                "server.py"
            ],
            "Image": "systems-engineer-tablekeeper-s1:json-20261004t040043485682",
            "Volumes": null,
            "WorkingDir": "/app",
            "Entrypoint": null,
            "Labels": {}
        },
        "NetworkSettings": {
            "SandboxID": "c8c777d928806a0137e97816c634f37381be77e19eebafa76d437948f5696edd",
            "SandboxKey": "/var/run/docker/netns/c8c777d92880",
            "Ports": {
                "18141/tcp": []
            },
            "Networks": {
                "systems-engineer-json-20261004t040043485682-net": {
                    "IPAMConfig": null,
                    "Links": null,
                    "Aliases": null,
                    "DriverOpts": null,
                    "GwPriority": 0,
                    "NetworkID": "8ff8d482daf9aec0237b59643eee24db21f845af6072eff80787927129bc3768",
                    "EndpointID": "753341375edfbb42ef6d7a9ad89a55032211c87bc52c23a65e47c22eba169140",
                    "Gateway": "",
                    "IPAddress": "172.18.0.3",
                    "MacAddress": "72:66:a7:fe:ce:f0",
                    "IPPrefixLen": 16,
                    "IPv6Gateway": "",
                    "GlobalIPv6Address": "",
                    "GlobalIPv6PrefixLen": 0,
                    "DNSNames": [
                        "systems-engineer-json-20261004t040043485682-b",
                        "ac39d7c34aed"
                    ]
                }
            }
        },
        "ImageManifestDescriptor": {
            "mediaType": "application/vnd.oci.image.manifest.v1+json",
            "digest": "sha256:a50bf567ab390b85b7a726e8c216490b65ad0b4e54313ca49bfb56e9a9c96c61",
            "size": 1806,
            "platform": {
                "architecture": "arm64",
                "os": "linux"
            }
        }
    }
]
