[
    {
        "Id": "af91c67a2e59ac81191e203e858bf2e1c8c5ffa69df6a272d82ce18d4a91779a",
        "Created": "2026-10-04T01:54:32.599512469Z",
        "Path": "python",
        "Args": [
            "server.py"
        ],
        "State": {
            "Status": "running",
            "Running": true,
            "Paused": false,
            "Restarting": false,
            "OOMKilled": false,
            "Dead": false,
            "Pid": 9252,
            "ExitCode": 0,
            "Error": "",
            "StartedAt": "2026-10-04T01:54:32.617004719Z",
            "FinishedAt": "0001-01-01T00:00:00Z"
        },
        "Image": "sha256:923dd9cfdcca3883e780af85a62199f481921595d856425b14d1aeae435bc858",
        "ResolvConfPath": "/var/lib/docker/containers/af91c67a2e59ac81191e203e858bf2e1c8c5ffa69df6a272d82ce18d4a91779a/resolv.conf",
        "HostnamePath": "/var/lib/docker/containers/af91c67a2e59ac81191e203e858bf2e1c8c5ffa69df6a272d82ce18d4a91779a/hostname",
        "HostsPath": "/var/lib/docker/containers/af91c67a2e59ac81191e203e858bf2e1c8c5ffa69df6a272d82ce18d4a91779a/hosts",
        "LogPath": "/var/lib/docker/containers/af91c67a2e59ac81191e203e858bf2e1c8c5ffa69df6a272d82ce18d4a91779a/af91c67a2e59ac81191e203e858bf2e1c8c5ffa69df6a272d82ce18d4a91779a-json.log",
        "Name": "/interface-engineer-s2-20261004t015431148781z-service",
        "RestartCount": 0,
        "Driver": "overlayfs",
        "Platform": "linux",
        "MountLabel": "",
        "ProcessLabel": "",
        "AppArmorProfile": "",
        "ExecIDs": null,
        "HostConfig": {
            "Binds": null,
            "ContainerIDFile": "",
            "LogConfig": {
                "Type": "json-file",
                "Config": {}
            },
            "NetworkMode": "interface-engineer-s2-20261004t015431148781z",
            "PortBindings": {
                "9090/tcp": [
                    {
                        "HostIp": "",
                        "HostPort": "18210"
                    }
                ]
            },
            "RestartPolicy": {
                "Name": "no",
                "MaximumRetryCount": 0
            },
            "AutoRemove": false,
            "VolumeDriver": "",
            "VolumesFrom": null,
            "ConsoleSize": [
                0,
                0
            ],
            "CapAdd": null,
            "CapDrop": null,
            "CgroupnsMode": "private",
            "Dns": null,
            "DnsOptions": [],
            "DnsSearch": [],
            "ExtraHosts": null,
            "GroupAdd": null,
            "IpcMode": "private",
            "Cgroup": "",
            "Links": null,
            "OomScoreAdj": 0,
            "PidMode": "",
            "Privileged": false,
            "PublishAllPorts": false,
            "ReadonlyRootfs": false,
            "SecurityOpt": null,
            "UTSMode": "",
            "UsernsMode": "",
            "ShmSize": 67108864,
            "Runtime": "runc",
            "Isolation": "",
            "CpuShares": 0,
            "Memory": 2147483648,
            "NanoCpus": 2000000000,
            "CgroupParent": "",
            "BlkioWeight": 0,
            "BlkioWeightDevice": [],
            "BlkioDeviceReadBps": [],
            "BlkioDeviceWriteBps": [],
            "BlkioDeviceReadIOps": [],
            "BlkioDeviceWriteIOps": [],
            "CpuPeriod": 0,
            "CpuQuota": 0,
            "CpuRealtimePeriod": 0,
            "CpuRealtimeRuntime": 0,
            "CpusetCpus": "",
            "CpusetMems": "",
            "Devices": [],
            "DeviceCgroupRules": null,
            "DeviceRequests": null,
            "MemoryReservation": 0,
            "MemorySwap": 4294967296,
            "MemorySwappiness": null,
            "OomKillDisable": null,
            "PidsLimit": null,
            "Ulimits": null,
            "CpuCount": 0,
            "CpuPercent": 0,
            "IOMaximumIOps": 0,
            "IOMaximumBandwidth": 0,
            "MaskedPaths": [
                "/proc/acpi",
                "/proc/asound",
                "/proc/interrupts",
                "/proc/kcore",
                "/proc/keys",
                "/proc/latency_stats",
                "/proc/sched_debug",
                "/proc/scsi",
                "/proc/timer_list",
                "/proc/timer_stats",
                "/sys/devices/virtual/powercap",
                "/sys/firmware"
            ],
            "ReadonlyPaths": [
                "/proc/bus",
                "/proc/fs",
                "/proc/irq",
                "/proc/sys",
                "/proc/sysrq-trigger"
            ]
        },
        "Storage": {
            "RootFS": {
                "Snapshot": {
                    "Name": "overlayfs"
                }
            }
        },
        "Mounts": [],
        "Config": {
            "Hostname": "af91c67a2e59",
            "Domainname": "",
            "User": "65532:65532",
            "AttachStdin": false,
            "AttachStdout": false,
            "AttachStderr": false,
            "ExposedPorts": {
                "8080/tcp": {},
                "9090/tcp": {}
            },
            "Tty": false,
            "OpenStdin": false,
            "StdinOnce": false,
            "Env": [
                "PORT=9090",
                "PATH=/usr/local/bin:/usr/local/sbin:/usr/local/bin:/usr/sbin:/usr/bin:/sbin:/bin",
                "LANG=C.UTF-8",
                "GPG_KEY=7169605F62C751356D054A26A821E680E5FA6305",
                "PYTHON_VERSION=3.12.15",
                "PYTHON_SHA256=c2c4321961fab0fb999d66e0cecf521c2ab3994c7992873ea99e306c1094fd5a",
                "PYTHONUNBUFFERED=1",
                "PYTHONDONTWRITEBYTECODE=1"
            ],
            "Cmd": [
                "python",
                "server.py"
            ],
            "Image": "interface-engineer-tablekeeper-s2:20261004t015431148781z",
            "Volumes": null,
            "WorkingDir": "/app",
            "Entrypoint": null,
            "Labels": {}
        },
        "NetworkSettings": {
            "SandboxID": "73a976c60a57b32c96c0368a9317f800701d18e08b2fcc92e26fcd8fb065b188",
            "SandboxKey": "/var/run/docker/netns/73a976c60a57",
            "Ports": {
                "9090/tcp": []
            },
            "Networks": {
                "interface-engineer-s2-20261004t015431148781z": {
                    "IPAMConfig": null,
                    "Links": null,
                    "Aliases": null,
                    "DriverOpts": null,
                    "GwPriority": 0,
                    "NetworkID": "d87fed8bd0fae78ae42a850c1c5705d907f9ea764d13543e6f24c3b721c16324",
                    "EndpointID": "9be67f8f498e8c795263b646ea236d53777a8621be5c29f01c41c4aafc32887c",
                    "Gateway": "",
                    "IPAddress": "172.18.0.2",
                    "MacAddress": "02:82:94:ff:03:b4",
                    "IPPrefixLen": 16,
                    "IPv6Gateway": "",
                    "GlobalIPv6Address": "",
                    "GlobalIPv6PrefixLen": 0,
                    "DNSNames": [
                        "interface-engineer-s2-20261004t015431148781z-service",
                        "af91c67a2e59"
                    ]
                }
            }
        },
        "ImageManifestDescriptor": {
            "mediaType": "application/vnd.oci.image.manifest.v1+json",
            "digest": "sha256:6a21c74eab0495d778a126e3b228542ff702c1744f7bc82adfd09d71780b60ed",
            "size": 1996,
            "platform": {
                "architecture": "arm64",
                "os": "linux"
            }
        }
    }
]
