[
    {
        "Name": "interface-engineer-s2-20261004t015431148781z",
        "Id": "d87fed8bd0fae78ae42a850c1c5705d907f9ea764d13543e6f24c3b721c16324",
        "Created": "2026-10-04T01:54:32.569829094Z",
        "Scope": "local",
        "Driver": "bridge",
        "EnableIPv4": true,
        "EnableIPv6": false,
        "IPAM": {
            "Driver": "default",
            "Options": {},
            "Config": [
                {
                    "Subnet": "172.18.0.0/16",
                    "Gateway": "172.18.0.1"
                }
            ]
        },
        "Internal": true,
        "Attachable": false,
        "Ingress": false,
        "ConfigFrom": {
            "Network": ""
        },
        "ConfigOnly": false,
        "Options": {
            "com.docker.network.enable_ipv4": "true",
            "com.docker.network.enable_ipv6": "false"
        },
        "Labels": {},
        "Containers": {
            "5872fdcc3599e3726d5cde2f25d53da663ef7217dff195adeaf74b02ec07f6fb": {
                "Name": "interface-engineer-s2-20261004t015431148781z-default",
                "EndpointID": "931808b9672a34bd57bf32071f98f9f04ec816e06143c998b128a32337ec75ab",
                "MacAddress": "46:cb:f6:c1:3b:94",
                "IPv4Address": "172.18.0.4/16",
                "IPv6Address": ""
            },
            "aded2263ec25390ee363c2dcb58fee4bad53832707ec7a4157004a102f4fac49": {
                "Name": "interface-engineer-s2-20261004t015431148781z-legacy",
                "EndpointID": "5b88b161e01a93e48e33a838e88e3f2120b242393a79c560516adadef73aece8",
                "MacAddress": "42:9f:a2:99:4a:93",
                "IPv4Address": "172.18.0.3/16",
                "IPv6Address": ""
            },
            "af91c67a2e59ac81191e203e858bf2e1c8c5ffa69df6a272d82ce18d4a91779a": {
                "Name": "interface-engineer-s2-20261004t015431148781z-service",
                "EndpointID": "9be67f8f498e8c795263b646ea236d53777a8621be5c29f01c41c4aafc32887c",
                "MacAddress": "02:82:94:ff:03:b4",
                "IPv4Address": "172.18.0.2/16",
                "IPv6Address": ""
            }
        },
        "Status": {
            "IPAM": {
                "Subnets": {
                    "172.18.0.0/16": {
                        "IPsInUse": 6,
                        "DynamicIPsAvailable": 65530
                    }
                }
            }
        }
    }
]
