#0 building with "desktop-linux" instance using docker driver

#1 [internal] load build definition from Dockerfile
#1 transferring dockerfile: 210B done
#1 DONE 0.0s

#2 [internal] load metadata for docker.io/library/independent-verifier-s4-1004095136:client
#2 DONE 0.1s

#3 [internal] load .dockerignore
#3 transferring context: 2B done
#3 DONE 0.0s

#4 [1/5] FROM docker.io/library/independent-verifier-s4-1004095136:client@sha256:2a56848199b867aca32b02eb632232cdcf52f542f5a1fbfe871580e120ca36d9
#4 resolve docker.io/library/independent-verifier-s4-1004095136:client@sha256:2a56848199b867aca32b02eb632232cdcf52f542f5a1fbfe871580e120ca36d9 0.0s done
#4 DONE 0.0s

#5 [internal] load build context
#5 transferring context: 11.79MB 0.1s done
#5 DONE 0.1s

#6 [2/5] COPY stage-1 /verifier/stage-1
#6 CACHED

#7 [3/5] COPY stage-2 /verifier/stage-2
#7 CACHED

#8 [4/5] COPY stage-3 /verifier/stage-3
#8 CACHED

#9 [5/5] COPY stage-4 /verifier/stage-4
#9 DONE 0.0s

#10 exporting to image
#10 exporting layers 0.0s done
#10 exporting manifest sha256:6b6918c439810cf0efda199ddd9ad183417c3f5fdd7767c77bf9f202c730f21e done
#10 exporting config sha256:be8a12af28e05078238555cd504ea08121dc615fd7870bcc979321538de38460 done
#10 exporting attestation manifest sha256:1d8bfc3ef507ad12ec070fde6b92a1ad2773d422de3757bef54565dd54bd0653 done
#10 exporting manifest list sha256:c2816a8622c8a3ce647d4f836b3de1acaf51ccf9aee2a3f8e1e15d97be416494 done
#10 naming to docker.io/library/independent-verifier-s4-1004095136:client-8cda2197 done
#10 unpacking to docker.io/library/independent-verifier-s4-1004095136:client-8cda2197 done
#10 DONE 0.1s
