[
    {
        "Id": "f88dde19d819776877f2cb516f25df13881dd704ce885713ebd682914e9baf2b",
        "Created": "2026-10-04T04:42:46.468575549Z",
        "Path": "python",
        "Args": [
            "server.py"
        ],
        "State": {
            "Status": "running",
            "Running": true,
            "Paused": false,
            "Restarting": false,
            "OOMKilled": false,
            "Dead": false,
            "Pid": 1078,
            "ExitCode": 0,
            "Error": "",
            "StartedAt": "2026-10-04T04:42:46.493496591Z",
            "FinishedAt": "0001-01-01T00:00:00Z"
        },
        "Image": "sha256:cb3b8be9f0ff0745645e323128c2e4e3c8f44c32e78abf9b02fed86e3d11bfed",
        "ResolvConfPath": "/var/lib/docker/containers/f88dde19d819776877f2cb516f25df13881dd704ce885713ebd682914e9baf2b/resolv.conf",
        "HostnamePath": "/var/lib/docker/containers/f88dde19d819776877f2cb516f25df13881dd704ce885713ebd682914e9baf2b/hostname",
        "HostsPath": "/var/lib/docker/containers/f88dde19d819776877f2cb516f25df13881dd704ce885713ebd682914e9baf2b/hosts",
        "LogPath": "/var/lib/docker/containers/f88dde19d819776877f2cb516f25df13881dd704ce885713ebd682914e9baf2b/f88dde19d819776877f2cb516f25df13881dd704ce885713ebd682914e9baf2b-json.log",
        "Name": "/systems-engineer-json-20261004t044158049514-old",
        "RestartCount": 0,
        "Driver": "overlayfs",
        "Platform": "linux",
        "MountLabel": "",
        "ProcessLabel": "",
        "AppArmorProfile": "",
        "ExecIDs": null,
        "HostConfig": {
            "Binds": null,
            "ContainerIDFile": "",
            "LogConfig": {
                "Type": "json-file",
                "Config": {}
            },
            "NetworkMode": "systems-engineer-json-20261004t044158049514-net",
            "PortBindings": {
                "18143/tcp": [
                    {
                        "HostIp": "",
                        "HostPort": "18143"
                    }
                ]
            },
            "RestartPolicy": {
                "Name": "no",
                "MaximumRetryCount": 0
            },
            "AutoRemove": false,
            "VolumeDriver": "",
            "VolumesFrom": null,
            "ConsoleSize": [
                0,
                0
            ],
            "CapAdd": null,
            "CapDrop": null,
            "CgroupnsMode": "private",
            "Dns": null,
            "DnsOptions": [],
            "DnsSearch": [],
            "ExtraHosts": null,
            "GroupAdd": null,
            "IpcMode": "private",
            "Cgroup": "",
            "Links": null,
            "OomScoreAdj": 0,
            "PidMode": "",
            "Privileged": false,
            "PublishAllPorts": false,
            "ReadonlyRootfs": false,
            "SecurityOpt": null,
            "UTSMode": "",
            "UsernsMode": "",
            "ShmSize": 67108864,
            "Runtime": "runc",
            "Isolation": "",
            "CpuShares": 0,
            "Memory": 2147483648,
            "NanoCpus": 2000000000,
            "CgroupParent": "",
            "BlkioWeight": 0,
            "BlkioWeightDevice": [],
            "BlkioDeviceReadBps": [],
            "BlkioDeviceWriteBps": [],
            "BlkioDeviceReadIOps": [],
            "BlkioDeviceWriteIOps": [],
            "CpuPeriod": 0,
            "CpuQuota": 0,
            "CpuRealtimePeriod": 0,
            "CpuRealtimeRuntime": 0,
            "CpusetCpus": "",
            "CpusetMems": "",
            "Devices": [],
            "DeviceCgroupRules": null,
            "DeviceRequests": null,
            "MemoryReservation": 0,
            "MemorySwap": 4294967296,
            "MemorySwappiness": null,
            "OomKillDisable": null,
            "PidsLimit": null,
            "Ulimits": null,
            "CpuCount": 0,
            "CpuPercent": 0,
            "IOMaximumIOps": 0,
            "IOMaximumBandwidth": 0,
            "MaskedPaths": [
                "/proc/acpi",
                "/proc/asound",
                "/proc/interrupts",
                "/proc/kcore",
                "/proc/keys",
                "/proc/latency_stats",
                "/proc/sched_debug",
                "/proc/scsi",
                "/proc/timer_list",
                "/proc/timer_stats",
                "/sys/devices/virtual/powercap",
                "/sys/firmware"
            ],
            "ReadonlyPaths": [
                "/proc/bus",
                "/proc/fs",
                "/proc/irq",
                "/proc/sys",
                "/proc/sysrq-trigger"
            ]
        },
        "Storage": {
            "RootFS": {
                "Snapshot": {
                    "Name": "overlayfs"
                }
            }
        },
        "Mounts": [],
        "Config": {
            "Hostname": "f88dde19d819",
            "Domainname": "",
            "User": "65532:65532",
            "AttachStdin": false,
            "AttachStdout": false,
            "AttachStderr": false,
            "ExposedPorts": {
                "18143/tcp": {},
                "8080/tcp": {}
            },
            "Tty": false,
            "OpenStdin": false,
            "StdinOnce": false,
            "Env": [
                "PORT=18143",
                "PATH=/usr/local/bin:/usr/local/sbin:/usr/local/bin:/usr/sbin:/usr/bin:/sbin:/bin",
                "LANG=C.UTF-8",
                "GPG_KEY=7169605F62C751356D054A26A821E680E5FA6305",
                "PYTHON_VERSION=3.12.15",
                "PYTHON_SHA256=c2c4321961fab0fb999d66e0cecf521c2ab3994c7992873ea99e306c1094fd5a",
                "PYTHONUNBUFFERED=1",
                "PYTHONDONTWRITEBYTECODE=1"
            ],
            "Cmd": [
                "python",
                "server.py"
            ],
            "Image": "systems-engineer-tablekeeper-s1:json-20261004t044158049514-old",
            "Volumes": null,
            "WorkingDir": "/app",
            "Entrypoint": null,
            "Labels": {}
        },
        "NetworkSettings": {
            "SandboxID": "fa6833a07e8b3c4f736d5a0e9cd534b14a162cf4f602b9d1d6fda97efdb22001",
            "SandboxKey": "/var/run/docker/netns/fa6833a07e8b",
            "Ports": {
                "18143/tcp": []
            },
            "Networks": {
                "systems-engineer-json-20261004t044158049514-net": {
                    "IPAMConfig": null,
                    "Links": null,
                    "Aliases": null,
                    "DriverOpts": null,
                    "GwPriority": 0,
                    "NetworkID": "a78481d3a82e71de6cb6d11bda8f9505066d6d3146aed6d2f4aa2711cc326459",
                    "EndpointID": "fb893535f9294ae251a80956354c2b5ef79d15e93da2251e835043f53afb2f4a",
                    "Gateway": "",
                    "IPAddress": "172.18.0.5",
                    "MacAddress": "7e:9c:cf:63:b5:a3",
                    "IPPrefixLen": 16,
                    "IPv6Gateway": "",
                    "GlobalIPv6Address": "",
                    "GlobalIPv6PrefixLen": 0,
                    "DNSNames": [
                        "systems-engineer-json-20261004t044158049514-old",
                        "f88dde19d819"
                    ]
                }
            }
        },
        "ImageManifestDescriptor": {
            "mediaType": "application/vnd.oci.image.manifest.v1+json",
            "digest": "sha256:e41c91bad5d6badb939e88127fcdeaf6d7b050fe6803c78b691e1de763109de2",
            "size": 1806,
            "platform": {
                "architecture": "arm64",
                "os": "linux"
            }
        }
    }
]
