#0 building with "desktop-linux" instance using docker driver

#1 [internal] load build definition from Dockerfile
#1 transferring dockerfile: 129B done
#1 DONE 0.0s

#2 [internal] load metadata for docker.io/library/systems-engineer-tablekeeper-s1:json-20261004t044158049514
#2 DONE 0.0s

#3 [internal] load .dockerignore
#3 transferring context: 2B done
#3 DONE 0.0s

#4 [internal] load build context
#4 transferring context: 77.83kB done
#4 DONE 0.0s

#5 [1/3] FROM docker.io/library/systems-engineer-tablekeeper-s1:json-20261004t044158049514@sha256:bb38e67289a3af6a8a09b1f99016003284b8cf3bcdb6d27655d8bc6379cd4666
#5 resolve docker.io/library/systems-engineer-tablekeeper-s1:json-20261004t044158049514@sha256:bb38e67289a3af6a8a09b1f99016003284b8cf3bcdb6d27655d8bc6379cd4666 0.0s done
#5 DONE 0.0s

#6 [2/3] WORKDIR /probe
#6 DONE 0.0s

#7 [3/3] COPY *.py ./
#7 DONE 0.0s

#8 exporting to image
#8 exporting layers 0.0s done
#8 exporting manifest sha256:eaa52e739872fe9d35e3871b05311eb084837e9d7fa3ffa926a33837b0f66376 done
#8 exporting config sha256:df44bc851c0ce8dc38b66bae53c106bb00bea0a74333c01b976936612f752548 done
#8 exporting attestation manifest sha256:e24b714571be7dc12daf00c59d82cdddd9e5a3344c8ec1ad4e9f6720a6abd023 done
#8 exporting manifest list sha256:6cfb959093a35d778ef15443364c565ff58d9d27f8ac35dccefe64d9420266c7 done
#8 naming to docker.io/library/systems-engineer-json-client:20261004t044158049514 done
#8 unpacking to docker.io/library/systems-engineer-json-client:20261004t044158049514 0.0s done
#8 DONE 0.1s
