#0 building with "desktop-linux" instance using docker driver

#1 [internal] load build definition from Dockerfile
#1 transferring dockerfile: 179B done
#1 DONE 0.0s

#2 [internal] load metadata for docker.io/library/independent-verifier-s3-1004072505:client
#2 DONE 0.0s

#3 [internal] load .dockerignore
#3 transferring context: 2B done
#3 DONE 0.0s

#4 [1/4] FROM docker.io/library/independent-verifier-s3-1004072505:client@sha256:be9903a12d0215f32a3ed9704fed5d84c7a0e534c40ce7e9c0389e31c6ab398c
#4 resolve docker.io/library/independent-verifier-s3-1004072505:client@sha256:be9903a12d0215f32a3ed9704fed5d84c7a0e534c40ce7e9c0389e31c6ab398c 0.0s done
#4 DONE 0.0s

#5 [internal] load build context
#5 transferring context: 11.26MB 0.1s done
#5 DONE 0.1s

#6 [2/4] COPY stage-1 /verifier/stage-1
#6 CACHED

#7 [3/4] COPY stage-2 /verifier/stage-2
#7 CACHED

#8 [4/4] COPY stage-3 /verifier/stage-3
#8 DONE 0.0s

#9 exporting to image
#9 exporting layers 0.0s done
#9 exporting manifest sha256:fc0b6bed7951882edf528e528a0d747113d071aa8397f3ecb09b7b7c01204ee8 done
#9 exporting config sha256:4b6340b4674aa7f4d1df4c367cddf78b1af677d8b96b9d65e19c6b760229c2c8 done
#9 exporting attestation manifest sha256:b75f809705c7b4034460aa06c23bab7dbc70fdee2b84bc0f46b47fe58c325a6d done
#9 exporting manifest list sha256:aef7b282a05fe16e4cb34a09005ec93673019c2381ab174a67cbcd85b8864361 done
#9 naming to docker.io/library/independent-verifier-s3-1004072505:client-d033ec7a done
#9 unpacking to docker.io/library/independent-verifier-s3-1004072505:client-d033ec7a done
#9 DONE 0.1s
