[
    {
        "Id": "be6949afe3243a4b0edd9b63f1935c5f12eacfa61fca64ee703ba56dec21995b",
        "Created": "2026-10-04T05:10:50.153815388Z",
        "Path": "python",
        "Args": [
            "server.py"
        ],
        "State": {
            "Status": "running",
            "Running": true,
            "Paused": false,
            "Restarting": false,
            "OOMKilled": false,
            "Dead": false,
            "Pid": 8367,
            "ExitCode": 0,
            "Error": "",
            "StartedAt": "2026-10-04T05:10:50.172750805Z",
            "FinishedAt": "0001-01-01T00:00:00Z"
        },
        "Image": "sha256:788d720b5c008f437df90fb0c91ad4529706156a4fe43ce7b87525253628a57b",
        "ResolvConfPath": "/var/lib/docker/containers/be6949afe3243a4b0edd9b63f1935c5f12eacfa61fca64ee703ba56dec21995b/resolv.conf",
        "HostnamePath": "/var/lib/docker/containers/be6949afe3243a4b0edd9b63f1935c5f12eacfa61fca64ee703ba56dec21995b/hostname",
        "HostsPath": "/var/lib/docker/containers/be6949afe3243a4b0edd9b63f1935c5f12eacfa61fca64ee703ba56dec21995b/hosts",
        "LogPath": "/var/lib/docker/containers/be6949afe3243a4b0edd9b63f1935c5f12eacfa61fca64ee703ba56dec21995b/be6949afe3243a4b0edd9b63f1935c5f12eacfa61fca64ee703ba56dec21995b-json.log",
        "Name": "/independent-verifier-num-1004051034850785-third",
        "RestartCount": 0,
        "Driver": "overlayfs",
        "Platform": "linux",
        "MountLabel": "",
        "ProcessLabel": "",
        "AppArmorProfile": "",
        "ExecIDs": null,
        "HostConfig": {
            "Binds": null,
            "ContainerIDFile": "",
            "LogConfig": {
                "Type": "json-file",
                "Config": {}
            },
            "NetworkMode": "independent-verifier-num-1004051034850785-net",
            "PortBindings": {
                "18337/tcp": [
                    {
                        "HostIp": "127.0.0.1",
                        "HostPort": "18337"
                    }
                ]
            },
            "RestartPolicy": {
                "Name": "no",
                "MaximumRetryCount": 0
            },
            "AutoRemove": false,
            "VolumeDriver": "",
            "VolumesFrom": null,
            "ConsoleSize": [
                0,
                0
            ],
            "CapAdd": null,
            "CapDrop": null,
            "CgroupnsMode": "private",
            "Dns": null,
            "DnsOptions": [],
            "DnsSearch": [],
            "ExtraHosts": null,
            "GroupAdd": null,
            "IpcMode": "private",
            "Cgroup": "",
            "Links": null,
            "OomScoreAdj": 0,
            "PidMode": "",
            "Privileged": false,
            "PublishAllPorts": false,
            "ReadonlyRootfs": false,
            "SecurityOpt": null,
            "UTSMode": "",
            "UsernsMode": "",
            "ShmSize": 67108864,
            "Runtime": "runc",
            "Isolation": "",
            "CpuShares": 0,
            "Memory": 2147483648,
            "NanoCpus": 2000000000,
            "CgroupParent": "",
            "BlkioWeight": 0,
            "BlkioWeightDevice": [],
            "BlkioDeviceReadBps": [],
            "BlkioDeviceWriteBps": [],
            "BlkioDeviceReadIOps": [],
            "BlkioDeviceWriteIOps": [],
            "CpuPeriod": 0,
            "CpuQuota": 0,
            "CpuRealtimePeriod": 0,
            "CpuRealtimeRuntime": 0,
            "CpusetCpus": "",
            "CpusetMems": "",
            "Devices": [],
            "DeviceCgroupRules": null,
            "DeviceRequests": null,
            "MemoryReservation": 0,
            "MemorySwap": 4294967296,
            "MemorySwappiness": null,
            "OomKillDisable": null,
            "PidsLimit": null,
            "Ulimits": null,
            "CpuCount": 0,
            "CpuPercent": 0,
            "IOMaximumIOps": 0,
            "IOMaximumBandwidth": 0,
            "MaskedPaths": [
                "/proc/acpi",
                "/proc/asound",
                "/proc/interrupts",
                "/proc/kcore",
                "/proc/keys",
                "/proc/latency_stats",
                "/proc/sched_debug",
                "/proc/scsi",
                "/proc/timer_list",
                "/proc/timer_stats",
                "/sys/devices/virtual/powercap",
                "/sys/firmware"
            ],
            "ReadonlyPaths": [
                "/proc/bus",
                "/proc/fs",
                "/proc/irq",
                "/proc/sys",
                "/proc/sysrq-trigger"
            ]
        },
        "Storage": {
            "RootFS": {
                "Snapshot": {
                    "Name": "overlayfs"
                }
            }
        },
        "Mounts": [],
        "Config": {
            "Hostname": "be6949afe324",
            "Domainname": "",
            "User": "65532:65532",
            "AttachStdin": false,
            "AttachStdout": false,
            "AttachStderr": false,
            "ExposedPorts": {
                "18337/tcp": {},
                "8080/tcp": {}
            },
            "Tty": false,
            "OpenStdin": false,
            "StdinOnce": false,
            "Env": [
                "PORT=18337",
                "PATH=/usr/local/bin:/usr/local/sbin:/usr/local/bin:/usr/sbin:/usr/bin:/sbin:/bin",
                "LANG=C.UTF-8",
                "GPG_KEY=7169605F62C751356D054A26A821E680E5FA6305",
                "PYTHON_VERSION=3.12.15",
                "PYTHON_SHA256=c2c4321961fab0fb999d66e0cecf521c2ab3994c7992873ea99e306c1094fd5a",
                "PYTHONUNBUFFERED=1",
                "PYTHONDONTWRITEBYTECODE=1"
            ],
            "Cmd": [
                "python",
                "server.py"
            ],
            "Image": "independent-verifier-num-1004051034850785:current",
            "Volumes": null,
            "WorkingDir": "/app",
            "Entrypoint": null,
            "Labels": {}
        },
        "NetworkSettings": {
            "SandboxID": "799a1045d0a78cf79de4e9c4e66f008b2df4046e85ee78e14d4d32a7281f8116",
            "SandboxKey": "/var/run/docker/netns/799a1045d0a7",
            "Ports": {
                "18337/tcp": []
            },
            "Networks": {
                "independent-verifier-num-1004051034850785-net": {
                    "IPAMConfig": null,
                    "Links": null,
                    "Aliases": null,
                    "DriverOpts": null,
                    "GwPriority": 0,
                    "NetworkID": "c9bbb851029c9eace97d3bcd9f664dba838cc9c8038aabad7be5b6c3180c3ac3",
                    "EndpointID": "4faed5f3c491232eda2f0cb7a155105a16e6aea4069d0c1eb4bfcf34fb87425a",
                    "Gateway": "",
                    "IPAddress": "172.18.0.4",
                    "MacAddress": "ca:37:b0:7b:48:db",
                    "IPPrefixLen": 16,
                    "IPv6Gateway": "",
                    "GlobalIPv6Address": "",
                    "GlobalIPv6PrefixLen": 0,
                    "DNSNames": [
                        "independent-verifier-num-1004051034850785-third",
                        "be6949afe324"
                    ]
                }
            }
        },
        "ImageManifestDescriptor": {
            "mediaType": "application/vnd.oci.image.manifest.v1+json",
            "digest": "sha256:5f1dd233fe2c8f91707e84d2ef9ebee7e4fc685f60e6dfd6ead63e16af1b44ee",
            "size": 1806,
            "platform": {
                "architecture": "arm64",
                "os": "linux"
            }
        }
    }
]
