[
    {
        "Id": "03761cd7371cbb76a0c60469856b9affeef3c3cc48b9cd58f33170ca7b6cb3b2",
        "Created": "2026-10-04T05:11:14.733737427Z",
        "Path": "python",
        "Args": [
            "server.py"
        ],
        "State": {
            "Status": "running",
            "Running": true,
            "Paused": false,
            "Restarting": false,
            "OOMKilled": false,
            "Dead": false,
            "Pid": 9629,
            "ExitCode": 0,
            "Error": "",
            "StartedAt": "2026-10-04T05:11:14.750780636Z",
            "FinishedAt": "0001-01-01T00:00:00Z"
        },
        "Image": "sha256:32991650806bb6e810a7f92e0c396ed40a6b1e1c0c70e230e5dca5cea24c15fc",
        "ResolvConfPath": "/var/lib/docker/containers/03761cd7371cbb76a0c60469856b9affeef3c3cc48b9cd58f33170ca7b6cb3b2/resolv.conf",
        "HostnamePath": "/var/lib/docker/containers/03761cd7371cbb76a0c60469856b9affeef3c3cc48b9cd58f33170ca7b6cb3b2/hostname",
        "HostsPath": "/var/lib/docker/containers/03761cd7371cbb76a0c60469856b9affeef3c3cc48b9cd58f33170ca7b6cb3b2/hosts",
        "LogPath": "/var/lib/docker/containers/03761cd7371cbb76a0c60469856b9affeef3c3cc48b9cd58f33170ca7b6cb3b2/03761cd7371cbb76a0c60469856b9affeef3c3cc48b9cd58f33170ca7b6cb3b2-json.log",
        "Name": "/independent-verifier-dec-1004051112357353-base",
        "RestartCount": 0,
        "Driver": "overlayfs",
        "Platform": "linux",
        "MountLabel": "",
        "ProcessLabel": "",
        "AppArmorProfile": "",
        "ExecIDs": null,
        "HostConfig": {
            "Binds": null,
            "ContainerIDFile": "",
            "LogConfig": {
                "Type": "json-file",
                "Config": {}
            },
            "NetworkMode": "independent-verifier-dec-1004051112357353-net",
            "PortBindings": {
                "18335/tcp": [
                    {
                        "HostIp": "127.0.0.1",
                        "HostPort": "18335"
                    }
                ]
            },
            "RestartPolicy": {
                "Name": "no",
                "MaximumRetryCount": 0
            },
            "AutoRemove": false,
            "VolumeDriver": "",
            "VolumesFrom": null,
            "ConsoleSize": [
                0,
                0
            ],
            "CapAdd": null,
            "CapDrop": null,
            "CgroupnsMode": "private",
            "Dns": null,
            "DnsOptions": [],
            "DnsSearch": [],
            "ExtraHosts": null,
            "GroupAdd": null,
            "IpcMode": "private",
            "Cgroup": "",
            "Links": null,
            "OomScoreAdj": 0,
            "PidMode": "",
            "Privileged": false,
            "PublishAllPorts": false,
            "ReadonlyRootfs": false,
            "SecurityOpt": null,
            "UTSMode": "",
            "UsernsMode": "",
            "ShmSize": 67108864,
            "Runtime": "runc",
            "Isolation": "",
            "CpuShares": 0,
            "Memory": 2147483648,
            "NanoCpus": 2000000000,
            "CgroupParent": "",
            "BlkioWeight": 0,
            "BlkioWeightDevice": [],
            "BlkioDeviceReadBps": [],
            "BlkioDeviceWriteBps": [],
            "BlkioDeviceReadIOps": [],
            "BlkioDeviceWriteIOps": [],
            "CpuPeriod": 0,
            "CpuQuota": 0,
            "CpuRealtimePeriod": 0,
            "CpuRealtimeRuntime": 0,
            "CpusetCpus": "",
            "CpusetMems": "",
            "Devices": [],
            "DeviceCgroupRules": null,
            "DeviceRequests": null,
            "MemoryReservation": 0,
            "MemorySwap": 4294967296,
            "MemorySwappiness": null,
            "OomKillDisable": null,
            "PidsLimit": null,
            "Ulimits": null,
            "CpuCount": 0,
            "CpuPercent": 0,
            "IOMaximumIOps": 0,
            "IOMaximumBandwidth": 0,
            "MaskedPaths": [
                "/proc/acpi",
                "/proc/asound",
                "/proc/interrupts",
                "/proc/kcore",
                "/proc/keys",
                "/proc/latency_stats",
                "/proc/sched_debug",
                "/proc/scsi",
                "/proc/timer_list",
                "/proc/timer_stats",
                "/sys/devices/virtual/powercap",
                "/sys/firmware"
            ],
            "ReadonlyPaths": [
                "/proc/bus",
                "/proc/fs",
                "/proc/irq",
                "/proc/sys",
                "/proc/sysrq-trigger"
            ]
        },
        "Storage": {
            "RootFS": {
                "Snapshot": {
                    "Name": "overlayfs"
                }
            }
        },
        "Mounts": [],
        "Config": {
            "Hostname": "03761cd7371c",
            "Domainname": "",
            "User": "65532:65532",
            "AttachStdin": false,
            "AttachStdout": false,
            "AttachStderr": false,
            "ExposedPorts": {
                "18335/tcp": {},
                "8080/tcp": {}
            },
            "Tty": false,
            "OpenStdin": false,
            "StdinOnce": false,
            "Env": [
                "PORT=18335",
                "PATH=/usr/local/bin:/usr/local/sbin:/usr/local/bin:/usr/sbin:/usr/bin:/sbin:/bin",
                "LANG=C.UTF-8",
                "GPG_KEY=7169605F62C751356D054A26A821E680E5FA6305",
                "PYTHON_VERSION=3.12.15",
                "PYTHON_SHA256=c2c4321961fab0fb999d66e0cecf521c2ab3994c7992873ea99e306c1094fd5a",
                "PYTHONUNBUFFERED=1",
                "PYTHONDONTWRITEBYTECODE=1"
            ],
            "Cmd": [
                "python",
                "server.py"
            ],
            "Image": "independent-verifier-dec-1004051112357353:current",
            "Volumes": null,
            "WorkingDir": "/app",
            "Entrypoint": null,
            "Labels": {}
        },
        "NetworkSettings": {
            "SandboxID": "4bd6f735a3d610289b83e645b6b4b10d050abb2b07f9f7aa6dcf91f91ea1935d",
            "SandboxKey": "/var/run/docker/netns/4bd6f735a3d6",
            "Ports": {
                "18335/tcp": []
            },
            "Networks": {
                "independent-verifier-dec-1004051112357353-net": {
                    "IPAMConfig": null,
                    "Links": null,
                    "Aliases": null,
                    "DriverOpts": null,
                    "GwPriority": 0,
                    "NetworkID": "78130f26e21502fbe867932e5b4d6c4073b19f2fd5c3b647caab4bc68aa7d219",
                    "EndpointID": "af4e69c7bcd502f119fcc504e19e5984ee1f4411de82ae4861918c5cacdb734c",
                    "Gateway": "",
                    "IPAddress": "172.18.0.2",
                    "MacAddress": "86:5f:c3:2d:7e:a9",
                    "IPPrefixLen": 16,
                    "IPv6Gateway": "",
                    "GlobalIPv6Address": "",
                    "GlobalIPv6PrefixLen": 0,
                    "DNSNames": [
                        "independent-verifier-dec-1004051112357353-base",
                        "03761cd7371c"
                    ]
                }
            }
        },
        "ImageManifestDescriptor": {
            "mediaType": "application/vnd.oci.image.manifest.v1+json",
            "digest": "sha256:5f1dd233fe2c8f91707e84d2ef9ebee7e4fc685f60e6dfd6ead63e16af1b44ee",
            "size": 1806,
            "platform": {
                "architecture": "arm64",
                "os": "linux"
            }
        }
    }
]
