#0 building with "desktop-linux" instance using docker driver

#1 [internal] load build definition from Decoder.Probe.Dockerfile
#1 transferring dockerfile: 279B done
#1 DONE 0.0s

#2 [internal] load metadata for docker.io/library/python:3.12-slim
#2 DONE 0.2s

#3 [internal] load .dockerignore
#3 transferring context: 2B done
#3 DONE 0.0s

#4 [internal] load build context
#4 transferring context: 41.83kB done
#4 DONE 0.0s

#5 [1/3] FROM docker.io/library/python:3.12-slim@sha256:dddfd7e07f9d15aeeca61529320492139d21cac7f0070c00609243e51e4e0016
#5 resolve docker.io/library/python:3.12-slim@sha256:dddfd7e07f9d15aeeca61529320492139d21cac7f0070c00609243e51e4e0016 0.0s done
#5 DONE 0.0s

#6 [2/3] WORKDIR /verifier
#6 CACHED

#7 [3/3] COPY decoder_probe.py decoder_oracle.py decoder_requirements.py semantic_oracle.py health.py /verifier/
#7 DONE 0.0s

#8 exporting to image
#8 exporting layers 0.0s done
#8 exporting manifest sha256:7ec5f69299db314ae9697da7800d8aae5a1a1f0159d66009cf370a9812cd1f37 done
#8 exporting config sha256:30efe7eb77115ae95342c319d1d9b915a6fd73af3fa1b3e036ffa8b30979b7bf done
#8 exporting attestation manifest sha256:cbf3752f03f1aa0477b07dab2d1f5b881c0b46bada3bba75426ea3bd6fe36f2a done
#8 exporting manifest list sha256:fc19fd531ccfad9ad2c6d539e50c260ffb5043c80764736141c015e3cb7d972a done
#8 naming to docker.io/library/independent-verifier-dec-1004051112357353:client
#8 naming to docker.io/library/independent-verifier-dec-1004051112357353:client done
#8 unpacking to docker.io/library/independent-verifier-dec-1004051112357353:client done
#8 DONE 0.1s
