{"candidate": "f783598428a88d53490f68498063ed69e02201b3", "passed": 0, "total": 43, "assertions": 0, "seconds": 2.465, "direct_http_operations": 0, "browser_originated_requests": 0, "forwarded_fetch_operations": 0}
FAIL transport-public
Traceback (most recent call last):
  File "sealed-interface-probe.py", line 124, in scenario
  File "sealed-interface-probe.py", line 134, in transport
  File "sealed-interface-probe.py", line 75, in reset
  File "sealed-interface-probe.py", line 67, in request
  File "sealed-interface-probe.py", line 52, in direct_fetch
  File "/usr/local/lib/python3.12/site-packages/playwright/async_api/_generated.py", line 21676, in fetch
    await self._impl_obj.fetch(
  File "/usr/local/lib/python3.12/site-packages/playwright/_impl/_fetch.py", line 337, in fetch
    return await self._inner_fetch(
           ^^^^^^^^^^^^^^^^^^^^^^^^
  File "/usr/local/lib/python3.12/site-packages/playwright/_impl/_fetch.py", line 443, in _inner_fetch
    response = await self._channel.send(
               ^^^^^^^^^^^^^^^^^^^^^^^^^
  File "/usr/local/lib/python3.12/site-packages/playwright/_impl/_connection.py", line 76, in send
    return await self._connection.wrap_api_call(
           ^^^^^^^^^^^^^^^^^^^^^^^^^^^^^^^^^^^^^
  File "/usr/local/lib/python3.12/site-packages/playwright/_impl/_connection.py", line 632, in wrap_api_call
    raise rewrite_error(error, f"{parsed_st['apiName']}: {error}") from None
playwright._impl._errors.Error: APIRequestContext.fetch: getaddrinfo ENOTFOUND interface-engineer-s2-reconstructed-20261004t054140435353z-current
Call log:
  - → POST http://interface-engineer-s2-reconstructed-20261004t054140435353z-current:9090/_test/reset
    - user-agent: Mozilla/5.0 (X11; Linux x86_64) AppleWebKit/537.36 (KHTML, like Gecko) HeadlessChrome/153.0.8010.12 Safari/537.36
    - accept: */*
    - accept-encoding: gzip,deflate,br
    - Content-Type: application/json; charset=utf-8
    - content-length: 1625


FAIL authentication-keyboard
Traceback (most recent call last):
  File "sealed-interface-probe.py", line 124, in scenario
  File "sealed-interface-probe.py", line 158, in auth_keyboard
  File "sealed-interface-probe.py", line 75, in reset
  File "sealed-interface-probe.py", line 67, in request
  File "sealed-interface-probe.py", line 52, in direct_fetch
  File "/usr/local/lib/python3.12/site-packages/playwright/async_api/_generated.py", line 21676, in fetch
    await self._impl_obj.fetch(
  File "/usr/local/lib/python3.12/site-packages/playwright/_impl/_fetch.py", line 337, in fetch
    return await self._inner_fetch(
           ^^^^^^^^^^^^^^^^^^^^^^^^
  File "/usr/local/lib/python3.12/site-packages/playwright/_impl/_fetch.py", line 443, in _inner_fetch
    response = await self._channel.send(
               ^^^^^^^^^^^^^^^^^^^^^^^^^
  File "/usr/local/lib/python3.12/site-packages/playwright/_impl/_connection.py", line 76, in send
    return await self._connection.wrap_api_call(
           ^^^^^^^^^^^^^^^^^^^^^^^^^^^^^^^^^^^^^
  File "/usr/local/lib/python3.12/site-packages/playwright/_impl/_connection.py", line 632, in wrap_api_call
    raise rewrite_error(error, f"{parsed_st['apiName']}: {error}") from None
playwright._impl._errors.Error: APIRequestContext.fetch: getaddrinfo ENOTFOUND interface-engineer-s2-reconstructed-20261004t054140435353z-current
Call log:
  - → POST http://interface-engineer-s2-reconstructed-20261004t054140435353z-current:9090/_test/reset
    - user-agent: Mozilla/5.0 (X11; Linux x86_64) AppleWebKit/537.36 (KHTML, like Gecko) HeadlessChrome/153.0.8010.12 Safari/537.36
    - accept: */*
    - accept-encoding: gzip,deflate,br
    - Content-Type: application/json; charset=utf-8
    - content-length: 1625


FAIL single-book-lookup-cancel
Traceback (most recent call last):
  File "sealed-interface-probe.py", line 124, in scenario
  File "sealed-interface-probe.py", line 194, in ordinary
  File "sealed-interface-probe.py", line 75, in reset
  File "sealed-interface-probe.py", line 67, in request
  File "sealed-interface-probe.py", line 52, in direct_fetch
  File "/usr/local/lib/python3.12/site-packages/playwright/async_api/_generated.py", line 21676, in fetch
    await self._impl_obj.fetch(
  File "/usr/local/lib/python3.12/site-packages/playwright/_impl/_fetch.py", line 337, in fetch
    return await self._inner_fetch(
           ^^^^^^^^^^^^^^^^^^^^^^^^
  File "/usr/local/lib/python3.12/site-packages/playwright/_impl/_fetch.py", line 443, in _inner_fetch
    response = await self._channel.send(
               ^^^^^^^^^^^^^^^^^^^^^^^^^
  File "/usr/local/lib/python3.12/site-packages/playwright/_impl/_connection.py", line 76, in send
    return await self._connection.wrap_api_call(
           ^^^^^^^^^^^^^^^^^^^^^^^^^^^^^^^^^^^^^
  File "/usr/local/lib/python3.12/site-packages/playwright/_impl/_connection.py", line 632, in wrap_api_call
    raise rewrite_error(error, f"{parsed_st['apiName']}: {error}") from None
playwright._impl._errors.Error: APIRequestContext.fetch: getaddrinfo ENOTFOUND interface-engineer-s2-reconstructed-20261004t054140435353z-current
Call log:
  - → POST http://interface-engineer-s2-reconstructed-20261004t054140435353z-current:9090/_test/reset
    - user-agent: Mozilla/5.0 (X11; Linux x86_64) AppleWebKit/537.36 (KHTML, like Gecko) HeadlessChrome/153.0.8010.12 Safari/537.36
    - accept: */*
    - accept-encoding: gzip,deflate,br
    - Content-Type: application/json; charset=utf-8
    - content-length: 1625


FAIL lookup-status-exact
Traceback (most recent call last):
  File "sealed-interface-probe.py", line 124, in scenario
  File "sealed-interface-probe.py", line 218, in lookup_status_exact
  File "sealed-interface-probe.py", line 75, in reset
  File "sealed-interface-probe.py", line 67, in request
  File "sealed-interface-probe.py", line 52, in direct_fetch
  File "/usr/local/lib/python3.12/site-packages/playwright/async_api/_generated.py", line 21676, in fetch
    await self._impl_obj.fetch(
  File "/usr/local/lib/python3.12/site-packages/playwright/_impl/_fetch.py", line 337, in fetch
    return await self._inner_fetch(
           ^^^^^^^^^^^^^^^^^^^^^^^^
  File "/usr/local/lib/python3.12/site-packages/playwright/_impl/_fetch.py", line 443, in _inner_fetch
    response = await self._channel.send(
               ^^^^^^^^^^^^^^^^^^^^^^^^^
  File "/usr/local/lib/python3.12/site-packages/playwright/_impl/_connection.py", line 76, in send
    return await self._connection.wrap_api_call(
           ^^^^^^^^^^^^^^^^^^^^^^^^^^^^^^^^^^^^^
  File "/usr/local/lib/python3.12/site-packages/playwright/_impl/_connection.py", line 632, in wrap_api_call
    raise rewrite_error(error, f"{parsed_st['apiName']}: {error}") from None
playwright._impl._errors.Error: APIRequestContext.fetch: getaddrinfo ENOTFOUND interface-engineer-s2-reconstructed-20261004t054140435353z-current
Call log:
  - → POST http://interface-engineer-s2-reconstructed-20261004t054140435353z-current:9090/_test/reset
    - user-agent: Mozilla/5.0 (X11; Linux x86_64) AppleWebKit/537.36 (KHTML, like Gecko) HeadlessChrome/153.0.8010.12 Safari/537.36
    - accept: */*
    - accept-encoding: gzip,deflate,br
    - Content-Type: application/json; charset=utf-8
    - content-length: 1625


FAIL out-of-order-search
Traceback (most recent call last):
  File "sealed-interface-probe.py", line 124, in scenario
  File "sealed-interface-probe.py", line 239, in out_of_order
  File "sealed-interface-probe.py", line 75, in reset
  File "sealed-interface-probe.py", line 67, in request
  File "sealed-interface-probe.py", line 52, in direct_fetch
  File "/usr/local/lib/python3.12/site-packages/playwright/async_api/_generated.py", line 21676, in fetch
    await self._impl_obj.fetch(
  File "/usr/local/lib/python3.12/site-packages/playwright/_impl/_fetch.py", line 337, in fetch
    return await self._inner_fetch(
           ^^^^^^^^^^^^^^^^^^^^^^^^
  File "/usr/local/lib/python3.12/site-packages/playwright/_impl/_fetch.py", line 443, in _inner_fetch
    response = await self._channel.send(
               ^^^^^^^^^^^^^^^^^^^^^^^^^
  File "/usr/local/lib/python3.12/site-packages/playwright/_impl/_connection.py", line 76, in send
    return await self._connection.wrap_api_call(
           ^^^^^^^^^^^^^^^^^^^^^^^^^^^^^^^^^^^^^
  File "/usr/local/lib/python3.12/site-packages/playwright/_impl/_connection.py", line 632, in wrap_api_call
    raise rewrite_error(error, f"{parsed_st['apiName']}: {error}") from None
playwright._impl._errors.Error: APIRequestContext.fetch: getaddrinfo ENOTFOUND interface-engineer-s2-reconstructed-20261004t054140435353z-current
Call log:
  - → POST http://interface-engineer-s2-reconstructed-20261004t054140435353z-current:9090/_test/reset
    - user-agent: Mozilla/5.0 (X11; Linux x86_64) AppleWebKit/537.36 (KHTML, like Gecko) HeadlessChrome/153.0.8010.12 Safari/537.36
    - accept: */*
    - accept-encoding: gzip,deflate,br
    - Content-Type: application/json; charset=utf-8
    - content-length: 1625


FAIL single-conflict
Traceback (most recent call last):
  File "sealed-interface-probe.py", line 124, in scenario
  File "sealed-interface-probe.py", line 263, in conflict
  File "sealed-interface-probe.py", line 75, in reset
  File "sealed-interface-probe.py", line 67, in request
  File "sealed-interface-probe.py", line 52, in direct_fetch
  File "/usr/local/lib/python3.12/site-packages/playwright/async_api/_generated.py", line 21676, in fetch
    await self._impl_obj.fetch(
  File "/usr/local/lib/python3.12/site-packages/playwright/_impl/_fetch.py", line 337, in fetch
    return await self._inner_fetch(
           ^^^^^^^^^^^^^^^^^^^^^^^^
  File "/usr/local/lib/python3.12/site-packages/playwright/_impl/_fetch.py", line 443, in _inner_fetch
    response = await self._channel.send(
               ^^^^^^^^^^^^^^^^^^^^^^^^^
  File "/usr/local/lib/python3.12/site-packages/playwright/_impl/_connection.py", line 76, in send
    return await self._connection.wrap_api_call(
           ^^^^^^^^^^^^^^^^^^^^^^^^^^^^^^^^^^^^^
  File "/usr/local/lib/python3.12/site-packages/playwright/_impl/_connection.py", line 632, in wrap_api_call
    raise rewrite_error(error, f"{parsed_st['apiName']}: {error}") from None
playwright._impl._errors.Error: APIRequestContext.fetch: getaddrinfo ENOTFOUND interface-engineer-s2-reconstructed-20261004t054140435353z-current
Call log:
  - → POST http://interface-engineer-s2-reconstructed-20261004t054140435353z-current:9090/_test/reset
    - user-agent: Mozilla/5.0 (X11; Linux x86_64) AppleWebKit/537.36 (KHTML, like Gecko) HeadlessChrome/153.0.8010.12 Safari/537.36
    - accept: */*
    - accept-encoding: gzip,deflate,br
    - Content-Type: application/json; charset=utf-8
    - content-length: 1625


FAIL combined-conflict
Traceback (most recent call last):
  File "sealed-interface-probe.py", line 124, in scenario
  File "sealed-interface-probe.py", line 263, in conflict
  File "sealed-interface-probe.py", line 75, in reset
  File "sealed-interface-probe.py", line 67, in request
  File "sealed-interface-probe.py", line 52, in direct_fetch
  File "/usr/local/lib/python3.12/site-packages/playwright/async_api/_generated.py", line 21676, in fetch
    await self._impl_obj.fetch(
  File "/usr/local/lib/python3.12/site-packages/playwright/_impl/_fetch.py", line 337, in fetch
    return await self._inner_fetch(
           ^^^^^^^^^^^^^^^^^^^^^^^^
  File "/usr/local/lib/python3.12/site-packages/playwright/_impl/_fetch.py", line 443, in _inner_fetch
    response = await self._channel.send(
               ^^^^^^^^^^^^^^^^^^^^^^^^^
  File "/usr/local/lib/python3.12/site-packages/playwright/_impl/_connection.py", line 76, in send
    return await self._connection.wrap_api_call(
           ^^^^^^^^^^^^^^^^^^^^^^^^^^^^^^^^^^^^^
  File "/usr/local/lib/python3.12/site-packages/playwright/_impl/_connection.py", line 632, in wrap_api_call
    raise rewrite_error(error, f"{parsed_st['apiName']}: {error}") from None
playwright._impl._errors.Error: APIRequestContext.fetch: getaddrinfo ENOTFOUND interface-engineer-s2-reconstructed-20261004t054140435353z-current
Call log:
  - → POST http://interface-engineer-s2-reconstructed-20261004t054140435353z-current:9090/_test/reset
    - user-agent: Mozilla/5.0 (X11; Linux x86_64) AppleWebKit/537.36 (KHTML, like Gecko) HeadlessChrome/153.0.8010.12 Safari/537.36
    - accept: */*
    - accept-encoding: gzip,deflate,br
    - Content-Type: application/json; charset=utf-8
    - content-length: 1625


FAIL lost-single
Traceback (most recent call last):
  File "sealed-interface-probe.py", line 124, in scenario
  File "sealed-interface-probe.py", line 289, in lost_response
  File "sealed-interface-probe.py", line 75, in reset
  File "sealed-interface-probe.py", line 67, in request
  File "sealed-interface-probe.py", line 52, in direct_fetch
  File "/usr/local/lib/python3.12/site-packages/playwright/async_api/_generated.py", line 21676, in fetch
    await self._impl_obj.fetch(
  File "/usr/local/lib/python3.12/site-packages/playwright/_impl/_fetch.py", line 337, in fetch
    return await self._inner_fetch(
           ^^^^^^^^^^^^^^^^^^^^^^^^
  File "/usr/local/lib/python3.12/site-packages/playwright/_impl/_fetch.py", line 443, in _inner_fetch
    response = await self._channel.send(
               ^^^^^^^^^^^^^^^^^^^^^^^^^
  File "/usr/local/lib/python3.12/site-packages/playwright/_impl/_connection.py", line 76, in send
    return await self._connection.wrap_api_call(
           ^^^^^^^^^^^^^^^^^^^^^^^^^^^^^^^^^^^^^
  File "/usr/local/lib/python3.12/site-packages/playwright/_impl/_connection.py", line 632, in wrap_api_call
    raise rewrite_error(error, f"{parsed_st['apiName']}: {error}") from None
playwright._impl._errors.Error: APIRequestContext.fetch: getaddrinfo ENOTFOUND interface-engineer-s2-reconstructed-20261004t054140435353z-current
Call log:
  - → POST http://interface-engineer-s2-reconstructed-20261004t054140435353z-current:9090/_test/reset
    - user-agent: Mozilla/5.0 (X11; Linux x86_64) AppleWebKit/537.36 (KHTML, like Gecko) HeadlessChrome/153.0.8010.12 Safari/537.36
    - accept: */*
    - accept-encoding: gzip,deflate,br
    - Content-Type: application/json; charset=utf-8
    - content-length: 1625


FAIL lost-combined
Traceback (most recent call last):
  File "sealed-interface-probe.py", line 124, in scenario
  File "sealed-interface-probe.py", line 289, in lost_response
  File "sealed-interface-probe.py", line 75, in reset
  File "sealed-interface-probe.py", line 67, in request
  File "sealed-interface-probe.py", line 52, in direct_fetch
  File "/usr/local/lib/python3.12/site-packages/playwright/async_api/_generated.py", line 21676, in fetch
    await self._impl_obj.fetch(
  File "/usr/local/lib/python3.12/site-packages/playwright/_impl/_fetch.py", line 337, in fetch
    return await self._inner_fetch(
           ^^^^^^^^^^^^^^^^^^^^^^^^
  File "/usr/local/lib/python3.12/site-packages/playwright/_impl/_fetch.py", line 443, in _inner_fetch
    response = await self._channel.send(
               ^^^^^^^^^^^^^^^^^^^^^^^^^
  File "/usr/local/lib/python3.12/site-packages/playwright/_impl/_connection.py", line 76, in send
    return await self._connection.wrap_api_call(
           ^^^^^^^^^^^^^^^^^^^^^^^^^^^^^^^^^^^^^
  File "/usr/local/lib/python3.12/site-packages/playwright/_impl/_connection.py", line 632, in wrap_api_call
    raise rewrite_error(error, f"{parsed_st['apiName']}: {error}") from None
playwright._impl._errors.Error: APIRequestContext.fetch: getaddrinfo ENOTFOUND interface-engineer-s2-reconstructed-20261004t054140435353z-current
Call log:
  - → POST http://interface-engineer-s2-reconstructed-20261004t054140435353z-current:9090/_test/reset
    - user-agent: Mozilla/5.0 (X11; Linux x86_64) AppleWebKit/537.36 (KHTML, like Gecko) HeadlessChrome/153.0.8010.12 Safari/537.36
    - accept: */*
    - accept-encoding: gzip,deflate,br
    - Content-Type: application/json; charset=utf-8
    - content-length: 1625


FAIL genuine-stage1-upgrade
Traceback (most recent call last):
  File "sealed-interface-probe.py", line 124, in scenario
  File "sealed-interface-probe.py", line 283, in lost_response
  File "sealed-interface-probe.py", line 75, in reset
  File "sealed-interface-probe.py", line 67, in request
  File "sealed-interface-probe.py", line 52, in direct_fetch
  File "/usr/local/lib/python3.12/site-packages/playwright/async_api/_generated.py", line 21676, in fetch
    await self._impl_obj.fetch(
  File "/usr/local/lib/python3.12/site-packages/playwright/_impl/_fetch.py", line 337, in fetch
    return await self._inner_fetch(
           ^^^^^^^^^^^^^^^^^^^^^^^^
  File "/usr/local/lib/python3.12/site-packages/playwright/_impl/_fetch.py", line 443, in _inner_fetch
    response = await self._channel.send(
               ^^^^^^^^^^^^^^^^^^^^^^^^^
  File "/usr/local/lib/python3.12/site-packages/playwright/_impl/_connection.py", line 76, in send
    return await self._connection.wrap_api_call(
           ^^^^^^^^^^^^^^^^^^^^^^^^^^^^^^^^^^^^^
  File "/usr/local/lib/python3.12/site-packages/playwright/_impl/_connection.py", line 632, in wrap_api_call
    raise rewrite_error(error, f"{parsed_st['apiName']}: {error}") from None
playwright._impl._errors.Error: APIRequestContext.fetch: getaddrinfo ENOTFOUND interface-engineer-s2-reconstructed-20261004t054140435353z-accepted
Call log:
  - → POST http://interface-engineer-s2-reconstructed-20261004t054140435353z-accepted:8080/_test/reset
    - user-agent: Mozilla/5.0 (X11; Linux x86_64) AppleWebKit/537.36 (KHTML, like Gecko) HeadlessChrome/153.0.8010.12 Safari/537.36
    - accept: */*
    - accept-encoding: gzip,deflate,br
    - Content-Type: application/json; charset=utf-8
    - content-length: 1539


FAIL combined-occupancy
Traceback (most recent call last):
  File "sealed-interface-probe.py", line 124, in scenario
  File "sealed-interface-probe.py", line 372, in combinations
  File "sealed-interface-probe.py", line 75, in reset
  File "sealed-interface-probe.py", line 67, in request
  File "sealed-interface-probe.py", line 52, in direct_fetch
  File "/usr/local/lib/python3.12/site-packages/playwright/async_api/_generated.py", line 21676, in fetch
    await self._impl_obj.fetch(
  File "/usr/local/lib/python3.12/site-packages/playwright/_impl/_fetch.py", line 337, in fetch
    return await self._inner_fetch(
           ^^^^^^^^^^^^^^^^^^^^^^^^
  File "/usr/local/lib/python3.12/site-packages/playwright/_impl/_fetch.py", line 443, in _inner_fetch
    response = await self._channel.send(
               ^^^^^^^^^^^^^^^^^^^^^^^^^
  File "/usr/local/lib/python3.12/site-packages/playwright/_impl/_connection.py", line 76, in send
    return await self._connection.wrap_api_call(
           ^^^^^^^^^^^^^^^^^^^^^^^^^^^^^^^^^^^^^
  File "/usr/local/lib/python3.12/site-packages/playwright/_impl/_connection.py", line 632, in wrap_api_call
    raise rewrite_error(error, f"{parsed_st['apiName']}: {error}") from None
playwright._impl._errors.Error: APIRequestContext.fetch: getaddrinfo ENOTFOUND interface-engineer-s2-reconstructed-20261004t054140435353z-current
Call log:
  - → POST http://interface-engineer-s2-reconstructed-20261004t054140435353z-current:9090/_test/reset
    - user-agent: Mozilla/5.0 (X11; Linux x86_64) AppleWebKit/537.36 (KHTML, like Gecko) HeadlessChrome/153.0.8010.12 Safari/537.36
    - accept: */*
    - accept-encoding: gzip,deflate,br
    - Content-Type: application/json; charset=utf-8
    - content-length: 1625


FAIL changed-retry-form
Traceback (most recent call last):
  File "sealed-interface-probe.py", line 124, in scenario
  File "sealed-interface-probe.py", line 394, in changed_form
  File "sealed-interface-probe.py", line 75, in reset
  File "sealed-interface-probe.py", line 67, in request
  File "sealed-interface-probe.py", line 52, in direct_fetch
  File "/usr/local/lib/python3.12/site-packages/playwright/async_api/_generated.py", line 21676, in fetch
    await self._impl_obj.fetch(
  File "/usr/local/lib/python3.12/site-packages/playwright/_impl/_fetch.py", line 337, in fetch
    return await self._inner_fetch(
           ^^^^^^^^^^^^^^^^^^^^^^^^
  File "/usr/local/lib/python3.12/site-packages/playwright/_impl/_fetch.py", line 443, in _inner_fetch
    response = await self._channel.send(
               ^^^^^^^^^^^^^^^^^^^^^^^^^
  File "/usr/local/lib/python3.12/site-packages/playwright/_impl/_connection.py", line 76, in send
    return await self._connection.wrap_api_call(
           ^^^^^^^^^^^^^^^^^^^^^^^^^^^^^^^^^^^^^
  File "/usr/local/lib/python3.12/site-packages/playwright/_impl/_connection.py", line 632, in wrap_api_call
    raise rewrite_error(error, f"{parsed_st['apiName']}: {error}") from None
playwright._impl._errors.Error: APIRequestContext.fetch: getaddrinfo ENOTFOUND interface-engineer-s2-reconstructed-20261004t054140435353z-current
Call log:
  - → POST http://interface-engineer-s2-reconstructed-20261004t054140435353z-current:9090/_test/reset
    - user-agent: Mozilla/5.0 (X11; Linux x86_64) AppleWebKit/537.36 (KHTML, like Gecko) HeadlessChrome/153.0.8010.12 Safari/537.36
    - accept: */*
    - accept-encoding: gzip,deflate,br
    - Content-Type: application/json; charset=utf-8
    - content-length: 1625


FAIL empty-unavailable-lookup
Traceback (most recent call last):
  File "sealed-interface-probe.py", line 124, in scenario
  File "sealed-interface-probe.py", line 412, in empty_and_unavailable
  File "sealed-interface-probe.py", line 75, in reset
  File "sealed-interface-probe.py", line 67, in request
  File "sealed-interface-probe.py", line 52, in direct_fetch
  File "/usr/local/lib/python3.12/site-packages/playwright/async_api/_generated.py", line 21676, in fetch
    await self._impl_obj.fetch(
  File "/usr/local/lib/python3.12/site-packages/playwright/_impl/_fetch.py", line 337, in fetch
    return await self._inner_fetch(
           ^^^^^^^^^^^^^^^^^^^^^^^^
  File "/usr/local/lib/python3.12/site-packages/playwright/_impl/_fetch.py", line 443, in _inner_fetch
    response = await self._channel.send(
               ^^^^^^^^^^^^^^^^^^^^^^^^^
  File "/usr/local/lib/python3.12/site-packages/playwright/_impl/_connection.py", line 76, in send
    return await self._connection.wrap_api_call(
           ^^^^^^^^^^^^^^^^^^^^^^^^^^^^^^^^^^^^^
  File "/usr/local/lib/python3.12/site-packages/playwright/_impl/_connection.py", line 632, in wrap_api_call
    raise rewrite_error(error, f"{parsed_st['apiName']}: {error}") from None
playwright._impl._errors.Error: APIRequestContext.fetch: getaddrinfo ENOTFOUND interface-engineer-s2-reconstructed-20261004t054140435353z-current
Call log:
  - → POST http://interface-engineer-s2-reconstructed-20261004t054140435353z-current:9090/_test/reset
    - user-agent: Mozilla/5.0 (X11; Linux x86_64) AppleWebKit/537.36 (KHTML, like Gecko) HeadlessChrome/153.0.8010.12 Safari/537.36
    - accept: */*
    - accept-encoding: gzip,deflate,br
    - Content-Type: application/json; charset=utf-8
    - content-length: 1625


FAIL lookup-race-privacy-cutoff
Traceback (most recent call last):
  File "sealed-interface-probe.py", line 124, in scenario
  File "sealed-interface-probe.py", line 429, in lookup_race_and_refusal
  File "sealed-interface-probe.py", line 75, in reset
  File "sealed-interface-probe.py", line 67, in request
  File "sealed-interface-probe.py", line 52, in direct_fetch
  File "/usr/local/lib/python3.12/site-packages/playwright/async_api/_generated.py", line 21676, in fetch
    await self._impl_obj.fetch(
  File "/usr/local/lib/python3.12/site-packages/playwright/_impl/_fetch.py", line 337, in fetch
    return await self._inner_fetch(
           ^^^^^^^^^^^^^^^^^^^^^^^^
  File "/usr/local/lib/python3.12/site-packages/playwright/_impl/_fetch.py", line 443, in _inner_fetch
    response = await self._channel.send(
               ^^^^^^^^^^^^^^^^^^^^^^^^^
  File "/usr/local/lib/python3.12/site-packages/playwright/_impl/_connection.py", line 76, in send
    return await self._connection.wrap_api_call(
           ^^^^^^^^^^^^^^^^^^^^^^^^^^^^^^^^^^^^^
  File "/usr/local/lib/python3.12/site-packages/playwright/_impl/_connection.py", line 632, in wrap_api_call
    raise rewrite_error(error, f"{parsed_st['apiName']}: {error}") from None
playwright._impl._errors.Error: APIRequestContext.fetch: getaddrinfo ENOTFOUND interface-engineer-s2-reconstructed-20261004t054140435353z-current
Call log:
  - → POST http://interface-engineer-s2-reconstructed-20261004t054140435353z-current:9090/_test/reset
    - user-agent: Mozilla/5.0 (X11; Linux x86_64) AppleWebKit/537.36 (KHTML, like Gecko) HeadlessChrome/153.0.8010.12 Safari/537.36
    - accept: */*
    - accept-encoding: gzip,deflate,br
    - Content-Type: application/json; charset=utf-8
    - content-length: 1625


FAIL auth-inputs-loading
Traceback (most recent call last):
  File "sealed-interface-probe.py", line 124, in scenario
  File "sealed-interface-probe.py", line 463, in loading_auth_stability
  File "sealed-interface-probe.py", line 75, in reset
  File "sealed-interface-probe.py", line 67, in request
  File "sealed-interface-probe.py", line 52, in direct_fetch
  File "/usr/local/lib/python3.12/site-packages/playwright/async_api/_generated.py", line 21676, in fetch
    await self._impl_obj.fetch(
  File "/usr/local/lib/python3.12/site-packages/playwright/_impl/_fetch.py", line 337, in fetch
    return await self._inner_fetch(
           ^^^^^^^^^^^^^^^^^^^^^^^^
  File "/usr/local/lib/python3.12/site-packages/playwright/_impl/_fetch.py", line 443, in _inner_fetch
    response = await self._channel.send(
               ^^^^^^^^^^^^^^^^^^^^^^^^^
  File "/usr/local/lib/python3.12/site-packages/playwright/_impl/_connection.py", line 76, in send
    return await self._connection.wrap_api_call(
           ^^^^^^^^^^^^^^^^^^^^^^^^^^^^^^^^^^^^^
  File "/usr/local/lib/python3.12/site-packages/playwright/_impl/_connection.py", line 632, in wrap_api_call
    raise rewrite_error(error, f"{parsed_st['apiName']}: {error}") from None
playwright._impl._errors.Error: APIRequestContext.fetch: getaddrinfo ENOTFOUND interface-engineer-s2-reconstructed-20261004t054140435353z-current
Call log:
  - → POST http://interface-engineer-s2-reconstructed-20261004t054140435353z-current:9090/_test/reset
    - user-agent: Mozilla/5.0 (X11; Linux x86_64) AppleWebKit/537.36 (KHTML, like Gecko) HeadlessChrome/153.0.8010.12 Safari/537.36
    - accept: */*
    - accept-encoding: gzip,deflate,br
    - Content-Type: application/json; charset=utf-8
    - content-length: 1625


FAIL concurrent-pair-transport
Traceback (most recent call last):
  File "sealed-interface-probe.py", line 124, in scenario
  File "sealed-interface-probe.py", line 482, in concurrent_pair_transport
  File "sealed-interface-probe.py", line 75, in reset
  File "sealed-interface-probe.py", line 67, in request
  File "sealed-interface-probe.py", line 52, in direct_fetch
  File "/usr/local/lib/python3.12/site-packages/playwright/async_api/_generated.py", line 21676, in fetch
    await self._impl_obj.fetch(
  File "/usr/local/lib/python3.12/site-packages/playwright/_impl/_fetch.py", line 337, in fetch
    return await self._inner_fetch(
           ^^^^^^^^^^^^^^^^^^^^^^^^
  File "/usr/local/lib/python3.12/site-packages/playwright/_impl/_fetch.py", line 443, in _inner_fetch
    response = await self._channel.send(
               ^^^^^^^^^^^^^^^^^^^^^^^^^
  File "/usr/local/lib/python3.12/site-packages/playwright/_impl/_connection.py", line 76, in send
    return await self._connection.wrap_api_call(
           ^^^^^^^^^^^^^^^^^^^^^^^^^^^^^^^^^^^^^
  File "/usr/local/lib/python3.12/site-packages/playwright/_impl/_connection.py", line 632, in wrap_api_call
    raise rewrite_error(error, f"{parsed_st['apiName']}: {error}") from None
playwright._impl._errors.Error: APIRequestContext.fetch: getaddrinfo ENOTFOUND interface-engineer-s2-reconstructed-20261004t054140435353z-current
Call log:
  - → POST http://interface-engineer-s2-reconstructed-20261004t054140435353z-current:9090/_test/reset
    - user-agent: Mozilla/5.0 (X11; Linux x86_64) AppleWebKit/537.36 (KHTML, like Gecko) HeadlessChrome/153.0.8010.12 Safari/537.36
    - accept: */*
    - accept-encoding: gzip,deflate,br
    - Content-Type: application/json; charset=utf-8
    - content-length: 1625


FAIL party-safe-boundary
Traceback (most recent call last):
  File "sealed-interface-probe.py", line 124, in scenario
  File "sealed-interface-probe.py", line 511, in large_party_exactness
  File "sealed-interface-probe.py", line 67, in request
  File "sealed-interface-probe.py", line 52, in direct_fetch
  File "/usr/local/lib/python3.12/site-packages/playwright/async_api/_generated.py", line 21676, in fetch
    await self._impl_obj.fetch(
  File "/usr/local/lib/python3.12/site-packages/playwright/_impl/_fetch.py", line 337, in fetch
    return await self._inner_fetch(
           ^^^^^^^^^^^^^^^^^^^^^^^^
  File "/usr/local/lib/python3.12/site-packages/playwright/_impl/_fetch.py", line 443, in _inner_fetch
    response = await self._channel.send(
               ^^^^^^^^^^^^^^^^^^^^^^^^^
  File "/usr/local/lib/python3.12/site-packages/playwright/_impl/_connection.py", line 76, in send
    return await self._connection.wrap_api_call(
           ^^^^^^^^^^^^^^^^^^^^^^^^^^^^^^^^^^^^^
  File "/usr/local/lib/python3.12/site-packages/playwright/_impl/_connection.py", line 632, in wrap_api_call
    raise rewrite_error(error, f"{parsed_st['apiName']}: {error}") from None
playwright._impl._errors.Error: APIRequestContext.fetch: getaddrinfo ENOTFOUND interface-engineer-s2-reconstructed-20261004t054140435353z-current
Call log:
  - → POST http://interface-engineer-s2-reconstructed-20261004t054140435353z-current:9090/_test/reset
    - user-agent: Mozilla/5.0 (X11; Linux x86_64) AppleWebKit/537.36 (KHTML, like Gecko) HeadlessChrome/153.0.8010.12 Safari/537.36
    - accept: */*
    - accept-encoding: gzip,deflate,br
    - Content-Type: application/json; charset=utf-8
    - content-length: 1676


FAIL party-above-safe-integer
Traceback (most recent call last):
  File "sealed-interface-probe.py", line 124, in scenario
  File "sealed-interface-probe.py", line 511, in large_party_exactness
  File "sealed-interface-probe.py", line 67, in request
  File "sealed-interface-probe.py", line 52, in direct_fetch
  File "/usr/local/lib/python3.12/site-packages/playwright/async_api/_generated.py", line 21676, in fetch
    await self._impl_obj.fetch(
  File "/usr/local/lib/python3.12/site-packages/playwright/_impl/_fetch.py", line 337, in fetch
    return await self._inner_fetch(
           ^^^^^^^^^^^^^^^^^^^^^^^^
  File "/usr/local/lib/python3.12/site-packages/playwright/_impl/_fetch.py", line 443, in _inner_fetch
    response = await self._channel.send(
               ^^^^^^^^^^^^^^^^^^^^^^^^^
  File "/usr/local/lib/python3.12/site-packages/playwright/_impl/_connection.py", line 76, in send
    return await self._connection.wrap_api_call(
           ^^^^^^^^^^^^^^^^^^^^^^^^^^^^^^^^^^^^^
  File "/usr/local/lib/python3.12/site-packages/playwright/_impl/_connection.py", line 632, in wrap_api_call
    raise rewrite_error(error, f"{parsed_st['apiName']}: {error}") from None
playwright._impl._errors.Error: APIRequestContext.fetch: getaddrinfo ENOTFOUND interface-engineer-s2-reconstructed-20261004t054140435353z-current
Call log:
  - → POST http://interface-engineer-s2-reconstructed-20261004t054140435353z-current:9090/_test/reset
    - user-agent: Mozilla/5.0 (X11; Linux x86_64) AppleWebKit/537.36 (KHTML, like Gecko) HeadlessChrome/153.0.8010.12 Safari/537.36
    - accept: */*
    - accept-encoding: gzip,deflate,br
    - Content-Type: application/json; charset=utf-8
    - content-length: 1676


FAIL party-31-digits
Traceback (most recent call last):
  File "sealed-interface-probe.py", line 124, in scenario
  File "sealed-interface-probe.py", line 511, in large_party_exactness
  File "sealed-interface-probe.py", line 67, in request
  File "sealed-interface-probe.py", line 52, in direct_fetch
  File "/usr/local/lib/python3.12/site-packages/playwright/async_api/_generated.py", line 21676, in fetch
    await self._impl_obj.fetch(
  File "/usr/local/lib/python3.12/site-packages/playwright/_impl/_fetch.py", line 337, in fetch
    return await self._inner_fetch(
           ^^^^^^^^^^^^^^^^^^^^^^^^
  File "/usr/local/lib/python3.12/site-packages/playwright/_impl/_fetch.py", line 443, in _inner_fetch
    response = await self._channel.send(
               ^^^^^^^^^^^^^^^^^^^^^^^^^
  File "/usr/local/lib/python3.12/site-packages/playwright/_impl/_connection.py", line 76, in send
    return await self._connection.wrap_api_call(
           ^^^^^^^^^^^^^^^^^^^^^^^^^^^^^^^^^^^^^
  File "/usr/local/lib/python3.12/site-packages/playwright/_impl/_connection.py", line 632, in wrap_api_call
    raise rewrite_error(error, f"{parsed_st['apiName']}: {error}") from None
playwright._impl._errors.Error: APIRequestContext.fetch: getaddrinfo ENOTFOUND interface-engineer-s2-reconstructed-20261004t054140435353z-current
Call log:
  - → POST http://interface-engineer-s2-reconstructed-20261004t054140435353z-current:9090/_test/reset
    - user-agent: Mozilla/5.0 (X11; Linux x86_64) AppleWebKit/537.36 (KHTML, like Gecko) HeadlessChrome/153.0.8010.12 Safari/537.36
    - accept: */*
    - accept-encoding: gzip,deflate,br
    - Content-Type: application/json; charset=utf-8
    - content-length: 1691


FAIL party-401-digits
Traceback (most recent call last):
  File "sealed-interface-probe.py", line 124, in scenario
  File "sealed-interface-probe.py", line 511, in large_party_exactness
  File "sealed-interface-probe.py", line 67, in request
  File "sealed-interface-probe.py", line 52, in direct_fetch
  File "/usr/local/lib/python3.12/site-packages/playwright/async_api/_generated.py", line 21676, in fetch
    await self._impl_obj.fetch(
  File "/usr/local/lib/python3.12/site-packages/playwright/_impl/_fetch.py", line 337, in fetch
    return await self._inner_fetch(
           ^^^^^^^^^^^^^^^^^^^^^^^^
  File "/usr/local/lib/python3.12/site-packages/playwright/_impl/_fetch.py", line 443, in _inner_fetch
    response = await self._channel.send(
               ^^^^^^^^^^^^^^^^^^^^^^^^^
  File "/usr/local/lib/python3.12/site-packages/playwright/_impl/_connection.py", line 76, in send
    return await self._connection.wrap_api_call(
           ^^^^^^^^^^^^^^^^^^^^^^^^^^^^^^^^^^^^^
  File "/usr/local/lib/python3.12/site-packages/playwright/_impl/_connection.py", line 632, in wrap_api_call
    raise rewrite_error(error, f"{parsed_st['apiName']}: {error}") from None
playwright._impl._errors.Error: APIRequestContext.fetch: getaddrinfo ENOTFOUND interface-engineer-s2-reconstructed-20261004t054140435353z-current
Call log:
  - → POST http://interface-engineer-s2-reconstructed-20261004t054140435353z-current:9090/_test/reset
    - user-agent: Mozilla/5.0 (X11; Linux x86_64) AppleWebKit/537.36 (KHTML, like Gecko) HeadlessChrome/153.0.8010.12 Safari/537.36
    - accept: */*
    - accept-encoding: gzip,deflate,br
    - Content-Type: application/json; charset=utf-8
    - content-length: 2061


FAIL party-4301-digits
Traceback (most recent call last):
  File "sealed-interface-probe.py", line 124, in scenario
  File "sealed-interface-probe.py", line 511, in large_party_exactness
  File "sealed-interface-probe.py", line 67, in request
  File "sealed-interface-probe.py", line 52, in direct_fetch
  File "/usr/local/lib/python3.12/site-packages/playwright/async_api/_generated.py", line 21676, in fetch
    await self._impl_obj.fetch(
  File "/usr/local/lib/python3.12/site-packages/playwright/_impl/_fetch.py", line 337, in fetch
    return await self._inner_fetch(
           ^^^^^^^^^^^^^^^^^^^^^^^^
  File "/usr/local/lib/python3.12/site-packages/playwright/_impl/_fetch.py", line 443, in _inner_fetch
    response = await self._channel.send(
               ^^^^^^^^^^^^^^^^^^^^^^^^^
  File "/usr/local/lib/python3.12/site-packages/playwright/_impl/_connection.py", line 76, in send
    return await self._connection.wrap_api_call(
           ^^^^^^^^^^^^^^^^^^^^^^^^^^^^^^^^^^^^^
  File "/usr/local/lib/python3.12/site-packages/playwright/_impl/_connection.py", line 632, in wrap_api_call
    raise rewrite_error(error, f"{parsed_st['apiName']}: {error}") from None
playwright._impl._errors.Error: APIRequestContext.fetch: getaddrinfo ENOTFOUND interface-engineer-s2-reconstructed-20261004t054140435353z-current
Call log:
  - → POST http://interface-engineer-s2-reconstructed-20261004t054140435353z-current:9090/_test/reset
    - user-agent: Mozilla/5.0 (X11; Linux x86_64) AppleWebKit/537.36 (KHTML, like Gecko) HeadlessChrome/153.0.8010.12 Safari/537.36
    - accept: */*
    - accept-encoding: gzip,deflate,br
    - Content-Type: application/json; charset=utf-8
    - content-length: 5961


FAIL huge-decimal-transport
Traceback (most recent call last):
  File "sealed-interface-probe.py", line 124, in scenario
  File "sealed-interface-probe.py", line 636, in huge_decimal_transport
  File "sealed-interface-probe.py", line 67, in request
  File "sealed-interface-probe.py", line 52, in direct_fetch
  File "/usr/local/lib/python3.12/site-packages/playwright/async_api/_generated.py", line 21676, in fetch
    await self._impl_obj.fetch(
  File "/usr/local/lib/python3.12/site-packages/playwright/_impl/_fetch.py", line 337, in fetch
    return await self._inner_fetch(
           ^^^^^^^^^^^^^^^^^^^^^^^^
  File "/usr/local/lib/python3.12/site-packages/playwright/_impl/_fetch.py", line 443, in _inner_fetch
    response = await self._channel.send(
               ^^^^^^^^^^^^^^^^^^^^^^^^^
  File "/usr/local/lib/python3.12/site-packages/playwright/_impl/_connection.py", line 76, in send
    return await self._connection.wrap_api_call(
           ^^^^^^^^^^^^^^^^^^^^^^^^^^^^^^^^^^^^^
  File "/usr/local/lib/python3.12/site-packages/playwright/_impl/_connection.py", line 632, in wrap_api_call
    raise rewrite_error(error, f"{parsed_st['apiName']}: {error}") from None
playwright._impl._errors.Error: APIRequestContext.fetch: getaddrinfo ENOTFOUND interface-engineer-s2-reconstructed-20261004t054140435353z-current
Call log:
  - → POST http://interface-engineer-s2-reconstructed-20261004t054140435353z-current:9090/_test/reset
    - user-agent: Mozilla/5.0 (X11; Linux x86_64) AppleWebKit/537.36 (KHTML, like Gecko) HeadlessChrome/153.0.8010.12 Safari/537.36
    - accept: */*
    - accept-encoding: gzip,deflate,br
    - Content-Type: application/json; charset=utf-8
    - content-length: 10224


FAIL exact-numeric-keyboard-corrupt-response
Traceback (most recent call last):
  File "sealed-interface-probe.py", line 124, in scenario
  File "sealed-interface-probe.py", line 555, in corrupt_response_and_numeric_keyboard
  File "sealed-interface-probe.py", line 75, in reset
  File "sealed-interface-probe.py", line 67, in request
  File "sealed-interface-probe.py", line 52, in direct_fetch
  File "/usr/local/lib/python3.12/site-packages/playwright/async_api/_generated.py", line 21676, in fetch
    await self._impl_obj.fetch(
  File "/usr/local/lib/python3.12/site-packages/playwright/_impl/_fetch.py", line 337, in fetch
    return await self._inner_fetch(
           ^^^^^^^^^^^^^^^^^^^^^^^^
  File "/usr/local/lib/python3.12/site-packages/playwright/_impl/_fetch.py", line 443, in _inner_fetch
    response = await self._channel.send(
               ^^^^^^^^^^^^^^^^^^^^^^^^^
  File "/usr/local/lib/python3.12/site-packages/playwright/_impl/_connection.py", line 76, in send
    return await self._connection.wrap_api_call(
           ^^^^^^^^^^^^^^^^^^^^^^^^^^^^^^^^^^^^^
  File "/usr/local/lib/python3.12/site-packages/playwright/_impl/_connection.py", line 632, in wrap_api_call
    raise rewrite_error(error, f"{parsed_st['apiName']}: {error}") from None
playwright._impl._errors.Error: APIRequestContext.fetch: getaddrinfo ENOTFOUND interface-engineer-s2-reconstructed-20261004t054140435353z-current
Call log:
  - → POST http://interface-engineer-s2-reconstructed-20261004t054140435353z-current:9090/_test/reset
    - user-agent: Mozilla/5.0 (X11; Linux x86_64) AppleWebKit/537.36 (KHTML, like Gecko) HeadlessChrome/153.0.8010.12 Safari/537.36
    - accept: */*
    - accept-encoding: gzip,deflate,br
    - Content-Type: application/json; charset=utf-8
    - content-length: 1625


FAIL local-end-berlin-historic
Traceback (most recent call last):
  File "sealed-interface-probe.py", line 124, in scenario
  File "sealed-interface-probe.py", line 611, in local_end_display
  File "sealed-interface-probe.py", line 67, in request
  File "sealed-interface-probe.py", line 52, in direct_fetch
  File "/usr/local/lib/python3.12/site-packages/playwright/async_api/_generated.py", line 21676, in fetch
    await self._impl_obj.fetch(
  File "/usr/local/lib/python3.12/site-packages/playwright/_impl/_fetch.py", line 337, in fetch
    return await self._inner_fetch(
           ^^^^^^^^^^^^^^^^^^^^^^^^
  File "/usr/local/lib/python3.12/site-packages/playwright/_impl/_fetch.py", line 443, in _inner_fetch
    response = await self._channel.send(
               ^^^^^^^^^^^^^^^^^^^^^^^^^
  File "/usr/local/lib/python3.12/site-packages/playwright/_impl/_connection.py", line 76, in send
    return await self._connection.wrap_api_call(
           ^^^^^^^^^^^^^^^^^^^^^^^^^^^^^^^^^^^^^
  File "/usr/local/lib/python3.12/site-packages/playwright/_impl/_connection.py", line 632, in wrap_api_call
    raise rewrite_error(error, f"{parsed_st['apiName']}: {error}") from None
playwright._impl._errors.Error: APIRequestContext.fetch: getaddrinfo ENOTFOUND interface-engineer-s2-reconstructed-20261004t054140435353z-current
Call log:
  - → POST http://interface-engineer-s2-reconstructed-20261004t054140435353z-current:9090/_test/reset
    - user-agent: Mozilla/5.0 (X11; Linux x86_64) AppleWebKit/537.36 (KHTML, like Gecko) HeadlessChrome/153.0.8010.12 Safari/537.36
    - accept: */*
    - accept-encoding: gzip,deflate,br
    - Content-Type: application/json; charset=utf-8
    - content-length: 1238


FAIL local-end-brussels-historic
Traceback (most recent call last):
  File "sealed-interface-probe.py", line 124, in scenario
  File "sealed-interface-probe.py", line 611, in local_end_display
  File "sealed-interface-probe.py", line 67, in request
  File "sealed-interface-probe.py", line 52, in direct_fetch
  File "/usr/local/lib/python3.12/site-packages/playwright/async_api/_generated.py", line 21676, in fetch
    await self._impl_obj.fetch(
  File "/usr/local/lib/python3.12/site-packages/playwright/_impl/_fetch.py", line 337, in fetch
    return await self._inner_fetch(
           ^^^^^^^^^^^^^^^^^^^^^^^^
  File "/usr/local/lib/python3.12/site-packages/playwright/_impl/_fetch.py", line 443, in _inner_fetch
    response = await self._channel.send(
               ^^^^^^^^^^^^^^^^^^^^^^^^^
  File "/usr/local/lib/python3.12/site-packages/playwright/_impl/_connection.py", line 76, in send
    return await self._connection.wrap_api_call(
           ^^^^^^^^^^^^^^^^^^^^^^^^^^^^^^^^^^^^^
  File "/usr/local/lib/python3.12/site-packages/playwright/_impl/_connection.py", line 632, in wrap_api_call
    raise rewrite_error(error, f"{parsed_st['apiName']}: {error}") from None
playwright._impl._errors.Error: APIRequestContext.fetch: getaddrinfo ENOTFOUND interface-engineer-s2-reconstructed-20261004t054140435353z-current
Call log:
  - → POST http://interface-engineer-s2-reconstructed-20261004t054140435353z-current:9090/_test/reset
    - user-agent: Mozilla/5.0 (X11; Linux x86_64) AppleWebKit/537.36 (KHTML, like Gecko) HeadlessChrome/153.0.8010.12 Safari/537.36
    - accept: */*
    - accept-encoding: gzip,deflate,br
    - Content-Type: application/json; charset=utf-8
    - content-length: 1240


FAIL local-end-new-york-historic
Traceback (most recent call last):
  File "sealed-interface-probe.py", line 124, in scenario
  File "sealed-interface-probe.py", line 611, in local_end_display
  File "sealed-interface-probe.py", line 67, in request
  File "sealed-interface-probe.py", line 52, in direct_fetch
  File "/usr/local/lib/python3.12/site-packages/playwright/async_api/_generated.py", line 21676, in fetch
    await self._impl_obj.fetch(
  File "/usr/local/lib/python3.12/site-packages/playwright/_impl/_fetch.py", line 337, in fetch
    return await self._inner_fetch(
           ^^^^^^^^^^^^^^^^^^^^^^^^
  File "/usr/local/lib/python3.12/site-packages/playwright/_impl/_fetch.py", line 443, in _inner_fetch
    response = await self._channel.send(
               ^^^^^^^^^^^^^^^^^^^^^^^^^
  File "/usr/local/lib/python3.12/site-packages/playwright/_impl/_connection.py", line 76, in send
    return await self._connection.wrap_api_call(
           ^^^^^^^^^^^^^^^^^^^^^^^^^^^^^^^^^^^^^
  File "/usr/local/lib/python3.12/site-packages/playwright/_impl/_connection.py", line 632, in wrap_api_call
    raise rewrite_error(error, f"{parsed_st['apiName']}: {error}") from None
playwright._impl._errors.Error: APIRequestContext.fetch: getaddrinfo ENOTFOUND interface-engineer-s2-reconstructed-20261004t054140435353z-current
Call log:
  - → POST http://interface-engineer-s2-reconstructed-20261004t054140435353z-current:9090/_test/reset
    - user-agent: Mozilla/5.0 (X11; Linux x86_64) AppleWebKit/537.36 (KHTML, like Gecko) HeadlessChrome/153.0.8010.12 Safari/537.36
    - accept: */*
    - accept-encoding: gzip,deflate,br
    - Content-Type: application/json; charset=utf-8
    - content-length: 1241


FAIL local-end-berlin-fall-back
Traceback (most recent call last):
  File "sealed-interface-probe.py", line 124, in scenario
  File "sealed-interface-probe.py", line 611, in local_end_display
  File "sealed-interface-probe.py", line 67, in request
  File "sealed-interface-probe.py", line 52, in direct_fetch
  File "/usr/local/lib/python3.12/site-packages/playwright/async_api/_generated.py", line 21676, in fetch
    await self._impl_obj.fetch(
  File "/usr/local/lib/python3.12/site-packages/playwright/_impl/_fetch.py", line 337, in fetch
    return await self._inner_fetch(
           ^^^^^^^^^^^^^^^^^^^^^^^^
  File "/usr/local/lib/python3.12/site-packages/playwright/_impl/_fetch.py", line 443, in _inner_fetch
    response = await self._channel.send(
               ^^^^^^^^^^^^^^^^^^^^^^^^^
  File "/usr/local/lib/python3.12/site-packages/playwright/_impl/_connection.py", line 76, in send
    return await self._connection.wrap_api_call(
           ^^^^^^^^^^^^^^^^^^^^^^^^^^^^^^^^^^^^^
  File "/usr/local/lib/python3.12/site-packages/playwright/_impl/_connection.py", line 632, in wrap_api_call
    raise rewrite_error(error, f"{parsed_st['apiName']}: {error}") from None
playwright._impl._errors.Error: APIRequestContext.fetch: getaddrinfo ENOTFOUND interface-engineer-s2-reconstructed-20261004t054140435353z-current
Call log:
  - → POST http://interface-engineer-s2-reconstructed-20261004t054140435353z-current:9090/_test/reset
    - user-agent: Mozilla/5.0 (X11; Linux x86_64) AppleWebKit/537.36 (KHTML, like Gecko) HeadlessChrome/153.0.8010.12 Safari/537.36
    - accept: */*
    - accept-encoding: gzip,deflate,br
    - Content-Type: application/json; charset=utf-8
    - content-length: 1238


FAIL local-end-new-york-fall-back
Traceback (most recent call last):
  File "sealed-interface-probe.py", line 124, in scenario
  File "sealed-interface-probe.py", line 611, in local_end_display
  File "sealed-interface-probe.py", line 67, in request
  File "sealed-interface-probe.py", line 52, in direct_fetch
  File "/usr/local/lib/python3.12/site-packages/playwright/async_api/_generated.py", line 21676, in fetch
    await self._impl_obj.fetch(
  File "/usr/local/lib/python3.12/site-packages/playwright/_impl/_fetch.py", line 337, in fetch
    return await self._inner_fetch(
           ^^^^^^^^^^^^^^^^^^^^^^^^
  File "/usr/local/lib/python3.12/site-packages/playwright/_impl/_fetch.py", line 443, in _inner_fetch
    response = await self._channel.send(
               ^^^^^^^^^^^^^^^^^^^^^^^^^
  File "/usr/local/lib/python3.12/site-packages/playwright/_impl/_connection.py", line 76, in send
    return await self._connection.wrap_api_call(
           ^^^^^^^^^^^^^^^^^^^^^^^^^^^^^^^^^^^^^
  File "/usr/local/lib/python3.12/site-packages/playwright/_impl/_connection.py", line 632, in wrap_api_call
    raise rewrite_error(error, f"{parsed_st['apiName']}: {error}") from None
playwright._impl._errors.Error: APIRequestContext.fetch: getaddrinfo ENOTFOUND interface-engineer-s2-reconstructed-20261004t054140435353z-current
Call log:
  - → POST http://interface-engineer-s2-reconstructed-20261004t054140435353z-current:9090/_test/reset
    - user-agent: Mozilla/5.0 (X11; Linux x86_64) AppleWebKit/537.36 (KHTML, like Gecko) HeadlessChrome/153.0.8010.12 Safari/537.36
    - accept: */*
    - accept-encoding: gzip,deflate,br
    - Content-Type: application/json; charset=utf-8
    - content-length: 1241


FAIL local-end-berlin-spring
Traceback (most recent call last):
  File "sealed-interface-probe.py", line 124, in scenario
  File "sealed-interface-probe.py", line 611, in local_end_display
  File "sealed-interface-probe.py", line 67, in request
  File "sealed-interface-probe.py", line 52, in direct_fetch
  File "/usr/local/lib/python3.12/site-packages/playwright/async_api/_generated.py", line 21676, in fetch
    await self._impl_obj.fetch(
  File "/usr/local/lib/python3.12/site-packages/playwright/_impl/_fetch.py", line 337, in fetch
    return await self._inner_fetch(
           ^^^^^^^^^^^^^^^^^^^^^^^^
  File "/usr/local/lib/python3.12/site-packages/playwright/_impl/_fetch.py", line 443, in _inner_fetch
    response = await self._channel.send(
               ^^^^^^^^^^^^^^^^^^^^^^^^^
  File "/usr/local/lib/python3.12/site-packages/playwright/_impl/_connection.py", line 76, in send
    return await self._connection.wrap_api_call(
           ^^^^^^^^^^^^^^^^^^^^^^^^^^^^^^^^^^^^^
  File "/usr/local/lib/python3.12/site-packages/playwright/_impl/_connection.py", line 632, in wrap_api_call
    raise rewrite_error(error, f"{parsed_st['apiName']}: {error}") from None
playwright._impl._errors.Error: APIRequestContext.fetch: getaddrinfo ENOTFOUND interface-engineer-s2-reconstructed-20261004t054140435353z-current
Call log:
  - → POST http://interface-engineer-s2-reconstructed-20261004t054140435353z-current:9090/_test/reset
    - user-agent: Mozilla/5.0 (X11; Linux x86_64) AppleWebKit/537.36 (KHTML, like Gecko) HeadlessChrome/153.0.8010.12 Safari/537.36
    - accept: */*
    - accept-encoding: gzip,deflate,br
    - Content-Type: application/json; charset=utf-8
    - content-length: 1238


FAIL local-end-new-york-spring
Traceback (most recent call last):
  File "sealed-interface-probe.py", line 124, in scenario
  File "sealed-interface-probe.py", line 611, in local_end_display
  File "sealed-interface-probe.py", line 67, in request
  File "sealed-interface-probe.py", line 52, in direct_fetch
  File "/usr/local/lib/python3.12/site-packages/playwright/async_api/_generated.py", line 21676, in fetch
    await self._impl_obj.fetch(
  File "/usr/local/lib/python3.12/site-packages/playwright/_impl/_fetch.py", line 337, in fetch
    return await self._inner_fetch(
           ^^^^^^^^^^^^^^^^^^^^^^^^
  File "/usr/local/lib/python3.12/site-packages/playwright/_impl/_fetch.py", line 443, in _inner_fetch
    response = await self._channel.send(
               ^^^^^^^^^^^^^^^^^^^^^^^^^
  File "/usr/local/lib/python3.12/site-packages/playwright/_impl/_connection.py", line 76, in send
    return await self._connection.wrap_api_call(
           ^^^^^^^^^^^^^^^^^^^^^^^^^^^^^^^^^^^^^
  File "/usr/local/lib/python3.12/site-packages/playwright/_impl/_connection.py", line 632, in wrap_api_call
    raise rewrite_error(error, f"{parsed_st['apiName']}: {error}") from None
playwright._impl._errors.Error: APIRequestContext.fetch: getaddrinfo ENOTFOUND interface-engineer-s2-reconstructed-20261004t054140435353z-current
Call log:
  - → POST http://interface-engineer-s2-reconstructed-20261004t054140435353z-current:9090/_test/reset
    - user-agent: Mozilla/5.0 (X11; Linux x86_64) AppleWebKit/537.36 (KHTML, like Gecko) HeadlessChrome/153.0.8010.12 Safari/537.36
    - accept: */*
    - accept-encoding: gzip,deflate,br
    - Content-Type: application/json; charset=utf-8
    - content-length: 1241


FAIL local-end-last-calendar-date
Traceback (most recent call last):
  File "sealed-interface-probe.py", line 124, in scenario
  File "sealed-interface-probe.py", line 611, in local_end_display
  File "sealed-interface-probe.py", line 67, in request
  File "sealed-interface-probe.py", line 52, in direct_fetch
  File "/usr/local/lib/python3.12/site-packages/playwright/async_api/_generated.py", line 21676, in fetch
    await self._impl_obj.fetch(
  File "/usr/local/lib/python3.12/site-packages/playwright/_impl/_fetch.py", line 337, in fetch
    return await self._inner_fetch(
           ^^^^^^^^^^^^^^^^^^^^^^^^
  File "/usr/local/lib/python3.12/site-packages/playwright/_impl/_fetch.py", line 443, in _inner_fetch
    response = await self._channel.send(
               ^^^^^^^^^^^^^^^^^^^^^^^^^
  File "/usr/local/lib/python3.12/site-packages/playwright/_impl/_connection.py", line 76, in send
    return await self._connection.wrap_api_call(
           ^^^^^^^^^^^^^^^^^^^^^^^^^^^^^^^^^^^^^
  File "/usr/local/lib/python3.12/site-packages/playwright/_impl/_connection.py", line 632, in wrap_api_call
    raise rewrite_error(error, f"{parsed_st['apiName']}: {error}") from None
playwright._impl._errors.Error: APIRequestContext.fetch: getaddrinfo ENOTFOUND interface-engineer-s2-reconstructed-20261004t054140435353z-current
Call log:
  - → POST http://interface-engineer-s2-reconstructed-20261004t054140435353z-current:9090/_test/reset
    - user-agent: Mozilla/5.0 (X11; Linux x86_64) AppleWebKit/537.36 (KHTML, like Gecko) HeadlessChrome/153.0.8010.12 Safari/537.36
    - accept: */*
    - accept-encoding: gzip,deflate,br
    - Content-Type: application/json; charset=utf-8
    - content-length: 1228


FAIL local-end-legacy-berlin
Traceback (most recent call last):
  File "sealed-interface-probe.py", line 124, in scenario
  File "sealed-interface-probe.py", line 593, in local_end_display
  File "sealed-interface-probe.py", line 67, in request
  File "sealed-interface-probe.py", line 52, in direct_fetch
  File "/usr/local/lib/python3.12/site-packages/playwright/async_api/_generated.py", line 21676, in fetch
    await self._impl_obj.fetch(
  File "/usr/local/lib/python3.12/site-packages/playwright/_impl/_fetch.py", line 337, in fetch
    return await self._inner_fetch(
           ^^^^^^^^^^^^^^^^^^^^^^^^
  File "/usr/local/lib/python3.12/site-packages/playwright/_impl/_fetch.py", line 443, in _inner_fetch
    response = await self._channel.send(
               ^^^^^^^^^^^^^^^^^^^^^^^^^
  File "/usr/local/lib/python3.12/site-packages/playwright/_impl/_connection.py", line 76, in send
    return await self._connection.wrap_api_call(
           ^^^^^^^^^^^^^^^^^^^^^^^^^^^^^^^^^^^^^
  File "/usr/local/lib/python3.12/site-packages/playwright/_impl/_connection.py", line 632, in wrap_api_call
    raise rewrite_error(error, f"{parsed_st['apiName']}: {error}") from None
playwright._impl._errors.Error: APIRequestContext.fetch: getaddrinfo ENOTFOUND interface-engineer-s2-reconstructed-20261004t054140435353z-historic
Call log:
  - → POST http://interface-engineer-s2-reconstructed-20261004t054140435353z-historic:8080/_test/reset
    - user-agent: Mozilla/5.0 (X11; Linux x86_64) AppleWebKit/537.36 (KHTML, like Gecko) HeadlessChrome/153.0.8010.12 Safari/537.36
    - accept: */*
    - accept-encoding: gzip,deflate,br
    - Content-Type: application/json; charset=utf-8
    - content-length: 998


FAIL local-end-legacy-brussels
Traceback (most recent call last):
  File "sealed-interface-probe.py", line 124, in scenario
  File "sealed-interface-probe.py", line 593, in local_end_display
  File "sealed-interface-probe.py", line 67, in request
  File "sealed-interface-probe.py", line 52, in direct_fetch
  File "/usr/local/lib/python3.12/site-packages/playwright/async_api/_generated.py", line 21676, in fetch
    await self._impl_obj.fetch(
  File "/usr/local/lib/python3.12/site-packages/playwright/_impl/_fetch.py", line 337, in fetch
    return await self._inner_fetch(
           ^^^^^^^^^^^^^^^^^^^^^^^^
  File "/usr/local/lib/python3.12/site-packages/playwright/_impl/_fetch.py", line 443, in _inner_fetch
    response = await self._channel.send(
               ^^^^^^^^^^^^^^^^^^^^^^^^^
  File "/usr/local/lib/python3.12/site-packages/playwright/_impl/_connection.py", line 76, in send
    return await self._connection.wrap_api_call(
           ^^^^^^^^^^^^^^^^^^^^^^^^^^^^^^^^^^^^^
  File "/usr/local/lib/python3.12/site-packages/playwright/_impl/_connection.py", line 632, in wrap_api_call
    raise rewrite_error(error, f"{parsed_st['apiName']}: {error}") from None
playwright._impl._errors.Error: APIRequestContext.fetch: getaddrinfo ENOTFOUND interface-engineer-s2-reconstructed-20261004t054140435353z-historic
Call log:
  - → POST http://interface-engineer-s2-reconstructed-20261004t054140435353z-historic:8080/_test/reset
    - user-agent: Mozilla/5.0 (X11; Linux x86_64) AppleWebKit/537.36 (KHTML, like Gecko) HeadlessChrome/153.0.8010.12 Safari/537.36
    - accept: */*
    - accept-encoding: gzip,deflate,br
    - Content-Type: application/json; charset=utf-8
    - content-length: 1000


FAIL local-end-legacy-new-york
Traceback (most recent call last):
  File "sealed-interface-probe.py", line 124, in scenario
  File "sealed-interface-probe.py", line 593, in local_end_display
  File "sealed-interface-probe.py", line 67, in request
  File "sealed-interface-probe.py", line 52, in direct_fetch
  File "/usr/local/lib/python3.12/site-packages/playwright/async_api/_generated.py", line 21676, in fetch
    await self._impl_obj.fetch(
  File "/usr/local/lib/python3.12/site-packages/playwright/_impl/_fetch.py", line 337, in fetch
    return await self._inner_fetch(
           ^^^^^^^^^^^^^^^^^^^^^^^^
  File "/usr/local/lib/python3.12/site-packages/playwright/_impl/_fetch.py", line 443, in _inner_fetch
    response = await self._channel.send(
               ^^^^^^^^^^^^^^^^^^^^^^^^^
  File "/usr/local/lib/python3.12/site-packages/playwright/_impl/_connection.py", line 76, in send
    return await self._connection.wrap_api_call(
           ^^^^^^^^^^^^^^^^^^^^^^^^^^^^^^^^^^^^^
  File "/usr/local/lib/python3.12/site-packages/playwright/_impl/_connection.py", line 632, in wrap_api_call
    raise rewrite_error(error, f"{parsed_st['apiName']}: {error}") from None
playwright._impl._errors.Error: APIRequestContext.fetch: getaddrinfo ENOTFOUND interface-engineer-s2-reconstructed-20261004t054140435353z-historic
Call log:
  - → POST http://interface-engineer-s2-reconstructed-20261004t054140435353z-historic:8080/_test/reset
    - user-agent: Mozilla/5.0 (X11; Linux x86_64) AppleWebKit/537.36 (KHTML, like Gecko) HeadlessChrome/153.0.8010.12 Safari/537.36
    - accept: */*
    - accept-encoding: gzip,deflate,br
    - Content-Type: application/json; charset=utf-8
    - content-length: 1001


FAIL integral-wire-9007199254740993.0
Traceback (most recent call last):
  File "sealed-interface-probe.py", line 124, in scenario
  File "sealed-interface-probe.py", line 688, in integral_wire_presentation
  File "sealed-interface-probe.py", line 67, in request
  File "sealed-interface-probe.py", line 52, in direct_fetch
  File "/usr/local/lib/python3.12/site-packages/playwright/async_api/_generated.py", line 21676, in fetch
    await self._impl_obj.fetch(
  File "/usr/local/lib/python3.12/site-packages/playwright/_impl/_fetch.py", line 337, in fetch
    return await self._inner_fetch(
           ^^^^^^^^^^^^^^^^^^^^^^^^
  File "/usr/local/lib/python3.12/site-packages/playwright/_impl/_fetch.py", line 443, in _inner_fetch
    response = await self._channel.send(
               ^^^^^^^^^^^^^^^^^^^^^^^^^
  File "/usr/local/lib/python3.12/site-packages/playwright/_impl/_connection.py", line 76, in send
    return await self._connection.wrap_api_call(
           ^^^^^^^^^^^^^^^^^^^^^^^^^^^^^^^^^^^^^
  File "/usr/local/lib/python3.12/site-packages/playwright/_impl/_connection.py", line 632, in wrap_api_call
    raise rewrite_error(error, f"{parsed_st['apiName']}: {error}") from None
playwright._impl._errors.Error: APIRequestContext.fetch: getaddrinfo ENOTFOUND interface-engineer-s2-reconstructed-20261004t054140435353z-current
Call log:
  - → POST http://interface-engineer-s2-reconstructed-20261004t054140435353z-current:9090/_test/reset
    - user-agent: Mozilla/5.0 (X11; Linux x86_64) AppleWebKit/537.36 (KHTML, like Gecko) HeadlessChrome/153.0.8010.12 Safari/537.36
    - accept: */*
    - accept-encoding: gzip,deflate,br
    - Content-Type: application/json; charset=utf-8
    - content-length: 1520


FAIL integral-wire-9007199254740993e0
Traceback (most recent call last):
  File "sealed-interface-probe.py", line 124, in scenario
  File "sealed-interface-probe.py", line 688, in integral_wire_presentation
  File "sealed-interface-probe.py", line 67, in request
  File "sealed-interface-probe.py", line 52, in direct_fetch
  File "/usr/local/lib/python3.12/site-packages/playwright/async_api/_generated.py", line 21676, in fetch
    await self._impl_obj.fetch(
  File "/usr/local/lib/python3.12/site-packages/playwright/_impl/_fetch.py", line 337, in fetch
    return await self._inner_fetch(
           ^^^^^^^^^^^^^^^^^^^^^^^^
  File "/usr/local/lib/python3.12/site-packages/playwright/_impl/_fetch.py", line 443, in _inner_fetch
    response = await self._channel.send(
               ^^^^^^^^^^^^^^^^^^^^^^^^^
  File "/usr/local/lib/python3.12/site-packages/playwright/_impl/_connection.py", line 76, in send
    return await self._connection.wrap_api_call(
           ^^^^^^^^^^^^^^^^^^^^^^^^^^^^^^^^^^^^^
  File "/usr/local/lib/python3.12/site-packages/playwright/_impl/_connection.py", line 632, in wrap_api_call
    raise rewrite_error(error, f"{parsed_st['apiName']}: {error}") from None
playwright._impl._errors.Error: APIRequestContext.fetch: getaddrinfo ENOTFOUND interface-engineer-s2-reconstructed-20261004t054140435353z-current
Call log:
  - → POST http://interface-engineer-s2-reconstructed-20261004t054140435353z-current:9090/_test/reset
    - user-agent: Mozilla/5.0 (X11; Linux x86_64) AppleWebKit/537.36 (KHTML, like Gecko) HeadlessChrome/153.0.8010.12 Safari/537.36
    - accept: */*
    - accept-encoding: gzip,deflate,br
    - Content-Type: application/json; charset=utf-8
    - content-length: 1520


FAIL integral-wire-90071992547409930e-1
Traceback (most recent call last):
  File "sealed-interface-probe.py", line 124, in scenario
  File "sealed-interface-probe.py", line 688, in integral_wire_presentation
  File "sealed-interface-probe.py", line 67, in request
  File "sealed-interface-probe.py", line 52, in direct_fetch
  File "/usr/local/lib/python3.12/site-packages/playwright/async_api/_generated.py", line 21676, in fetch
    await self._impl_obj.fetch(
  File "/usr/local/lib/python3.12/site-packages/playwright/_impl/_fetch.py", line 337, in fetch
    return await self._inner_fetch(
           ^^^^^^^^^^^^^^^^^^^^^^^^
  File "/usr/local/lib/python3.12/site-packages/playwright/_impl/_fetch.py", line 443, in _inner_fetch
    response = await self._channel.send(
               ^^^^^^^^^^^^^^^^^^^^^^^^^
  File "/usr/local/lib/python3.12/site-packages/playwright/_impl/_connection.py", line 76, in send
    return await self._connection.wrap_api_call(
           ^^^^^^^^^^^^^^^^^^^^^^^^^^^^^^^^^^^^^
  File "/usr/local/lib/python3.12/site-packages/playwright/_impl/_connection.py", line 632, in wrap_api_call
    raise rewrite_error(error, f"{parsed_st['apiName']}: {error}") from None
playwright._impl._errors.Error: APIRequestContext.fetch: getaddrinfo ENOTFOUND interface-engineer-s2-reconstructed-20261004t054140435353z-current
Call log:
  - → POST http://interface-engineer-s2-reconstructed-20261004t054140435353z-current:9090/_test/reset
    - user-agent: Mozilla/5.0 (X11; Linux x86_64) AppleWebKit/537.36 (KHTML, like Gecko) HeadlessChrome/153.0.8010.12 Safari/537.36
    - accept: */*
    - accept-encoding: gzip,deflate,br
    - Content-Type: application/json; charset=utf-8
    - content-length: 1522


FAIL integral-wire-9.007199254740993E+15
Traceback (most recent call last):
  File "sealed-interface-probe.py", line 124, in scenario
  File "sealed-interface-probe.py", line 688, in integral_wire_presentation
  File "sealed-interface-probe.py", line 67, in request
  File "sealed-interface-probe.py", line 52, in direct_fetch
  File "/usr/local/lib/python3.12/site-packages/playwright/async_api/_generated.py", line 21676, in fetch
    await self._impl_obj.fetch(
  File "/usr/local/lib/python3.12/site-packages/playwright/_impl/_fetch.py", line 337, in fetch
    return await self._inner_fetch(
           ^^^^^^^^^^^^^^^^^^^^^^^^
  File "/usr/local/lib/python3.12/site-packages/playwright/_impl/_fetch.py", line 443, in _inner_fetch
    response = await self._channel.send(
               ^^^^^^^^^^^^^^^^^^^^^^^^^
  File "/usr/local/lib/python3.12/site-packages/playwright/_impl/_connection.py", line 76, in send
    return await self._connection.wrap_api_call(
           ^^^^^^^^^^^^^^^^^^^^^^^^^^^^^^^^^^^^^
  File "/usr/local/lib/python3.12/site-packages/playwright/_impl/_connection.py", line 632, in wrap_api_call
    raise rewrite_error(error, f"{parsed_st['apiName']}: {error}") from None
playwright._impl._errors.Error: APIRequestContext.fetch: getaddrinfo ENOTFOUND interface-engineer-s2-reconstructed-20261004t054140435353z-current
Call log:
  - → POST http://interface-engineer-s2-reconstructed-20261004t054140435353z-current:9090/_test/reset
    - user-agent: Mozilla/5.0 (X11; Linux x86_64) AppleWebKit/537.36 (KHTML, like Gecko) HeadlessChrome/153.0.8010.12 Safari/537.36
    - accept: */*
    - accept-encoding: gzip,deflate,br
    - Content-Type: application/json; charset=utf-8
    - content-length: 1523


FAIL integral-wire-0.9007199254740993e16
Traceback (most recent call last):
  File "sealed-interface-probe.py", line 124, in scenario
  File "sealed-interface-probe.py", line 688, in integral_wire_presentation
  File "sealed-interface-probe.py", line 67, in request
  File "sealed-interface-probe.py", line 52, in direct_fetch
  File "/usr/local/lib/python3.12/site-packages/playwright/async_api/_generated.py", line 21676, in fetch
    await self._impl_obj.fetch(
  File "/usr/local/lib/python3.12/site-packages/playwright/_impl/_fetch.py", line 337, in fetch
    return await self._inner_fetch(
           ^^^^^^^^^^^^^^^^^^^^^^^^
  File "/usr/local/lib/python3.12/site-packages/playwright/_impl/_fetch.py", line 443, in _inner_fetch
    response = await self._channel.send(
               ^^^^^^^^^^^^^^^^^^^^^^^^^
  File "/usr/local/lib/python3.12/site-packages/playwright/_impl/_connection.py", line 76, in send
    return await self._connection.wrap_api_call(
           ^^^^^^^^^^^^^^^^^^^^^^^^^^^^^^^^^^^^^
  File "/usr/local/lib/python3.12/site-packages/playwright/_impl/_connection.py", line 632, in wrap_api_call
    raise rewrite_error(error, f"{parsed_st['apiName']}: {error}") from None
playwright._impl._errors.Error: APIRequestContext.fetch: getaddrinfo ENOTFOUND interface-engineer-s2-reconstructed-20261004t054140435353z-current
Call log:
  - → POST http://interface-engineer-s2-reconstructed-20261004t054140435353z-current:9090/_test/reset
    - user-agent: Mozilla/5.0 (X11; Linux x86_64) AppleWebKit/537.36 (KHTML, like Gecko) HeadlessChrome/153.0.8010.12 Safari/537.36
    - accept: */*
    - accept-encoding: gzip,deflate,br
    - Content-Type: application/json; charset=utf-8
    - content-length: 1523


FAIL opaque-unicode-identifiers
Traceback (most recent call last):
  File "sealed-interface-probe.py", line 124, in scenario
  File "sealed-interface-probe.py", line 717, in opaque_identifiers
  File "sealed-interface-probe.py", line 67, in request
  File "sealed-interface-probe.py", line 52, in direct_fetch
  File "/usr/local/lib/python3.12/site-packages/playwright/async_api/_generated.py", line 21676, in fetch
    await self._impl_obj.fetch(
  File "/usr/local/lib/python3.12/site-packages/playwright/_impl/_fetch.py", line 337, in fetch
    return await self._inner_fetch(
           ^^^^^^^^^^^^^^^^^^^^^^^^
  File "/usr/local/lib/python3.12/site-packages/playwright/_impl/_fetch.py", line 443, in _inner_fetch
    response = await self._channel.send(
               ^^^^^^^^^^^^^^^^^^^^^^^^^
  File "/usr/local/lib/python3.12/site-packages/playwright/_impl/_connection.py", line 76, in send
    return await self._connection.wrap_api_call(
           ^^^^^^^^^^^^^^^^^^^^^^^^^^^^^^^^^^^^^
  File "/usr/local/lib/python3.12/site-packages/playwright/_impl/_connection.py", line 632, in wrap_api_call
    raise rewrite_error(error, f"{parsed_st['apiName']}: {error}") from None
playwright._impl._errors.Error: APIRequestContext.fetch: getaddrinfo ENOTFOUND interface-engineer-s2-reconstructed-20261004t054140435353z-current
Call log:
  - → POST http://interface-engineer-s2-reconstructed-20261004t054140435353z-current:9090/_test/reset
    - user-agent: Mozilla/5.0 (X11; Linux x86_64) AppleWebKit/537.36 (KHTML, like Gecko) HeadlessChrome/153.0.8010.12 Safari/537.36
    - accept: */*
    - accept-encoding: gzip,deflate,br
    - Content-Type: application/json; charset=utf-8
    - content-length: 1765


FAIL upgrade-historic-stage1
Traceback (most recent call last):
  File "sealed-interface-probe.py", line 124, in scenario
  File "sealed-interface-probe.py", line 283, in lost_response
  File "sealed-interface-probe.py", line 75, in reset
  File "sealed-interface-probe.py", line 67, in request
  File "sealed-interface-probe.py", line 52, in direct_fetch
  File "/usr/local/lib/python3.12/site-packages/playwright/async_api/_generated.py", line 21676, in fetch
    await self._impl_obj.fetch(
  File "/usr/local/lib/python3.12/site-packages/playwright/_impl/_fetch.py", line 337, in fetch
    return await self._inner_fetch(
           ^^^^^^^^^^^^^^^^^^^^^^^^
  File "/usr/local/lib/python3.12/site-packages/playwright/_impl/_fetch.py", line 443, in _inner_fetch
    response = await self._channel.send(
               ^^^^^^^^^^^^^^^^^^^^^^^^^
  File "/usr/local/lib/python3.12/site-packages/playwright/_impl/_connection.py", line 76, in send
    return await self._connection.wrap_api_call(
           ^^^^^^^^^^^^^^^^^^^^^^^^^^^^^^^^^^^^^
  File "/usr/local/lib/python3.12/site-packages/playwright/_impl/_connection.py", line 632, in wrap_api_call
    raise rewrite_error(error, f"{parsed_st['apiName']}: {error}") from None
playwright._impl._errors.Error: APIRequestContext.fetch: getaddrinfo ENOTFOUND interface-engineer-s2-reconstructed-20261004t054140435353z-historic
Call log:
  - → POST http://interface-engineer-s2-reconstructed-20261004t054140435353z-historic:8080/_test/reset
    - user-agent: Mozilla/5.0 (X11; Linux x86_64) AppleWebKit/537.36 (KHTML, like Gecko) HeadlessChrome/153.0.8010.12 Safari/537.36
    - accept: */*
    - accept-encoding: gzip,deflate,br
    - Content-Type: application/json; charset=utf-8
    - content-length: 1539


FAIL upgrade-old-stage2-single
Traceback (most recent call last):
  File "sealed-interface-probe.py", line 124, in scenario
  File "sealed-interface-probe.py", line 283, in lost_response
  File "sealed-interface-probe.py", line 75, in reset
  File "sealed-interface-probe.py", line 67, in request
  File "sealed-interface-probe.py", line 52, in direct_fetch
  File "/usr/local/lib/python3.12/site-packages/playwright/async_api/_generated.py", line 21676, in fetch
    await self._impl_obj.fetch(
  File "/usr/local/lib/python3.12/site-packages/playwright/_impl/_fetch.py", line 337, in fetch
    return await self._inner_fetch(
           ^^^^^^^^^^^^^^^^^^^^^^^^
  File "/usr/local/lib/python3.12/site-packages/playwright/_impl/_fetch.py", line 443, in _inner_fetch
    response = await self._channel.send(
               ^^^^^^^^^^^^^^^^^^^^^^^^^
  File "/usr/local/lib/python3.12/site-packages/playwright/_impl/_connection.py", line 76, in send
    return await self._connection.wrap_api_call(
           ^^^^^^^^^^^^^^^^^^^^^^^^^^^^^^^^^^^^^
  File "/usr/local/lib/python3.12/site-packages/playwright/_impl/_connection.py", line 632, in wrap_api_call
    raise rewrite_error(error, f"{parsed_st['apiName']}: {error}") from None
playwright._impl._errors.Error: APIRequestContext.fetch: getaddrinfo ENOTFOUND interface-engineer-s2-reconstructed-20261004t054140435353z-old-stage2
Call log:
  - → POST http://interface-engineer-s2-reconstructed-20261004t054140435353z-old-stage2:8080/_test/reset
    - user-agent: Mozilla/5.0 (X11; Linux x86_64) AppleWebKit/537.36 (KHTML, like Gecko) HeadlessChrome/153.0.8010.12 Safari/537.36
    - accept: */*
    - accept-encoding: gzip,deflate,br
    - Content-Type: application/json; charset=utf-8
    - content-length: 1625


FAIL upgrade-old-stage2-pair
Traceback (most recent call last):
  File "sealed-interface-probe.py", line 124, in scenario
  File "sealed-interface-probe.py", line 283, in lost_response
  File "sealed-interface-probe.py", line 75, in reset
  File "sealed-interface-probe.py", line 67, in request
  File "sealed-interface-probe.py", line 52, in direct_fetch
  File "/usr/local/lib/python3.12/site-packages/playwright/async_api/_generated.py", line 21676, in fetch
    await self._impl_obj.fetch(
  File "/usr/local/lib/python3.12/site-packages/playwright/_impl/_fetch.py", line 337, in fetch
    return await self._inner_fetch(
           ^^^^^^^^^^^^^^^^^^^^^^^^
  File "/usr/local/lib/python3.12/site-packages/playwright/_impl/_fetch.py", line 443, in _inner_fetch
    response = await self._channel.send(
               ^^^^^^^^^^^^^^^^^^^^^^^^^
  File "/usr/local/lib/python3.12/site-packages/playwright/_impl/_connection.py", line 76, in send
    return await self._connection.wrap_api_call(
           ^^^^^^^^^^^^^^^^^^^^^^^^^^^^^^^^^^^^^
  File "/usr/local/lib/python3.12/site-packages/playwright/_impl/_connection.py", line 632, in wrap_api_call
    raise rewrite_error(error, f"{parsed_st['apiName']}: {error}") from None
playwright._impl._errors.Error: APIRequestContext.fetch: getaddrinfo ENOTFOUND interface-engineer-s2-reconstructed-20261004t054140435353z-old-stage2
Call log:
  - → POST http://interface-engineer-s2-reconstructed-20261004t054140435353z-old-stage2:8080/_test/reset
    - user-agent: Mozilla/5.0 (X11; Linux x86_64) AppleWebKit/537.36 (KHTML, like Gecko) HeadlessChrome/153.0.8010.12 Safari/537.36
    - accept: */*
    - accept-encoding: gzip,deflate,br
    - Content-Type: application/json; charset=utf-8
    - content-length: 1625


