#0 building with "desktop-linux" instance using docker driver

#1 [internal] load build definition from Dockerfile
#1 transferring dockerfile: 557B done
#1 DONE 0.0s

#2 [internal] load metadata for docker.io/library/python:3.12-slim-bookworm
#2 DONE 0.2s

#3 [internal] load .dockerignore
#3 transferring context: 88B done
#3 DONE 0.0s

#4 [1/6] FROM docker.io/library/python:3.12-slim-bookworm@sha256:54c85f3c47607a77f32adec749d3c81d1348bf25833671f512b26a9b6d778cb3
#4 resolve docker.io/library/python:3.12-slim-bookworm@sha256:54c85f3c47607a77f32adec749d3c81d1348bf25833671f512b26a9b6d778cb3 done
#4 DONE 0.0s

#5 [internal] load build context
#5 transferring context: 96.48kB done
#5 DONE 0.0s

#6 [3/6] WORKDIR /app
#6 CACHED

#7 [4/6] COPY server.py core.py ./
#7 CACHED

#8 [2/6] RUN apt-get update     && DEBIAN_FRONTEND=noninteractive apt-get install -y --no-install-recommends tzdata     && rm -rf /var/lib/apt/lists/*
#8 CACHED

#9 [5/6] COPY web ./web
#9 CACHED

#10 [6/6] RUN python -c "import ast,pathlib; [ast.parse(p.read_text()) for p in pathlib.Path('.').glob('*.py')]"
#10 CACHED

#11 exporting to image
#11 exporting layers done
#11 exporting manifest sha256:5483a71b7b64a0efeae6a47cfacdeeef7ccdf5d65af12b555182e3d2c31bee48 done
#11 exporting config sha256:d8f65cd95ea2934dba4af1329eaf6df48afbde345df87fec4a9d24f1d14749cb done
#11 exporting attestation manifest sha256:1ce4199d439f9688f27c3c0bc6be1f402dcbb2314bb6f8a2086143156dcccab4 done
#11 exporting manifest list sha256:7262fec40073adba32c51549111147330ee0a49b3c1550114657140f205f992f done
#11 naming to docker.io/library/interface-engineer-tablekeeper-old-stage2:reconstructed-20261004t054140435353z done
#11 unpacking to docker.io/library/interface-engineer-tablekeeper-old-stage2:reconstructed-20261004t054140435353z done
#11 DONE 0.0s
