#0 building with "desktop-linux" instance using docker driver

#1 [internal] load build definition from Dockerfile
#1 transferring dockerfile: 556B done
#1 DONE 0.0s

#2 [internal] load metadata for docker.io/library/python:3.12-slim-bookworm
#2 DONE 0.4s

#3 [internal] load .dockerignore
#3 transferring context: 89B done
#3 DONE 0.0s

#4 [1/5] FROM docker.io/library/python:3.12-slim-bookworm@sha256:54c85f3c47607a77f32adec749d3c81d1348bf25833671f512b26a9b6d778cb3
#4 resolve docker.io/library/python:3.12-slim-bookworm@sha256:54c85f3c47607a77f32adec749d3c81d1348bf25833671f512b26a9b6d778cb3 0.0s done
#4 DONE 0.0s

#5 [internal] load build context
#5 transferring context: 52.14kB done
#5 DONE 0.0s

#6 [2/5] RUN apt-get update     && DEBIAN_FRONTEND=noninteractive apt-get install -y --no-install-recommends tzdata     && rm -rf /var/lib/apt/lists/*
#6 CACHED

#7 [3/5] WORKDIR /app
#7 CACHED

#8 [4/5] COPY server.py core.py json_codec.py ./
#8 CACHED

#9 [5/5] RUN python -c "import ast,pathlib; [ast.parse(p.read_text()) for p in pathlib.Path('.').glob('*.py')]"
#9 CACHED

#10 exporting to image
#10 exporting layers done
#10 exporting manifest sha256:6ad1ab20a0fcade3066c593a30dbb4ccc5230d84f49539165de94e525a1c3dfe done
#10 exporting config sha256:075fc0d772bacb2b88c180fa567f75bd3c2d681691d105fec8efdb7d874fe8c9 done
#10 exporting attestation manifest sha256:024d62fd9a8678cd690dc630d6d250aa04f8dd3ab14972ec83121a0a01c0b36e done
#10 exporting manifest list sha256:76565a8183898863365ca7f80c16c8d4f32ccebe448e2cee9db581493bccd1b9 done
#10 naming to docker.io/library/interface-engineer-tablekeeper-s1:json-adapter-20261004t033925189730z done
#10 unpacking to docker.io/library/interface-engineer-tablekeeper-s1:json-adapter-20261004t033925189730z done
#10 DONE 0.0s
