Engine/response failure: JsonCodecError
{
  "scope": "Synthetic packaged HTTP adapter/codec fixture only; no Tablekeeper state or transaction claim",
  "operations": 83,
  "assertions": 292,
  "passed": 292,
  "failed": 0,
  "elapsed_seconds": 0.541297333000017,
  "checks": [
    {
      "name": "JSON UTF-8 media type",
      "passed": true
    },
    {
      "name": "Exact encoded Content-Length",
      "passed": true
    },
    {
      "name": "Request under five seconds",
      "passed": true
    },
    {
      "name": "Exact synthetic numeric/Unicode echo",
      "passed": true
    },
    {
      "name": "Original target and case-insensitive headers",
      "passed": true
    },
    {
      "name": "JSON UTF-8 media type",
      "passed": true
    },
    {
      "name": "Exact encoded Content-Length",
      "passed": true
    },
    {
      "name": "Request under five seconds",
      "passed": true
    },
    {
      "name": "Exact synthetic numeric/Unicode echo",
      "passed": true
    },
    {
      "name": "Original target and case-insensitive headers",
      "passed": true
    },
    {
      "name": "JSON UTF-8 media type",
      "passed": true
    },
    {
      "name": "Exact encoded Content-Length",
      "passed": true
    },
    {
      "name": "Request under five seconds",
      "passed": true
    },
    {
      "name": "Exact synthetic numeric/Unicode echo",
      "passed": true
    },
    {
      "name": "Original target and case-insensitive headers",
      "passed": true
    },
    {
      "name": "JSON UTF-8 media type",
      "passed": true
    },
    {
      "name": "Exact encoded Content-Length",
      "passed": true
    },
    {
      "name": "Request under five seconds",
      "passed": true
    },
    {
      "name": "Exact synthetic numeric/Unicode echo",
      "passed": true
    },
    {
      "name": "Original target and case-insensitive headers",
      "passed": true
    },
    {
      "name": "JSON UTF-8 media type",
      "passed": true
    },
    {
      "name": "Exact encoded Content-Length",
      "passed": true
    },
    {
      "name": "Request under five seconds",
      "passed": true
    },
    {
      "name": "Exact synthetic numeric/Unicode echo",
      "passed": true
    },
    {
      "name": "Original target and case-insensitive headers",
      "passed": true
    },
    {
      "name": "JSON UTF-8 media type",
      "passed": true
    },
    {
      "name": "Exact encoded Content-Length",
      "passed": true
    },
    {
      "name": "Request under five seconds",
      "passed": true
    },
    {
      "name": "Exact synthetic numeric/Unicode echo",
      "passed": true
    },
    {
      "name": "Original target and case-insensitive headers",
      "passed": true
    },
    {
      "name": "JSON UTF-8 media type",
      "passed": true
    },
    {
      "name": "Exact encoded Content-Length",
      "passed": true
    },
    {
      "name": "Request under five seconds",
      "passed": true
    },
    {
      "name": "Exact synthetic numeric/Unicode echo",
      "passed": true
    },
    {
      "name": "Original target and case-insensitive headers",
      "passed": true
    },
    {
      "name": "JSON UTF-8 media type",
      "passed": true
    },
    {
      "name": "Exact encoded Content-Length",
      "passed": true
    },
    {
      "name": "Request under five seconds",
      "passed": true
    },
    {
      "name": "Exact synthetic numeric/Unicode echo",
      "passed": true
    },
    {
      "name": "Original target and case-insensitive headers",
      "passed": true
    },
    {
      "name": "JSON UTF-8 media type",
      "passed": true
    },
    {
      "name": "Exact encoded Content-Length",
      "passed": true
    },
    {
      "name": "Request under five seconds",
      "passed": true
    },
    {
      "name": "Exact synthetic numeric/Unicode echo",
      "passed": true
    },
    {
      "name": "Original target and case-insensitive headers",
      "passed": true
    },
    {
      "name": "JSON UTF-8 media type",
      "passed": true
    },
    {
      "name": "Exact encoded Content-Length",
      "passed": true
    },
    {
      "name": "Request under five seconds",
      "passed": true
    },
    {
      "name": "Exact synthetic numeric/Unicode echo",
      "passed": true
    },
    {
      "name": "Original target and case-insensitive headers",
      "passed": true
    },
    {
      "name": "JSON UTF-8 media type",
      "passed": true
    },
    {
      "name": "Exact encoded Content-Length",
      "passed": true
    },
    {
      "name": "Request under five seconds",
      "passed": true
    },
    {
      "name": "Exact synthetic numeric/Unicode echo",
      "passed": true
    },
    {
      "name": "Original target and case-insensitive headers",
      "passed": true
    },
    {
      "name": "JSON UTF-8 media type",
      "passed": true
    },
    {
      "name": "Exact encoded Content-Length",
      "passed": true
    },
    {
      "name": "Request under five seconds",
      "passed": true
    },
    {
      "name": "Syntax/encoding/nonobject HTTP refusal",
      "passed": true
    },
    {
      "name": "JSON UTF-8 media type",
      "passed": true
    },
    {
      "name": "Exact encoded Content-Length",
      "passed": true
    },
    {
      "name": "Request under five seconds",
      "passed": true
    },
    {
      "name": "Syntax/encoding/nonobject HTTP refusal",
      "passed": true
    },
    {
      "name": "JSON UTF-8 media type",
      "passed": true
    },
    {
      "name": "Exact encoded Content-Length",
      "passed": true
    },
    {
      "name": "Request under five seconds",
      "passed": true
    },
    {
      "name": "Syntax/encoding/nonobject HTTP refusal",
      "passed": true
    },
    {
      "name": "JSON UTF-8 media type",
      "passed": true
    },
    {
      "name": "Exact encoded Content-Length",
      "passed": true
    },
    {
      "name": "Request under five seconds",
      "passed": true
    },
    {
      "name": "Syntax/encoding/nonobject HTTP refusal",
      "passed": true
    },
    {
      "name": "JSON UTF-8 media type",
      "passed": true
    },
    {
      "name": "Exact encoded Content-Length",
      "passed": true
    },
    {
      "name": "Request under five seconds",
      "passed": true
    },
    {
      "name": "Syntax/encoding/nonobject HTTP refusal",
      "passed": true
    },
    {
      "name": "JSON UTF-8 media type",
      "passed": true
    },
    {
      "name": "Exact encoded Content-Length",
      "passed": true
    },
    {
      "name": "Request under five seconds",
      "passed": true
    },
    {
      "name": "Syntax/encoding/nonobject HTTP refusal",
      "passed": true
    },
    {
      "name": "JSON UTF-8 media type",
      "passed": true
    },
    {
      "name": "Exact encoded Content-Length",
      "passed": true
    },
    {
      "name": "Request under five seconds",
      "passed": true
    },
    {
      "name": "Syntax/encoding/nonobject HTTP refusal",
      "passed": true
    },
    {
      "name": "JSON UTF-8 media type",
      "passed": true
    },
    {
      "name": "Exact encoded Content-Length",
      "passed": true
    },
    {
      "name": "Request under five seconds",
      "passed": true
    },
    {
      "name": "Syntax/encoding/nonobject HTTP refusal",
      "passed": true
    },
    {
      "name": "JSON UTF-8 media type",
      "passed": true
    },
    {
      "name": "Exact encoded Content-Length",
      "passed": true
    },
    {
      "name": "Request under five seconds",
      "passed": true
    },
    {
      "name": "Syntax/encoding/nonobject HTTP refusal",
      "passed": true
    },
    {
      "name": "JSON UTF-8 media type",
      "passed": true
    },
    {
      "name": "Exact encoded Content-Length",
      "passed": true
    },
    {
      "name": "Request under five seconds",
      "passed": true
    },
    {
      "name": "Syntax/encoding/nonobject HTTP refusal",
      "passed": true
    },
    {
      "name": "JSON UTF-8 media type",
      "passed": true
    },
    {
      "name": "Exact encoded Content-Length",
      "passed": true
    },
    {
      "name": "Request under five seconds",
      "passed": true
    },
    {
      "name": "Syntax/encoding/nonobject HTTP refusal",
      "passed": true
    },
    {
      "name": "JSON UTF-8 media type",
      "passed": true
    },
    {
      "name": "Exact encoded Content-Length",
      "passed": true
    },
    {
      "name": "Request under five seconds",
      "passed": true
    },
    {
      "name": "Syntax/encoding/nonobject HTTP refusal",
      "passed": true
    },
    {
      "name": "JSON UTF-8 media type",
      "passed": true
    },
    {
      "name": "Exact encoded Content-Length",
      "passed": true
    },
    {
      "name": "Request under five seconds",
      "passed": true
    },
    {
      "name": "Syntax/encoding/nonobject HTTP refusal",
      "passed": true
    },
    {
      "name": "JSON UTF-8 media type",
      "passed": true
    },
    {
      "name": "Exact encoded Content-Length",
      "passed": true
    },
    {
      "name": "Request under five seconds",
      "passed": true
    },
    {
      "name": "Syntax/encoding/nonobject HTTP refusal",
      "passed": true
    },
    {
      "name": "JSON UTF-8 media type",
      "passed": true
    },
    {
      "name": "Exact encoded Content-Length",
      "passed": true
    },
    {
      "name": "Request under five seconds",
      "passed": true
    },
    {
      "name": "Syntax/encoding/nonobject HTTP refusal",
      "passed": true
    },
    {
      "name": "JSON UTF-8 media type",
      "passed": true
    },
    {
      "name": "Exact encoded Content-Length",
      "passed": true
    },
    {
      "name": "Request under five seconds",
      "passed": true
    },
    {
      "name": "Syntax/encoding/nonobject HTTP refusal",
      "passed": true
    },
    {
      "name": "JSON UTF-8 media type",
      "passed": true
    },
    {
      "name": "Exact encoded Content-Length",
      "passed": true
    },
    {
      "name": "Request under five seconds",
      "passed": true
    },
    {
      "name": "Syntax/encoding/nonobject HTTP refusal",
      "passed": true
    },
    {
      "name": "Malformed bodies never reach fixture Engine",
      "passed": true
    },
    {
      "name": "JSON UTF-8 media type",
      "passed": true
    },
    {
      "name": "Exact encoded Content-Length",
      "passed": true
    },
    {
      "name": "Request under five seconds",
      "passed": true
    },
    {
      "name": "204 has no body and bypasses unused value encoding",
      "passed": true
    },
    {
      "name": "JSON UTF-8 media type",
      "passed": true
    },
    {
      "name": "Exact encoded Content-Length",
      "passed": true
    },
    {
      "name": "Request under five seconds",
      "passed": true
    },
    {
      "name": "Absent body remains absent",
      "passed": true
    },
    {
      "name": "JSON UTF-8 media type",
      "passed": true
    },
    {
      "name": "Exact encoded Content-Length",
      "passed": true
    },
    {
      "name": "Request under five seconds",
      "passed": true
    },
    {
      "name": "Encoding completes before success headers",
      "passed": true
    },
    {
      "name": "JSON UTF-8 media type",
      "passed": true
    },
    {
      "name": "Exact encoded Content-Length",
      "passed": true
    },
    {
      "name": "Request under five seconds",
      "passed": true
    },
    {
      "name": "Unsupported transfer encoding remains 400",
      "passed": true
    },
    {
      "name": "Duplicate framing remains 400",
      "passed": true
    },
    {
      "name": "JSON UTF-8 media type",
      "passed": true
    },
    {
      "name": "Exact encoded Content-Length",
      "passed": true
    },
    {
      "name": "Request under five seconds",
      "passed": true
    },
    {
      "name": "JSON UTF-8 media type",
      "passed": true
    },
    {
      "name": "Exact encoded Content-Length",
      "passed": true
    },
    {
      "name": "Request under five seconds",
      "passed": true
    },
    {
      "name": "JSON UTF-8 media type",
      "passed": true
    },
    {
      "name": "Exact encoded Content-Length",
      "passed": true
    },
    {
      "name": "Request under five seconds",
      "passed": true
    },
    {
      "name": "JSON UTF-8 media type",
      "passed": true
    },
    {
      "name": "Exact encoded Content-Length",
      "passed": true
    },
    {
      "name": "Request under five seconds",
      "passed": true
    },
    {
      "name": "JSON UTF-8 media type",
      "passed": true
    },
    {
      "name": "Exact encoded Content-Length",
      "passed": true
    },
    {
      "name": "Request under five seconds",
      "passed": true
    },
    {
      "name": "JSON UTF-8 media type",
      "passed": true
    },
    {
      "name": "Exact encoded Content-Length",
      "passed": true
    },
    {
      "name": "Request under five seconds",
      "passed": true
    },
    {
      "name": "JSON UTF-8 media type",
      "passed": true
    },
    {
      "name": "Exact encoded Content-Length",
      "passed": true
    },
    {
      "name": "Request under five seconds",
      "passed": true
    },
    {
      "name": "JSON UTF-8 media type",
      "passed": true
    },
    {
      "name": "Exact encoded Content-Length",
      "passed": true
    },
    {
      "name": "Request under five seconds",
      "passed": true
    },
    {
      "name": "JSON UTF-8 media type",
      "passed": true
    },
    {
      "name": "Exact encoded Content-Length",
      "passed": true
    },
    {
      "name": "Request under five seconds",
      "passed": true
    },
    {
      "name": "JSON UTF-8 media type",
      "passed": true
    },
    {
      "name": "Exact encoded Content-Length",
      "passed": true
    },
    {
      "name": "Request under five seconds",
      "passed": true
    },
    {
      "name": "JSON UTF-8 media type",
      "passed": true
    },
    {
      "name": "Exact encoded Content-Length",
      "passed": true
    },
    {
      "name": "Request under five seconds",
      "passed": true
    },
    {
      "name": "JSON UTF-8 media type",
      "passed": true
    },
    {
      "name": "Exact encoded Content-Length",
      "passed": true
    },
    {
      "name": "Request under five seconds",
      "passed": true
    },
    {
      "name": "JSON UTF-8 media type",
      "passed": true
    },
    {
      "name": "Exact encoded Content-Length",
      "passed": true
    },
    {
      "name": "Request under five seconds",
      "passed": true
    },
    {
      "name": "JSON UTF-8 media type",
      "passed": true
    },
    {
      "name": "Exact encoded Content-Length",
      "passed": true
    },
    {
      "name": "Request under five seconds",
      "passed": true
    },
    {
      "name": "JSON UTF-8 media type",
      "passed": true
    },
    {
      "name": "Exact encoded Content-Length",
      "passed": true
    },
    {
      "name": "Request under five seconds",
      "passed": true
    },
    {
      "name": "JSON UTF-8 media type",
      "passed": true
    },
    {
      "name": "Exact encoded Content-Length",
      "passed": true
    },
    {
      "name": "Request under five seconds",
      "passed": true
    },
    {
      "name": "JSON UTF-8 media type",
      "passed": true
    },
    {
      "name": "Exact encoded Content-Length",
      "passed": true
    },
    {
      "name": "Request under five seconds",
      "passed": true
    },
    {
      "name": "JSON UTF-8 media type",
      "passed": true
    },
    {
      "name": "Exact encoded Content-Length",
      "passed": true
    },
    {
      "name": "Request under five seconds",
      "passed": true
    },
    {
      "name": "JSON UTF-8 media type",
      "passed": true
    },
    {
      "name": "Exact encoded Content-Length",
      "passed": true
    },
    {
      "name": "Request under five seconds",
      "passed": true
    },
    {
      "name": "JSON UTF-8 media type",
      "passed": true
    },
    {
      "name": "Exact encoded Content-Length",
      "passed": true
    },
    {
      "name": "Request under five seconds",
      "passed": true
    },
    {
      "name": "JSON UTF-8 media type",
      "passed": true
    },
    {
      "name": "Exact encoded Content-Length",
      "passed": true
    },
    {
      "name": "Request under five seconds",
      "passed": true
    },
    {
      "name": "JSON UTF-8 media type",
      "passed": true
    },
    {
      "name": "Exact encoded Content-Length",
      "passed": true
    },
    {
      "name": "Request under five seconds",
      "passed": true
    },
    {
      "name": "JSON UTF-8 media type",
      "passed": true
    },
    {
      "name": "Exact encoded Content-Length",
      "passed": true
    },
    {
      "name": "Request under five seconds",
      "passed": true
    },
    {
      "name": "JSON UTF-8 media type",
      "passed": true
    },
    {
      "name": "Exact encoded Content-Length",
      "passed": true
    },
    {
      "name": "Request under five seconds",
      "passed": true
    },
    {
      "name": "JSON UTF-8 media type",
      "passed": true
    },
    {
      "name": "Exact encoded Content-Length",
      "passed": true
    },
    {
      "name": "Request under five seconds",
      "passed": true
    },
    {
      "name": "JSON UTF-8 media type",
      "passed": true
    },
    {
      "name": "Exact encoded Content-Length",
      "passed": true
    },
    {
      "name": "Request under five seconds",
      "passed": true
    },
    {
      "name": "JSON UTF-8 media type",
      "passed": true
    },
    {
      "name": "Exact encoded Content-Length",
      "passed": true
    },
    {
      "name": "Request under five seconds",
      "passed": true
    },
    {
      "name": "JSON UTF-8 media type",
      "passed": true
    },
    {
      "name": "Exact encoded Content-Length",
      "passed": true
    },
    {
      "name": "Request under five seconds",
      "passed": true
    },
    {
      "name": "JSON UTF-8 media type",
      "passed": true
    },
    {
      "name": "Exact encoded Content-Length",
      "passed": true
    },
    {
      "name": "Request under five seconds",
      "passed": true
    },
    {
      "name": "JSON UTF-8 media type",
      "passed": true
    },
    {
      "name": "Exact encoded Content-Length",
      "passed": true
    },
    {
      "name": "Request under five seconds",
      "passed": true
    },
    {
      "name": "JSON UTF-8 media type",
      "passed": true
    },
    {
      "name": "Exact encoded Content-Length",
      "passed": true
    },
    {
      "name": "Request under five seconds",
      "passed": true
    },
    {
      "name": "JSON UTF-8 media type",
      "passed": true
    },
    {
      "name": "Exact encoded Content-Length",
      "passed": true
    },
    {
      "name": "Request under five seconds",
      "passed": true
    },
    {
      "name": "JSON UTF-8 media type",
      "passed": true
    },
    {
      "name": "Exact encoded Content-Length",
      "passed": true
    },
    {
      "name": "Request under five seconds",
      "passed": true
    },
    {
      "name": "JSON UTF-8 media type",
      "passed": true
    },
    {
      "name": "Exact encoded Content-Length",
      "passed": true
    },
    {
      "name": "Request under five seconds",
      "passed": true
    },
    {
      "name": "JSON UTF-8 media type",
      "passed": true
    },
    {
      "name": "Exact encoded Content-Length",
      "passed": true
    },
    {
      "name": "Request under five seconds",
      "passed": true
    },
    {
      "name": "JSON UTF-8 media type",
      "passed": true
    },
    {
      "name": "Exact encoded Content-Length",
      "passed": true
    },
    {
      "name": "Request under five seconds",
      "passed": true
    },
    {
      "name": "JSON UTF-8 media type",
      "passed": true
    },
    {
      "name": "Exact encoded Content-Length",
      "passed": true
    },
    {
      "name": "Request under five seconds",
      "passed": true
    },
    {
      "name": "JSON UTF-8 media type",
      "passed": true
    },
    {
      "name": "Exact encoded Content-Length",
      "passed": true
    },
    {
      "name": "Request under five seconds",
      "passed": true
    },
    {
      "name": "JSON UTF-8 media type",
      "passed": true
    },
    {
      "name": "Exact encoded Content-Length",
      "passed": true
    },
    {
      "name": "Request under five seconds",
      "passed": true
    },
    {
      "name": "JSON UTF-8 media type",
      "passed": true
    },
    {
      "name": "Exact encoded Content-Length",
      "passed": true
    },
    {
      "name": "Request under five seconds",
      "passed": true
    },
    {
      "name": "JSON UTF-8 media type",
      "passed": true
    },
    {
      "name": "Exact encoded Content-Length",
      "passed": true
    },
    {
      "name": "Request under five seconds",
      "passed": true
    },
    {
      "name": "JSON UTF-8 media type",
      "passed": true
    },
    {
      "name": "Exact encoded Content-Length",
      "passed": true
    },
    {
      "name": "Request under five seconds",
      "passed": true
    },
    {
      "name": "JSON UTF-8 media type",
      "passed": true
    },
    {
      "name": "Exact encoded Content-Length",
      "passed": true
    },
    {
      "name": "Request under five seconds",
      "passed": true
    },
    {
      "name": "JSON UTF-8 media type",
      "passed": true
    },
    {
      "name": "Exact encoded Content-Length",
      "passed": true
    },
    {
      "name": "Request under five seconds",
      "passed": true
    },
    {
      "name": "JSON UTF-8 media type",
      "passed": true
    },
    {
      "name": "Exact encoded Content-Length",
      "passed": true
    },
    {
      "name": "Request under five seconds",
      "passed": true
    },
    {
      "name": "JSON UTF-8 media type",
      "passed": true
    },
    {
      "name": "Exact encoded Content-Length",
      "passed": true
    },
    {
      "name": "Request under five seconds",
      "passed": true
    },
    {
      "name": "JSON UTF-8 media type",
      "passed": true
    },
    {
      "name": "Exact encoded Content-Length",
      "passed": true
    },
    {
      "name": "Request under five seconds",
      "passed": true
    },
    {
      "name": "JSON UTF-8 media type",
      "passed": true
    },
    {
      "name": "Exact encoded Content-Length",
      "passed": true
    },
    {
      "name": "Request under five seconds",
      "passed": true
    },
    {
      "name": "JSON UTF-8 media type",
      "passed": true
    },
    {
      "name": "Exact encoded Content-Length",
      "passed": true
    },
    {
      "name": "Request under five seconds",
      "passed": true
    },
    {
      "name": "JSON UTF-8 media type",
      "passed": true
    },
    {
      "name": "Exact encoded Content-Length",
      "passed": true
    },
    {
      "name": "Request under five seconds",
      "passed": true
    },
    {
      "name": "50 actual HTTP fixture calls retain independent exact bodies",
      "passed": true
    }
  ],
  "trace": [
    {
      "method": "POST",
      "path": "/echo?x=%2B4&x=second",
      "status": 200,
      "request_sha256": "3b6b06ecd1c968c8e738e0f11c4bb361fca80a9a694de22fe66a05286afbd081",
      "response_sha256": "40fce54c436c89e5cb0cdc28e754132676a6c47325ec76600eba38307a666713"
    },
    {
      "method": "POST",
      "path": "/echo?x=%2B4&x=second",
      "status": 200,
      "request_sha256": "1499d8ce7727c52f249d9b8cd88eae2162f228881be4d8e91720e482848b5153",
      "response_sha256": "a27a533d05d199628530828b67eb3fe68088837c1f072a05eaa1c6660b2f1ace"
    },
    {
      "method": "POST",
      "path": "/echo?x=%2B4&x=second",
      "status": 200,
      "request_sha256": "a6ec3c19723cfe274af1dba4bdc84e5f4064f33ebabf792d75285d4d5cbc50c5",
      "response_sha256": "f0d92cfc0800a736cab6cf79e664ee874b4ef52bcb436ca3729e44fdf5d67f3d"
    },
    {
      "method": "POST",
      "path": "/echo?x=%2B4&x=second",
      "status": 200,
      "request_sha256": "92c4227601f5cfdab71a1bb4c0f2d63a062577305ddd9cb71394454dd510f346",
      "response_sha256": "29012546cf5a610f6899be1950a3aef43c8835e24928cd07c94a59a178d786d4"
    },
    {
      "method": "POST",
      "path": "/echo?x=%2B4&x=second",
      "status": 200,
      "request_sha256": "1ab7678a6ed15e363cf6b993461952cb260599c3121810a31a8c4737e4f455e0",
      "response_sha256": "19a439ce621b7119d548b067c6357103bcd50242ec7daaa3dbabefc594db5c36"
    },
    {
      "method": "POST",
      "path": "/echo?x=%2B4&x=second",
      "status": 200,
      "request_sha256": "deea364db5fd05deb3e8b100770d6ed86d43908a871157cb76ce57068b5e0b1d",
      "response_sha256": "20e3d87dfe2e25562948380b301d4470661e0549a89d5eee95cd51b614f20ba9"
    },
    {
      "method": "POST",
      "path": "/echo?x=%2B4&x=second",
      "status": 200,
      "request_sha256": "6d108aba550362dab890f32cd96c869f850a17e479a362d43c0fb90666177951",
      "response_sha256": "4268f8d6707883e2ae33bec77692f6c816ed6114940b1f411eb1e888a4ec1490"
    },
    {
      "method": "POST",
      "path": "/echo?x=%2B4&x=second",
      "status": 200,
      "request_sha256": "2baa3c4c051da13ed56f8ef10f4bbe5c45afaeec9ded6475d279156d874e95a2",
      "response_sha256": "72c841310ba702420177f92e18463ae5917b8f989f1d7b8e298711b1bdf1c767"
    },
    {
      "method": "POST",
      "path": "/echo?x=%2B4&x=second",
      "status": 200,
      "request_sha256": "a88308fca5dc7f573002504193659aa18a8e9fa4a35154c14c4dee1b4555ac8d",
      "response_sha256": "71dc51d9e04677022413488d44359138b510d57f8c230ba66725d5743199abb7"
    },
    {
      "method": "POST",
      "path": "/echo?x=%2B4&x=second",
      "status": 200,
      "request_sha256": "7180ba8f7846575e38e574e979ba5b7c9226c8adeb9c37b9faf3821675d8dc0b",
      "response_sha256": "6beb97ceaa9c8b452a846826b9d7cc578bd9be6592185a6831b4b9aff61135aa"
    },
    {
      "method": "POST",
      "path": "/echo?x=%2B4&x=second",
      "status": 200,
      "request_sha256": "112f853a94d384c47cc0743ae6901bfc7007acdce2ffb0a177e57dcab71fad06",
      "response_sha256": "92e26e610c7e8144fbd840304f64ca81e6189b2ae48b5f80e9c740f365b7fdc8"
    },
    {
      "method": "POST",
      "path": "/echo?x=%2B4&x=second",
      "status": 400,
      "request_sha256": "021fb596db81e6d02bf3d2586ee3981fe519f275c0ac9ca76bbcf2ebb4097d96",
      "response_sha256": "75dd896ab53c28596897d4250ac917ae4a0afd21b50f8519c21d5d4014bc85ff"
    },
    {
      "method": "POST",
      "path": "/echo?x=%2B4&x=second",
      "status": 400,
      "request_sha256": "74234e98afe7498fb5daf1f36ac2d78acc339464f950703b8c019892f982b90b",
      "response_sha256": "75dd896ab53c28596897d4250ac917ae4a0afd21b50f8519c21d5d4014bc85ff"
    },
    {
      "method": "POST",
      "path": "/echo?x=%2B4&x=second",
      "status": 400,
      "request_sha256": "4f53cda18c2baa0c0354bb5f9a3ecbe5ed12ab4d8e11ba873c2f11161202b945",
      "response_sha256": "75dd896ab53c28596897d4250ac917ae4a0afd21b50f8519c21d5d4014bc85ff"
    },
    {
      "method": "POST",
      "path": "/echo?x=%2B4&x=second",
      "status": 400,
      "request_sha256": "4b227777d4dd1fc61c6f884f48641d02b4d121d3fd328cb08b5531fcacdabf8a",
      "response_sha256": "75dd896ab53c28596897d4250ac917ae4a0afd21b50f8519c21d5d4014bc85ff"
    },
    {
      "method": "POST",
      "path": "/echo?x=%2B4&x=second",
      "status": 400,
      "request_sha256": "b5bea41b6c623f7c09f1bf24dcae58ebab3c0cdd90ad966bc43a45b44867e12b",
      "response_sha256": "75dd896ab53c28596897d4250ac917ae4a0afd21b50f8519c21d5d4014bc85ff"
    },
    {
      "method": "POST",
      "path": "/echo?x=%2B4&x=second",
      "status": 400,
      "request_sha256": "ba2df4903a2c14e86dc3bcca58911b44ac1d2514b7227bf6eb08cfb978f55a1b",
      "response_sha256": "75dd896ab53c28596897d4250ac917ae4a0afd21b50f8519c21d5d4014bc85ff"
    },
    {
      "method": "POST",
      "path": "/echo?x=%2B4&x=second",
      "status": 400,
      "request_sha256": "df38c4379aa2b6d4a7151668f11c6cdf75dc52f52588502956377adddf9e1a26",
      "response_sha256": "75dd896ab53c28596897d4250ac917ae4a0afd21b50f8519c21d5d4014bc85ff"
    },
    {
      "method": "POST",
      "path": "/echo?x=%2B4&x=second",
      "status": 400,
      "request_sha256": "118b2cab78badb9e6239321a230c158b3f31bd401885e17dfedbf341a04d99ef",
      "response_sha256": "75dd896ab53c28596897d4250ac917ae4a0afd21b50f8519c21d5d4014bc85ff"
    },
    {
      "method": "POST",
      "path": "/echo?x=%2B4&x=second",
      "status": 400,
      "request_sha256": "405a026b3e3a03f012eb42469abe07a1dbda346f618d28309b027e0a24462049",
      "response_sha256": "75dd896ab53c28596897d4250ac917ae4a0afd21b50f8519c21d5d4014bc85ff"
    },
    {
      "method": "POST",
      "path": "/echo?x=%2B4&x=second",
      "status": 400,
      "request_sha256": "8b50cec96a652e1772c4f3e2111029eda44fd4bbe94e831da9894fa1e0841682",
      "response_sha256": "75dd896ab53c28596897d4250ac917ae4a0afd21b50f8519c21d5d4014bc85ff"
    },
    {
      "method": "POST",
      "path": "/echo?x=%2B4&x=second",
      "status": 400,
      "request_sha256": "2c96e2271e216ac28cc070125973a5937945870b6bd8d09c2fcd96c7b2ce1cde",
      "response_sha256": "75dd896ab53c28596897d4250ac917ae4a0afd21b50f8519c21d5d4014bc85ff"
    },
    {
      "method": "POST",
      "path": "/echo?x=%2B4&x=second",
      "status": 400,
      "request_sha256": "33935ebfbcd63c74c19be63b10bcbd04f8cc77ec283a1a407df25f7687d0b644",
      "response_sha256": "75dd896ab53c28596897d4250ac917ae4a0afd21b50f8519c21d5d4014bc85ff"
    },
    {
      "method": "POST",
      "path": "/echo?x=%2B4&x=second",
      "status": 400,
      "request_sha256": "41254d851e1db9e4d45eae1631d636994efb9d12fe23b18cecf2fe15feb98ac5",
      "response_sha256": "75dd896ab53c28596897d4250ac917ae4a0afd21b50f8519c21d5d4014bc85ff"
    },
    {
      "method": "POST",
      "path": "/echo?x=%2B4&x=second",
      "status": 400,
      "request_sha256": "b89ca4cdf4b99875d54e51b6b488b3b91024a45bc8071b302e19d312b86c20d8",
      "response_sha256": "75dd896ab53c28596897d4250ac917ae4a0afd21b50f8519c21d5d4014bc85ff"
    },
    {
      "method": "POST",
      "path": "/echo?x=%2B4&x=second",
      "status": 400,
      "request_sha256": "fa28a7bacd27a917eaf1a112f15b8e736ddb86c98e4d2bb4fbf6294a187ca002",
      "response_sha256": "75dd896ab53c28596897d4250ac917ae4a0afd21b50f8519c21d5d4014bc85ff"
    },
    {
      "method": "POST",
      "path": "/echo?x=%2B4&x=second",
      "status": 400,
      "request_sha256": "36781faac995a68b69aab7d540747e0c70efed427e66a608cdf64fc4feaaff12",
      "response_sha256": "75dd896ab53c28596897d4250ac917ae4a0afd21b50f8519c21d5d4014bc85ff"
    },
    {
      "method": "POST",
      "path": "/echo?x=%2B4&x=second",
      "status": 400,
      "request_sha256": "83cd1053851a5a4b965a3272c63ffa0155543e74fc1dd91f7efca55bd7d899df",
      "response_sha256": "75dd896ab53c28596897d4250ac917ae4a0afd21b50f8519c21d5d4014bc85ff"
    },
    {
      "method": "POST",
      "path": "/empty",
      "status": 204,
      "request_sha256": "44136fa355b3678a1146ad16f7e8649e94fb4fc21fe77e8310c060f61caaff8a",
      "response_sha256": "e3b0c44298fc1c149afbf4c8996fb92427ae41e4649b934ca495991b7852b855"
    },
    {
      "method": "POST",
      "path": "/echo?x=%2B4&x=second",
      "status": 200,
      "request_sha256": "e3b0c44298fc1c149afbf4c8996fb92427ae41e4649b934ca495991b7852b855",
      "response_sha256": "6fcda469cb1a68de38a3f36bc6bc97d3f55619ae9cd078d5827d9e7745432cc2"
    },
    {
      "method": "POST",
      "path": "/invalid-output",
      "status": 500,
      "request_sha256": "44136fa355b3678a1146ad16f7e8649e94fb4fc21fe77e8310c060f61caaff8a",
      "response_sha256": "1c622c66c895a5937d259a24f9cd44263e204b501493d82fa9776a09aa5281b1"
    },
    {
      "method": "POST",
      "path": "/echo?x=%2B4&x=second",
      "status": 400,
      "request_sha256": "44136fa355b3678a1146ad16f7e8649e94fb4fc21fe77e8310c060f61caaff8a",
      "response_sha256": "75dd896ab53c28596897d4250ac917ae4a0afd21b50f8519c21d5d4014bc85ff"
    },
    {
      "method": "POST",
      "path": "/echo?x=%2B4&x=second",
      "status": 200,
      "request_sha256": "5da35d351830d28a9e48275a5e4740cb375e8de7779ec1a405ca151645b2ddfa",
      "response_sha256": "2b3604751e3dc5d376c71b74a4c28839c5c189fdf7d3f4c29a9b79812657a6f6"
    },
    {
      "method": "POST",
      "path": "/echo?x=%2B4&x=second",
      "status": 200,
      "request_sha256": "99865a6fb7d5ccdbc9e5bfb0feda2bcd7bb3a86afd0bf2a8871a000fbc96ddde",
      "response_sha256": "d670b187c226fb0550ab59c2d0128f21bfbef1cbd2dfa16398f40a3af79d1977"
    },
    {
      "method": "POST",
      "path": "/echo?x=%2B4&x=second",
      "status": 200,
      "request_sha256": "39dd28a29181a0a1bbbb135b89dacc638454c7a64a8defb47bc7e899a759883c",
      "response_sha256": "8a50ebd1e70a516cd0ab614dee58c1562ff30a6e4d3d9120043cb492fceeb857"
    },
    {
      "method": "POST",
      "path": "/echo?x=%2B4&x=second",
      "status": 200,
      "request_sha256": "60fc7936eeb3523645e973ad56818deaa3f7a6eb91f19ecb4e0ced04f4d9a8e1",
      "response_sha256": "7ae6c48b46a6f04b878a02bb26eefa92623125d484e1e6a28c3f67c7e70575b6"
    },
    {
      "method": "POST",
      "path": "/echo?x=%2B4&x=second",
      "status": 200,
      "request_sha256": "40fe55e30ea1e9bb6654ce16954bb514dd68d33eb297fb1dbb771eceb7dbbd56",
      "response_sha256": "298133d383f949f9f8195ab4be853383271429f08f0cc4d6d6b06d6b2b4a63be"
    },
    {
      "method": "POST",
      "path": "/echo?x=%2B4&x=second",
      "status": 200,
      "request_sha256": "7cd0c1293d00107c73b67d3dd996a4406e21d16af2c8903971054f91fcae454d",
      "response_sha256": "f22e896cb2890feef701dc207bcf0dfd42ddcaa7687c039eed56080ddf95c185"
    },
    {
      "method": "POST",
      "path": "/echo?x=%2B4&x=second",
      "status": 200,
      "request_sha256": "e4901ceb760400e96bbe388d7310bd5916edb284afb2189ca140da6329a1d4cd",
      "response_sha256": "a06cb9f1821e9fc07757e1fecddebb22c2f66bfba38f0da53773018b67d99285"
    },
    {
      "method": "POST",
      "path": "/echo?x=%2B4&x=second",
      "status": 200,
      "request_sha256": "93fb047127be6342686513cd71178fbe7a866b801391ba3afb3efda8cf1ec294",
      "response_sha256": "91bb6ac59b23f24cf055ae5152ef9d7d6baa03bb89096ffd7a8aa5c56a5182cf"
    },
    {
      "method": "POST",
      "path": "/echo?x=%2B4&x=second",
      "status": 200,
      "request_sha256": "744a839c2244aa546ec43997862f5b0fbffdd240db8bf1d4e986059532046b3f",
      "response_sha256": "1f72c0b593c357bc65726d6f7998777a70812a157f9faf582fef2df2117077b8"
    },
    {
      "method": "POST",
      "path": "/echo?x=%2B4&x=second",
      "status": 200,
      "request_sha256": "895b768829c5b62a4b4d6cdb518db077457ec972be184f66a7d802ea302cc482",
      "response_sha256": "aeb30ae48bba94c7abb44d270cdd76b1cb65fbb1c5b576ca0482571bb446a694"
    },
    {
      "method": "POST",
      "path": "/echo?x=%2B4&x=second",
      "status": 200,
      "request_sha256": "0de00fd2d4f044ebb7e4845615099c4b23eede036d11c975e8362438cb060238",
      "response_sha256": "972684698311189a3b4a03ac9881b006810d18d6fb65bd148d50726f158a93f8"
    },
    {
      "method": "POST",
      "path": "/echo?x=%2B4&x=second",
      "status": 200,
      "request_sha256": "b29cd736bccd56a2749cee901b52dfa8a9932e2041badf8ecdc518854fac200f",
      "response_sha256": "4da8f6d31161a5085c053582c1a6df381b08f51a42cdcb276747049a0134155b"
    },
    {
      "method": "POST",
      "path": "/echo?x=%2B4&x=second",
      "status": 200,
      "request_sha256": "db3fafb8998d35cddf72184aed4184ee7ab7cd7890bc095ce79e4d5d94dbfd5b",
      "response_sha256": "7b27ddf1be9012f46dad817176adfa1af759d1308b8e7972ba9d02b96c8ef1f5"
    },
    {
      "method": "POST",
      "path": "/echo?x=%2B4&x=second",
      "status": 200,
      "request_sha256": "6a51b3b781bf99d19e358ff08f71b1b21a6844335df39e29c5bd0d413a9be557",
      "response_sha256": "f2175c4ef063cfec85197cd54308e02c75bdd1cf06f3315bd2b326bbd6e97ac0"
    },
    {
      "method": "POST",
      "path": "/echo?x=%2B4&x=second",
      "status": 200,
      "request_sha256": "04d68a87f64546af0509f1d47648829b9df953aa4c93e0133ced580848eccca0",
      "response_sha256": "e3ecbd9731f414bea876c12f8c83bd8eb983ee7c914d12f7348a901f5f62616e"
    },
    {
      "method": "POST",
      "path": "/echo?x=%2B4&x=second",
      "status": 200,
      "request_sha256": "c7523694855ed9ee83ccd58da84d610c1590b75bd17db7a7377132a90992fabf",
      "response_sha256": "fab9491c375bbc58ff87ad4577242471e67d9fd8ccb5d9559991ea7257819406"
    },
    {
      "method": "POST",
      "path": "/echo?x=%2B4&x=second",
      "status": 200,
      "request_sha256": "33daf57b5c51f4368a049e7aa43f9aeddaff926e60f56f0362553330330c5b94",
      "response_sha256": "92884f8db15f7154292d4ae7e8d1e16420fb4e6134253620d90d69d5faf9eafe"
    },
    {
      "method": "POST",
      "path": "/echo?x=%2B4&x=second",
      "status": 200,
      "request_sha256": "e60cb8476597779dded834c228a5244f9fe0a35a5ba060152088def823c835d8",
      "response_sha256": "b6d395f5203340d42ba836f8c0eade7dc4a4fc525c6c77f36580ca20f25954c4"
    },
    {
      "method": "POST",
      "path": "/echo?x=%2B4&x=second",
      "status": 200,
      "request_sha256": "50ce1d6131811274873306b62e8cc17c800c1888bbda67c9d98d6b96c7d32eb2",
      "response_sha256": "d35e07e787d29ba643f2b8728474f07058d57897505f5b94116a22b181086bd0"
    },
    {
      "method": "POST",
      "path": "/echo?x=%2B4&x=second",
      "status": 200,
      "request_sha256": "b53b3d3baa3566c3df7ae1994e6856e09f6ce1e3f8b94a195ac69fe2dd4adde9",
      "response_sha256": "afcd0b629ce2040dda497fbd7279efccf055acb6fef04d546c6cc6d38be41f78"
    },
    {
      "method": "POST",
      "path": "/echo?x=%2B4&x=second",
      "status": 200,
      "request_sha256": "30a0383bcc215ce011da257663e92df269c0b18ff5192bc8417afc430ee1168d",
      "response_sha256": "315da9cf906366cb55718fd37f5bb38fcf3a60d6538f26647c39074d97c54b41"
    },
    {
      "method": "POST",
      "path": "/echo?x=%2B4&x=second",
      "status": 200,
      "request_sha256": "c5375035fa3d22888952fb73042257d62b030490e87e747727966e9da2357749",
      "response_sha256": "a67c558b3f11136ab6eee70d7c9661f24236b3173d5c1d515b0538de4e906bca"
    },
    {
      "method": "POST",
      "path": "/echo?x=%2B4&x=second",
      "status": 200,
      "request_sha256": "39f87365cde8b1fe8431603a398094a8a248726e4928ccce5d6f31d767be36be",
      "response_sha256": "994dd228a313fb31de33ba150d5167bb0d5e6f191c169f4aabf9a50a0b3001ad"
    },
    {
      "method": "POST",
      "path": "/echo?x=%2B4&x=second",
      "status": 200,
      "request_sha256": "2948a92f991a493a60dc9945ab6dd73d88f44c5cfef026869624eae97f04fcab",
      "response_sha256": "b8be20f1db6182b6d26cce8143ce8a7fd802054fa8c425fb0e553aeb94533edf"
    },
    {
      "method": "POST",
      "path": "/echo?x=%2B4&x=second",
      "status": 200,
      "request_sha256": "5e366342b32c746fccb5d1e91974f97bcdbca106df82a19641f9f96e5ccf0463",
      "response_sha256": "6b0e7aa2198a90b21e881ba46bb913625d20b767f1a57d18f14a4a57570ea13d"
    },
    {
      "method": "POST",
      "path": "/echo?x=%2B4&x=second",
      "status": 200,
      "request_sha256": "1310dd2e85f59b1d566b3de6388ad4df92d7ad49b4416acdcb9a1431a1a6d5f6",
      "response_sha256": "9eb81c657bca92a70e261169cb118b52b97dd77974d3899bc4884005a7195205"
    },
    {
      "method": "POST",
      "path": "/echo?x=%2B4&x=second",
      "status": 200,
      "request_sha256": "4b123304d9a354285798f17c9a7a9060d08142ba3b1e730d69df0c0850c755cd",
      "response_sha256": "c1c535fb230d673f2b156538eff42e40a662ea682c51b40b5fde02fcf953ee3c"
    },
    {
      "method": "POST",
      "path": "/echo?x=%2B4&x=second",
      "status": 200,
      "request_sha256": "d9ee5b7f697160fb7242a77e76a62d2540255a79f1a4fe2b90a696490c25bc46",
      "response_sha256": "811785128dc109edde047e2c1663e25687847f9222196a643ad51ef531ca94fc"
    },
    {
      "method": "POST",
      "path": "/echo?x=%2B4&x=second",
      "status": 200,
      "request_sha256": "0944b1f4089ce498f366a69b8ecff7b04e802dcee998e9cbdd0497b56da970fe",
      "response_sha256": "dc61b8ac7dd025f959cb675a53ddc2fd66329bcd481a693ce2bdc7f1f5251018"
    },
    {
      "method": "POST",
      "path": "/echo?x=%2B4&x=second",
      "status": 200,
      "request_sha256": "6064cf343a5b8011bba9a3f042fdc957cba3954ef16877aba562bc122edae4fb",
      "response_sha256": "7b4278e537a73408e668aee59888e9de584d589e2714df552e9cd60fa5184e6b"
    },
    {
      "method": "POST",
      "path": "/echo?x=%2B4&x=second",
      "status": 200,
      "request_sha256": "96612efdd2b8e1e33be68f88a050bd5e8dbdd89efdb4edb9890aad059571cddb",
      "response_sha256": "d12062b983e312fcf32059cb4d74be8450eb3e29b0cfeee0a3d16bf687df0685"
    },
    {
      "method": "POST",
      "path": "/echo?x=%2B4&x=second",
      "status": 200,
      "request_sha256": "59d2c77aac40fbf6149bd37606bbc133a102183eb636219d9fec87afeb4533fb",
      "response_sha256": "7d4b330b3313377618f2721592ecd4963c5ee4095be23bc1a726e8fe785278e6"
    },
    {
      "method": "POST",
      "path": "/echo?x=%2B4&x=second",
      "status": 200,
      "request_sha256": "719074d9d2e0dc1bfb2efe0840c43c844633dd363e2a0d23186b725d6432b13a",
      "response_sha256": "877a5a99410e9c512d835df100ccbb0d47819dfcc9a42d71c77c7ea681fd39a3"
    },
    {
      "method": "POST",
      "path": "/echo?x=%2B4&x=second",
      "status": 200,
      "request_sha256": "4d7cbf987f7e4f72d93a4e5c2ad54b52c9fd2c57a1cc6bc21d94821ec60580dc",
      "response_sha256": "f8773c5937b3ce95d1041699914ff1e8b0d504261cdc6a459e9381c0ffc33cc1"
    },
    {
      "method": "POST",
      "path": "/echo?x=%2B4&x=second",
      "status": 200,
      "request_sha256": "59ea2556ddaaf32e1550224f39758da093ae9af322085dfde7a9879b84dfba89",
      "response_sha256": "54f77f54b71c5551d154cf0808fb6adf55062a5d6b7a83554bcd2f19d3869e87"
    },
    {
      "method": "POST",
      "path": "/echo?x=%2B4&x=second",
      "status": 200,
      "request_sha256": "af73dcf96c47db62a591a81b49cb395861cf6598d9e87b4388461d4d743f492c",
      "response_sha256": "69b08e25cfc051b747e064e5c0b3fa36fc78a5e3f0f301dc17b78abcf7e0bd0a"
    },
    {
      "method": "POST",
      "path": "/echo?x=%2B4&x=second",
      "status": 200,
      "request_sha256": "cc60b6015fd8f347a813cbfa3178d85f29823ccdf2b332832d2db6971b2e1938",
      "response_sha256": "1e535ff640f617d986c9b96f15d50b8f06595291d8836586009fdf7fbbe65e09"
    },
    {
      "method": "POST",
      "path": "/echo?x=%2B4&x=second",
      "status": 200,
      "request_sha256": "0871587e324474fe8e43badca37ecc7cd5ab55060243c7d30fae8301950ee118",
      "response_sha256": "984c0eee97bccffeb49d26e6a2a6140ed0f00cc234f605b58258563a404b2aae"
    },
    {
      "method": "POST",
      "path": "/echo?x=%2B4&x=second",
      "status": 200,
      "request_sha256": "46fd399041afb106e0b2f6d023c31006bed22e04ee845a807d4075e381ac12f6",
      "response_sha256": "8d206cb48eae47ba8b928f466a549106e536778f807b0266cdfedd2d5b80385d"
    },
    {
      "method": "POST",
      "path": "/echo?x=%2B4&x=second",
      "status": 200,
      "request_sha256": "6d01364099bc038f8746dd787a2197f35c33c50be690bd9554227b95aed5236a",
      "response_sha256": "2e775e3f047f12b84e4e75ea1f5a337e95b2908749736a8789e8136408384f4f"
    },
    {
      "method": "POST",
      "path": "/echo?x=%2B4&x=second",
      "status": 200,
      "request_sha256": "92522b6180b83949f6bd339eb18c199b2e890cb3acd7dfbacef0a1dd4a283e5d",
      "response_sha256": "8f2ea0e40a00eb45849428985e3314a8570efa5d0ca5b216e80c7beb58415178"
    },
    {
      "method": "POST",
      "path": "/echo?x=%2B4&x=second",
      "status": 200,
      "request_sha256": "68f9014e7c1560d749484789b1de6306b1d3264030c39e456c781dbea1f4683c",
      "response_sha256": "e196cd9318ed2d741e786f096f9cee9f8fd96b3c05d7b183b8dcb5e65b593691"
    },
    {
      "method": "POST",
      "path": "/echo?x=%2B4&x=second",
      "status": 200,
      "request_sha256": "982c09fa5bcf5dd7fe75249f029d7d3529b30236dbaaccf8991f48e6be8f5106",
      "response_sha256": "18f3d799e53831d4211bcc14c1d3240c268afa2599e877ecaa9b51bfbcb2c390"
    },
    {
      "method": "POST",
      "path": "/echo?x=%2B4&x=second",
      "status": 200,
      "request_sha256": "334da7e05c881d4abe070d21a5c49b4dc6f70e9529c3e53d07004391368a9afe",
      "response_sha256": "e8979487a16ca1804b930c0bed03c5a038c092657262c4a526361781552a8af7"
    },
    {
      "method": "POST",
      "path": "/echo?x=%2B4&x=second",
      "status": 200,
      "request_sha256": "7cd6340b43dbd070e81613b98af9e2bc311dab43b46f6df55240954b5eec940a",
      "response_sha256": "d92fecfa5d2722476279ed1051efed9a66ee8ddd67736e33aa55fddd71e9774e"
    },
    {
      "method": "POST",
      "path": "/echo?x=%2B4&x=second",
      "status": 200,
      "request_sha256": "45fb107c26dfc55d05cbc41fdc9d12160497097bcb7433b7374b53fe6add0455",
      "response_sha256": "7a9c380e15430d063b796ffd0a225442f37ef7e9c4d6fdd71b4ad26ac3a820bc"
    },
    {
      "method": "POST",
      "path": "/echo?x=%2B4&x=second",
      "status": 200,
      "request_sha256": "439e7b43af642fda4763b6c5dcfcae24bbbd46ebadcc8f36ff92b33d16a2e417",
      "response_sha256": "bbe8dd19f310c6002baf0933647d9b71f91dfcd6f50cc0a432e4edb96c7ae74e"
    },
    {
      "method": "POST",
      "path": "/echo?x=%2B4&x=second",
      "status": 200,
      "request_sha256": "887c183e2429d62adde911e572b48d7338b1a29c48ce73c2d642f07ae0886ee4",
      "response_sha256": "fd315c84ce8c185637eabf87a273c5cf17c411abf04e8614624c386b9373f27d"
    },
    {
      "method": "POST",
      "path": "/echo?x=%2B4&x=second",
      "status": 200,
      "request_sha256": "7ee0c0bc29390a0397401875b0e694d5e43a1dfbc5ccd3e69fb68d26e6acf1e6",
      "response_sha256": "ed03f7c946d5f2afa77bf30e4dc8d5cff6025d800a3269bbc9f11cae48b1a164"
    },
    {
      "method": "POST",
      "path": "/echo?x=%2B4&x=second",
      "status": 200,
      "request_sha256": "8e7e6f227cb7a48946521dbb6b22ea91c020fa1e8411add812047b5f156fb000",
      "response_sha256": "3c00ca349012a2c0fad2f42bf97314d30e72b1bdc300b56b63b9149164f94d3b"
    }
  ],
  "fixture_engine_calls": 64
}
