#0 building with "desktop-linux" instance using docker driver

#1 [internal] load build definition from Dockerfile
#1 transferring dockerfile: 146B done
#1 DONE 0.0s

#2 [internal] load metadata for docker.io/library/independent-verifier-c2-1004060100:client
#2 DONE 0.0s

#3 [internal] load .dockerignore
#3 transferring context: 2B done
#3 DONE 0.0s

#4 [1/3] FROM docker.io/library/independent-verifier-c2-1004060100:client@sha256:9aab4a8130139ea7cf81dd405e66adc88ca1222c442427149622dcb733bf2db3
#4 resolve docker.io/library/independent-verifier-c2-1004060100:client@sha256:9aab4a8130139ea7cf81dd405e66adc88ca1222c442427149622dcb733bf2db3 0.0s done
#4 DONE 0.0s

#5 [internal] load build context
#5 transferring context: 10.93MB 0.1s done
#5 DONE 0.1s

#6 [2/3] COPY stage-1 /verifier/stage-1
#6 CACHED

#7 [3/3] COPY stage-2 /verifier/stage-2
#7 DONE 0.0s

#8 exporting to image
#8 exporting layers 0.0s done
#8 exporting manifest sha256:a33e3766127c9481f05e310f1094000dd1532d7635bae8705c04d861a156ff2b done
#8 exporting config sha256:13fc0e40545079ac83b969def13a4700260cfe97f1b1cee6f5d0c2c0d1f5f944 done
#8 exporting attestation manifest sha256:1841941966b798a0355ad66193faacd0b228c60d4d9b71fee0c69649b4824a1f done
#8 exporting manifest list sha256:8886d9901dd95ea9fe7be82bed0aceae8d3f2d56327892e2dc1f1c3413337caf done
#8 naming to docker.io/library/independent-verifier-c2-1004060100:complete-client-65c3ce49 done
#8 unpacking to docker.io/library/independent-verifier-c2-1004060100:complete-client-65c3ce49 done
#8 DONE 0.1s
