#0 building with "desktop-linux" instance using docker driver

#1 [internal] load build definition from Dockerfile
#1 transferring dockerfile: 210B done
#1 DONE 0.0s

#2 [internal] load metadata for docker.io/library/independent-verifier-s4-1004095136:client
#2 DONE 0.0s

#3 [internal] load .dockerignore
#3 transferring context: 2B done
#3 DONE 0.0s

#4 [1/5] FROM docker.io/library/independent-verifier-s4-1004095136:client@sha256:2a56848199b867aca32b02eb632232cdcf52f542f5a1fbfe871580e120ca36d9
#4 resolve docker.io/library/independent-verifier-s4-1004095136:client@sha256:2a56848199b867aca32b02eb632232cdcf52f542f5a1fbfe871580e120ca36d9 done
#4 DONE 0.0s

#5 [internal] load build context
#5 transferring context: 11.71MB 0.1s done
#5 DONE 0.1s

#6 [2/5] COPY stage-1 /verifier/stage-1
#6 CACHED

#7 [3/5] COPY stage-2 /verifier/stage-2
#7 CACHED

#8 [4/5] COPY stage-3 /verifier/stage-3
#8 CACHED

#9 [5/5] COPY stage-4 /verifier/stage-4
#9 DONE 0.0s

#10 exporting to image
#10 exporting layers 0.0s done
#10 exporting manifest sha256:a6a6eefbc9e52417564d9e1375ccdb1454c5fe7cf827f6f75751d3775ee0e1d8 done
#10 exporting config sha256:be8c82f3366e50277e8a1126f1ea1a26c34446c4cc5f17ecaec4a47fc163d859 done
#10 exporting attestation manifest sha256:c4af0a93f5b34cdf29346c00fb4ba94773228c270dd5e6d0575946163dd19a14 done
#10 exporting manifest list sha256:a89b4efda38dbd95934a4e5fee9a8fa40883691acf07460101a990b3f6e7165c done
#10 naming to docker.io/library/independent-verifier-s4-1004095136:client-62d5fdee done
#10 unpacking to docker.io/library/independent-verifier-s4-1004095136:client-62d5fdee done
#10 DONE 0.1s
