#0 building with "desktop-linux" instance using docker driver

#1 [internal] load build definition from Dockerfile
#1 transferring dockerfile: 571B done
#1 DONE 0.0s

#2 [internal] load metadata for docker.io/library/python:3.12-slim-bookworm
#2 DONE 0.4s

#3 [internal] load .dockerignore
#3 transferring context: 103B done
#3 DONE 0.0s

#4 [1/6] FROM docker.io/library/python:3.12-slim-bookworm@sha256:54c85f3c47607a77f32adec749d3c81d1348bf25833671f512b26a9b6d778cb3
#4 resolve docker.io/library/python:3.12-slim-bookworm@sha256:54c85f3c47607a77f32adec749d3c81d1348bf25833671f512b26a9b6d778cb3 done
#4 DONE 0.0s

#5 [internal] load build context
#5 transferring context: 208.33kB done
#5 DONE 0.0s

#6 [5/6] COPY web ./web
#6 CACHED

#7 [3/6] WORKDIR /app
#7 CACHED

#8 [2/6] RUN apt-get update     && DEBIAN_FRONTEND=noninteractive apt-get install -y --no-install-recommends tzdata     && rm -rf /var/lib/apt/lists/*
#8 CACHED

#9 [4/6] COPY server.py core.py json_codec.py ./
#9 CACHED

#10 [6/6] RUN python -c "import ast,pathlib; [ast.parse(p.read_text()) for p in pathlib.Path('.').glob('*.py')]"
#10 CACHED

#11 exporting to image
#11 exporting layers done
#11 exporting manifest sha256:f33c0684211ad1d0c8a9d630eedb33a542036f1f41aa62a17d80d2a65a07d177 done
#11 exporting config sha256:736663f8dcb25d2b52286d0fe93f2b8a9a4c8fe60fbbdef180415a891e9d7e87 done
#11 exporting attestation manifest sha256:8ea308ced30f859dd0f308bbad58b4d42fbc0d8c22226ef699532f5560e4dc51 done
#11 exporting manifest list sha256:4b6050614f6707f77a893d5eaa1951bdcb1d6a1b5c58f61eb3dca741a330871b done
#11 naming to docker.io/library/interface-engineer-tablekeeper-current:reconstructed-20261004t083729920697z done
#11 unpacking to docker.io/library/interface-engineer-tablekeeper-current:reconstructed-20261004t083729920697z done
#11 DONE 0.0s
