[
    {
        "Id": "58608e0411c0e5a68971d397750663517c4bff3965875d6565b4adc9db1513f8",
        "Created": "2026-10-04T08:38:42.330681218Z",
        "Path": "python",
        "Args": [
            "-B",
            "-c",
            "import sys;exec(compile(sys.stdin.buffer.read(),'sealed-interface-probe.py','exec'))"
        ],
        "State": {
            "Status": "exited",
            "Running": false,
            "Paused": false,
            "Restarting": false,
            "OOMKilled": false,
            "Dead": false,
            "Pid": 0,
            "ExitCode": 1,
            "Error": "",
            "StartedAt": "2026-10-04T08:38:42.350140885Z",
            "FinishedAt": "2026-10-04T08:40:59.215917212Z"
        },
        "Image": "sha256:9375e2b534e5998d620bc871c27f16c8f2c06d1f5ffc92d9c19fc522e4d856f6",
        "ResolvConfPath": "/var/lib/docker/containers/58608e0411c0e5a68971d397750663517c4bff3965875d6565b4adc9db1513f8/resolv.conf",
        "HostnamePath": "/var/lib/docker/containers/58608e0411c0e5a68971d397750663517c4bff3965875d6565b4adc9db1513f8/hostname",
        "HostsPath": "/var/lib/docker/containers/58608e0411c0e5a68971d397750663517c4bff3965875d6565b4adc9db1513f8/hosts",
        "LogPath": "/var/lib/docker/containers/58608e0411c0e5a68971d397750663517c4bff3965875d6565b4adc9db1513f8/58608e0411c0e5a68971d397750663517c4bff3965875d6565b4adc9db1513f8-json.log",
        "Name": "/interface-engineer-s4-20261004t083729920697z-probe",
        "RestartCount": 0,
        "Driver": "overlayfs",
        "Platform": "linux",
        "MountLabel": "",
        "ProcessLabel": "",
        "AppArmorProfile": "",
        "ExecIDs": null,
        "HostConfig": {
            "Binds": null,
            "ContainerIDFile": "",
            "LogConfig": {
                "Type": "json-file",
                "Config": {}
            },
            "NetworkMode": "interface-engineer-s4-20261004t083729920697z",
            "PortBindings": {},
            "RestartPolicy": {
                "Name": "no",
                "MaximumRetryCount": 0
            },
            "AutoRemove": false,
            "VolumeDriver": "",
            "VolumesFrom": null,
            "ConsoleSize": [
                0,
                0
            ],
            "CapAdd": null,
            "CapDrop": null,
            "CgroupnsMode": "private",
            "Dns": null,
            "DnsOptions": [],
            "DnsSearch": [],
            "ExtraHosts": null,
            "GroupAdd": null,
            "IpcMode": "private",
            "Cgroup": "",
            "Links": null,
            "OomScoreAdj": 0,
            "PidMode": "",
            "Privileged": false,
            "PublishAllPorts": false,
            "ReadonlyRootfs": false,
            "SecurityOpt": null,
            "UTSMode": "",
            "UsernsMode": "",
            "ShmSize": 67108864,
            "Runtime": "runc",
            "Isolation": "",
            "CpuShares": 0,
            "Memory": 2147483648,
            "NanoCpus": 2000000000,
            "CgroupParent": "",
            "BlkioWeight": 0,
            "BlkioWeightDevice": [],
            "BlkioDeviceReadBps": [],
            "BlkioDeviceWriteBps": [],
            "BlkioDeviceReadIOps": [],
            "BlkioDeviceWriteIOps": [],
            "CpuPeriod": 0,
            "CpuQuota": 0,
            "CpuRealtimePeriod": 0,
            "CpuRealtimeRuntime": 0,
            "CpusetCpus": "",
            "CpusetMems": "",
            "Devices": [],
            "DeviceCgroupRules": null,
            "DeviceRequests": null,
            "MemoryReservation": 0,
            "MemorySwap": 4294967296,
            "MemorySwappiness": null,
            "OomKillDisable": null,
            "PidsLimit": null,
            "Ulimits": null,
            "CpuCount": 0,
            "CpuPercent": 0,
            "IOMaximumIOps": 0,
            "IOMaximumBandwidth": 0,
            "MaskedPaths": [
                "/proc/acpi",
                "/proc/asound",
                "/proc/interrupts",
                "/proc/kcore",
                "/proc/keys",
                "/proc/latency_stats",
                "/proc/sched_debug",
                "/proc/scsi",
                "/proc/timer_list",
                "/proc/timer_stats",
                "/sys/devices/virtual/powercap",
                "/sys/firmware"
            ],
            "ReadonlyPaths": [
                "/proc/bus",
                "/proc/fs",
                "/proc/irq",
                "/proc/sys",
                "/proc/sysrq-trigger"
            ]
        },
        "Storage": {
            "RootFS": {
                "Snapshot": {
                    "Name": "overlayfs"
                }
            }
        },
        "Mounts": [],
        "Config": {
            "Hostname": "58608e0411c0",
            "Domainname": "",
            "User": "",
            "AttachStdin": true,
            "AttachStdout": true,
            "AttachStderr": true,
            "Tty": false,
            "OpenStdin": true,
            "StdinOnce": true,
            "Env": [
                "S2_DEST_BASE=http://interface-engineer-s4-20261004t083729920697z-destination:8080",
                "S1_BASE=http://interface-engineer-s4-20261004t083729920697z-accepted:8080",
                "S1_HIST_BASE=http://interface-engineer-s4-20261004t083729920697z-historic:8080",
                "S1_HIST_REVISION=49287b4a5a1481f995c470ccae31776f03d4b863",
                "S2_OLD_BASE=http://interface-engineer-s4-20261004t083729920697z-old-stage2:8080",
                "S2_OLD_REVISION=16aee9f0ea10de5b8fa81a84429cc337c3c4490f",
                "S2_ACCEPTED_BASE=http://interface-engineer-s4-20261004t083729920697z-accepted-s2:8080",
                "S2_ACCEPTED_REVISION=4dba10246b07b2dda19de260d529f9d94ba0a1ed",
                "S2_BASE=http://interface-engineer-s4-20261004t083729920697z-current:9090",
                "S1_REVISION=75005d57fe0904753eac4eab5bf4e4c9a78b6d1b",
                "S3_ACCEPTED_BASE=http://interface-engineer-s4-20261004t083729920697z-accepted-s3:8080",
                "S3_ACCEPTED_REVISION=91e2c471acded1b861b3fec725f202297b1c6740",
                "CANDIDATE=fd95c471c66f486f02798c696d7b5a315cbdae84",
                "PROBE_OUT=/tmp/interface-engineer-out",
                "PATH=/usr/local/bin:/usr/local/sbin:/usr/local/bin:/usr/sbin:/usr/bin:/sbin:/bin",
                "LANG=C.UTF-8",
                "GPG_KEY=7169605F62C751356D054A26A821E680E5FA6305",
                "PYTHON_VERSION=3.12.15",
                "PYTHON_SHA256=c2c4321961fab0fb999d66e0cecf521c2ab3994c7992873ea99e306c1094fd5a",
                "PIP_DISABLE_PIP_VERSION_CHECK=1",
                "PYTHONUNBUFFERED=1"
            ],
            "Cmd": [
                "python",
                "-B",
                "-c",
                "import sys;exec(compile(sys.stdin.buffer.read(),'sealed-interface-probe.py','exec'))"
            ],
            "Image": "df-harness-runner:latest",
            "Volumes": null,
            "WorkingDir": "/work",
            "Entrypoint": null,
            "Labels": {}
        },
        "NetworkSettings": {
            "SandboxID": "",
            "SandboxKey": "",
            "Ports": {},
            "Networks": {
                "interface-engineer-s4-20261004t083729920697z": {
                    "IPAMConfig": null,
                    "Links": null,
                    "Aliases": null,
                    "DriverOpts": null,
                    "GwPriority": 0,
                    "NetworkID": "5f3deb4dd34327667e3273874286d372ed48353420d9ea121c069fc013501e51",
                    "EndpointID": "",
                    "Gateway": "",
                    "IPAddress": "",
                    "MacAddress": "",
                    "IPPrefixLen": 0,
                    "IPv6Gateway": "",
                    "GlobalIPv6Address": "",
                    "GlobalIPv6PrefixLen": 0,
                    "DNSNames": [
                        "interface-engineer-s4-20261004t083729920697z-probe",
                        "58608e0411c0"
                    ]
                }
            }
        },
        "ImageManifestDescriptor": {
            "mediaType": "application/vnd.oci.image.manifest.v1+json",
            "digest": "sha256:995ab4a02d20f7960839745837bbecad1a313294abc0fd6359e3d435293e91ad",
            "size": 1624,
            "platform": {
                "architecture": "arm64",
                "os": "linux"
            }
        }
    }
]
