#0 building with "desktop-linux" instance using docker driver

#1 [internal] load build definition from Dockerfile
#1 transferring dockerfile: 557B done
#1 DONE 0.0s

#2 [internal] load metadata for docker.io/library/python:3.12-slim-bookworm
#2 DONE 0.4s

#3 [internal] load .dockerignore
#3 transferring context: 88B done
#3 DONE 0.0s

#4 [1/6] FROM docker.io/library/python:3.12-slim-bookworm@sha256:54c85f3c47607a77f32adec749d3c81d1348bf25833671f512b26a9b6d778cb3
#4 resolve docker.io/library/python:3.12-slim-bookworm@sha256:54c85f3c47607a77f32adec749d3c81d1348bf25833671f512b26a9b6d778cb3 done
#4 DONE 0.0s

#5 [internal] load build context
#5 transferring context: 90.08kB done
#5 DONE 0.0s

#6 [3/6] WORKDIR /app
#6 CACHED

#7 [4/6] COPY server.py core.py ./
#7 CACHED

#8 [2/6] RUN apt-get update     && DEBIAN_FRONTEND=noninteractive apt-get install -y --no-install-recommends tzdata     && rm -rf /var/lib/apt/lists/*
#8 CACHED

#9 [5/6] COPY web ./web
#9 CACHED

#10 [6/6] RUN python -c "import ast,pathlib; [ast.parse(p.read_text()) for p in pathlib.Path('.').glob('*.py')]"
#10 CACHED

#11 exporting to image
#11 exporting layers done
#11 exporting manifest sha256:2aba318732d483001a3355d945b68933cf0a47d7df88f4174647464dc9cd2fee done
#11 exporting config sha256:884eb9c982d7df37857a220240f30ab38ac6575947b1860c8e0bee211467e4de done
#11 exporting attestation manifest sha256:4165de3b8db544d3ceb4c6f0e6e28e276f1c8cd53e65317a2bef7cdbccb9aa71 done
#11 exporting manifest list sha256:2eae01002e7b3b9f2f5a6f8c253b91320f3b88db4757e5f121f24ebe589f5a87 done
#11 naming to docker.io/library/systems-engineer-tablekeeper-s2:api-20261004t014617 done
#11 unpacking to docker.io/library/systems-engineer-tablekeeper-s2:api-20261004t014617 done
#11 DONE 0.0s
