[
    {
        "Id": "7cf027fafe4d6aca5f86c7a7446ad53dff51037ce53f82bd14f5a618ac58172c",
        "Created": "2026-10-04T04:21:01.004006459Z",
        "Path": "python",
        "Args": [
            "-X",
            "faulthandler",
            "-B",
            "-",
            "http://systems-engineer-deep-20261004t042100185749-0:18161",
            "http://systems-engineer-deep-20261004t042100185749-1:18162",
            "/tmp/systems-engineer-deep-http.json"
        ],
        "State": {
            "Status": "exited",
            "Running": false,
            "Paused": false,
            "Restarting": false,
            "OOMKilled": false,
            "Dead": false,
            "Pid": 0,
            "ExitCode": 1,
            "Error": "",
            "StartedAt": "2026-10-04T04:21:01.040552293Z",
            "FinishedAt": "2026-10-04T04:21:01.604970584Z"
        },
        "Image": "sha256:e84435e7048666224b36d3d8784d0e5c8545cbe9168def24876caa18a0646ae3",
        "ResolvConfPath": "/var/lib/docker/containers/7cf027fafe4d6aca5f86c7a7446ad53dff51037ce53f82bd14f5a618ac58172c/resolv.conf",
        "HostnamePath": "/var/lib/docker/containers/7cf027fafe4d6aca5f86c7a7446ad53dff51037ce53f82bd14f5a618ac58172c/hostname",
        "HostsPath": "/var/lib/docker/containers/7cf027fafe4d6aca5f86c7a7446ad53dff51037ce53f82bd14f5a618ac58172c/hosts",
        "LogPath": "/var/lib/docker/containers/7cf027fafe4d6aca5f86c7a7446ad53dff51037ce53f82bd14f5a618ac58172c/7cf027fafe4d6aca5f86c7a7446ad53dff51037ce53f82bd14f5a618ac58172c-json.log",
        "Name": "/systems-engineer-deep-20261004t042100185749-client",
        "RestartCount": 0,
        "Driver": "overlayfs",
        "Platform": "linux",
        "MountLabel": "",
        "ProcessLabel": "",
        "AppArmorProfile": "",
        "ExecIDs": null,
        "HostConfig": {
            "Binds": null,
            "ContainerIDFile": "",
            "LogConfig": {
                "Type": "json-file",
                "Config": {}
            },
            "NetworkMode": "systems-engineer-deep-20261004t042100185749-net",
            "PortBindings": {},
            "RestartPolicy": {
                "Name": "no",
                "MaximumRetryCount": 0
            },
            "AutoRemove": false,
            "VolumeDriver": "",
            "VolumesFrom": null,
            "ConsoleSize": [
                0,
                0
            ],
            "CapAdd": null,
            "CapDrop": null,
            "CgroupnsMode": "private",
            "Dns": null,
            "DnsOptions": [],
            "DnsSearch": [],
            "ExtraHosts": null,
            "GroupAdd": null,
            "IpcMode": "private",
            "Cgroup": "",
            "Links": null,
            "OomScoreAdj": 0,
            "PidMode": "",
            "Privileged": false,
            "PublishAllPorts": false,
            "ReadonlyRootfs": false,
            "SecurityOpt": null,
            "UTSMode": "",
            "UsernsMode": "",
            "ShmSize": 67108864,
            "Runtime": "runc",
            "Isolation": "",
            "CpuShares": 0,
            "Memory": 2147483648,
            "NanoCpus": 2000000000,
            "CgroupParent": "",
            "BlkioWeight": 0,
            "BlkioWeightDevice": [],
            "BlkioDeviceReadBps": [],
            "BlkioDeviceWriteBps": [],
            "BlkioDeviceReadIOps": [],
            "BlkioDeviceWriteIOps": [],
            "CpuPeriod": 0,
            "CpuQuota": 0,
            "CpuRealtimePeriod": 0,
            "CpuRealtimeRuntime": 0,
            "CpusetCpus": "",
            "CpusetMems": "",
            "Devices": [],
            "DeviceCgroupRules": null,
            "DeviceRequests": null,
            "MemoryReservation": 0,
            "MemorySwap": 4294967296,
            "MemorySwappiness": null,
            "OomKillDisable": null,
            "PidsLimit": null,
            "Ulimits": null,
            "CpuCount": 0,
            "CpuPercent": 0,
            "IOMaximumIOps": 0,
            "IOMaximumBandwidth": 0,
            "MaskedPaths": [
                "/proc/acpi",
                "/proc/asound",
                "/proc/interrupts",
                "/proc/kcore",
                "/proc/keys",
                "/proc/latency_stats",
                "/proc/sched_debug",
                "/proc/scsi",
                "/proc/timer_list",
                "/proc/timer_stats",
                "/sys/devices/virtual/powercap",
                "/sys/firmware"
            ],
            "ReadonlyPaths": [
                "/proc/bus",
                "/proc/fs",
                "/proc/irq",
                "/proc/sys",
                "/proc/sysrq-trigger"
            ]
        },
        "Storage": {
            "RootFS": {
                "Snapshot": {
                    "Name": "overlayfs"
                }
            }
        },
        "Mounts": [],
        "Config": {
            "Hostname": "7cf027fafe4d",
            "Domainname": "",
            "User": "65532:65532",
            "AttachStdin": true,
            "AttachStdout": true,
            "AttachStderr": true,
            "ExposedPorts": {
                "8080/tcp": {}
            },
            "Tty": false,
            "OpenStdin": true,
            "StdinOnce": true,
            "Env": [
                "PATH=/usr/local/bin:/usr/local/sbin:/usr/local/bin:/usr/sbin:/usr/bin:/sbin:/bin",
                "LANG=C.UTF-8",
                "GPG_KEY=7169605F62C751356D054A26A821E680E5FA6305",
                "PYTHON_VERSION=3.12.15",
                "PYTHON_SHA256=c2c4321961fab0fb999d66e0cecf521c2ab3994c7992873ea99e306c1094fd5a",
                "PYTHONUNBUFFERED=1",
                "PYTHONDONTWRITEBYTECODE=1"
            ],
            "Cmd": [
                "-X",
                "faulthandler",
                "-B",
                "-",
                "http://systems-engineer-deep-20261004t042100185749-0:18161",
                "http://systems-engineer-deep-20261004t042100185749-1:18162",
                "/tmp/systems-engineer-deep-http.json"
            ],
            "Image": "sha256:e84435e7048666224b36d3d8784d0e5c8545cbe9168def24876caa18a0646ae3",
            "Volumes": null,
            "WorkingDir": "/app",
            "Entrypoint": [
                "python"
            ],
            "Labels": {}
        },
        "NetworkSettings": {
            "SandboxID": "",
            "SandboxKey": "",
            "Ports": {},
            "Networks": {
                "systems-engineer-deep-20261004t042100185749-net": {
                    "IPAMConfig": null,
                    "Links": null,
                    "Aliases": null,
                    "DriverOpts": null,
                    "GwPriority": 0,
                    "NetworkID": "a206afba8ed3cd4a4d953d0b2030bf8697710ea175cc3cef8e2aa89bc05a45f3",
                    "EndpointID": "",
                    "Gateway": "",
                    "IPAddress": "",
                    "MacAddress": "",
                    "IPPrefixLen": 0,
                    "IPv6Gateway": "",
                    "GlobalIPv6Address": "",
                    "GlobalIPv6PrefixLen": 0,
                    "DNSNames": [
                        "systems-engineer-deep-20261004t042100185749-client",
                        "7cf027fafe4d"
                    ]
                }
            }
        },
        "ImageManifestDescriptor": {
            "mediaType": "application/vnd.oci.image.manifest.v1+json",
            "digest": "sha256:a50bf567ab390b85b7a726e8c216490b65ad0b4e54313ca49bfb56e9a9c96c61",
            "size": 1806,
            "platform": {
                "architecture": "arm64",
                "os": "linux"
            }
        }
    }
]
