[
    {
        "Id": "b9cbdde7e6d4ef7d440f7c799c7bd833cd0f4e2f0334a1c06564cc4c03afcca9",
        "Created": "2026-10-04T09:08:06.088951929Z",
        "Path": "python",
        "Args": [
            "server.py"
        ],
        "State": {
            "Status": "running",
            "Running": true,
            "Paused": false,
            "Restarting": false,
            "OOMKilled": false,
            "Dead": false,
            "Pid": 3463,
            "ExitCode": 0,
            "Error": "",
            "StartedAt": "2026-10-04T09:08:06.137300429Z",
            "FinishedAt": "0001-01-01T00:00:00Z"
        },
        "Image": "sha256:d4e6c79aa0dae3660b7d5c317824527c6d7888b934afbe5f23a9dea344fa54ea",
        "ResolvConfPath": "/var/lib/docker/containers/b9cbdde7e6d4ef7d440f7c799c7bd833cd0f4e2f0334a1c06564cc4c03afcca9/resolv.conf",
        "HostnamePath": "/var/lib/docker/containers/b9cbdde7e6d4ef7d440f7c799c7bd833cd0f4e2f0334a1c06564cc4c03afcca9/hostname",
        "HostsPath": "/var/lib/docker/containers/b9cbdde7e6d4ef7d440f7c799c7bd833cd0f4e2f0334a1c06564cc4c03afcca9/hosts",
        "LogPath": "/var/lib/docker/containers/b9cbdde7e6d4ef7d440f7c799c7bd833cd0f4e2f0334a1c06564cc4c03afcca9/b9cbdde7e6d4ef7d440f7c799c7bd833cd0f4e2f0334a1c06564cc4c03afcca9-json.log",
        "Name": "/independent-verifier-s4-1004090705-accepted-s3",
        "RestartCount": 0,
        "Driver": "overlayfs",
        "Platform": "linux",
        "MountLabel": "",
        "ProcessLabel": "",
        "AppArmorProfile": "",
        "ExecIDs": null,
        "HostConfig": {
            "Binds": null,
            "ContainerIDFile": "",
            "LogConfig": {
                "Type": "json-file",
                "Config": {}
            },
            "NetworkMode": "independent-verifier-s4-1004090705-net",
            "PortBindings": {
                "18316/tcp": [
                    {
                        "HostIp": "127.0.0.1",
                        "HostPort": "18308"
                    }
                ]
            },
            "RestartPolicy": {
                "Name": "no",
                "MaximumRetryCount": 0
            },
            "AutoRemove": false,
            "VolumeDriver": "",
            "VolumesFrom": null,
            "ConsoleSize": [
                0,
                0
            ],
            "CapAdd": null,
            "CapDrop": null,
            "CgroupnsMode": "private",
            "Dns": null,
            "DnsOptions": [],
            "DnsSearch": [],
            "ExtraHosts": null,
            "GroupAdd": null,
            "IpcMode": "private",
            "Cgroup": "",
            "Links": null,
            "OomScoreAdj": 0,
            "PidMode": "",
            "Privileged": false,
            "PublishAllPorts": false,
            "ReadonlyRootfs": false,
            "SecurityOpt": null,
            "UTSMode": "",
            "UsernsMode": "",
            "ShmSize": 67108864,
            "Runtime": "runc",
            "Isolation": "",
            "CpuShares": 0,
            "Memory": 2147483648,
            "NanoCpus": 2000000000,
            "CgroupParent": "",
            "BlkioWeight": 0,
            "BlkioWeightDevice": [],
            "BlkioDeviceReadBps": [],
            "BlkioDeviceWriteBps": [],
            "BlkioDeviceReadIOps": [],
            "BlkioDeviceWriteIOps": [],
            "CpuPeriod": 0,
            "CpuQuota": 0,
            "CpuRealtimePeriod": 0,
            "CpuRealtimeRuntime": 0,
            "CpusetCpus": "",
            "CpusetMems": "",
            "Devices": [],
            "DeviceCgroupRules": null,
            "DeviceRequests": null,
            "MemoryReservation": 0,
            "MemorySwap": 4294967296,
            "MemorySwappiness": null,
            "OomKillDisable": null,
            "PidsLimit": null,
            "Ulimits": null,
            "CpuCount": 0,
            "CpuPercent": 0,
            "IOMaximumIOps": 0,
            "IOMaximumBandwidth": 0,
            "MaskedPaths": [
                "/proc/acpi",
                "/proc/asound",
                "/proc/interrupts",
                "/proc/kcore",
                "/proc/keys",
                "/proc/latency_stats",
                "/proc/sched_debug",
                "/proc/scsi",
                "/proc/timer_list",
                "/proc/timer_stats",
                "/sys/devices/virtual/powercap",
                "/sys/firmware"
            ],
            "ReadonlyPaths": [
                "/proc/bus",
                "/proc/fs",
                "/proc/irq",
                "/proc/sys",
                "/proc/sysrq-trigger"
            ]
        },
        "Storage": {
            "RootFS": {
                "Snapshot": {
                    "Name": "overlayfs"
                }
            }
        },
        "Mounts": [],
        "Config": {
            "Hostname": "b9cbdde7e6d4",
            "Domainname": "",
            "User": "65532:65532",
            "AttachStdin": false,
            "AttachStdout": false,
            "AttachStderr": false,
            "ExposedPorts": {
                "18316/tcp": {},
                "8080/tcp": {}
            },
            "Tty": false,
            "OpenStdin": false,
            "StdinOnce": false,
            "Env": [
                "PORT=18316",
                "PATH=/usr/local/bin:/usr/local/sbin:/usr/local/bin:/usr/sbin:/usr/bin:/sbin:/bin",
                "LANG=C.UTF-8",
                "GPG_KEY=7169605F62C751356D054A26A821E680E5FA6305",
                "PYTHON_VERSION=3.12.15",
                "PYTHON_SHA256=c2c4321961fab0fb999d66e0cecf521c2ab3994c7992873ea99e306c1094fd5a",
                "PYTHONUNBUFFERED=1",
                "PYTHONDONTWRITEBYTECODE=1"
            ],
            "Cmd": [
                "python",
                "server.py"
            ],
            "Image": "independent-verifier-s4-1004090705:accepted-s3",
            "Volumes": null,
            "WorkingDir": "/app",
            "Entrypoint": null,
            "Labels": {}
        },
        "NetworkSettings": {
            "SandboxID": "d362ef5463c911c0adf957f5b692d5d41a7137503202683eb6224a5faeb4c7a1",
            "SandboxKey": "/var/run/docker/netns/d362ef5463c9",
            "Ports": {
                "18316/tcp": []
            },
            "Networks": {
                "independent-verifier-s4-1004090705-net": {
                    "IPAMConfig": null,
                    "Links": null,
                    "Aliases": null,
                    "DriverOpts": null,
                    "GwPriority": 0,
                    "NetworkID": "0fb75aa49e3186f8aa470779b83e42f800f9ffe2b68888cfcde0fcc6c56a855c",
                    "EndpointID": "2152fb956be406b769b4a5a3c3d3e4e291330c22ed5493b9d1681cb79fc3624c",
                    "Gateway": "",
                    "IPAddress": "172.18.0.9",
                    "MacAddress": "c2:03:d8:92:ad:ab",
                    "IPPrefixLen": 16,
                    "IPv6Gateway": "",
                    "GlobalIPv6Address": "",
                    "GlobalIPv6PrefixLen": 0,
                    "DNSNames": [
                        "independent-verifier-s4-1004090705-accepted-s3",
                        "b9cbdde7e6d4"
                    ]
                }
            }
        },
        "ImageManifestDescriptor": {
            "mediaType": "application/vnd.oci.image.manifest.v1+json",
            "digest": "sha256:5140a406dbccb38a3a597b73329443da5a20bc71191df5129cd6c1bbf548faa2",
            "size": 1996,
            "platform": {
                "architecture": "arm64",
                "os": "linux"
            }
        }
    }
]
