[
    {
        "Id": "2a98f2f0b7e910b08870c4b55256040dd40b64ea92bd875824db9f7fc5383712",
        "Created": "2026-10-04T09:07:27.101888425Z",
        "Path": "python",
        "Args": [
            "server.py"
        ],
        "State": {
            "Status": "running",
            "Running": true,
            "Paused": false,
            "Restarting": false,
            "OOMKilled": false,
            "Dead": false,
            "Pid": 835,
            "ExitCode": 0,
            "Error": "",
            "StartedAt": "2026-10-04T09:07:27.121865175Z",
            "FinishedAt": "0001-01-01T00:00:00Z"
        },
        "Image": "sha256:7940e281ea055f59969c1e69a40bcb32f0c61d2eaf48824bc7f211007555b684",
        "ResolvConfPath": "/var/lib/docker/containers/2a98f2f0b7e910b08870c4b55256040dd40b64ea92bd875824db9f7fc5383712/resolv.conf",
        "HostnamePath": "/var/lib/docker/containers/2a98f2f0b7e910b08870c4b55256040dd40b64ea92bd875824db9f7fc5383712/hostname",
        "HostsPath": "/var/lib/docker/containers/2a98f2f0b7e910b08870c4b55256040dd40b64ea92bd875824db9f7fc5383712/hosts",
        "LogPath": "/var/lib/docker/containers/2a98f2f0b7e910b08870c4b55256040dd40b64ea92bd875824db9f7fc5383712/2a98f2f0b7e910b08870c4b55256040dd40b64ea92bd875824db9f7fc5383712-json.log",
        "Name": "/independent-verifier-s4-1004090705-peer",
        "RestartCount": 0,
        "Driver": "overlayfs",
        "Platform": "linux",
        "MountLabel": "",
        "ProcessLabel": "",
        "AppArmorProfile": "",
        "ExecIDs": null,
        "HostConfig": {
            "Binds": null,
            "ContainerIDFile": "",
            "LogConfig": {
                "Type": "json-file",
                "Config": {}
            },
            "NetworkMode": "independent-verifier-s4-1004090705-net",
            "PortBindings": {
                "8080/tcp": [
                    {
                        "HostIp": "127.0.0.1",
                        "HostPort": "18301"
                    }
                ]
            },
            "RestartPolicy": {
                "Name": "no",
                "MaximumRetryCount": 0
            },
            "AutoRemove": false,
            "VolumeDriver": "",
            "VolumesFrom": null,
            "ConsoleSize": [
                0,
                0
            ],
            "CapAdd": null,
            "CapDrop": null,
            "CgroupnsMode": "private",
            "Dns": null,
            "DnsOptions": [],
            "DnsSearch": [],
            "ExtraHosts": null,
            "GroupAdd": null,
            "IpcMode": "private",
            "Cgroup": "",
            "Links": null,
            "OomScoreAdj": 0,
            "PidMode": "",
            "Privileged": false,
            "PublishAllPorts": false,
            "ReadonlyRootfs": false,
            "SecurityOpt": null,
            "UTSMode": "",
            "UsernsMode": "",
            "ShmSize": 67108864,
            "Runtime": "runc",
            "Isolation": "",
            "CpuShares": 0,
            "Memory": 2147483648,
            "NanoCpus": 2000000000,
            "CgroupParent": "",
            "BlkioWeight": 0,
            "BlkioWeightDevice": [],
            "BlkioDeviceReadBps": [],
            "BlkioDeviceWriteBps": [],
            "BlkioDeviceReadIOps": [],
            "BlkioDeviceWriteIOps": [],
            "CpuPeriod": 0,
            "CpuQuota": 0,
            "CpuRealtimePeriod": 0,
            "CpuRealtimeRuntime": 0,
            "CpusetCpus": "",
            "CpusetMems": "",
            "Devices": [],
            "DeviceCgroupRules": null,
            "DeviceRequests": null,
            "MemoryReservation": 0,
            "MemorySwap": 4294967296,
            "MemorySwappiness": null,
            "OomKillDisable": null,
            "PidsLimit": null,
            "Ulimits": null,
            "CpuCount": 0,
            "CpuPercent": 0,
            "IOMaximumIOps": 0,
            "IOMaximumBandwidth": 0,
            "MaskedPaths": [
                "/proc/acpi",
                "/proc/asound",
                "/proc/interrupts",
                "/proc/kcore",
                "/proc/keys",
                "/proc/latency_stats",
                "/proc/sched_debug",
                "/proc/scsi",
                "/proc/timer_list",
                "/proc/timer_stats",
                "/sys/devices/virtual/powercap",
                "/sys/firmware"
            ],
            "ReadonlyPaths": [
                "/proc/bus",
                "/proc/fs",
                "/proc/irq",
                "/proc/sys",
                "/proc/sysrq-trigger"
            ]
        },
        "Storage": {
            "RootFS": {
                "Snapshot": {
                    "Name": "overlayfs"
                }
            }
        },
        "Mounts": [],
        "Config": {
            "Hostname": "2a98f2f0b7e9",
            "Domainname": "",
            "User": "65532:65532",
            "AttachStdin": false,
            "AttachStdout": false,
            "AttachStderr": false,
            "ExposedPorts": {
                "8080/tcp": {}
            },
            "Tty": false,
            "OpenStdin": false,
            "StdinOnce": false,
            "Env": [
                "PATH=/usr/local/bin:/usr/local/sbin:/usr/local/bin:/usr/sbin:/usr/bin:/sbin:/bin",
                "LANG=C.UTF-8",
                "GPG_KEY=7169605F62C751356D054A26A821E680E5FA6305",
                "PYTHON_VERSION=3.12.15",
                "PYTHON_SHA256=c2c4321961fab0fb999d66e0cecf521c2ab3994c7992873ea99e306c1094fd5a",
                "PYTHONUNBUFFERED=1",
                "PYTHONDONTWRITEBYTECODE=1"
            ],
            "Cmd": [
                "python",
                "server.py"
            ],
            "Image": "independent-verifier-s4-1004090705:current",
            "Volumes": null,
            "WorkingDir": "/app",
            "Entrypoint": null,
            "Labels": {}
        },
        "NetworkSettings": {
            "SandboxID": "690e7b9ed05f4e97bf536fe59a232965c10662942bddba23d77d27e05358c20a",
            "SandboxKey": "/var/run/docker/netns/690e7b9ed05f",
            "Ports": {
                "8080/tcp": []
            },
            "Networks": {
                "independent-verifier-s4-1004090705-net": {
                    "IPAMConfig": null,
                    "Links": null,
                    "Aliases": null,
                    "DriverOpts": null,
                    "GwPriority": 0,
                    "NetworkID": "0fb75aa49e3186f8aa470779b83e42f800f9ffe2b68888cfcde0fcc6c56a855c",
                    "EndpointID": "ed8d98a6d1715c5c29561b3aa6b1f9ff46514dbf5d000793342c97e95b360cec",
                    "Gateway": "",
                    "IPAddress": "172.18.0.3",
                    "MacAddress": "b6:dd:13:15:95:0c",
                    "IPPrefixLen": 16,
                    "IPv6Gateway": "",
                    "GlobalIPv6Address": "",
                    "GlobalIPv6PrefixLen": 0,
                    "DNSNames": [
                        "independent-verifier-s4-1004090705-peer",
                        "2a98f2f0b7e9"
                    ]
                }
            }
        },
        "ImageManifestDescriptor": {
            "mediaType": "application/vnd.oci.image.manifest.v1+json",
            "digest": "sha256:f33c0684211ad1d0c8a9d630eedb33a542036f1f41aa62a17d80d2a65a07d177",
            "size": 1996,
            "platform": {
                "architecture": "arm64",
                "os": "linux"
            }
        }
    }
]
