[
    {
        "Id": "4f0815fe8fe96030353f0c6a40f3c054e015e419627538c968e362733a0a97a6",
        "Created": "2026-10-04T09:07:59.604219468Z",
        "Path": "python",
        "Args": [
            "server.py"
        ],
        "State": {
            "Status": "running",
            "Running": true,
            "Paused": false,
            "Restarting": false,
            "OOMKilled": false,
            "Dead": false,
            "Pid": 2839,
            "ExitCode": 0,
            "Error": "",
            "StartedAt": "2026-10-04T09:07:59.634760218Z",
            "FinishedAt": "0001-01-01T00:00:00Z"
        },
        "Image": "sha256:a86f32b4179c7dc2a221466fc2b6f3186c85522e5d8a308b371fb6ab933346b9",
        "ResolvConfPath": "/var/lib/docker/containers/4f0815fe8fe96030353f0c6a40f3c054e015e419627538c968e362733a0a97a6/resolv.conf",
        "HostnamePath": "/var/lib/docker/containers/4f0815fe8fe96030353f0c6a40f3c054e015e419627538c968e362733a0a97a6/hostname",
        "HostsPath": "/var/lib/docker/containers/4f0815fe8fe96030353f0c6a40f3c054e015e419627538c968e362733a0a97a6/hosts",
        "LogPath": "/var/lib/docker/containers/4f0815fe8fe96030353f0c6a40f3c054e015e419627538c968e362733a0a97a6/4f0815fe8fe96030353f0c6a40f3c054e015e419627538c968e362733a0a97a6-json.log",
        "Name": "/independent-verifier-s4-1004090705-legacy-s2",
        "RestartCount": 0,
        "Driver": "overlayfs",
        "Platform": "linux",
        "MountLabel": "",
        "ProcessLabel": "",
        "AppArmorProfile": "",
        "ExecIDs": null,
        "HostConfig": {
            "Binds": null,
            "ContainerIDFile": "",
            "LogConfig": {
                "Type": "json-file",
                "Config": {}
            },
            "NetworkMode": "independent-verifier-s4-1004090705-net",
            "PortBindings": {
                "18315/tcp": [
                    {
                        "HostIp": "127.0.0.1",
                        "HostPort": "18307"
                    }
                ]
            },
            "RestartPolicy": {
                "Name": "no",
                "MaximumRetryCount": 0
            },
            "AutoRemove": false,
            "VolumeDriver": "",
            "VolumesFrom": null,
            "ConsoleSize": [
                0,
                0
            ],
            "CapAdd": null,
            "CapDrop": null,
            "CgroupnsMode": "private",
            "Dns": null,
            "DnsOptions": [],
            "DnsSearch": [],
            "ExtraHosts": null,
            "GroupAdd": null,
            "IpcMode": "private",
            "Cgroup": "",
            "Links": null,
            "OomScoreAdj": 0,
            "PidMode": "",
            "Privileged": false,
            "PublishAllPorts": false,
            "ReadonlyRootfs": false,
            "SecurityOpt": null,
            "UTSMode": "",
            "UsernsMode": "",
            "ShmSize": 67108864,
            "Runtime": "runc",
            "Isolation": "",
            "CpuShares": 0,
            "Memory": 2147483648,
            "NanoCpus": 2000000000,
            "CgroupParent": "",
            "BlkioWeight": 0,
            "BlkioWeightDevice": [],
            "BlkioDeviceReadBps": [],
            "BlkioDeviceWriteBps": [],
            "BlkioDeviceReadIOps": [],
            "BlkioDeviceWriteIOps": [],
            "CpuPeriod": 0,
            "CpuQuota": 0,
            "CpuRealtimePeriod": 0,
            "CpuRealtimeRuntime": 0,
            "CpusetCpus": "",
            "CpusetMems": "",
            "Devices": [],
            "DeviceCgroupRules": null,
            "DeviceRequests": null,
            "MemoryReservation": 0,
            "MemorySwap": 4294967296,
            "MemorySwappiness": null,
            "OomKillDisable": null,
            "PidsLimit": null,
            "Ulimits": null,
            "CpuCount": 0,
            "CpuPercent": 0,
            "IOMaximumIOps": 0,
            "IOMaximumBandwidth": 0,
            "MaskedPaths": [
                "/proc/acpi",
                "/proc/asound",
                "/proc/interrupts",
                "/proc/kcore",
                "/proc/keys",
                "/proc/latency_stats",
                "/proc/sched_debug",
                "/proc/scsi",
                "/proc/timer_list",
                "/proc/timer_stats",
                "/sys/devices/virtual/powercap",
                "/sys/firmware"
            ],
            "ReadonlyPaths": [
                "/proc/bus",
                "/proc/fs",
                "/proc/irq",
                "/proc/sys",
                "/proc/sysrq-trigger"
            ]
        },
        "Storage": {
            "RootFS": {
                "Snapshot": {
                    "Name": "overlayfs"
                }
            }
        },
        "Mounts": [],
        "Config": {
            "Hostname": "4f0815fe8fe9",
            "Domainname": "",
            "User": "65532:65532",
            "AttachStdin": false,
            "AttachStdout": false,
            "AttachStderr": false,
            "ExposedPorts": {
                "18315/tcp": {},
                "8080/tcp": {}
            },
            "Tty": false,
            "OpenStdin": false,
            "StdinOnce": false,
            "Env": [
                "PORT=18315",
                "PATH=/usr/local/bin:/usr/local/sbin:/usr/local/bin:/usr/sbin:/usr/bin:/sbin:/bin",
                "LANG=C.UTF-8",
                "GPG_KEY=7169605F62C751356D054A26A821E680E5FA6305",
                "PYTHON_VERSION=3.12.15",
                "PYTHON_SHA256=c2c4321961fab0fb999d66e0cecf521c2ab3994c7992873ea99e306c1094fd5a",
                "PYTHONUNBUFFERED=1",
                "PYTHONDONTWRITEBYTECODE=1"
            ],
            "Cmd": [
                "python",
                "server.py"
            ],
            "Image": "independent-verifier-s4-1004090705:legacy-s2",
            "Volumes": null,
            "WorkingDir": "/app",
            "Entrypoint": null,
            "Labels": {}
        },
        "NetworkSettings": {
            "SandboxID": "ccd36a37b176e0453f65841c6de5dcf480674ab5f451154f14d59db8e0036272",
            "SandboxKey": "/var/run/docker/netns/ccd36a37b176",
            "Ports": {
                "18315/tcp": []
            },
            "Networks": {
                "independent-verifier-s4-1004090705-net": {
                    "IPAMConfig": null,
                    "Links": null,
                    "Aliases": null,
                    "DriverOpts": null,
                    "GwPriority": 0,
                    "NetworkID": "0fb75aa49e3186f8aa470779b83e42f800f9ffe2b68888cfcde0fcc6c56a855c",
                    "EndpointID": "3fcd235eb791a5b1e9d59f1567141e59ce3f0e0068ee29175a123c4e2cd8b8a2",
                    "Gateway": "",
                    "IPAddress": "172.18.0.8",
                    "MacAddress": "da:c6:89:8f:d0:96",
                    "IPPrefixLen": 16,
                    "IPv6Gateway": "",
                    "GlobalIPv6Address": "",
                    "GlobalIPv6PrefixLen": 0,
                    "DNSNames": [
                        "independent-verifier-s4-1004090705-legacy-s2",
                        "4f0815fe8fe9"
                    ]
                }
            }
        },
        "ImageManifestDescriptor": {
            "mediaType": "application/vnd.oci.image.manifest.v1+json",
            "digest": "sha256:6a21c74eab0495d778a126e3b228542ff702c1744f7bc82adfd09d71780b60ed",
            "size": 1996,
            "platform": {
                "architecture": "arm64",
                "os": "linux"
            }
        }
    }
]
