#0 building with "desktop-linux" instance using docker driver

#1 [internal] load build definition from Dockerfile
#1 transferring dockerfile: 210B done
#1 DONE 0.0s

#2 [internal] load metadata for docker.io/library/independent-verifier-s4-1004095136:client
#2 DONE 0.0s

#3 [internal] load .dockerignore
#3 transferring context: 2B done
#3 DONE 0.0s

#4 [1/5] FROM docker.io/library/independent-verifier-s4-1004095136:client@sha256:2a56848199b867aca32b02eb632232cdcf52f542f5a1fbfe871580e120ca36d9
#4 resolve docker.io/library/independent-verifier-s4-1004095136:client@sha256:2a56848199b867aca32b02eb632232cdcf52f542f5a1fbfe871580e120ca36d9 done
#4 DONE 0.0s

#5 [internal] load build context
#5 transferring context: 11.71MB 0.1s done
#5 DONE 0.1s

#6 [2/5] COPY stage-1 /verifier/stage-1
#6 CACHED

#7 [3/5] COPY stage-2 /verifier/stage-2
#7 CACHED

#8 [4/5] COPY stage-3 /verifier/stage-3
#8 CACHED

#9 [5/5] COPY stage-4 /verifier/stage-4
#9 DONE 0.0s

#10 exporting to image
#10 exporting layers 0.0s done
#10 exporting manifest sha256:392bb7ec5e6af9e0f21089b488d4e9e371d7b7822f59caf7632bcf42796f1e17 done
#10 exporting config sha256:2bc59b9be14fca714d3e23d5de4d3c9ded1066c57bae0ed8616b05eff158a780 done
#10 exporting attestation manifest sha256:8dc55f9f53180dcf44a018c8862b725db8c4a78418814a472a861ad642ab81f8 done
#10 exporting manifest list sha256:cf19e4ac86910127e2d24736fe8e2ff9a7d7f7b653996b8a1e097b2558406344 done
#10 naming to docker.io/library/independent-verifier-s4-1004095136:client-3482807d done
#10 unpacking to docker.io/library/independent-verifier-s4-1004095136:client-3482807d done
#10 DONE 0.1s
