#0 building with "desktop-linux" instance using docker driver

#1 [internal] load build definition from Dockerfile
#1 transferring dockerfile: 210B done
#1 DONE 0.0s

#2 [internal] load metadata for docker.io/library/independent-verifier-s4-1004095136:client
#2 DONE 0.0s

#3 [internal] load .dockerignore
#3 transferring context: 2B done
#3 DONE 0.0s

#4 [1/5] FROM docker.io/library/independent-verifier-s4-1004095136:client@sha256:2a56848199b867aca32b02eb632232cdcf52f542f5a1fbfe871580e120ca36d9
#4 resolve docker.io/library/independent-verifier-s4-1004095136:client@sha256:2a56848199b867aca32b02eb632232cdcf52f542f5a1fbfe871580e120ca36d9 done
#4 DONE 0.0s

#5 [internal] load build context
#5 transferring context: 11.77MB 0.1s done
#5 DONE 0.1s

#6 [3/5] COPY stage-2 /verifier/stage-2
#6 CACHED

#7 [2/5] COPY stage-1 /verifier/stage-1
#7 CACHED

#8 [4/5] COPY stage-3 /verifier/stage-3
#8 CACHED

#9 [5/5] COPY stage-4 /verifier/stage-4
#9 DONE 0.0s

#10 exporting to image
#10 exporting layers 0.0s done
#10 exporting manifest sha256:f81a5a6e31e76a9552f61e45f6566b93b6fef34d1117c7fa6b0749c2727c2577 done
#10 exporting config sha256:87f296c92f8d2c5e5e35552650d32d3ee69f6445ef79da47d997cecddd83fe8a done
#10 exporting attestation manifest sha256:335ec5558eb96fcb4d244c9c412f8f968d668026da0e26d3b3b56e81e73d6413 done
#10 exporting manifest list sha256:26c6eea183b76d50339401a0399c522f9ecf48bc788dbc534e538e81fb3f6db6 done
#10 naming to docker.io/library/independent-verifier-s4-1004095136:client-db336d70 done
#10 unpacking to docker.io/library/independent-verifier-s4-1004095136:client-db336d70 done
#10 DONE 0.1s
