#0 building with "desktop-linux" instance using docker driver

#1 [internal] load build definition from Dockerfile
#1 transferring dockerfile: 179B done
#1 DONE 0.0s

#2 [internal] load metadata for docker.io/library/independent-verifier-s3-1004072505:client
#2 DONE 0.0s

#3 [internal] load .dockerignore
#3 transferring context: 2B done
#3 DONE 0.0s

#4 [internal] load build context
#4 transferring context: 1.27MB 0.0s done
#4 DONE 0.0s

#5 [1/4] FROM docker.io/library/independent-verifier-s3-1004072505:client@sha256:be9903a12d0215f32a3ed9704fed5d84c7a0e534c40ce7e9c0389e31c6ab398c
#5 resolve docker.io/library/independent-verifier-s3-1004072505:client@sha256:be9903a12d0215f32a3ed9704fed5d84c7a0e534c40ce7e9c0389e31c6ab398c done
#5 DONE 0.0s

#6 [2/4] COPY stage-1 /verifier/stage-1
#6 DONE 0.0s

#7 [3/4] COPY stage-2 /verifier/stage-2
#7 DONE 0.0s

#8 [4/4] COPY stage-3 /verifier/stage-3
#8 DONE 0.0s

#9 exporting to image
#9 exporting layers 0.0s done
#9 exporting manifest sha256:6c2507863db4057b0e96cb41cfe261d691504eac2ebe54dfb946ba98d986ed7e done
#9 exporting config sha256:cca532002f4e51940dc42361755b11485eb4c9c1ffee49f7538517bc16e6b6a5 done
#9 exporting attestation manifest sha256:b41576d87fec52a58bf042077bbc59c5f158f4b63936f06a49c143073ce7a8d4 done
#9 exporting manifest list sha256:0df7719fc594b80b7f4d8dfb25497cb29ee38c4aa2697ebc148f6a5c3394633e done
#9 naming to docker.io/library/independent-verifier-s3-1004072505:client-ef03247 done
#9 unpacking to docker.io/library/independent-verifier-s3-1004072505:client-ef03247 0.0s done
#9 DONE 0.1s
