Traceback (most recent call last):
  File "/verifier/stage-4/stage4_extra.py", line 125, in <module>
    if __name__=='__main__':main()
                            ^^^^^^
  File "/verifier/stage-4/stage4_extra.py", line 121, in main
    if a.family in ['deep','upgrade']:FAMILIES[a.family](c,release)
                                      ^^^^^^^^^^^^^^^^^^^^^^^^^^^^^
  File "/verifier/stage-4/stage4_extra.py", line 77, in migration_family
    p=c.preview(closure(start=DAY+'T17:00:00+00:00',end=DAY+'T21:00:00+00:00'),key='new-preview')
      ^^^^^^^^^^^^^^^^^^^^^^^^^^^^^^^^^^^^^^^^^^^^^^^^^^^^^^^^^^^^^^^^^^^^^^^^^^^^^^^^^^^^^^^^^^^
  File "/verifier/stage-4/stage4_probe.py", line 61, in preview
    return self.response('preview-status',self.call('POST','/restaurants/'+restaurant+'/replans',body or closure(),token=self.tokens['m'],key=key),201)
           ^^^^^^^^^^^^^^^^^^^^^^^^^^^^^^^^^^^^^^^^^^^^^^^^^^^^^^^^^^^^^^^^^^^^^^^^^^^^^^^^^^^^^^^^^^^^^^^^^^^^^^^^^^^^^^^^^^^^^^^^^^^^^^^^^^^^^^^^^^^^
  File "/verifier/stage-3/stage3_probe.py", line 102, in response
    actual,value,_=result;self.check(case,actual==status and (code is None or value.get('error',{}).get('code')==code),{'status':actual,'expected':status,'code':code})
                          ^^^^^^^^^^^^^^^^^^^^^^^^^^^^^^^^^^^^^^^^^^^^^^^^^^^^^^^^^^^^^^^^^^^^^^^^^^^^^^^^^^^^^^^^^^^^^^^^^^^^^^^^^^^^^^^^^^^^^^^^^^^^^^^^^^^^^^^^^^^^^
  File "/verifier/stage-4/stage4_probe.py", line 56, in check
    if not condition:raise AssertionError(case)
                     ^^^^^^^^^^^^^^^^^^^^^^^^^^
AssertionError: preview-status
