{"candidate": "78ace90ad6022e534f4c78003d883de98d47e883", "passed": 20, "total": 20, "assertions": 351, "seconds": 16.066}
PASS transport-public
PASS authentication-keyboard
PASS single-book-lookup-cancel
PASS out-of-order-search
PASS single-conflict
PASS combined-conflict
PASS lost-single
PASS lost-combined
PASS genuine-stage1-upgrade
PASS combined-occupancy
PASS changed-retry-form
PASS empty-unavailable-lookup
PASS lookup-race-privacy-cutoff
PASS auth-inputs-loading
PASS concurrent-pair-transport
PASS party-safe-boundary
PASS party-above-safe-integer
PASS party-31-digits
PASS party-401-digits
PASS exact-numeric-keyboard-corrupt-response
