#0 building with "desktop-linux" instance using docker driver

#1 [internal] load build definition from Dockerfile
#1 transferring dockerfile: 557B done
#1 DONE 0.0s

#2 [auth] library/python:pull token for registry-1.docker.io
#2 DONE 0.0s

#3 [internal] load metadata for docker.io/library/python:3.12-slim-bookworm
#3 DONE 0.6s

#4 [internal] load .dockerignore
#4 transferring context: 88B done
#4 DONE 0.0s

#5 [1/6] FROM docker.io/library/python:3.12-slim-bookworm@sha256:54c85f3c47607a77f32adec749d3c81d1348bf25833671f512b26a9b6d778cb3
#5 resolve docker.io/library/python:3.12-slim-bookworm@sha256:54c85f3c47607a77f32adec749d3c81d1348bf25833671f512b26a9b6d778cb3 done
#5 DONE 0.0s

#6 [internal] load build context
#6 transferring context: 46.02kB done
#6 DONE 0.0s

#7 [2/6] RUN apt-get update     && DEBIAN_FRONTEND=noninteractive apt-get install -y --no-install-recommends tzdata     && rm -rf /var/lib/apt/lists/*
#7 CACHED

#8 [3/6] WORKDIR /app
#8 CACHED

#9 [4/6] COPY server.py core.py ./
#9 CACHED

#10 [5/6] COPY web ./web
#10 DONE 0.0s

#11 [6/6] RUN python -c "import ast,pathlib; [ast.parse(p.read_text()) for p in pathlib.Path('.').glob('*.py')]"
#11 DONE 0.1s

#12 exporting to image
#12 exporting layers 0.0s done
#12 exporting manifest sha256:0abb9081804c019d6341bc5b82dc77f98fd49c25d10f6a679981b1cf5325a2fe done
#12 exporting config sha256:300c3e6c62bd2875f7ba38e95f3e76fd7c4172fff2d3258ca2092cd82acc3966 done
#12 exporting attestation manifest sha256:6cf2c5b7088ea92f86d39ec7616132a70ec5030d6c46e3856982580fb1998c26 done
#12 exporting manifest list sha256:7288efc9543b63f37158ffa89c92e3b3a58de4f3b3749d12c932361a5d6e27d3 done
#12 naming to docker.io/library/interface-engineer-tablekeeper-s2:20261004t020457946050z done
#12 unpacking to docker.io/library/interface-engineer-tablekeeper-s2:20261004t020457946050z done
#12 DONE 0.1s
