[
    {
        "Id": "9751d19f3fe34336bbf7bd6a38b53db772a16ecd022387df34d48b5f7b9703e1",
        "Created": "2026-10-04T02:04:59.441720051Z",
        "Path": "python",
        "Args": [
            "server.py"
        ],
        "State": {
            "Status": "running",
            "Running": true,
            "Paused": false,
            "Restarting": false,
            "OOMKilled": false,
            "Dead": false,
            "Pid": 12510,
            "ExitCode": 0,
            "Error": "",
            "StartedAt": "2026-10-04T02:04:59.459391968Z",
            "FinishedAt": "0001-01-01T00:00:00Z"
        },
        "Image": "sha256:7288efc9543b63f37158ffa89c92e3b3a58de4f3b3749d12c932361a5d6e27d3",
        "ResolvConfPath": "/var/lib/docker/containers/9751d19f3fe34336bbf7bd6a38b53db772a16ecd022387df34d48b5f7b9703e1/resolv.conf",
        "HostnamePath": "/var/lib/docker/containers/9751d19f3fe34336bbf7bd6a38b53db772a16ecd022387df34d48b5f7b9703e1/hostname",
        "HostsPath": "/var/lib/docker/containers/9751d19f3fe34336bbf7bd6a38b53db772a16ecd022387df34d48b5f7b9703e1/hosts",
        "LogPath": "/var/lib/docker/containers/9751d19f3fe34336bbf7bd6a38b53db772a16ecd022387df34d48b5f7b9703e1/9751d19f3fe34336bbf7bd6a38b53db772a16ecd022387df34d48b5f7b9703e1-json.log",
        "Name": "/interface-engineer-s2-20261004t020457946050z-service",
        "RestartCount": 0,
        "Driver": "overlayfs",
        "Platform": "linux",
        "MountLabel": "",
        "ProcessLabel": "",
        "AppArmorProfile": "",
        "ExecIDs": null,
        "HostConfig": {
            "Binds": null,
            "ContainerIDFile": "",
            "LogConfig": {
                "Type": "json-file",
                "Config": {}
            },
            "NetworkMode": "interface-engineer-s2-20261004t020457946050z",
            "PortBindings": {
                "9090/tcp": [
                    {
                        "HostIp": "",
                        "HostPort": "18210"
                    }
                ]
            },
            "RestartPolicy": {
                "Name": "no",
                "MaximumRetryCount": 0
            },
            "AutoRemove": false,
            "VolumeDriver": "",
            "VolumesFrom": null,
            "ConsoleSize": [
                0,
                0
            ],
            "CapAdd": null,
            "CapDrop": null,
            "CgroupnsMode": "private",
            "Dns": null,
            "DnsOptions": [],
            "DnsSearch": [],
            "ExtraHosts": null,
            "GroupAdd": null,
            "IpcMode": "private",
            "Cgroup": "",
            "Links": null,
            "OomScoreAdj": 0,
            "PidMode": "",
            "Privileged": false,
            "PublishAllPorts": false,
            "ReadonlyRootfs": false,
            "SecurityOpt": null,
            "UTSMode": "",
            "UsernsMode": "",
            "ShmSize": 67108864,
            "Runtime": "runc",
            "Isolation": "",
            "CpuShares": 0,
            "Memory": 2147483648,
            "NanoCpus": 2000000000,
            "CgroupParent": "",
            "BlkioWeight": 0,
            "BlkioWeightDevice": [],
            "BlkioDeviceReadBps": [],
            "BlkioDeviceWriteBps": [],
            "BlkioDeviceReadIOps": [],
            "BlkioDeviceWriteIOps": [],
            "CpuPeriod": 0,
            "CpuQuota": 0,
            "CpuRealtimePeriod": 0,
            "CpuRealtimeRuntime": 0,
            "CpusetCpus": "",
            "CpusetMems": "",
            "Devices": [],
            "DeviceCgroupRules": null,
            "DeviceRequests": null,
            "MemoryReservation": 0,
            "MemorySwap": 4294967296,
            "MemorySwappiness": null,
            "OomKillDisable": null,
            "PidsLimit": null,
            "Ulimits": null,
            "CpuCount": 0,
            "CpuPercent": 0,
            "IOMaximumIOps": 0,
            "IOMaximumBandwidth": 0,
            "MaskedPaths": [
                "/proc/acpi",
                "/proc/asound",
                "/proc/interrupts",
                "/proc/kcore",
                "/proc/keys",
                "/proc/latency_stats",
                "/proc/sched_debug",
                "/proc/scsi",
                "/proc/timer_list",
                "/proc/timer_stats",
                "/sys/devices/virtual/powercap",
                "/sys/firmware"
            ],
            "ReadonlyPaths": [
                "/proc/bus",
                "/proc/fs",
                "/proc/irq",
                "/proc/sys",
                "/proc/sysrq-trigger"
            ]
        },
        "Storage": {
            "RootFS": {
                "Snapshot": {
                    "Name": "overlayfs"
                }
            }
        },
        "Mounts": [],
        "Config": {
            "Hostname": "9751d19f3fe3",
            "Domainname": "",
            "User": "65532:65532",
            "AttachStdin": false,
            "AttachStdout": false,
            "AttachStderr": false,
            "ExposedPorts": {
                "8080/tcp": {},
                "9090/tcp": {}
            },
            "Tty": false,
            "OpenStdin": false,
            "StdinOnce": false,
            "Env": [
                "PORT=9090",
                "PATH=/usr/local/bin:/usr/local/sbin:/usr/local/bin:/usr/sbin:/usr/bin:/sbin:/bin",
                "LANG=C.UTF-8",
                "GPG_KEY=7169605F62C751356D054A26A821E680E5FA6305",
                "PYTHON_VERSION=3.12.15",
                "PYTHON_SHA256=c2c4321961fab0fb999d66e0cecf521c2ab3994c7992873ea99e306c1094fd5a",
                "PYTHONUNBUFFERED=1",
                "PYTHONDONTWRITEBYTECODE=1"
            ],
            "Cmd": [
                "python",
                "server.py"
            ],
            "Image": "interface-engineer-tablekeeper-s2:20261004t020457946050z",
            "Volumes": null,
            "WorkingDir": "/app",
            "Entrypoint": null,
            "Labels": {}
        },
        "NetworkSettings": {
            "SandboxID": "fe0d67d99131433c82bc31daca5f5e8941ccbcdbacc711e5b91fbc5ec534212d",
            "SandboxKey": "/var/run/docker/netns/fe0d67d99131",
            "Ports": {
                "9090/tcp": []
            },
            "Networks": {
                "interface-engineer-s2-20261004t020457946050z": {
                    "IPAMConfig": null,
                    "Links": null,
                    "Aliases": null,
                    "DriverOpts": null,
                    "GwPriority": 0,
                    "NetworkID": "39b94e746bfb67c96f4d5fede3c0bcc99f9a2354af249261d6d4da2208c651cf",
                    "EndpointID": "ebf25a4d1d690e04b8d0321c7d0e9b9754ce48f1338e10ae14609e1350482616",
                    "Gateway": "",
                    "IPAddress": "172.18.0.2",
                    "MacAddress": "46:e7:13:88:67:54",
                    "IPPrefixLen": 16,
                    "IPv6Gateway": "",
                    "GlobalIPv6Address": "",
                    "GlobalIPv6PrefixLen": 0,
                    "DNSNames": [
                        "interface-engineer-s2-20261004t020457946050z-service",
                        "9751d19f3fe3"
                    ]
                }
            }
        },
        "ImageManifestDescriptor": {
            "mediaType": "application/vnd.oci.image.manifest.v1+json",
            "digest": "sha256:0abb9081804c019d6341bc5b82dc77f98fd49c25d10f6a679981b1cf5325a2fe",
            "size": 1996,
            "platform": {
                "architecture": "arm64",
                "os": "linux"
            }
        }
    }
]
