#0 building with "desktop-linux" instance using docker driver

#1 [internal] load build definition from Probe.Dockerfile
#1 transferring dockerfile: 392B done
#1 DONE 0.0s

#2 [internal] load metadata for docker.io/library/python:3.12-slim
#2 DONE 0.2s

#3 [internal] load .dockerignore
#3 transferring context: 2B done
#3 DONE 0.0s

#4 [internal] load build context
#4 transferring context: 115.93kB done
#4 DONE 0.0s

#5 [1/4] FROM docker.io/library/python:3.12-slim@sha256:dddfd7e07f9d15aeeca61529320492139d21cac7f0070c00609243e51e4e0016
#5 resolve docker.io/library/python:3.12-slim@sha256:dddfd7e07f9d15aeeca61529320492139d21cac7f0070c00609243e51e4e0016 done
#5 DONE 0.0s

#6 [2/4] RUN apt-get update && apt-get install -y --no-install-recommends tzdata && rm -rf /var/lib/apt/lists/*
#6 CACHED

#7 [3/4] WORKDIR /verifier
#7 CACHED

#8 [4/4] COPY requirements.py probe.py health.py supplemental.py reproduce.py calendar_edges.py reproduce_calendar.py race50.py /verifier/
#8 DONE 0.0s

#9 exporting to image
#9 exporting layers 0.0s done
#9 exporting manifest sha256:aecc28c456a6cbc5a1dabd828bf61143ecb23c017e862af4f68a68e1f590b6e1 done
#9 exporting config sha256:20f96cce9ba5a17ca3664263e9fed47d92079725c3cd4a92b17f1a9d250a388c done
#9 exporting attestation manifest sha256:be48018a8201821b11c2fab214d64c2d627480d3a75e0f427c241a6b3fa5abb3 done
#9 exporting manifest list sha256:fb7443bee473d79ef975086c5c9d8c332ed00c0faa2fcac053d404a657bbc519 done
#9 naming to docker.io/library/independent-verifier-s1-dd644198b6c0-20261004t005400:probe-runner done
#9 unpacking to docker.io/library/independent-verifier-s1-dd644198b6c0-20261004t005400:probe-runner done
#9 DONE 0.0s
