#0 building with "desktop-linux" instance using docker driver

#1 [internal] load build definition from Probe.Dockerfile
#1 transferring dockerfile: 392B done
#1 DONE 0.0s

#2 [internal] load metadata for docker.io/library/python:3.12-slim
#2 DONE 0.2s

#3 [internal] load .dockerignore
#3 transferring context: 2B done
#3 DONE 0.0s

#4 [internal] load build context
#4 transferring context: 4.02kB done
#4 DONE 0.0s

#5 [1/4] FROM docker.io/library/python:3.12-slim@sha256:dddfd7e07f9d15aeeca61529320492139d21cac7f0070c00609243e51e4e0016
#5 resolve docker.io/library/python:3.12-slim@sha256:dddfd7e07f9d15aeeca61529320492139d21cac7f0070c00609243e51e4e0016 0.0s done
#5 DONE 0.0s

#6 [2/4] RUN apt-get update && apt-get install -y --no-install-recommends tzdata && rm -rf /var/lib/apt/lists/*
#6 CACHED

#7 [3/4] WORKDIR /verifier
#7 CACHED

#8 [4/4] COPY requirements.py probe.py health.py supplemental.py reproduce.py calendar_edges.py reproduce_calendar.py race50.py /verifier/
#8 DONE 0.0s

#9 exporting to image
#9 exporting layers 0.0s done
#9 exporting manifest sha256:1b8a0ebcbeac21ae291664b7f193e7c0555388c1cfe7da33135d56bd1f43619e done
#9 exporting config sha256:cc1dd5a74510362de151251906c33d379fe5d8a3b2ce5ddc4f357200096fb706 done
#9 exporting attestation manifest sha256:2defa02c80e8589974f495b684a45e38a008a2a14b395dac0d65d9c3424e5902 done
#9 exporting manifest list sha256:2be3979a5891901e6d1f9573621c2ebf1484457f17c19cf9271f708dcbca6d10 done
#9 naming to docker.io/library/independent-verifier-s1-dd644198b6c0-20261004t005400:probe-runner done
#9 unpacking to docker.io/library/independent-verifier-s1-dd644198b6c0-20261004t005400:probe-runner done
#9 DONE 0.0s
