[
    {
        "Id": "97a3324e00b9436dfbbceee024f3a454554a8e8aecdd2f8bc88284679af21da1",
        "Created": "2026-10-04T07:10:57.343942543Z",
        "Path": "python",
        "Args": [
            "server.py"
        ],
        "State": {
            "Status": "running",
            "Running": true,
            "Paused": false,
            "Restarting": false,
            "OOMKilled": false,
            "Dead": false,
            "Pid": 12109,
            "ExitCode": 0,
            "Error": "",
            "StartedAt": "2026-10-04T07:10:57.372606543Z",
            "FinishedAt": "0001-01-01T00:00:00Z"
        },
        "Image": "sha256:967e34c69a58c6c45781c98be2c2a7cca31301927a9319d5251371ed01b73a90",
        "ResolvConfPath": "/var/lib/docker/containers/97a3324e00b9436dfbbceee024f3a454554a8e8aecdd2f8bc88284679af21da1/resolv.conf",
        "HostnamePath": "/var/lib/docker/containers/97a3324e00b9436dfbbceee024f3a454554a8e8aecdd2f8bc88284679af21da1/hostname",
        "HostsPath": "/var/lib/docker/containers/97a3324e00b9436dfbbceee024f3a454554a8e8aecdd2f8bc88284679af21da1/hosts",
        "LogPath": "/var/lib/docker/containers/97a3324e00b9436dfbbceee024f3a454554a8e8aecdd2f8bc88284679af21da1/97a3324e00b9436dfbbceee024f3a454554a8e8aecdd2f8bc88284679af21da1-json.log",
        "Name": "/systems-engineer-s3-20261004t071005656514-legacy",
        "RestartCount": 0,
        "Driver": "overlayfs",
        "Platform": "linux",
        "MountLabel": "",
        "ProcessLabel": "",
        "AppArmorProfile": "",
        "ExecIDs": null,
        "HostConfig": {
            "Binds": null,
            "ContainerIDFile": "",
            "LogConfig": {
                "Type": "json-file",
                "Config": {}
            },
            "NetworkMode": "systems-engineer-s3-20261004t071005656514-net",
            "PortBindings": {
                "18183/tcp": [
                    {
                        "HostIp": "",
                        "HostPort": "18183"
                    }
                ]
            },
            "RestartPolicy": {
                "Name": "no",
                "MaximumRetryCount": 0
            },
            "AutoRemove": false,
            "VolumeDriver": "",
            "VolumesFrom": null,
            "ConsoleSize": [
                0,
                0
            ],
            "CapAdd": null,
            "CapDrop": null,
            "CgroupnsMode": "private",
            "Dns": null,
            "DnsOptions": [],
            "DnsSearch": [],
            "ExtraHosts": null,
            "GroupAdd": null,
            "IpcMode": "private",
            "Cgroup": "",
            "Links": null,
            "OomScoreAdj": 0,
            "PidMode": "",
            "Privileged": false,
            "PublishAllPorts": false,
            "ReadonlyRootfs": false,
            "SecurityOpt": null,
            "UTSMode": "",
            "UsernsMode": "",
            "ShmSize": 67108864,
            "Runtime": "runc",
            "Isolation": "",
            "CpuShares": 0,
            "Memory": 2147483648,
            "NanoCpus": 2000000000,
            "CgroupParent": "",
            "BlkioWeight": 0,
            "BlkioWeightDevice": [],
            "BlkioDeviceReadBps": [],
            "BlkioDeviceWriteBps": [],
            "BlkioDeviceReadIOps": [],
            "BlkioDeviceWriteIOps": [],
            "CpuPeriod": 0,
            "CpuQuota": 0,
            "CpuRealtimePeriod": 0,
            "CpuRealtimeRuntime": 0,
            "CpusetCpus": "",
            "CpusetMems": "",
            "Devices": [],
            "DeviceCgroupRules": null,
            "DeviceRequests": null,
            "MemoryReservation": 0,
            "MemorySwap": 4294967296,
            "MemorySwappiness": null,
            "OomKillDisable": null,
            "PidsLimit": null,
            "Ulimits": null,
            "CpuCount": 0,
            "CpuPercent": 0,
            "IOMaximumIOps": 0,
            "IOMaximumBandwidth": 0,
            "MaskedPaths": [
                "/proc/acpi",
                "/proc/asound",
                "/proc/interrupts",
                "/proc/kcore",
                "/proc/keys",
                "/proc/latency_stats",
                "/proc/sched_debug",
                "/proc/scsi",
                "/proc/timer_list",
                "/proc/timer_stats",
                "/sys/devices/virtual/powercap",
                "/sys/firmware"
            ],
            "ReadonlyPaths": [
                "/proc/bus",
                "/proc/fs",
                "/proc/irq",
                "/proc/sys",
                "/proc/sysrq-trigger"
            ]
        },
        "Storage": {
            "RootFS": {
                "Snapshot": {
                    "Name": "overlayfs"
                }
            }
        },
        "Mounts": [],
        "Config": {
            "Hostname": "97a3324e00b9",
            "Domainname": "",
            "User": "65532:65532",
            "AttachStdin": false,
            "AttachStdout": false,
            "AttachStderr": false,
            "ExposedPorts": {
                "18183/tcp": {},
                "8080/tcp": {}
            },
            "Tty": false,
            "OpenStdin": false,
            "StdinOnce": false,
            "Env": [
                "PORT=18183",
                "PATH=/usr/local/bin:/usr/local/sbin:/usr/local/bin:/usr/sbin:/usr/bin:/sbin:/bin",
                "LANG=C.UTF-8",
                "GPG_KEY=7169605F62C751356D054A26A821E680E5FA6305",
                "PYTHON_VERSION=3.12.15",
                "PYTHON_SHA256=c2c4321961fab0fb999d66e0cecf521c2ab3994c7992873ea99e306c1094fd5a",
                "PYTHONUNBUFFERED=1",
                "PYTHONDONTWRITEBYTECODE=1"
            ],
            "Cmd": [
                "python",
                "server.py"
            ],
            "Image": "systems-engineer-s3-20261004t071005656514:legacy",
            "Volumes": null,
            "WorkingDir": "/app",
            "Entrypoint": null,
            "Labels": {}
        },
        "NetworkSettings": {
            "SandboxID": "cf9c6e813c4b6d1ec80c04ccc0240fdeca656d29f31e823e1d16ac5b4818bfc4",
            "SandboxKey": "/var/run/docker/netns/cf9c6e813c4b",
            "Ports": {
                "18183/tcp": []
            },
            "Networks": {
                "systems-engineer-s3-20261004t071005656514-net": {
                    "IPAMConfig": null,
                    "Links": null,
                    "Aliases": null,
                    "DriverOpts": null,
                    "GwPriority": 0,
                    "NetworkID": "5c20ce4671c8641c040c41e848e1da1d634bacc5c8cf2b55a8c1b6a8bf52b31e",
                    "EndpointID": "ec5f1534d15d3ece531db247a865cfcf7d1acd32f369a16be74cb3ee64f6a4c9",
                    "Gateway": "",
                    "IPAddress": "172.18.0.5",
                    "MacAddress": "76:2c:70:9e:65:fb",
                    "IPPrefixLen": 16,
                    "IPv6Gateway": "",
                    "GlobalIPv6Address": "",
                    "GlobalIPv6PrefixLen": 0,
                    "DNSNames": [
                        "systems-engineer-s3-20261004t071005656514-legacy",
                        "97a3324e00b9"
                    ]
                }
            }
        },
        "ImageManifestDescriptor": {
            "mediaType": "application/vnd.oci.image.manifest.v1+json",
            "digest": "sha256:77fb20b7d0c02ff8eab0351f49d775666c9f9b2341530fe60ff084be88341f8e",
            "size": 1806,
            "platform": {
                "architecture": "arm64",
                "os": "linux"
            }
        }
    }
]
