#0 building with "desktop-linux" instance using docker driver

#1 [internal] load build definition from Dockerfile
#1 transferring dockerfile: 120B done
#1 DONE 0.0s

#2 [internal] load metadata for docker.io/library/systems-engineer-s3-20261004t071005656514:current
#2 DONE 0.0s

#3 [internal] load .dockerignore
#3 transferring context: 2B done
#3 DONE 0.0s

#4 [internal] load build context
#4 transferring context: 136.25kB done
#4 DONE 0.0s

#5 [1/3] FROM docker.io/library/systems-engineer-s3-20261004t071005656514:current@sha256:c83441abba2fd2929354bbe1b3502eed0fb8932a4e7ef1eb79b2f7e4f57a57bc
#5 resolve docker.io/library/systems-engineer-s3-20261004t071005656514:current@sha256:c83441abba2fd2929354bbe1b3502eed0fb8932a4e7ef1eb79b2f7e4f57a57bc done
#5 DONE 0.0s

#6 [2/3] WORKDIR /probe
#6 DONE 0.0s

#7 [3/3] COPY *.py ./
#7 DONE 0.0s

#8 exporting to image
#8 exporting layers 0.0s done
#8 exporting manifest sha256:ec7b6cbae91bcfeff0fa8aea3e472ac22a47d7c283ece63f629ef32622bf31ca done
#8 exporting config sha256:c5986f97824a8689dcaedfd377cb09d6eef10992a1c88103af4a4ebf0c6d70aa done
#8 exporting attestation manifest sha256:a5a5e53aafce4294de81a7430918e93ba3d851bdb5d9458762caecc2ab860b4b done
#8 exporting manifest list sha256:f4f7216791ca5c9fb4c38e9582aae16ced70e97de3ccff01a2f90f24d72e55f3 done
#8 naming to docker.io/library/systems-engineer-s3-20261004t071005656514:client done
#8 unpacking to docker.io/library/systems-engineer-s3-20261004t071005656514:client done
#8 DONE 0.0s
