#0 building with "desktop-linux" instance using docker driver

#1 [internal] load build definition from Dockerfile
#1 transferring dockerfile: 571B done
#1 DONE 0.0s

#2 [auth] library/python:pull token for registry-1.docker.io
#2 DONE 0.0s

#3 [internal] load metadata for docker.io/library/python:3.12-slim-bookworm
#3 DONE 0.8s

#4 [internal] load .dockerignore
#4 transferring context: 103B done
#4 DONE 0.0s

#5 [1/6] FROM docker.io/library/python:3.12-slim-bookworm@sha256:54c85f3c47607a77f32adec749d3c81d1348bf25833671f512b26a9b6d778cb3
#5 resolve docker.io/library/python:3.12-slim-bookworm@sha256:54c85f3c47607a77f32adec749d3c81d1348bf25833671f512b26a9b6d778cb3 done
#5 DONE 0.0s

#6 [internal] load build context
#6 transferring context: 160.44kB done
#6 DONE 0.0s

#7 [2/6] RUN apt-get update     && DEBIAN_FRONTEND=noninteractive apt-get install -y --no-install-recommends tzdata     && rm -rf /var/lib/apt/lists/*
#7 CACHED

#8 [3/6] WORKDIR /app
#8 CACHED

#9 [4/6] COPY server.py core.py json_codec.py ./
#9 CACHED

#10 [5/6] COPY web ./web
#10 DONE 0.0s

#11 [6/6] RUN python -c "import ast,pathlib; [ast.parse(p.read_text()) for p in pathlib.Path('.').glob('*.py')]"
#11 DONE 0.1s

#12 exporting to image
#12 exporting layers 0.0s done
#12 exporting manifest sha256:cac59574528883bf10ded9159eca4f1053d9169a45f1d6c35645cf17e882da0e done
#12 exporting config sha256:60f7280ee050cff3e9473dc976902602ebb574af9b70977e8f965a455dc75f0b done
#12 exporting attestation manifest sha256:01607291a48de607ea144ac043409c70a8b85fdac882a308a95a21bbd1a6a4ea done
#12 exporting manifest list sha256:c83441abba2fd2929354bbe1b3502eed0fb8932a4e7ef1eb79b2f7e4f57a57bc done
#12 naming to docker.io/library/systems-engineer-s3-20261004t071005656514:current done
#12 unpacking to docker.io/library/systems-engineer-s3-20261004t071005656514:current done
#12 DONE 0.1s
