#0 building with "desktop-linux" instance using docker driver

#1 [internal] load build definition from Dockerfile
#1 transferring dockerfile: 542B done
#1 DONE 0.0s

#2 [internal] load metadata for docker.io/library/python:3.12-slim-bookworm
#2 DONE 0.2s

#3 [internal] load .dockerignore
#3 transferring context: 74B done
#3 DONE 0.0s

#4 [1/5] FROM docker.io/library/python:3.12-slim-bookworm@sha256:54c85f3c47607a77f32adec749d3c81d1348bf25833671f512b26a9b6d778cb3
#4 resolve docker.io/library/python:3.12-slim-bookworm@sha256:54c85f3c47607a77f32adec749d3c81d1348bf25833671f512b26a9b6d778cb3 done
#4 DONE 0.0s

#5 [internal] load build context
#5 transferring context: 40.71kB done
#5 DONE 0.0s

#6 [3/5] WORKDIR /app
#6 CACHED

#7 [4/5] COPY server.py core.py ./
#7 CACHED

#8 [2/5] RUN apt-get update     && DEBIAN_FRONTEND=noninteractive apt-get install -y --no-install-recommends tzdata     && rm -rf /var/lib/apt/lists/*
#8 CACHED

#9 [5/5] RUN python -c "import ast,pathlib; [ast.parse(p.read_text()) for p in pathlib.Path('.').glob('*.py')]"
#9 CACHED

#10 exporting to image
#10 exporting layers done
#10 exporting manifest sha256:77fb20b7d0c02ff8eab0351f49d775666c9f9b2341530fe60ff084be88341f8e done
#10 exporting config sha256:88745d8a4844b8f1655872f9a1e3319c746cbbe18b227bf00c4b0dd5bd817060 done
#10 exporting attestation manifest sha256:2e46559eea1cade7818d7cae31300f257cfabf0d89f7ccef18d1144db5aca2f3 done
#10 exporting manifest list sha256:967e34c69a58c6c45781c98be2c2a7cca31301927a9319d5251371ed01b73a90 0.0s done
#10 naming to docker.io/library/systems-engineer-s3-20261004t071005656514:legacy done
#10 unpacking to docker.io/library/systems-engineer-s3-20261004t071005656514:legacy done
#10 DONE 0.0s
