[
    {
        "Id": "2770b7d385750fa8876bb3e0d9a3016d3d6353fccfd70d6fae8c04a62d1f5f9d",
        "Created": "2026-10-04T07:10:26.131315085Z",
        "Path": "python",
        "Args": [
            "server.py"
        ],
        "State": {
            "Status": "running",
            "Running": true,
            "Paused": false,
            "Restarting": false,
            "OOMKilled": false,
            "Dead": false,
            "Pid": 11594,
            "ExitCode": 0,
            "Error": "",
            "StartedAt": "2026-10-04T07:10:26.156414501Z",
            "FinishedAt": "0001-01-01T00:00:00Z"
        },
        "Image": "sha256:c83441abba2fd2929354bbe1b3502eed0fb8932a4e7ef1eb79b2f7e4f57a57bc",
        "ResolvConfPath": "/var/lib/docker/containers/2770b7d385750fa8876bb3e0d9a3016d3d6353fccfd70d6fae8c04a62d1f5f9d/resolv.conf",
        "HostnamePath": "/var/lib/docker/containers/2770b7d385750fa8876bb3e0d9a3016d3d6353fccfd70d6fae8c04a62d1f5f9d/hostname",
        "HostsPath": "/var/lib/docker/containers/2770b7d385750fa8876bb3e0d9a3016d3d6353fccfd70d6fae8c04a62d1f5f9d/hosts",
        "LogPath": "/var/lib/docker/containers/2770b7d385750fa8876bb3e0d9a3016d3d6353fccfd70d6fae8c04a62d1f5f9d/2770b7d385750fa8876bb3e0d9a3016d3d6353fccfd70d6fae8c04a62d1f5f9d-json.log",
        "Name": "/systems-engineer-s3-20261004t071005656514-current-b",
        "RestartCount": 0,
        "Driver": "overlayfs",
        "Platform": "linux",
        "MountLabel": "",
        "ProcessLabel": "",
        "AppArmorProfile": "",
        "ExecIDs": null,
        "HostConfig": {
            "Binds": null,
            "ContainerIDFile": "",
            "LogConfig": {
                "Type": "json-file",
                "Config": {}
            },
            "NetworkMode": "systems-engineer-s3-20261004t071005656514-net",
            "PortBindings": {
                "18181/tcp": [
                    {
                        "HostIp": "",
                        "HostPort": "18181"
                    }
                ]
            },
            "RestartPolicy": {
                "Name": "no",
                "MaximumRetryCount": 0
            },
            "AutoRemove": false,
            "VolumeDriver": "",
            "VolumesFrom": null,
            "ConsoleSize": [
                0,
                0
            ],
            "CapAdd": null,
            "CapDrop": null,
            "CgroupnsMode": "private",
            "Dns": null,
            "DnsOptions": [],
            "DnsSearch": [],
            "ExtraHosts": null,
            "GroupAdd": null,
            "IpcMode": "private",
            "Cgroup": "",
            "Links": null,
            "OomScoreAdj": 0,
            "PidMode": "",
            "Privileged": false,
            "PublishAllPorts": false,
            "ReadonlyRootfs": false,
            "SecurityOpt": null,
            "UTSMode": "",
            "UsernsMode": "",
            "ShmSize": 67108864,
            "Runtime": "runc",
            "Isolation": "",
            "CpuShares": 0,
            "Memory": 2147483648,
            "NanoCpus": 2000000000,
            "CgroupParent": "",
            "BlkioWeight": 0,
            "BlkioWeightDevice": [],
            "BlkioDeviceReadBps": [],
            "BlkioDeviceWriteBps": [],
            "BlkioDeviceReadIOps": [],
            "BlkioDeviceWriteIOps": [],
            "CpuPeriod": 0,
            "CpuQuota": 0,
            "CpuRealtimePeriod": 0,
            "CpuRealtimeRuntime": 0,
            "CpusetCpus": "",
            "CpusetMems": "",
            "Devices": [],
            "DeviceCgroupRules": null,
            "DeviceRequests": null,
            "MemoryReservation": 0,
            "MemorySwap": 4294967296,
            "MemorySwappiness": null,
            "OomKillDisable": null,
            "PidsLimit": null,
            "Ulimits": null,
            "CpuCount": 0,
            "CpuPercent": 0,
            "IOMaximumIOps": 0,
            "IOMaximumBandwidth": 0,
            "MaskedPaths": [
                "/proc/acpi",
                "/proc/asound",
                "/proc/interrupts",
                "/proc/kcore",
                "/proc/keys",
                "/proc/latency_stats",
                "/proc/sched_debug",
                "/proc/scsi",
                "/proc/timer_list",
                "/proc/timer_stats",
                "/sys/devices/virtual/powercap",
                "/sys/firmware"
            ],
            "ReadonlyPaths": [
                "/proc/bus",
                "/proc/fs",
                "/proc/irq",
                "/proc/sys",
                "/proc/sysrq-trigger"
            ]
        },
        "Storage": {
            "RootFS": {
                "Snapshot": {
                    "Name": "overlayfs"
                }
            }
        },
        "Mounts": [],
        "Config": {
            "Hostname": "2770b7d38575",
            "Domainname": "",
            "User": "65532:65532",
            "AttachStdin": false,
            "AttachStdout": false,
            "AttachStderr": false,
            "ExposedPorts": {
                "18181/tcp": {},
                "8080/tcp": {}
            },
            "Tty": false,
            "OpenStdin": false,
            "StdinOnce": false,
            "Env": [
                "PORT=18181",
                "PATH=/usr/local/bin:/usr/local/sbin:/usr/local/bin:/usr/sbin:/usr/bin:/sbin:/bin",
                "LANG=C.UTF-8",
                "GPG_KEY=7169605F62C751356D054A26A821E680E5FA6305",
                "PYTHON_VERSION=3.12.15",
                "PYTHON_SHA256=c2c4321961fab0fb999d66e0cecf521c2ab3994c7992873ea99e306c1094fd5a",
                "PYTHONUNBUFFERED=1",
                "PYTHONDONTWRITEBYTECODE=1"
            ],
            "Cmd": [
                "python",
                "server.py"
            ],
            "Image": "systems-engineer-s3-20261004t071005656514:current",
            "Volumes": null,
            "WorkingDir": "/app",
            "Entrypoint": null,
            "Labels": {}
        },
        "NetworkSettings": {
            "SandboxID": "02d103900bf8998173c42b452ff670c5f783d3e292ab045ef849606a44b5fa0d",
            "SandboxKey": "/var/run/docker/netns/02d103900bf8",
            "Ports": {
                "18181/tcp": []
            },
            "Networks": {
                "systems-engineer-s3-20261004t071005656514-net": {
                    "IPAMConfig": null,
                    "Links": null,
                    "Aliases": null,
                    "DriverOpts": null,
                    "GwPriority": 0,
                    "NetworkID": "5c20ce4671c8641c040c41e848e1da1d634bacc5c8cf2b55a8c1b6a8bf52b31e",
                    "EndpointID": "7d89122af6dfcad6b5961d28046c11e5680bbca20cc416a15b2739ebc778a757",
                    "Gateway": "",
                    "IPAddress": "172.18.0.3",
                    "MacAddress": "32:02:cf:5e:dc:fe",
                    "IPPrefixLen": 16,
                    "IPv6Gateway": "",
                    "GlobalIPv6Address": "",
                    "GlobalIPv6PrefixLen": 0,
                    "DNSNames": [
                        "systems-engineer-s3-20261004t071005656514-current-b",
                        "2770b7d38575"
                    ]
                }
            }
        },
        "ImageManifestDescriptor": {
            "mediaType": "application/vnd.oci.image.manifest.v1+json",
            "digest": "sha256:cac59574528883bf10ded9159eca4f1053d9169a45f1d6c35645cf17e882da0e",
            "size": 1996,
            "platform": {
                "architecture": "arm64",
                "os": "linux"
            }
        }
    }
]
