[
    {
        "Id": "ac01cb5ff17baa373742b829dcbc92a4109b8d8fcb312ac9e1f0e35f00ff7be5",
        "Created": "2026-10-04T07:11:09.858293508Z",
        "Path": "python",
        "Args": [
            "server.py"
        ],
        "State": {
            "Status": "running",
            "Running": true,
            "Paused": false,
            "Restarting": false,
            "OOMKilled": false,
            "Dead": false,
            "Pid": 12329,
            "ExitCode": 0,
            "Error": "",
            "StartedAt": "2026-10-04T07:11:09.886849049Z",
            "FinishedAt": "0001-01-01T00:00:00Z"
        },
        "Image": "sha256:1efb3580003d84b6944e55557f61e06dab85b654e4b1787fbf5163b4cbbc6e8e",
        "ResolvConfPath": "/var/lib/docker/containers/ac01cb5ff17baa373742b829dcbc92a4109b8d8fcb312ac9e1f0e35f00ff7be5/resolv.conf",
        "HostnamePath": "/var/lib/docker/containers/ac01cb5ff17baa373742b829dcbc92a4109b8d8fcb312ac9e1f0e35f00ff7be5/hostname",
        "HostsPath": "/var/lib/docker/containers/ac01cb5ff17baa373742b829dcbc92a4109b8d8fcb312ac9e1f0e35f00ff7be5/hosts",
        "LogPath": "/var/lib/docker/containers/ac01cb5ff17baa373742b829dcbc92a4109b8d8fcb312ac9e1f0e35f00ff7be5/ac01cb5ff17baa373742b829dcbc92a4109b8d8fcb312ac9e1f0e35f00ff7be5-json.log",
        "Name": "/systems-engineer-s3-20261004t071005656514-old",
        "RestartCount": 0,
        "Driver": "overlayfs",
        "Platform": "linux",
        "MountLabel": "",
        "ProcessLabel": "",
        "AppArmorProfile": "",
        "ExecIDs": null,
        "HostConfig": {
            "Binds": null,
            "ContainerIDFile": "",
            "LogConfig": {
                "Type": "json-file",
                "Config": {}
            },
            "NetworkMode": "systems-engineer-s3-20261004t071005656514-net",
            "PortBindings": {
                "18184/tcp": [
                    {
                        "HostIp": "",
                        "HostPort": "18184"
                    }
                ]
            },
            "RestartPolicy": {
                "Name": "no",
                "MaximumRetryCount": 0
            },
            "AutoRemove": false,
            "VolumeDriver": "",
            "VolumesFrom": null,
            "ConsoleSize": [
                0,
                0
            ],
            "CapAdd": null,
            "CapDrop": null,
            "CgroupnsMode": "private",
            "Dns": null,
            "DnsOptions": [],
            "DnsSearch": [],
            "ExtraHosts": null,
            "GroupAdd": null,
            "IpcMode": "private",
            "Cgroup": "",
            "Links": null,
            "OomScoreAdj": 0,
            "PidMode": "",
            "Privileged": false,
            "PublishAllPorts": false,
            "ReadonlyRootfs": false,
            "SecurityOpt": null,
            "UTSMode": "",
            "UsernsMode": "",
            "ShmSize": 67108864,
            "Runtime": "runc",
            "Isolation": "",
            "CpuShares": 0,
            "Memory": 2147483648,
            "NanoCpus": 2000000000,
            "CgroupParent": "",
            "BlkioWeight": 0,
            "BlkioWeightDevice": [],
            "BlkioDeviceReadBps": [],
            "BlkioDeviceWriteBps": [],
            "BlkioDeviceReadIOps": [],
            "BlkioDeviceWriteIOps": [],
            "CpuPeriod": 0,
            "CpuQuota": 0,
            "CpuRealtimePeriod": 0,
            "CpuRealtimeRuntime": 0,
            "CpusetCpus": "",
            "CpusetMems": "",
            "Devices": [],
            "DeviceCgroupRules": null,
            "DeviceRequests": null,
            "MemoryReservation": 0,
            "MemorySwap": 4294967296,
            "MemorySwappiness": null,
            "OomKillDisable": null,
            "PidsLimit": null,
            "Ulimits": null,
            "CpuCount": 0,
            "CpuPercent": 0,
            "IOMaximumIOps": 0,
            "IOMaximumBandwidth": 0,
            "MaskedPaths": [
                "/proc/acpi",
                "/proc/asound",
                "/proc/interrupts",
                "/proc/kcore",
                "/proc/keys",
                "/proc/latency_stats",
                "/proc/sched_debug",
                "/proc/scsi",
                "/proc/timer_list",
                "/proc/timer_stats",
                "/sys/devices/virtual/powercap",
                "/sys/firmware"
            ],
            "ReadonlyPaths": [
                "/proc/bus",
                "/proc/fs",
                "/proc/irq",
                "/proc/sys",
                "/proc/sysrq-trigger"
            ]
        },
        "Storage": {
            "RootFS": {
                "Snapshot": {
                    "Name": "overlayfs"
                }
            }
        },
        "Mounts": [],
        "Config": {
            "Hostname": "ac01cb5ff17b",
            "Domainname": "",
            "User": "65532:65532",
            "AttachStdin": false,
            "AttachStdout": false,
            "AttachStderr": false,
            "ExposedPorts": {
                "18184/tcp": {},
                "8080/tcp": {}
            },
            "Tty": false,
            "OpenStdin": false,
            "StdinOnce": false,
            "Env": [
                "PORT=18184",
                "PATH=/usr/local/bin:/usr/local/sbin:/usr/local/bin:/usr/sbin:/usr/bin:/sbin:/bin",
                "LANG=C.UTF-8",
                "GPG_KEY=7169605F62C751356D054A26A821E680E5FA6305",
                "PYTHON_VERSION=3.12.15",
                "PYTHON_SHA256=c2c4321961fab0fb999d66e0cecf521c2ab3994c7992873ea99e306c1094fd5a",
                "PYTHONUNBUFFERED=1",
                "PYTHONDONTWRITEBYTECODE=1"
            ],
            "Cmd": [
                "python",
                "server.py"
            ],
            "Image": "systems-engineer-s3-20261004t071005656514:old",
            "Volumes": null,
            "WorkingDir": "/app",
            "Entrypoint": null,
            "Labels": {}
        },
        "NetworkSettings": {
            "SandboxID": "62037f208048e38be84904201116c69735dfc3ac7887b5c52dbb8c39ccf1fa83",
            "SandboxKey": "/var/run/docker/netns/62037f208048",
            "Ports": {
                "18184/tcp": []
            },
            "Networks": {
                "systems-engineer-s3-20261004t071005656514-net": {
                    "IPAMConfig": null,
                    "Links": null,
                    "Aliases": null,
                    "DriverOpts": null,
                    "GwPriority": 0,
                    "NetworkID": "5c20ce4671c8641c040c41e848e1da1d634bacc5c8cf2b55a8c1b6a8bf52b31e",
                    "EndpointID": "9fc0fc5905ae7987f7b061fe984db913b64eac43b8fb2f23eef753cfd0ca36d2",
                    "Gateway": "",
                    "IPAddress": "172.18.0.6",
                    "MacAddress": "6e:d2:de:f9:cd:69",
                    "IPPrefixLen": 16,
                    "IPv6Gateway": "",
                    "GlobalIPv6Address": "",
                    "GlobalIPv6PrefixLen": 0,
                    "DNSNames": [
                        "systems-engineer-s3-20261004t071005656514-old",
                        "ac01cb5ff17b"
                    ]
                }
            }
        },
        "ImageManifestDescriptor": {
            "mediaType": "application/vnd.oci.image.manifest.v1+json",
            "digest": "sha256:5483a71b7b64a0efeae6a47cfacdeeef7ccdf5d65af12b555182e3d2c31bee48",
            "size": 1996,
            "platform": {
                "architecture": "arm64",
                "os": "linux"
            }
        }
    }
]
