{"candidate": "8035394fd718d4a99d7a1b934304e7761304a26f", "passed": 20, "total": 20, "assertions": 359, "seconds": 15.964}
PASS transport-public
PASS authentication-keyboard
PASS single-book-lookup-cancel
PASS out-of-order-search
PASS single-conflict
PASS combined-conflict
PASS lost-single
PASS lost-combined
PASS genuine-stage1-upgrade
PASS combined-occupancy
PASS changed-retry-form
PASS empty-unavailable-lookup
PASS lookup-race-privacy-cutoff
PASS auth-inputs-loading
PASS concurrent-pair-transport
PASS party-safe-boundary
PASS party-above-safe-integer
PASS party-31-digits
PASS party-401-digits
PASS exact-numeric-keyboard-corrupt-response
