#0 building with "desktop-linux" instance using docker driver

#1 [internal] load build definition from Dockerfile
#1 transferring dockerfile: 557B done
#1 DONE 0.0s

#2 [internal] load metadata for docker.io/library/python:3.12-slim-bookworm
#2 DONE 0.2s

#3 [internal] load .dockerignore
#3 transferring context: 88B done
#3 DONE 0.0s

#4 [1/6] FROM docker.io/library/python:3.12-slim-bookworm@sha256:54c85f3c47607a77f32adec749d3c81d1348bf25833671f512b26a9b6d778cb3
#4 resolve docker.io/library/python:3.12-slim-bookworm@sha256:54c85f3c47607a77f32adec749d3c81d1348bf25833671f512b26a9b6d778cb3 done
#4 DONE 0.0s

#5 [internal] load build context
#5 transferring context: 94.85kB done
#5 DONE 0.0s

#6 [5/6] COPY web ./web
#6 CACHED

#7 [3/6] WORKDIR /app
#7 CACHED

#8 [4/6] COPY server.py core.py ./
#8 CACHED

#9 [2/6] RUN apt-get update     && DEBIAN_FRONTEND=noninteractive apt-get install -y --no-install-recommends tzdata     && rm -rf /var/lib/apt/lists/*
#9 CACHED

#10 [6/6] RUN python -c "import ast,pathlib; [ast.parse(p.read_text()) for p in pathlib.Path('.').glob('*.py')]"
#10 CACHED

#11 exporting to image
#11 exporting layers done
#11 exporting manifest sha256:0abb9081804c019d6341bc5b82dc77f98fd49c25d10f6a679981b1cf5325a2fe done
#11 exporting config sha256:300c3e6c62bd2875f7ba38e95f3e76fd7c4172fff2d3258ca2092cd82acc3966 done
#11 exporting attestation manifest sha256:6e6bc021ae6ceb31828a7b87d81db79bddc4d3c134e88de331986e454f445af4 done
#11 exporting manifest list sha256:9d8fe193f53c2cc653bdc00d8e77e15e47183eeae9e79befd852e6cc0a14514c done
#11 naming to docker.io/library/interface-engineer-tablekeeper-s2:20261004t020650125411z done
#11 unpacking to docker.io/library/interface-engineer-tablekeeper-s2:20261004t020650125411z done
#11 DONE 0.0s
