[
    {
        "Id": "099be92a49f7887ecd947b188abbefc54095b52ce9562ceecb7dd7375441ff47",
        "Created": "2026-10-04T02:06:51.050319422Z",
        "Path": "python",
        "Args": [
            "server.py"
        ],
        "State": {
            "Status": "running",
            "Running": true,
            "Paused": false,
            "Restarting": false,
            "OOMKilled": false,
            "Dead": false,
            "Pid": 14027,
            "ExitCode": 0,
            "Error": "",
            "StartedAt": "2026-10-04T02:06:51.069324672Z",
            "FinishedAt": "0001-01-01T00:00:00Z"
        },
        "Image": "sha256:9d8fe193f53c2cc653bdc00d8e77e15e47183eeae9e79befd852e6cc0a14514c",
        "ResolvConfPath": "/var/lib/docker/containers/099be92a49f7887ecd947b188abbefc54095b52ce9562ceecb7dd7375441ff47/resolv.conf",
        "HostnamePath": "/var/lib/docker/containers/099be92a49f7887ecd947b188abbefc54095b52ce9562ceecb7dd7375441ff47/hostname",
        "HostsPath": "/var/lib/docker/containers/099be92a49f7887ecd947b188abbefc54095b52ce9562ceecb7dd7375441ff47/hosts",
        "LogPath": "/var/lib/docker/containers/099be92a49f7887ecd947b188abbefc54095b52ce9562ceecb7dd7375441ff47/099be92a49f7887ecd947b188abbefc54095b52ce9562ceecb7dd7375441ff47-json.log",
        "Name": "/interface-engineer-s2-20261004t020650125411z-service",
        "RestartCount": 0,
        "Driver": "overlayfs",
        "Platform": "linux",
        "MountLabel": "",
        "ProcessLabel": "",
        "AppArmorProfile": "",
        "ExecIDs": null,
        "HostConfig": {
            "Binds": null,
            "ContainerIDFile": "",
            "LogConfig": {
                "Type": "json-file",
                "Config": {}
            },
            "NetworkMode": "interface-engineer-s2-20261004t020650125411z",
            "PortBindings": {
                "9090/tcp": [
                    {
                        "HostIp": "",
                        "HostPort": "18210"
                    }
                ]
            },
            "RestartPolicy": {
                "Name": "no",
                "MaximumRetryCount": 0
            },
            "AutoRemove": false,
            "VolumeDriver": "",
            "VolumesFrom": null,
            "ConsoleSize": [
                0,
                0
            ],
            "CapAdd": null,
            "CapDrop": null,
            "CgroupnsMode": "private",
            "Dns": null,
            "DnsOptions": [],
            "DnsSearch": [],
            "ExtraHosts": null,
            "GroupAdd": null,
            "IpcMode": "private",
            "Cgroup": "",
            "Links": null,
            "OomScoreAdj": 0,
            "PidMode": "",
            "Privileged": false,
            "PublishAllPorts": false,
            "ReadonlyRootfs": false,
            "SecurityOpt": null,
            "UTSMode": "",
            "UsernsMode": "",
            "ShmSize": 67108864,
            "Runtime": "runc",
            "Isolation": "",
            "CpuShares": 0,
            "Memory": 2147483648,
            "NanoCpus": 2000000000,
            "CgroupParent": "",
            "BlkioWeight": 0,
            "BlkioWeightDevice": [],
            "BlkioDeviceReadBps": [],
            "BlkioDeviceWriteBps": [],
            "BlkioDeviceReadIOps": [],
            "BlkioDeviceWriteIOps": [],
            "CpuPeriod": 0,
            "CpuQuota": 0,
            "CpuRealtimePeriod": 0,
            "CpuRealtimeRuntime": 0,
            "CpusetCpus": "",
            "CpusetMems": "",
            "Devices": [],
            "DeviceCgroupRules": null,
            "DeviceRequests": null,
            "MemoryReservation": 0,
            "MemorySwap": 4294967296,
            "MemorySwappiness": null,
            "OomKillDisable": null,
            "PidsLimit": null,
            "Ulimits": null,
            "CpuCount": 0,
            "CpuPercent": 0,
            "IOMaximumIOps": 0,
            "IOMaximumBandwidth": 0,
            "MaskedPaths": [
                "/proc/acpi",
                "/proc/asound",
                "/proc/interrupts",
                "/proc/kcore",
                "/proc/keys",
                "/proc/latency_stats",
                "/proc/sched_debug",
                "/proc/scsi",
                "/proc/timer_list",
                "/proc/timer_stats",
                "/sys/devices/virtual/powercap",
                "/sys/firmware"
            ],
            "ReadonlyPaths": [
                "/proc/bus",
                "/proc/fs",
                "/proc/irq",
                "/proc/sys",
                "/proc/sysrq-trigger"
            ]
        },
        "Storage": {
            "RootFS": {
                "Snapshot": {
                    "Name": "overlayfs"
                }
            }
        },
        "Mounts": [],
        "Config": {
            "Hostname": "099be92a49f7",
            "Domainname": "",
            "User": "65532:65532",
            "AttachStdin": false,
            "AttachStdout": false,
            "AttachStderr": false,
            "ExposedPorts": {
                "8080/tcp": {},
                "9090/tcp": {}
            },
            "Tty": false,
            "OpenStdin": false,
            "StdinOnce": false,
            "Env": [
                "PORT=9090",
                "PATH=/usr/local/bin:/usr/local/sbin:/usr/local/bin:/usr/sbin:/usr/bin:/sbin:/bin",
                "LANG=C.UTF-8",
                "GPG_KEY=7169605F62C751356D054A26A821E680E5FA6305",
                "PYTHON_VERSION=3.12.15",
                "PYTHON_SHA256=c2c4321961fab0fb999d66e0cecf521c2ab3994c7992873ea99e306c1094fd5a",
                "PYTHONUNBUFFERED=1",
                "PYTHONDONTWRITEBYTECODE=1"
            ],
            "Cmd": [
                "python",
                "server.py"
            ],
            "Image": "interface-engineer-tablekeeper-s2:20261004t020650125411z",
            "Volumes": null,
            "WorkingDir": "/app",
            "Entrypoint": null,
            "Labels": {}
        },
        "NetworkSettings": {
            "SandboxID": "717c77378931b1949fc186ba1820fe5f19f5d537b94f678380f69c33e6014508",
            "SandboxKey": "/var/run/docker/netns/717c77378931",
            "Ports": {
                "9090/tcp": []
            },
            "Networks": {
                "interface-engineer-s2-20261004t020650125411z": {
                    "IPAMConfig": null,
                    "Links": null,
                    "Aliases": null,
                    "DriverOpts": null,
                    "GwPriority": 0,
                    "NetworkID": "be470439129641b729406e2699d31e9509a785ae06b0cab9711136017692c353",
                    "EndpointID": "534aafe1d2fb5f79635bd02b00b48c2a89580beb050a9eab83d6e9e28d10f4fa",
                    "Gateway": "",
                    "IPAddress": "172.20.0.2",
                    "MacAddress": "5e:e6:1b:46:27:05",
                    "IPPrefixLen": 16,
                    "IPv6Gateway": "",
                    "GlobalIPv6Address": "",
                    "GlobalIPv6PrefixLen": 0,
                    "DNSNames": [
                        "interface-engineer-s2-20261004t020650125411z-service",
                        "099be92a49f7"
                    ]
                }
            }
        },
        "ImageManifestDescriptor": {
            "mediaType": "application/vnd.oci.image.manifest.v1+json",
            "digest": "sha256:0abb9081804c019d6341bc5b82dc77f98fd49c25d10f6a679981b1cf5325a2fe",
            "size": 1996,
            "platform": {
                "architecture": "arm64",
                "os": "linux"
            }
        }
    }
]
